[0.075s] DEBUG:colcon:Command line arguments: ['/usr/bin/colcon', 'build']
[0.075s] DEBUG:colcon:Parsed command line arguments: Namespace(log_base=None, log_level=None, verb_name='build', build_base='build', install_base='install', merge_install=False, symlink_install=False, test_result_base=None, continue_on_error=False, executor='parallel', parallel_workers=12, event_handlers=None, ignore_user_meta=False, metas=['./colcon.meta'], base_paths=['.'], packages_ignore=None, packages_ignore_regex=None, paths=None, packages_up_to=None, packages_up_to_regex=None, packages_above=None, packages_above_and_dependencies=None, packages_above_depth=None, packages_select_by_dep=None, packages_skip_by_dep=None, packages_skip_up_to=None, packages_select_build_failed=False, packages_skip_build_finished=False, packages_select_test_failures=False, packages_skip_test_passed=False, packages_select=None, packages_skip=None, packages_select_regex=None, packages_skip_regex=None, packages_start=None, packages_end=None, allow_overriding=[], cmake_args=None, cmake_target=None, cmake_target_skip_unavailable=False, cmake_clean_cache=False, cmake_clean_first=False, cmake_force_configure=False, ament_cmake_args=None, catkin_cmake_args=None, catkin_skip_building_tests=False, mixin_files=None, mixin=None, verb_parser=<colcon_mixin.mixin.mixin_argument.MixinArgumentDecorator object at 0x764a8617c610>, verb_extension=<colcon_core.verb.build.BuildVerb object at 0x764a86109ae0>, main=<bound method BuildVerb.main of <colcon_core.verb.build.BuildVerb object at 0x764a86109ae0>>, mixin_verb=('build',))
[0.190s] Level 1:colcon.colcon_core.package_discovery:discover_packages(colcon_meta) check parameters
[0.191s] Level 1:colcon.colcon_core.package_discovery:discover_packages(recursive) check parameters
[0.191s] Level 1:colcon.colcon_core.package_discovery:discover_packages(ignore) check parameters
[0.191s] Level 1:colcon.colcon_core.package_discovery:discover_packages(path) check parameters
[0.191s] Level 1:colcon.colcon_core.package_discovery:discover_packages(colcon_meta) discover
[0.191s] Level 1:colcon.colcon_core.package_discovery:discover_packages(recursive) discover
[0.191s] INFO:colcon.colcon_core.package_discovery:Crawling recursively for packages in '/home/samiksha/ros2_ws2'
[0.191s] Level 1:colcon.colcon_core.package_identification:_identify(.) by extensions ['ignore', 'ignore_ament_install']
[0.191s] Level 1:colcon.colcon_core.package_identification:_identify(.) by extension 'ignore'
[0.191s] Level 1:colcon.colcon_core.package_identification:_identify(.) by extension 'ignore_ament_install'
[0.191s] Level 1:colcon.colcon_core.package_identification:_identify(.) by extensions ['colcon_pkg']
[0.191s] Level 1:colcon.colcon_core.package_identification:_identify(.) by extension 'colcon_pkg'
[0.191s] Level 1:colcon.colcon_core.package_identification:_identify(.) by extensions ['colcon_meta']
[0.191s] Level 1:colcon.colcon_core.package_identification:_identify(.) by extension 'colcon_meta'
[0.191s] Level 1:colcon.colcon_core.package_identification:_identify(.) by extensions ['ros']
[0.191s] Level 1:colcon.colcon_core.package_identification:_identify(.) by extension 'ros'
[0.197s] Level 1:colcon.colcon_core.package_identification:_identify(.) by extensions ['cmake', 'python']
[0.197s] Level 1:colcon.colcon_core.package_identification:_identify(.) by extension 'cmake'
[0.198s] Level 1:colcon.colcon_core.package_identification:_identify(.) by extension 'python'
[0.198s] Level 1:colcon.colcon_core.package_identification:_identify(.) by extensions ['python_setup_py']
[0.198s] Level 1:colcon.colcon_core.package_identification:_identify(.) by extension 'python_setup_py'
[0.198s] Level 1:colcon.colcon_core.package_identification:_identify(build) by extensions ['ignore', 'ignore_ament_install']
[0.198s] Level 1:colcon.colcon_core.package_identification:_identify(build) by extension 'ignore'
[0.198s] Level 1:colcon.colcon_core.package_identification:_identify(build) ignored
[0.198s] Level 1:colcon.colcon_core.package_identification:_identify(install) by extensions ['ignore', 'ignore_ament_install']
[0.198s] Level 1:colcon.colcon_core.package_identification:_identify(install) by extension 'ignore'
[0.198s] Level 1:colcon.colcon_core.package_identification:_identify(install) ignored
[0.198s] Level 1:colcon.colcon_core.package_identification:_identify(log) by extensions ['ignore', 'ignore_ament_install']
[0.198s] Level 1:colcon.colcon_core.package_identification:_identify(log) by extension 'ignore'
[0.198s] Level 1:colcon.colcon_core.package_identification:_identify(log) ignored
[0.198s] Level 1:colcon.colcon_core.package_identification:_identify(src) by extensions ['ignore', 'ignore_ament_install']
[0.198s] Level 1:colcon.colcon_core.package_identification:_identify(src) by extension 'ignore'
[0.198s] Level 1:colcon.colcon_core.package_identification:_identify(src) by extension 'ignore_ament_install'
[0.198s] Level 1:colcon.colcon_core.package_identification:_identify(src) by extensions ['colcon_pkg']
[0.198s] Level 1:colcon.colcon_core.package_identification:_identify(src) by extension 'colcon_pkg'
[0.198s] Level 1:colcon.colcon_core.package_identification:_identify(src) by extensions ['colcon_meta']
[0.198s] Level 1:colcon.colcon_core.package_identification:_identify(src) by extension 'colcon_meta'
[0.198s] Level 1:colcon.colcon_core.package_identification:_identify(src) by extensions ['ros']
[0.198s] Level 1:colcon.colcon_core.package_identification:_identify(src) by extension 'ros'
[0.198s] Level 1:colcon.colcon_core.package_identification:_identify(src) by extensions ['cmake', 'python']
[0.198s] Level 1:colcon.colcon_core.package_identification:_identify(src) by extension 'cmake'
[0.198s] Level 1:colcon.colcon_core.package_identification:_identify(src) by extension 'python'
[0.198s] Level 1:colcon.colcon_core.package_identification:_identify(src) by extensions ['python_setup_py']
[0.198s] Level 1:colcon.colcon_core.package_identification:_identify(src) by extension 'python_setup_py'
[0.198s] Level 1:colcon.colcon_core.package_identification:_identify(src/launch_tutorial) by extensions ['ignore', 'ignore_ament_install']
[0.198s] Level 1:colcon.colcon_core.package_identification:_identify(src/launch_tutorial) by extension 'ignore'
[0.198s] Level 1:colcon.colcon_core.package_identification:_identify(src/launch_tutorial) by extension 'ignore_ament_install'
[0.198s] Level 1:colcon.colcon_core.package_identification:_identify(src/launch_tutorial) by extensions ['colcon_pkg']
[0.198s] Level 1:colcon.colcon_core.package_identification:_identify(src/launch_tutorial) by extension 'colcon_pkg'
[0.198s] Level 1:colcon.colcon_core.package_identification:_identify(src/launch_tutorial) by extensions ['colcon_meta']
[0.198s] Level 1:colcon.colcon_core.package_identification:_identify(src/launch_tutorial) by extension 'colcon_meta'
[0.198s] Level 1:colcon.colcon_core.package_identification:_identify(src/launch_tutorial) by extensions ['ros']
[0.198s] Level 1:colcon.colcon_core.package_identification:_identify(src/launch_tutorial) by extension 'ros'
[0.200s] DEBUG:colcon.colcon_core.package_identification:Package 'src/launch_tutorial' with type 'ros.ament_python' and name 'launch_tutorial'
[0.200s] Level 1:colcon.colcon_core.package_identification:_identify(src/learning_tf2_cpp) by extensions ['ignore', 'ignore_ament_install']
[0.200s] Level 1:colcon.colcon_core.package_identification:_identify(src/learning_tf2_cpp) by extension 'ignore'
[0.200s] Level 1:colcon.colcon_core.package_identification:_identify(src/learning_tf2_cpp) by extension 'ignore_ament_install'
[0.200s] Level 1:colcon.colcon_core.package_identification:_identify(src/learning_tf2_cpp) by extensions ['colcon_pkg']
[0.200s] Level 1:colcon.colcon_core.package_identification:_identify(src/learning_tf2_cpp) by extension 'colcon_pkg'
[0.200s] Level 1:colcon.colcon_core.package_identification:_identify(src/learning_tf2_cpp) by extensions ['colcon_meta']
[0.200s] Level 1:colcon.colcon_core.package_identification:_identify(src/learning_tf2_cpp) by extension 'colcon_meta'
[0.200s] Level 1:colcon.colcon_core.package_identification:_identify(src/learning_tf2_cpp) by extensions ['ros']
[0.200s] Level 1:colcon.colcon_core.package_identification:_identify(src/learning_tf2_cpp) by extension 'ros'
[0.201s] DEBUG:colcon.colcon_core.package_identification:Found ROS schema reference in package manifest in 'src/learning_tf2_cpp'
[0.201s] WARNING:colcon.colcon_core.package_identification:Failed to parse ROS package manifest in 'src/learning_tf2_cpp': Error(s) in package 'src/learning_tf2_cpp/package.xml':
Error(s):
- The generic dependency on 'tf2_geometry_msgs' is redundant with: build_depend, build_export_depend, exec_depend
[0.201s] Level 1:colcon.colcon_core.package_identification:_identify(src/learning_tf2_cpp) by extensions ['cmake', 'python']
[0.201s] Level 1:colcon.colcon_core.package_identification:_identify(src/learning_tf2_cpp) by extension 'cmake'
[0.202s] Level 1:colcon.colcon_core.package_identification:_identify(src/learning_tf2_cpp) by extension 'python'
[0.202s] DEBUG:colcon.colcon_core.package_identification:Package 'src/learning_tf2_cpp' with type 'cmake' and name 'learning_tf2_cpp'
[0.202s] Level 1:colcon.colcon_core.package_identification:_identify(src/learning_tf2_py) by extensions ['ignore', 'ignore_ament_install']
[0.202s] Level 1:colcon.colcon_core.package_identification:_identify(src/learning_tf2_py) by extension 'ignore'
[0.202s] Level 1:colcon.colcon_core.package_identification:_identify(src/learning_tf2_py) by extension 'ignore_ament_install'
[0.202s] Level 1:colcon.colcon_core.package_identification:_identify(src/learning_tf2_py) by extensions ['colcon_pkg']
[0.202s] Level 1:colcon.colcon_core.package_identification:_identify(src/learning_tf2_py) by extension 'colcon_pkg'
[0.202s] Level 1:colcon.colcon_core.package_identification:_identify(src/learning_tf2_py) by extensions ['colcon_meta']
[0.202s] Level 1:colcon.colcon_core.package_identification:_identify(src/learning_tf2_py) by extension 'colcon_meta'
[0.202s] Level 1:colcon.colcon_core.package_identification:_identify(src/learning_tf2_py) by extensions ['ros']
[0.202s] Level 1:colcon.colcon_core.package_identification:_identify(src/learning_tf2_py) by extension 'ros'
[0.202s] DEBUG:colcon.colcon_core.package_identification:Package 'src/learning_tf2_py' with type 'ros.ament_python' and name 'learning_tf2_py'
[0.202s] Level 1:colcon.colcon_core.package_identification:_identify(src/my_urdf_package) by extensions ['ignore', 'ignore_ament_install']
[0.202s] Level 1:colcon.colcon_core.package_identification:_identify(src/my_urdf_package) by extension 'ignore'
[0.202s] Level 1:colcon.colcon_core.package_identification:_identify(src/my_urdf_package) by extension 'ignore_ament_install'
[0.202s] Level 1:colcon.colcon_core.package_identification:_identify(src/my_urdf_package) by extensions ['colcon_pkg']
[0.202s] Level 1:colcon.colcon_core.package_identification:_identify(src/my_urdf_package) by extension 'colcon_pkg'
[0.203s] Level 1:colcon.colcon_core.package_identification:_identify(src/my_urdf_package) by extensions ['colcon_meta']
[0.203s] Level 1:colcon.colcon_core.package_identification:_identify(src/my_urdf_package) by extension 'colcon_meta'
[0.203s] Level 1:colcon.colcon_core.package_identification:_identify(src/my_urdf_package) by extensions ['ros']
[0.203s] Level 1:colcon.colcon_core.package_identification:_identify(src/my_urdf_package) by extension 'ros'
[0.203s] DEBUG:colcon.colcon_core.package_identification:Package 'src/my_urdf_package' with type 'ros.ament_cmake' and name 'my_urdf_package'
[0.203s] Level 1:colcon.colcon_core.package_identification:_identify(src/robo_descp) by extensions ['ignore', 'ignore_ament_install']
[0.203s] Level 1:colcon.colcon_core.package_identification:_identify(src/robo_descp) by extension 'ignore'
[0.203s] Level 1:colcon.colcon_core.package_identification:_identify(src/robo_descp) by extension 'ignore_ament_install'
[0.203s] Level 1:colcon.colcon_core.package_identification:_identify(src/robo_descp) by extensions ['colcon_pkg']
[0.203s] Level 1:colcon.colcon_core.package_identification:_identify(src/robo_descp) by extension 'colcon_pkg'
[0.203s] Level 1:colcon.colcon_core.package_identification:_identify(src/robo_descp) by extensions ['colcon_meta']
[0.203s] Level 1:colcon.colcon_core.package_identification:_identify(src/robo_descp) by extension 'colcon_meta'
[0.203s] Level 1:colcon.colcon_core.package_identification:_identify(src/robo_descp) by extensions ['ros']
[0.203s] Level 1:colcon.colcon_core.package_identification:_identify(src/robo_descp) by extension 'ros'
[0.203s] DEBUG:colcon.colcon_core.package_identification:Package 'src/robo_descp' with type 'ros.ament_python' and name 'robo_descp'
[0.203s] Level 1:colcon.colcon_core.package_identification:_identify(src/rviz_panel_tutorial) by extensions ['ignore', 'ignore_ament_install']
[0.203s] Level 1:colcon.colcon_core.package_identification:_identify(src/rviz_panel_tutorial) by extension 'ignore'
[0.203s] Level 1:colcon.colcon_core.package_identification:_identify(src/rviz_panel_tutorial) by extension 'ignore_ament_install'
[0.203s] Level 1:colcon.colcon_core.package_identification:_identify(src/rviz_panel_tutorial) by extensions ['colcon_pkg']
[0.203s] Level 1:colcon.colcon_core.package_identification:_identify(src/rviz_panel_tutorial) by extension 'colcon_pkg'
[0.204s] Level 1:colcon.colcon_core.package_identification:_identify(src/rviz_panel_tutorial) by extensions ['colcon_meta']
[0.204s] Level 1:colcon.colcon_core.package_identification:_identify(src/rviz_panel_tutorial) by extension 'colcon_meta'
[0.204s] Level 1:colcon.colcon_core.package_identification:_identify(src/rviz_panel_tutorial) by extensions ['ros']
[0.204s] Level 1:colcon.colcon_core.package_identification:_identify(src/rviz_panel_tutorial) by extension 'ros'
[0.204s] DEBUG:colcon.colcon_core.package_identification:Package 'src/rviz_panel_tutorial' with type 'ros.ament_cmake' and name 'rviz_panel_tutorial'
[0.204s] Level 1:colcon.colcon_core.package_identification:_identify(src/rviz_plugin_tutorial_msgs) by extensions ['ignore', 'ignore_ament_install']
[0.204s] Level 1:colcon.colcon_core.package_identification:_identify(src/rviz_plugin_tutorial_msgs) by extension 'ignore'
[0.204s] Level 1:colcon.colcon_core.package_identification:_identify(src/rviz_plugin_tutorial_msgs) by extension 'ignore_ament_install'
[0.204s] Level 1:colcon.colcon_core.package_identification:_identify(src/rviz_plugin_tutorial_msgs) by extensions ['colcon_pkg']
[0.204s] Level 1:colcon.colcon_core.package_identification:_identify(src/rviz_plugin_tutorial_msgs) by extension 'colcon_pkg'
[0.204s] Level 1:colcon.colcon_core.package_identification:_identify(src/rviz_plugin_tutorial_msgs) by extensions ['colcon_meta']
[0.204s] Level 1:colcon.colcon_core.package_identification:_identify(src/rviz_plugin_tutorial_msgs) by extension 'colcon_meta'
[0.204s] Level 1:colcon.colcon_core.package_identification:_identify(src/rviz_plugin_tutorial_msgs) by extensions ['ros']
[0.204s] Level 1:colcon.colcon_core.package_identification:_identify(src/rviz_plugin_tutorial_msgs) by extension 'ros'
[0.204s] DEBUG:colcon.colcon_core.package_identification:Package 'src/rviz_plugin_tutorial_msgs' with type 'ros.ament_cmake' and name 'rviz_plugin_tutorial_msgs'
[0.204s] Level 1:colcon.colcon_core.package_discovery:discover_packages(recursive) using defaults
[0.204s] Level 1:colcon.colcon_core.package_discovery:discover_packages(ignore) discover
[0.204s] Level 1:colcon.colcon_core.package_discovery:discover_packages(ignore) using defaults
[0.204s] Level 1:colcon.colcon_core.package_discovery:discover_packages(path) discover
[0.204s] Level 1:colcon.colcon_core.package_discovery:discover_packages(path) using defaults
[0.218s] Level 1:colcon.colcon_core.package_discovery:discover_packages(prefix_path) check parameters
[0.218s] Level 1:colcon.colcon_core.package_discovery:discover_packages(prefix_path) discover
[0.219s] DEBUG:colcon.colcon_installed_package_information.package_discovery:Found 3 installed packages in /home/samiksha/ros2_ws/install
[0.219s] DEBUG:colcon.colcon_installed_package_information.package_discovery:Found 7 installed packages in /home/samiksha/ros2_ws2/install
[0.220s] DEBUG:colcon.colcon_installed_package_information.package_discovery:Found 313 installed packages in /opt/ros/humble
[0.220s] Level 1:colcon.colcon_core.package_discovery:discover_packages(prefix_path) using defaults
[0.242s] Level 5:colcon.colcon_core.verb:set package 'launch_tutorial' build argument 'cmake_args' from command line to 'None'
[0.242s] Level 5:colcon.colcon_core.verb:set package 'launch_tutorial' build argument 'cmake_target' from command line to 'None'
[0.242s] Level 5:colcon.colcon_core.verb:set package 'launch_tutorial' build argument 'cmake_target_skip_unavailable' from command line to 'False'
[0.243s] Level 5:colcon.colcon_core.verb:set package 'launch_tutorial' build argument 'cmake_clean_cache' from command line to 'False'
[0.243s] Level 5:colcon.colcon_core.verb:set package 'launch_tutorial' build argument 'cmake_clean_first' from command line to 'False'
[0.243s] Level 5:colcon.colcon_core.verb:set package 'launch_tutorial' build argument 'cmake_force_configure' from command line to 'False'
[0.243s] Level 5:colcon.colcon_core.verb:set package 'launch_tutorial' build argument 'ament_cmake_args' from command line to 'None'
[0.243s] Level 5:colcon.colcon_core.verb:set package 'launch_tutorial' build argument 'catkin_cmake_args' from command line to 'None'
[0.243s] Level 5:colcon.colcon_core.verb:set package 'launch_tutorial' build argument 'catkin_skip_building_tests' from command line to 'False'
[0.243s] DEBUG:colcon.colcon_core.verb:Building package 'launch_tutorial' with the following arguments: {'ament_cmake_args': None, 'build_base': '/home/samiksha/ros2_ws2/build/launch_tutorial', 'catkin_cmake_args': None, 'catkin_skip_building_tests': False, 'cmake_args': None, 'cmake_clean_cache': False, 'cmake_clean_first': False, 'cmake_force_configure': False, 'cmake_target': None, 'cmake_target_skip_unavailable': False, 'install_base': '/home/samiksha/ros2_ws2/install/launch_tutorial', 'merge_install': False, 'path': '/home/samiksha/ros2_ws2/src/launch_tutorial', 'symlink_install': False, 'test_result_base': None}
[0.243s] Level 5:colcon.colcon_core.verb:set package 'learning_tf2_cpp' build argument 'cmake_args' from command line to 'None'
[0.243s] Level 5:colcon.colcon_core.verb:set package 'learning_tf2_cpp' build argument 'cmake_target' from command line to 'None'
[0.243s] Level 5:colcon.colcon_core.verb:set package 'learning_tf2_cpp' build argument 'cmake_target_skip_unavailable' from command line to 'False'
[0.243s] Level 5:colcon.colcon_core.verb:set package 'learning_tf2_cpp' build argument 'cmake_clean_cache' from command line to 'False'
[0.243s] Level 5:colcon.colcon_core.verb:set package 'learning_tf2_cpp' build argument 'cmake_clean_first' from command line to 'False'
[0.243s] Level 5:colcon.colcon_core.verb:set package 'learning_tf2_cpp' build argument 'cmake_force_configure' from command line to 'False'
[0.243s] Level 5:colcon.colcon_core.verb:set package 'learning_tf2_cpp' build argument 'ament_cmake_args' from command line to 'None'
[0.243s] Level 5:colcon.colcon_core.verb:set package 'learning_tf2_cpp' build argument 'catkin_cmake_args' from command line to 'None'
[0.243s] Level 5:colcon.colcon_core.verb:set package 'learning_tf2_cpp' build argument 'catkin_skip_building_tests' from command line to 'False'
[0.243s] DEBUG:colcon.colcon_core.verb:Building package 'learning_tf2_cpp' with the following arguments: {'ament_cmake_args': None, 'build_base': '/home/samiksha/ros2_ws2/build/learning_tf2_cpp', 'catkin_cmake_args': None, 'catkin_skip_building_tests': False, 'cmake_args': None, 'cmake_clean_cache': False, 'cmake_clean_first': False, 'cmake_force_configure': False, 'cmake_target': None, 'cmake_target_skip_unavailable': False, 'install_base': '/home/samiksha/ros2_ws2/install/learning_tf2_cpp', 'merge_install': False, 'path': '/home/samiksha/ros2_ws2/src/learning_tf2_cpp', 'symlink_install': False, 'test_result_base': None}
[0.243s] Level 5:colcon.colcon_core.verb:set package 'learning_tf2_py' build argument 'cmake_args' from command line to 'None'
[0.243s] Level 5:colcon.colcon_core.verb:set package 'learning_tf2_py' build argument 'cmake_target' from command line to 'None'
[0.243s] Level 5:colcon.colcon_core.verb:set package 'learning_tf2_py' build argument 'cmake_target_skip_unavailable' from command line to 'False'
[0.243s] Level 5:colcon.colcon_core.verb:set package 'learning_tf2_py' build argument 'cmake_clean_cache' from command line to 'False'
[0.243s] Level 5:colcon.colcon_core.verb:set package 'learning_tf2_py' build argument 'cmake_clean_first' from command line to 'False'
[0.243s] Level 5:colcon.colcon_core.verb:set package 'learning_tf2_py' build argument 'cmake_force_configure' from command line to 'False'
[0.243s] Level 5:colcon.colcon_core.verb:set package 'learning_tf2_py' build argument 'ament_cmake_args' from command line to 'None'
[0.243s] Level 5:colcon.colcon_core.verb:set package 'learning_tf2_py' build argument 'catkin_cmake_args' from command line to 'None'
[0.243s] Level 5:colcon.colcon_core.verb:set package 'learning_tf2_py' build argument 'catkin_skip_building_tests' from command line to 'False'
[0.243s] DEBUG:colcon.colcon_core.verb:Building package 'learning_tf2_py' with the following arguments: {'ament_cmake_args': None, 'build_base': '/home/samiksha/ros2_ws2/build/learning_tf2_py', 'catkin_cmake_args': None, 'catkin_skip_building_tests': False, 'cmake_args': None, 'cmake_clean_cache': False, 'cmake_clean_first': False, 'cmake_force_configure': False, 'cmake_target': None, 'cmake_target_skip_unavailable': False, 'install_base': '/home/samiksha/ros2_ws2/install/learning_tf2_py', 'merge_install': False, 'path': '/home/samiksha/ros2_ws2/src/learning_tf2_py', 'symlink_install': False, 'test_result_base': None}
[0.243s] Level 5:colcon.colcon_core.verb:set package 'my_urdf_package' build argument 'cmake_args' from command line to 'None'
[0.243s] Level 5:colcon.colcon_core.verb:set package 'my_urdf_package' build argument 'cmake_target' from command line to 'None'
[0.243s] Level 5:colcon.colcon_core.verb:set package 'my_urdf_package' build argument 'cmake_target_skip_unavailable' from command line to 'False'
[0.243s] Level 5:colcon.colcon_core.verb:set package 'my_urdf_package' build argument 'cmake_clean_cache' from command line to 'False'
[0.243s] Level 5:colcon.colcon_core.verb:set package 'my_urdf_package' build argument 'cmake_clean_first' from command line to 'False'
[0.243s] Level 5:colcon.colcon_core.verb:set package 'my_urdf_package' build argument 'cmake_force_configure' from command line to 'False'
[0.243s] Level 5:colcon.colcon_core.verb:set package 'my_urdf_package' build argument 'ament_cmake_args' from command line to 'None'
[0.243s] Level 5:colcon.colcon_core.verb:set package 'my_urdf_package' build argument 'catkin_cmake_args' from command line to 'None'
[0.244s] Level 5:colcon.colcon_core.verb:set package 'my_urdf_package' build argument 'catkin_skip_building_tests' from command line to 'False'
[0.244s] DEBUG:colcon.colcon_core.verb:Building package 'my_urdf_package' with the following arguments: {'ament_cmake_args': None, 'build_base': '/home/samiksha/ros2_ws2/build/my_urdf_package', 'catkin_cmake_args': None, 'catkin_skip_building_tests': False, 'cmake_args': None, 'cmake_clean_cache': False, 'cmake_clean_first': False, 'cmake_force_configure': False, 'cmake_target': None, 'cmake_target_skip_unavailable': False, 'install_base': '/home/samiksha/ros2_ws2/install/my_urdf_package', 'merge_install': False, 'path': '/home/samiksha/ros2_ws2/src/my_urdf_package', 'symlink_install': False, 'test_result_base': None}
[0.244s] Level 5:colcon.colcon_core.verb:set package 'robo_descp' build argument 'cmake_args' from command line to 'None'
[0.244s] Level 5:colcon.colcon_core.verb:set package 'robo_descp' build argument 'cmake_target' from command line to 'None'
[0.244s] Level 5:colcon.colcon_core.verb:set package 'robo_descp' build argument 'cmake_target_skip_unavailable' from command line to 'False'
[0.244s] Level 5:colcon.colcon_core.verb:set package 'robo_descp' build argument 'cmake_clean_cache' from command line to 'False'
[0.244s] Level 5:colcon.colcon_core.verb:set package 'robo_descp' build argument 'cmake_clean_first' from command line to 'False'
[0.244s] Level 5:colcon.colcon_core.verb:set package 'robo_descp' build argument 'cmake_force_configure' from command line to 'False'
[0.244s] Level 5:colcon.colcon_core.verb:set package 'robo_descp' build argument 'ament_cmake_args' from command line to 'None'
[0.244s] Level 5:colcon.colcon_core.verb:set package 'robo_descp' build argument 'catkin_cmake_args' from command line to 'None'
[0.244s] Level 5:colcon.colcon_core.verb:set package 'robo_descp' build argument 'catkin_skip_building_tests' from command line to 'False'
[0.244s] DEBUG:colcon.colcon_core.verb:Building package 'robo_descp' with the following arguments: {'ament_cmake_args': None, 'build_base': '/home/samiksha/ros2_ws2/build/robo_descp', 'catkin_cmake_args': None, 'catkin_skip_building_tests': False, 'cmake_args': None, 'cmake_clean_cache': False, 'cmake_clean_first': False, 'cmake_force_configure': False, 'cmake_target': None, 'cmake_target_skip_unavailable': False, 'install_base': '/home/samiksha/ros2_ws2/install/robo_descp', 'merge_install': False, 'path': '/home/samiksha/ros2_ws2/src/robo_descp', 'symlink_install': False, 'test_result_base': None}
[0.244s] Level 5:colcon.colcon_core.verb:set package 'rviz_panel_tutorial' build argument 'cmake_args' from command line to 'None'
[0.244s] Level 5:colcon.colcon_core.verb:set package 'rviz_panel_tutorial' build argument 'cmake_target' from command line to 'None'
[0.244s] Level 5:colcon.colcon_core.verb:set package 'rviz_panel_tutorial' build argument 'cmake_target_skip_unavailable' from command line to 'False'
[0.244s] Level 5:colcon.colcon_core.verb:set package 'rviz_panel_tutorial' build argument 'cmake_clean_cache' from command line to 'False'
[0.244s] Level 5:colcon.colcon_core.verb:set package 'rviz_panel_tutorial' build argument 'cmake_clean_first' from command line to 'False'
[0.244s] Level 5:colcon.colcon_core.verb:set package 'rviz_panel_tutorial' build argument 'cmake_force_configure' from command line to 'False'
[0.244s] Level 5:colcon.colcon_core.verb:set package 'rviz_panel_tutorial' build argument 'ament_cmake_args' from command line to 'None'
[0.244s] Level 5:colcon.colcon_core.verb:set package 'rviz_panel_tutorial' build argument 'catkin_cmake_args' from command line to 'None'
[0.244s] Level 5:colcon.colcon_core.verb:set package 'rviz_panel_tutorial' build argument 'catkin_skip_building_tests' from command line to 'False'
[0.244s] DEBUG:colcon.colcon_core.verb:Building package 'rviz_panel_tutorial' with the following arguments: {'ament_cmake_args': None, 'build_base': '/home/samiksha/ros2_ws2/build/rviz_panel_tutorial', 'catkin_cmake_args': None, 'catkin_skip_building_tests': False, 'cmake_args': None, 'cmake_clean_cache': False, 'cmake_clean_first': False, 'cmake_force_configure': False, 'cmake_target': None, 'cmake_target_skip_unavailable': False, 'install_base': '/home/samiksha/ros2_ws2/install/rviz_panel_tutorial', 'merge_install': False, 'path': '/home/samiksha/ros2_ws2/src/rviz_panel_tutorial', 'symlink_install': False, 'test_result_base': None}
[0.244s] Level 5:colcon.colcon_core.verb:set package 'rviz_plugin_tutorial_msgs' build argument 'cmake_args' from command line to 'None'
[0.244s] Level 5:colcon.colcon_core.verb:set package 'rviz_plugin_tutorial_msgs' build argument 'cmake_target' from command line to 'None'
[0.244s] Level 5:colcon.colcon_core.verb:set package 'rviz_plugin_tutorial_msgs' build argument 'cmake_target_skip_unavailable' from command line to 'False'
[0.244s] Level 5:colcon.colcon_core.verb:set package 'rviz_plugin_tutorial_msgs' build argument 'cmake_clean_cache' from command line to 'False'
[0.244s] Level 5:colcon.colcon_core.verb:set package 'rviz_plugin_tutorial_msgs' build argument 'cmake_clean_first' from command line to 'False'
[0.244s] Level 5:colcon.colcon_core.verb:set package 'rviz_plugin_tutorial_msgs' build argument 'cmake_force_configure' from command line to 'False'
[0.244s] Level 5:colcon.colcon_core.verb:set package 'rviz_plugin_tutorial_msgs' build argument 'ament_cmake_args' from command line to 'None'
[0.244s] Level 5:colcon.colcon_core.verb:set package 'rviz_plugin_tutorial_msgs' build argument 'catkin_cmake_args' from command line to 'None'
[0.244s] Level 5:colcon.colcon_core.verb:set package 'rviz_plugin_tutorial_msgs' build argument 'catkin_skip_building_tests' from command line to 'False'
[0.244s] DEBUG:colcon.colcon_core.verb:Building package 'rviz_plugin_tutorial_msgs' with the following arguments: {'ament_cmake_args': None, 'build_base': '/home/samiksha/ros2_ws2/build/rviz_plugin_tutorial_msgs', 'catkin_cmake_args': None, 'catkin_skip_building_tests': False, 'cmake_args': None, 'cmake_clean_cache': False, 'cmake_clean_first': False, 'cmake_force_configure': False, 'cmake_target': None, 'cmake_target_skip_unavailable': False, 'install_base': '/home/samiksha/ros2_ws2/install/rviz_plugin_tutorial_msgs', 'merge_install': False, 'path': '/home/samiksha/ros2_ws2/src/rviz_plugin_tutorial_msgs', 'symlink_install': False, 'test_result_base': None}
[0.244s] INFO:colcon.colcon_core.executor:Executing jobs using 'parallel' executor
[0.245s] DEBUG:colcon.colcon_parallel_executor.executor.parallel:run_until_complete
[0.245s] INFO:colcon.colcon_ros.task.ament_python.build:Building ROS package in '/home/samiksha/ros2_ws2/src/launch_tutorial' with build type 'ament_python'
[0.245s] Level 1:colcon.colcon_core.shell:create_environment_hook('launch_tutorial', 'ament_prefix_path')
[0.247s] INFO:colcon.colcon_core.plugin_system:Skipping extension 'colcon_core.shell.bat': Not used on non-Windows systems
[0.247s] INFO:colcon.colcon_core.shell:Creating environment hook '/home/samiksha/ros2_ws2/install/launch_tutorial/share/launch_tutorial/hook/ament_prefix_path.ps1'
[0.247s] INFO:colcon.colcon_core.shell:Creating environment descriptor '/home/samiksha/ros2_ws2/install/launch_tutorial/share/launch_tutorial/hook/ament_prefix_path.dsv'
[0.248s] INFO:colcon.colcon_core.shell:Creating environment hook '/home/samiksha/ros2_ws2/install/launch_tutorial/share/launch_tutorial/hook/ament_prefix_path.sh'
[0.248s] INFO:colcon.colcon_core.shell:Skip shell extension 'powershell' for command environment: Not usable outside of PowerShell
[0.248s] DEBUG:colcon.colcon_core.shell:Skip shell extension 'dsv' for command environment
[0.250s] INFO:colcon.colcon_cmake.task.cmake.build:Building CMake package in '/home/samiksha/ros2_ws2/src/learning_tf2_cpp'
[0.250s] INFO:colcon.colcon_core.shell:Skip shell extension 'powershell' for command environment: Not usable outside of PowerShell
[0.250s] DEBUG:colcon.colcon_core.shell:Skip shell extension 'dsv' for command environment
[0.253s] INFO:colcon.colcon_ros.task.ament_python.build:Building ROS package in '/home/samiksha/ros2_ws2/src/learning_tf2_py' with build type 'ament_python'
[0.253s] Level 1:colcon.colcon_core.shell:create_environment_hook('learning_tf2_py', 'ament_prefix_path')
[0.253s] INFO:colcon.colcon_core.shell:Creating environment hook '/home/samiksha/ros2_ws2/install/learning_tf2_py/share/learning_tf2_py/hook/ament_prefix_path.ps1'
[0.253s] INFO:colcon.colcon_core.shell:Creating environment descriptor '/home/samiksha/ros2_ws2/install/learning_tf2_py/share/learning_tf2_py/hook/ament_prefix_path.dsv'
[0.253s] INFO:colcon.colcon_core.shell:Creating environment hook '/home/samiksha/ros2_ws2/install/learning_tf2_py/share/learning_tf2_py/hook/ament_prefix_path.sh'
[0.254s] INFO:colcon.colcon_core.shell:Skip shell extension 'powershell' for command environment: Not usable outside of PowerShell
[0.254s] DEBUG:colcon.colcon_core.shell:Skip shell extension 'dsv' for command environment
[0.256s] INFO:colcon.colcon_ros.task.ament_cmake.build:Building ROS package in '/home/samiksha/ros2_ws2/src/my_urdf_package' with build type 'ament_cmake'
[0.256s] INFO:colcon.colcon_cmake.task.cmake.build:Building CMake package in '/home/samiksha/ros2_ws2/src/my_urdf_package'
[0.256s] INFO:colcon.colcon_core.shell:Skip shell extension 'powershell' for command environment: Not usable outside of PowerShell
[0.256s] DEBUG:colcon.colcon_core.shell:Skip shell extension 'dsv' for command environment
[0.258s] INFO:colcon.colcon_ros.task.ament_python.build:Building ROS package in '/home/samiksha/ros2_ws2/src/robo_descp' with build type 'ament_python'
[0.258s] Level 1:colcon.colcon_core.shell:create_environment_hook('robo_descp', 'ament_prefix_path')
[0.258s] INFO:colcon.colcon_core.shell:Creating environment hook '/home/samiksha/ros2_ws2/install/robo_descp/share/robo_descp/hook/ament_prefix_path.ps1'
[0.259s] INFO:colcon.colcon_core.shell:Creating environment descriptor '/home/samiksha/ros2_ws2/install/robo_descp/share/robo_descp/hook/ament_prefix_path.dsv'
[0.259s] INFO:colcon.colcon_core.shell:Creating environment hook '/home/samiksha/ros2_ws2/install/robo_descp/share/robo_descp/hook/ament_prefix_path.sh'
[0.260s] INFO:colcon.colcon_core.shell:Skip shell extension 'powershell' for command environment: Not usable outside of PowerShell
[0.260s] DEBUG:colcon.colcon_core.shell:Skip shell extension 'dsv' for command environment
[0.262s] INFO:colcon.colcon_ros.task.ament_cmake.build:Building ROS package in '/home/samiksha/ros2_ws2/src/rviz_panel_tutorial' with build type 'ament_cmake'
[0.262s] INFO:colcon.colcon_cmake.task.cmake.build:Building CMake package in '/home/samiksha/ros2_ws2/src/rviz_panel_tutorial'
[0.262s] INFO:colcon.colcon_core.shell:Skip shell extension 'powershell' for command environment: Not usable outside of PowerShell
[0.262s] DEBUG:colcon.colcon_core.shell:Skip shell extension 'dsv' for command environment
[0.264s] INFO:colcon.colcon_ros.task.ament_cmake.build:Building ROS package in '/home/samiksha/ros2_ws2/src/rviz_plugin_tutorial_msgs' with build type 'ament_cmake'
[0.265s] INFO:colcon.colcon_cmake.task.cmake.build:Building CMake package in '/home/samiksha/ros2_ws2/src/rviz_plugin_tutorial_msgs'
[0.265s] INFO:colcon.colcon_core.shell:Skip shell extension 'powershell' for command environment: Not usable outside of PowerShell
[0.265s] DEBUG:colcon.colcon_core.shell:Skip shell extension 'dsv' for command environment
[0.439s] INFO:colcon.colcon_core.task.python.build:Building Python package in '/home/samiksha/ros2_ws2/src/launch_tutorial'
[0.439s] INFO:colcon.colcon_core.shell:Skip shell extension 'powershell' for command environment: Not usable outside of PowerShell
[0.439s] DEBUG:colcon.colcon_core.shell:Skip shell extension 'dsv' for command environment
[0.445s] DEBUG:colcon.colcon_core.event_handler.log_command:Invoking command in '/home/samiksha/ros2_ws2/build/learning_tf2_cpp': /usr/bin/cmake --build /home/samiksha/ros2_ws2/build/learning_tf2_cpp -- -j12 -l12
[0.630s] INFO:colcon.colcon_core.task.python.build:Building Python package in '/home/samiksha/ros2_ws2/src/learning_tf2_py'
[0.630s] INFO:colcon.colcon_core.shell:Skip shell extension 'powershell' for command environment: Not usable outside of PowerShell
[0.630s] DEBUG:colcon.colcon_core.shell:Skip shell extension 'dsv' for command environment
[0.635s] DEBUG:colcon.colcon_core.event_handler.log_command:Invoking command in '/home/samiksha/ros2_ws2/build/my_urdf_package': CMAKE_PREFIX_PATH=${CMAKE_PREFIX_PATH}:/home/samiksha/ros2_ws/install/task_controller:/home/samiksha/ros2_ws2/install/robo_descp:/home/samiksha/ros2_ws2/install/learning_tf2_py:/home/samiksha/ros2_ws2/install/launch_tutorial:/opt/ros/humble /usr/bin/cmake --build /home/samiksha/ros2_ws2/build/my_urdf_package -- -j12 -l12
[0.850s] INFO:colcon.colcon_core.task.python.build:Building Python package in '/home/samiksha/ros2_ws2/src/robo_descp'
[0.850s] INFO:colcon.colcon_core.shell:Skip shell extension 'powershell' for command environment: Not usable outside of PowerShell
[0.851s] DEBUG:colcon.colcon_core.shell:Skip shell extension 'dsv' for command environment
[0.859s] DEBUG:colcon.colcon_core.event_handler.log_command:Invoking command in '/home/samiksha/ros2_ws2/build/rviz_panel_tutorial': CMAKE_PREFIX_PATH=${CMAKE_PREFIX_PATH}:/home/samiksha/ros2_ws/install/task_controller:/home/samiksha/ros2_ws2/install/robo_descp:/home/samiksha/ros2_ws2/install/learning_tf2_py:/home/samiksha/ros2_ws2/install/launch_tutorial:/opt/ros/humble /usr/bin/cmake /home/samiksha/ros2_ws2/src/rviz_panel_tutorial -DCMAKE_INSTALL_PREFIX=/home/samiksha/ros2_ws2/install/rviz_panel_tutorial
[0.867s] DEBUG:colcon.colcon_core.event_handler.log_command:Invoking command in '/home/samiksha/ros2_ws2/build/rviz_plugin_tutorial_msgs': CMAKE_PREFIX_PATH=${CMAKE_PREFIX_PATH}:/home/samiksha/ros2_ws/install/task_controller:/home/samiksha/ros2_ws2/install/robo_descp:/home/samiksha/ros2_ws2/install/learning_tf2_py:/home/samiksha/ros2_ws2/install/launch_tutorial:/opt/ros/humble /usr/bin/cmake --build /home/samiksha/ros2_ws2/build/rviz_plugin_tutorial_msgs -- -j12 -l12
[0.867s] DEBUG:colcon.colcon_core.event_handler.log_command:Invoked command in '/home/samiksha/ros2_ws2/build/my_urdf_package' returned '0': CMAKE_PREFIX_PATH=${CMAKE_PREFIX_PATH}:/home/samiksha/ros2_ws/install/task_controller:/home/samiksha/ros2_ws2/install/robo_descp:/home/samiksha/ros2_ws2/install/learning_tf2_py:/home/samiksha/ros2_ws2/install/launch_tutorial:/opt/ros/humble /usr/bin/cmake --build /home/samiksha/ros2_ws2/build/my_urdf_package -- -j12 -l12
[0.876s] DEBUG:colcon.colcon_core.event_handler.log_command:Invoking command in '/home/samiksha/ros2_ws2/build/my_urdf_package': CMAKE_PREFIX_PATH=${CMAKE_PREFIX_PATH}:/home/samiksha/ros2_ws/install/task_controller:/home/samiksha/ros2_ws2/install/robo_descp:/home/samiksha/ros2_ws2/install/learning_tf2_py:/home/samiksha/ros2_ws2/install/launch_tutorial:/opt/ros/humble /usr/bin/cmake --install /home/samiksha/ros2_ws2/build/my_urdf_package
[0.887s] Level 1:colcon.colcon_core.environment:create_environment_scripts_only(my_urdf_package)
[0.887s] DEBUG:colcon.colcon_core.event_handler.log_command:Invoked command in '/home/samiksha/ros2_ws2/build/my_urdf_package' returned '0': CMAKE_PREFIX_PATH=${CMAKE_PREFIX_PATH}:/home/samiksha/ros2_ws/install/task_controller:/home/samiksha/ros2_ws2/install/robo_descp:/home/samiksha/ros2_ws2/install/learning_tf2_py:/home/samiksha/ros2_ws2/install/launch_tutorial:/opt/ros/humble /usr/bin/cmake --install /home/samiksha/ros2_ws2/build/my_urdf_package
[0.890s] Level 1:colcon.colcon_core.environment:checking '/home/samiksha/ros2_ws2/install/my_urdf_package' for CMake module files
[0.891s] Level 1:colcon.colcon_core.environment:checking '/home/samiksha/ros2_ws2/install/my_urdf_package' for CMake config files
[0.891s] Level 1:colcon.colcon_core.shell:create_environment_hook('my_urdf_package', 'cmake_prefix_path')
[0.892s] INFO:colcon.colcon_core.shell:Creating environment hook '/home/samiksha/ros2_ws2/install/my_urdf_package/share/my_urdf_package/hook/cmake_prefix_path.ps1'
[0.892s] INFO:colcon.colcon_core.shell:Creating environment descriptor '/home/samiksha/ros2_ws2/install/my_urdf_package/share/my_urdf_package/hook/cmake_prefix_path.dsv'
[0.893s] INFO:colcon.colcon_core.shell:Creating environment hook '/home/samiksha/ros2_ws2/install/my_urdf_package/share/my_urdf_package/hook/cmake_prefix_path.sh'
[0.894s] Level 1:colcon.colcon_core.environment:checking '/home/samiksha/ros2_ws2/install/my_urdf_package/bin'
[0.894s] Level 1:colcon.colcon_core.environment:checking '/home/samiksha/ros2_ws2/install/my_urdf_package/lib/pkgconfig/my_urdf_package.pc'
[0.894s] Level 1:colcon.colcon_core.environment:checking '/home/samiksha/ros2_ws2/install/my_urdf_package/lib/python3.10/site-packages'
[0.894s] Level 1:colcon.colcon_core.environment:checking '/home/samiksha/ros2_ws2/install/my_urdf_package/bin'
[0.895s] INFO:colcon.colcon_core.shell:Creating package script '/home/samiksha/ros2_ws2/install/my_urdf_package/share/my_urdf_package/package.ps1'
[0.896s] INFO:colcon.colcon_core.shell:Creating package descriptor '/home/samiksha/ros2_ws2/install/my_urdf_package/share/my_urdf_package/package.dsv'
[0.897s] INFO:colcon.colcon_core.shell:Creating package script '/home/samiksha/ros2_ws2/install/my_urdf_package/share/my_urdf_package/package.sh'
[0.898s] INFO:colcon.colcon_core.shell:Creating package script '/home/samiksha/ros2_ws2/install/my_urdf_package/share/my_urdf_package/package.bash'
[0.900s] INFO:colcon.colcon_core.shell:Creating package script '/home/samiksha/ros2_ws2/install/my_urdf_package/share/my_urdf_package/package.zsh'
[0.901s] Level 1:colcon.colcon_core.environment:create_file_with_runtime_dependencies(/home/samiksha/ros2_ws2/install/my_urdf_package/share/colcon-core/packages/my_urdf_package)
[0.902s] Level 1:colcon.colcon_core.environment:create_environment_scripts_only(my_urdf_package)
[0.903s] Level 1:colcon.colcon_core.environment:checking '/home/samiksha/ros2_ws2/install/my_urdf_package' for CMake module files
[0.904s] Level 1:colcon.colcon_core.environment:checking '/home/samiksha/ros2_ws2/install/my_urdf_package' for CMake config files
[0.904s] Level 1:colcon.colcon_core.shell:create_environment_hook('my_urdf_package', 'cmake_prefix_path')
[0.905s] INFO:colcon.colcon_core.shell:Creating environment hook '/home/samiksha/ros2_ws2/install/my_urdf_package/share/my_urdf_package/hook/cmake_prefix_path.ps1'
[0.906s] INFO:colcon.colcon_core.shell:Creating environment descriptor '/home/samiksha/ros2_ws2/install/my_urdf_package/share/my_urdf_package/hook/cmake_prefix_path.dsv'
[0.906s] INFO:colcon.colcon_core.shell:Creating environment hook '/home/samiksha/ros2_ws2/install/my_urdf_package/share/my_urdf_package/hook/cmake_prefix_path.sh'
[0.907s] Level 1:colcon.colcon_core.environment:checking '/home/samiksha/ros2_ws2/install/my_urdf_package/bin'
[0.907s] Level 1:colcon.colcon_core.environment:checking '/home/samiksha/ros2_ws2/install/my_urdf_package/lib/pkgconfig/my_urdf_package.pc'
[0.908s] Level 1:colcon.colcon_core.environment:checking '/home/samiksha/ros2_ws2/install/my_urdf_package/lib/python3.10/site-packages'
[0.908s] Level 1:colcon.colcon_core.environment:checking '/home/samiksha/ros2_ws2/install/my_urdf_package/bin'
[0.909s] INFO:colcon.colcon_core.shell:Creating package script '/home/samiksha/ros2_ws2/install/my_urdf_package/share/my_urdf_package/package.ps1'
[0.910s] INFO:colcon.colcon_core.shell:Creating package descriptor '/home/samiksha/ros2_ws2/install/my_urdf_package/share/my_urdf_package/package.dsv'
[0.911s] INFO:colcon.colcon_core.shell:Creating package script '/home/samiksha/ros2_ws2/install/my_urdf_package/share/my_urdf_package/package.sh'
[0.911s] INFO:colcon.colcon_core.shell:Creating package script '/home/samiksha/ros2_ws2/install/my_urdf_package/share/my_urdf_package/package.bash'
[0.912s] INFO:colcon.colcon_core.shell:Creating package script '/home/samiksha/ros2_ws2/install/my_urdf_package/share/my_urdf_package/package.zsh'
[0.912s] Level 1:colcon.colcon_core.environment:create_file_with_runtime_dependencies(/home/samiksha/ros2_ws2/install/my_urdf_package/share/colcon-core/packages/my_urdf_package)
[0.991s] DEBUG:colcon.colcon_core.event_handler.log_command:Invoked command in '/home/samiksha/ros2_ws2/build/learning_tf2_cpp' returned '2': /usr/bin/cmake --build /home/samiksha/ros2_ws2/build/learning_tf2_cpp -- -j12 -l12
[1.468s] DEBUG:colcon.colcon_parallel_executor.executor.parallel:closing loop
[1.468s] DEBUG:colcon.colcon_parallel_executor.executor.parallel:loop closed
[1.468s] DEBUG:colcon.colcon_parallel_executor.executor.parallel:run_until_complete finished with '2'
[1.468s] DEBUG:colcon.colcon_core.event_reactor:joining thread
[1.474s] INFO:colcon.colcon_core.plugin_system:Skipping extension 'colcon_notification.desktop_notification.terminal_notifier': Not used on non-Darwin systems
[1.474s] INFO:colcon.colcon_core.plugin_system:Skipping extension 'colcon_notification.desktop_notification.win32': Not used on non-Windows systems
[1.474s] INFO:colcon.colcon_notification.desktop_notification:Sending desktop notification using 'notify2'
[1.487s] DEBUG:colcon.colcon_core.event_reactor:joined thread
[1.487s] INFO:colcon.colcon_core.shell:Creating prefix script '/home/samiksha/ros2_ws2/install/local_setup.ps1'
[1.488s] INFO:colcon.colcon_core.shell:Creating prefix util module '/home/samiksha/ros2_ws2/install/_local_setup_util_ps1.py'
[1.489s] INFO:colcon.colcon_core.shell:Creating prefix chain script '/home/samiksha/ros2_ws2/install/setup.ps1'
[1.490s] INFO:colcon.colcon_core.shell:Creating prefix script '/home/samiksha/ros2_ws2/install/local_setup.sh'
[1.491s] INFO:colcon.colcon_core.shell:Creating prefix util module '/home/samiksha/ros2_ws2/install/_local_setup_util_sh.py'
[1.491s] INFO:colcon.colcon_core.shell:Creating prefix chain script '/home/samiksha/ros2_ws2/install/setup.sh'
[1.492s] INFO:colcon.colcon_core.shell:Creating prefix script '/home/samiksha/ros2_ws2/install/local_setup.bash'
[1.493s] INFO:colcon.colcon_core.shell:Creating prefix chain script '/home/samiksha/ros2_ws2/install/setup.bash'
[1.494s] INFO:colcon.colcon_core.shell:Creating prefix script '/home/samiksha/ros2_ws2/install/local_setup.zsh'
[1.494s] INFO:colcon.colcon_core.shell:Creating prefix chain script '/home/samiksha/ros2_ws2/install/setup.zsh'
