[0.007s] Invoking command in '/home/samiksha/ros2_ws2/build/rviz_plugin_tutorial_msgs': CMAKE_PREFIX_PATH=${CMAKE_PREFIX_PATH}:/home/samiksha/ros2_ws/install/task_controller:/home/samiksha/ros2_ws2/install/robo_descp:/home/samiksha/ros2_ws2/install/learning_tf2_py:/home/samiksha/ros2_ws2/install/launch_tutorial:/opt/ros/humble /usr/bin/cmake /home/samiksha/ros2_ws2/src/rviz_plugin_tutorial_msgs -DCMAKE_INSTALL_PREFIX=/home/samiksha/ros2_ws2/install/rviz_plugin_tutorial_msgs
[0.014s] -- Found ament_cmake: 1.3.11 (/opt/ros/humble/share/ament_cmake/cmake)
[0.108s] -- Found std_msgs: 4.2.4 (/opt/ros/humble/share/std_msgs/cmake)
[0.123s] -- Found rosidl_generator_c: 3.1.6 (/opt/ros/humble/share/rosidl_generator_c/cmake)
[0.124s] -- Found rosidl_adapter: 3.1.6 (/opt/ros/humble/share/rosidl_adapter/cmake)
[0.127s] -- Found rosidl_generator_cpp: 3.1.6 (/opt/ros/humble/share/rosidl_generator_cpp/cmake)
[0.133s] -- Using all available rosidl_typesupport_c: rosidl_typesupport_fastrtps_c;rosidl_typesupport_introspection_c
[0.140s] -- Using all available rosidl_typesupport_cpp: rosidl_typesupport_fastrtps_cpp;rosidl_typesupport_introspection_cpp
[0.153s] -- Found rosidl_default_generators: 1.2.0 (/opt/ros/humble/share/rosidl_default_generators/cmake)
[0.331s] -- Found ament_cmake_ros: 0.10.0 (/opt/ros/humble/share/ament_cmake_ros/cmake)
[0.609s] -- Using all available rosidl_typesupport_c: rosidl_typesupport_fastrtps_c;rosidl_typesupport_introspection_c
[0.724s] -- Using all available rosidl_typesupport_cpp: rosidl_typesupport_fastrtps_cpp;rosidl_typesupport_introspection_cpp
[0.744s] -- Found PythonInterp: /usr/bin/python3 (found suitable version "3.10.12", minimum required is "3.6") 
[0.745s] -- Found python_cmake_module: 0.10.0 (/opt/ros/humble/share/python_cmake_module/cmake)
[0.767s] -- Found PythonLibs: /usr/lib/x86_64-linux-gnu/libpython3.10.so (found suitable version "3.10.12", minimum required is "3.5") 
[0.767s] -- Using PYTHON_EXECUTABLE: /usr/bin/python3
[0.767s] -- Using PYTHON_INCLUDE_DIRS: /usr/include/python3.10
[0.767s] -- Using PYTHON_LIBRARIES: /usr/lib/x86_64-linux-gnu/libpython3.10.so
[0.783s] -- Found PythonExtra: .so  
[0.824s] -- Configuring done
[0.839s] -- Generating done
[0.845s] -- Build files have been written to: /home/samiksha/ros2_ws2/build/rviz_plugin_tutorial_msgs
[0.849s] Invoked command in '/home/samiksha/ros2_ws2/build/rviz_plugin_tutorial_msgs' returned '0': CMAKE_PREFIX_PATH=${CMAKE_PREFIX_PATH}:/home/samiksha/ros2_ws/install/task_controller:/home/samiksha/ros2_ws2/install/robo_descp:/home/samiksha/ros2_ws2/install/learning_tf2_py:/home/samiksha/ros2_ws2/install/launch_tutorial:/opt/ros/humble /usr/bin/cmake /home/samiksha/ros2_ws2/src/rviz_plugin_tutorial_msgs -DCMAKE_INSTALL_PREFIX=/home/samiksha/ros2_ws2/install/rviz_plugin_tutorial_msgs
[0.851s] Invoking command in '/home/samiksha/ros2_ws2/build/rviz_plugin_tutorial_msgs': CMAKE_PREFIX_PATH=${CMAKE_PREFIX_PATH}:/home/samiksha/ros2_ws/install/task_controller:/home/samiksha/ros2_ws2/install/robo_descp:/home/samiksha/ros2_ws2/install/learning_tf2_py:/home/samiksha/ros2_ws2/install/launch_tutorial:/opt/ros/humble /usr/bin/cmake --build /home/samiksha/ros2_ws2/build/rviz_plugin_tutorial_msgs -- -j12 -l12
[0.879s] [  3%] [34m[1mGenerating C code for ROS interfaces[0m
[0.890s] [  6%] [34m[1mGenerating C++ code for ROS interfaces[0m
[0.893s] [  6%] Built target ament_cmake_python_copy_rviz_plugin_tutorial_msgs
[1.040s] [  9%] [32mBuilding C object CMakeFiles/rviz_plugin_tutorial_msgs__rosidl_generator_c.dir/rosidl_generator_c/rviz_plugin_tutorial_msgs/msg/detail/point2_d__functions.c.o[0m
[1.045s] [  9%] Built target rviz_plugin_tutorial_msgs__cpp
[1.054s] [ 16%] [34m[1mGenerating C++ type support dispatch for ROS interfaces[0m
[1.054s] [ 16%] [34m[1mGenerating C++ introspection for ROS interfaces[0m
[1.055s] [ 19%] [34m[1mGenerating C++ type support for eProsima Fast-RTPS[0m
[1.075s] running egg_info
[1.075s] creating rviz_plugin_tutorial_msgs.egg-info
[1.076s] writing manifest file 'rviz_plugin_tutorial_msgs.egg-info/SOURCES.txt'
[1.076s] [ 22%] [32m[1mLinking C shared library librviz_plugin_tutorial_msgs__rosidl_generator_c.so[0m
[1.078s] writing manifest file 'rviz_plugin_tutorial_msgs.egg-info/SOURCES.txt'
[1.106s] [ 22%] Built target ament_cmake_python_build_rviz_plugin_tutorial_msgs_egg
[1.112s] [ 22%] Built target rviz_plugin_tutorial_msgs__rosidl_generator_c
[1.120s] [ 25%] [34m[1mGenerating C type support dispatch for ROS interfaces[0m
[1.123s] [ 32%] [34m[1mGenerating C type support for eProsima Fast-RTPS[0m
[1.123s] [ 32%] [34m[1mGenerating C introspection for ROS interfaces[0m
[1.219s] [ 35%] [32mBuilding CXX object CMakeFiles/rviz_plugin_tutorial_msgs__rosidl_typesupport_cpp.dir/rosidl_typesupport_cpp/rviz_plugin_tutorial_msgs/msg/point2_d__type_support.cpp.o[0m
[1.227s] [ 38%] [32mBuilding CXX object CMakeFiles/rviz_plugin_tutorial_msgs__rosidl_typesupport_introspection_cpp.dir/rosidl_typesupport_introspection_cpp/rviz_plugin_tutorial_msgs/msg/detail/point2_d__type_support.cpp.o[0m
[1.235s] [ 41%] [32mBuilding CXX object CMakeFiles/rviz_plugin_tutorial_msgs__rosidl_typesupport_fastrtps_cpp.dir/rosidl_typesupport_fastrtps_cpp/rviz_plugin_tutorial_msgs/msg/detail/dds_fastrtps/point2_d__type_support.cpp.o[0m
[1.277s] [ 45%] [32mBuilding CXX object CMakeFiles/rviz_plugin_tutorial_msgs__rosidl_typesupport_c.dir/rosidl_typesupport_c/rviz_plugin_tutorial_msgs/msg/point2_d__type_support.cpp.o[0m
[1.303s] [ 48%] [32m[1mLinking CXX shared library librviz_plugin_tutorial_msgs__rosidl_typesupport_c.so[0m
[1.326s] [ 51%] [32mBuilding CXX object CMakeFiles/rviz_plugin_tutorial_msgs__rosidl_typesupport_fastrtps_c.dir/rosidl_typesupport_fastrtps_c/rviz_plugin_tutorial_msgs/msg/detail/point2_d__type_support_c.cpp.o[0m
[1.336s] [ 51%] Built target rviz_plugin_tutorial_msgs__rosidl_typesupport_c
[1.344s] [ 54%] [32mBuilding C object CMakeFiles/rviz_plugin_tutorial_msgs__rosidl_typesupport_introspection_c.dir/rosidl_typesupport_introspection_c/rviz_plugin_tutorial_msgs/msg/detail/point2_d__type_support.c.o[0m
[1.371s] [ 58%] [32m[1mLinking C shared library librviz_plugin_tutorial_msgs__rosidl_typesupport_introspection_c.so[0m
[1.404s] [ 58%] Built target rviz_plugin_tutorial_msgs__rosidl_typesupport_introspection_c
[1.417s] [ 61%] [32m[1mLinking CXX shared library librviz_plugin_tutorial_msgs__rosidl_typesupport_cpp.so[0m
[1.451s] [ 61%] Built target rviz_plugin_tutorial_msgs__rosidl_typesupport_cpp
[1.525s] [ 64%] [32m[1mLinking CXX shared library librviz_plugin_tutorial_msgs__rosidl_typesupport_fastrtps_cpp.so[0m
[1.527s] [ 70%] [32m[1mLinking CXX shared library librviz_plugin_tutorial_msgs__rosidl_typesupport_fastrtps_c.so[0m
[1.527s] [ 70%] [32m[1mLinking CXX shared library librviz_plugin_tutorial_msgs__rosidl_typesupport_introspection_cpp.so[0m
[1.586s] [ 70%] Built target rviz_plugin_tutorial_msgs__rosidl_typesupport_introspection_cpp
[1.592s] [ 70%] Built target rviz_plugin_tutorial_msgs__rosidl_typesupport_fastrtps_cpp
[1.594s] [ 70%] Built target rviz_plugin_tutorial_msgs__rosidl_typesupport_fastrtps_c
[1.609s] [ 70%] Built target rviz_plugin_tutorial_msgs
[1.623s] [ 74%] [34m[1mGenerating Python code for ROS interfaces[0m
[1.786s] [ 74%] Built target rviz_plugin_tutorial_msgs__py
[1.800s] [ 77%] [32mBuilding C object CMakeFiles/rviz_plugin_tutorial_msgs__rosidl_generator_py.dir/rosidl_generator_py/rviz_plugin_tutorial_msgs/msg/_point2_d_s.c.o[0m
[1.858s] [ 80%] [32m[1mLinking C shared library rosidl_generator_py/rviz_plugin_tutorial_msgs/librviz_plugin_tutorial_msgs__rosidl_generator_py.so[0m
[1.887s] [ 80%] Built target rviz_plugin_tutorial_msgs__rosidl_generator_py
[1.903s] [ 83%] [32mBuilding C object CMakeFiles/rviz_plugin_tutorial_msgs__rosidl_typesupport_introspection_c__pyext.dir/rosidl_generator_py/rviz_plugin_tutorial_msgs/_rviz_plugin_tutorial_msgs_s.ep.rosidl_typesupport_introspection_c.c.o[0m
[1.903s] [ 87%] [32mBuilding C object CMakeFiles/rviz_plugin_tutorial_msgs__rosidl_typesupport_fastrtps_c__pyext.dir/rosidl_generator_py/rviz_plugin_tutorial_msgs/_rviz_plugin_tutorial_msgs_s.ep.rosidl_typesupport_fastrtps_c.c.o[0m
[1.903s] [ 90%] [32mBuilding C object CMakeFiles/rviz_plugin_tutorial_msgs__rosidl_typesupport_c__pyext.dir/rosidl_generator_py/rviz_plugin_tutorial_msgs/_rviz_plugin_tutorial_msgs_s.ep.rosidl_typesupport_c.c.o[0m
[1.963s] [ 96%] [32m[1mLinking C shared library rosidl_generator_py/rviz_plugin_tutorial_msgs/rviz_plugin_tutorial_msgs_s__rosidl_typesupport_c.cpython-310-x86_64-linux-gnu.so[0m
[1.963s] [ 96%] [32m[1mLinking C shared library rosidl_generator_py/rviz_plugin_tutorial_msgs/rviz_plugin_tutorial_msgs_s__rosidl_typesupport_fastrtps_c.cpython-310-x86_64-linux-gnu.so[0m
[1.967s] [100%] [32m[1mLinking C shared library rosidl_generator_py/rviz_plugin_tutorial_msgs/rviz_plugin_tutorial_msgs_s__rosidl_typesupport_introspection_c.cpython-310-x86_64-linux-gnu.so[0m
[1.991s] [100%] Built target rviz_plugin_tutorial_msgs__rosidl_typesupport_introspection_c__pyext
[1.991s] [100%] Built target rviz_plugin_tutorial_msgs__rosidl_typesupport_fastrtps_c__pyext
[1.992s] [100%] Built target rviz_plugin_tutorial_msgs__rosidl_typesupport_c__pyext
[2.001s] Invoked command in '/home/samiksha/ros2_ws2/build/rviz_plugin_tutorial_msgs' returned '0': CMAKE_PREFIX_PATH=${CMAKE_PREFIX_PATH}:/home/samiksha/ros2_ws/install/task_controller:/home/samiksha/ros2_ws2/install/robo_descp:/home/samiksha/ros2_ws2/install/learning_tf2_py:/home/samiksha/ros2_ws2/install/launch_tutorial:/opt/ros/humble /usr/bin/cmake --build /home/samiksha/ros2_ws2/build/rviz_plugin_tutorial_msgs -- -j12 -l12
[2.007s] Invoking command in '/home/samiksha/ros2_ws2/build/rviz_plugin_tutorial_msgs': CMAKE_PREFIX_PATH=${CMAKE_PREFIX_PATH}:/home/samiksha/ros2_ws/install/task_controller:/home/samiksha/ros2_ws2/install/robo_descp:/home/samiksha/ros2_ws2/install/learning_tf2_py:/home/samiksha/ros2_ws2/install/launch_tutorial:/opt/ros/humble /usr/bin/cmake --install /home/samiksha/ros2_ws2/build/rviz_plugin_tutorial_msgs
[2.013s] -- Install configuration: ""
[2.013s] -- Installing: /home/samiksha/ros2_ws2/install/rviz_plugin_tutorial_msgs/share/ament_index/resource_index/rosidl_interfaces/rviz_plugin_tutorial_msgs
[2.013s] -- Installing: /home/samiksha/ros2_ws2/install/rviz_plugin_tutorial_msgs/include/rviz_plugin_tutorial_msgs/rviz_plugin_tutorial_msgs
[2.013s] -- Installing: /home/samiksha/ros2_ws2/install/rviz_plugin_tutorial_msgs/include/rviz_plugin_tutorial_msgs/rviz_plugin_tutorial_msgs/msg
[2.013s] -- Installing: /home/samiksha/ros2_ws2/install/rviz_plugin_tutorial_msgs/include/rviz_plugin_tutorial_msgs/rviz_plugin_tutorial_msgs/msg/detail
[2.013s] -- Installing: /home/samiksha/ros2_ws2/install/rviz_plugin_tutorial_msgs/include/rviz_plugin_tutorial_msgs/rviz_plugin_tutorial_msgs/msg/detail/point2_d__struct.h
[2.013s] -- Installing: /home/samiksha/ros2_ws2/install/rviz_plugin_tutorial_msgs/include/rviz_plugin_tutorial_msgs/rviz_plugin_tutorial_msgs/msg/detail/point2_d__functions.h
[2.013s] -- Installing: /home/samiksha/ros2_ws2/install/rviz_plugin_tutorial_msgs/include/rviz_plugin_tutorial_msgs/rviz_plugin_tutorial_msgs/msg/detail/point2_d__type_support.h
[2.013s] -- Installing: /home/samiksha/ros2_ws2/install/rviz_plugin_tutorial_msgs/include/rviz_plugin_tutorial_msgs/rviz_plugin_tutorial_msgs/msg/detail/point2_d__functions.c
[2.013s] -- Installing: /home/samiksha/ros2_ws2/install/rviz_plugin_tutorial_msgs/include/rviz_plugin_tutorial_msgs/rviz_plugin_tutorial_msgs/msg/rosidl_generator_c__visibility_control.h
[2.013s] -- Installing: /home/samiksha/ros2_ws2/install/rviz_plugin_tutorial_msgs/include/rviz_plugin_tutorial_msgs/rviz_plugin_tutorial_msgs/msg/point2_d.h
[2.013s] -- Installing: /home/samiksha/ros2_ws2/install/rviz_plugin_tutorial_msgs/share/rviz_plugin_tutorial_msgs/environment/library_path.sh
[2.013s] -- Installing: /home/samiksha/ros2_ws2/install/rviz_plugin_tutorial_msgs/share/rviz_plugin_tutorial_msgs/environment/library_path.dsv
[2.013s] -- Installing: /home/samiksha/ros2_ws2/install/rviz_plugin_tutorial_msgs/lib/librviz_plugin_tutorial_msgs__rosidl_generator_c.so
[2.013s] -- Set runtime path of "/home/samiksha/ros2_ws2/install/rviz_plugin_tutorial_msgs/lib/librviz_plugin_tutorial_msgs__rosidl_generator_c.so" to ""
[2.013s] -- Up-to-date: /home/samiksha/ros2_ws2/install/rviz_plugin_tutorial_msgs/include/rviz_plugin_tutorial_msgs/rviz_plugin_tutorial_msgs
[2.013s] -- Up-to-date: /home/samiksha/ros2_ws2/install/rviz_plugin_tutorial_msgs/include/rviz_plugin_tutorial_msgs/rviz_plugin_tutorial_msgs/msg
[2.013s] -- Up-to-date: /home/samiksha/ros2_ws2/install/rviz_plugin_tutorial_msgs/include/rviz_plugin_tutorial_msgs/rviz_plugin_tutorial_msgs/msg/detail
[2.013s] -- Installing: /home/samiksha/ros2_ws2/install/rviz_plugin_tutorial_msgs/include/rviz_plugin_tutorial_msgs/rviz_plugin_tutorial_msgs/msg/detail/point2_d__rosidl_typesupport_fastrtps_c.h
[2.013s] -- Installing: /home/samiksha/ros2_ws2/install/rviz_plugin_tutorial_msgs/include/rviz_plugin_tutorial_msgs/rviz_plugin_tutorial_msgs/msg/rosidl_typesupport_fastrtps_c__visibility_control.h
[2.013s] -- Installing: /home/samiksha/ros2_ws2/install/rviz_plugin_tutorial_msgs/lib/librviz_plugin_tutorial_msgs__rosidl_typesupport_fastrtps_c.so
[2.014s] -- Set runtime path of "/home/samiksha/ros2_ws2/install/rviz_plugin_tutorial_msgs/lib/librviz_plugin_tutorial_msgs__rosidl_typesupport_fastrtps_c.so" to ""
[2.014s] -- Up-to-date: /home/samiksha/ros2_ws2/install/rviz_plugin_tutorial_msgs/include/rviz_plugin_tutorial_msgs/rviz_plugin_tutorial_msgs
[2.014s] -- Up-to-date: /home/samiksha/ros2_ws2/install/rviz_plugin_tutorial_msgs/include/rviz_plugin_tutorial_msgs/rviz_plugin_tutorial_msgs/msg
[2.014s] -- Up-to-date: /home/samiksha/ros2_ws2/install/rviz_plugin_tutorial_msgs/include/rviz_plugin_tutorial_msgs/rviz_plugin_tutorial_msgs/msg/detail
[2.014s] -- Installing: /home/samiksha/ros2_ws2/install/rviz_plugin_tutorial_msgs/include/rviz_plugin_tutorial_msgs/rviz_plugin_tutorial_msgs/msg/detail/point2_d__traits.hpp
[2.014s] -- Installing: /home/samiksha/ros2_ws2/install/rviz_plugin_tutorial_msgs/include/rviz_plugin_tutorial_msgs/rviz_plugin_tutorial_msgs/msg/detail/point2_d__struct.hpp
[2.014s] -- Installing: /home/samiksha/ros2_ws2/install/rviz_plugin_tutorial_msgs/include/rviz_plugin_tutorial_msgs/rviz_plugin_tutorial_msgs/msg/detail/point2_d__builder.hpp
[2.014s] -- Installing: /home/samiksha/ros2_ws2/install/rviz_plugin_tutorial_msgs/include/rviz_plugin_tutorial_msgs/rviz_plugin_tutorial_msgs/msg/detail/point2_d__type_support.hpp
[2.014s] -- Installing: /home/samiksha/ros2_ws2/install/rviz_plugin_tutorial_msgs/include/rviz_plugin_tutorial_msgs/rviz_plugin_tutorial_msgs/msg/point2_d.hpp
[2.014s] -- Installing: /home/samiksha/ros2_ws2/install/rviz_plugin_tutorial_msgs/include/rviz_plugin_tutorial_msgs/rviz_plugin_tutorial_msgs/msg/rosidl_generator_cpp__visibility_control.hpp
[2.014s] -- Up-to-date: /home/samiksha/ros2_ws2/install/rviz_plugin_tutorial_msgs/include/rviz_plugin_tutorial_msgs/rviz_plugin_tutorial_msgs
[2.014s] -- Up-to-date: /home/samiksha/ros2_ws2/install/rviz_plugin_tutorial_msgs/include/rviz_plugin_tutorial_msgs/rviz_plugin_tutorial_msgs/msg
[2.014s] -- Up-to-date: /home/samiksha/ros2_ws2/install/rviz_plugin_tutorial_msgs/include/rviz_plugin_tutorial_msgs/rviz_plugin_tutorial_msgs/msg/detail
[2.014s] -- Installing: /home/samiksha/ros2_ws2/install/rviz_plugin_tutorial_msgs/include/rviz_plugin_tutorial_msgs/rviz_plugin_tutorial_msgs/msg/detail/point2_d__rosidl_typesupport_fastrtps_cpp.hpp
[2.014s] -- Installing: /home/samiksha/ros2_ws2/install/rviz_plugin_tutorial_msgs/include/rviz_plugin_tutorial_msgs/rviz_plugin_tutorial_msgs/msg/detail/dds_fastrtps
[2.014s] -- Installing: /home/samiksha/ros2_ws2/install/rviz_plugin_tutorial_msgs/include/rviz_plugin_tutorial_msgs/rviz_plugin_tutorial_msgs/msg/rosidl_typesupport_fastrtps_cpp__visibility_control.h
[2.014s] -- Installing: /home/samiksha/ros2_ws2/install/rviz_plugin_tutorial_msgs/lib/librviz_plugin_tutorial_msgs__rosidl_typesupport_fastrtps_cpp.so
[2.014s] -- Set runtime path of "/home/samiksha/ros2_ws2/install/rviz_plugin_tutorial_msgs/lib/librviz_plugin_tutorial_msgs__rosidl_typesupport_fastrtps_cpp.so" to ""
[2.014s] -- Up-to-date: /home/samiksha/ros2_ws2/install/rviz_plugin_tutorial_msgs/include/rviz_plugin_tutorial_msgs/rviz_plugin_tutorial_msgs
[2.014s] -- Up-to-date: /home/samiksha/ros2_ws2/install/rviz_plugin_tutorial_msgs/include/rviz_plugin_tutorial_msgs/rviz_plugin_tutorial_msgs/msg
[2.014s] -- Up-to-date: /home/samiksha/ros2_ws2/install/rviz_plugin_tutorial_msgs/include/rviz_plugin_tutorial_msgs/rviz_plugin_tutorial_msgs/msg/detail
[2.014s] -- Installing: /home/samiksha/ros2_ws2/install/rviz_plugin_tutorial_msgs/include/rviz_plugin_tutorial_msgs/rviz_plugin_tutorial_msgs/msg/detail/point2_d__type_support.c
[2.014s] -- Installing: /home/samiksha/ros2_ws2/install/rviz_plugin_tutorial_msgs/include/rviz_plugin_tutorial_msgs/rviz_plugin_tutorial_msgs/msg/detail/point2_d__rosidl_typesupport_introspection_c.h
[2.014s] -- Installing: /home/samiksha/ros2_ws2/install/rviz_plugin_tutorial_msgs/include/rviz_plugin_tutorial_msgs/rviz_plugin_tutorial_msgs/msg/rosidl_typesupport_introspection_c__visibility_control.h
[2.014s] -- Installing: /home/samiksha/ros2_ws2/install/rviz_plugin_tutorial_msgs/lib/librviz_plugin_tutorial_msgs__rosidl_typesupport_introspection_c.so
[2.015s] -- Set runtime path of "/home/samiksha/ros2_ws2/install/rviz_plugin_tutorial_msgs/lib/librviz_plugin_tutorial_msgs__rosidl_typesupport_introspection_c.so" to ""
[2.015s] -- Installing: /home/samiksha/ros2_ws2/install/rviz_plugin_tutorial_msgs/lib/librviz_plugin_tutorial_msgs__rosidl_typesupport_c.so
[2.015s] -- Set runtime path of "/home/samiksha/ros2_ws2/install/rviz_plugin_tutorial_msgs/lib/librviz_plugin_tutorial_msgs__rosidl_typesupport_c.so" to ""
[2.015s] -- Up-to-date: /home/samiksha/ros2_ws2/install/rviz_plugin_tutorial_msgs/include/rviz_plugin_tutorial_msgs/rviz_plugin_tutorial_msgs
[2.015s] -- Up-to-date: /home/samiksha/ros2_ws2/install/rviz_plugin_tutorial_msgs/include/rviz_plugin_tutorial_msgs/rviz_plugin_tutorial_msgs/msg
[2.015s] -- Up-to-date: /home/samiksha/ros2_ws2/install/rviz_plugin_tutorial_msgs/include/rviz_plugin_tutorial_msgs/rviz_plugin_tutorial_msgs/msg/detail
[2.015s] -- Installing: /home/samiksha/ros2_ws2/install/rviz_plugin_tutorial_msgs/include/rviz_plugin_tutorial_msgs/rviz_plugin_tutorial_msgs/msg/detail/point2_d__rosidl_typesupport_introspection_cpp.hpp
[2.015s] -- Installing: /home/samiksha/ros2_ws2/install/rviz_plugin_tutorial_msgs/include/rviz_plugin_tutorial_msgs/rviz_plugin_tutorial_msgs/msg/detail/point2_d__type_support.cpp
[2.015s] -- Installing: /home/samiksha/ros2_ws2/install/rviz_plugin_tutorial_msgs/lib/librviz_plugin_tutorial_msgs__rosidl_typesupport_introspection_cpp.so
[2.015s] -- Set runtime path of "/home/samiksha/ros2_ws2/install/rviz_plugin_tutorial_msgs/lib/librviz_plugin_tutorial_msgs__rosidl_typesupport_introspection_cpp.so" to ""
[2.015s] -- Installing: /home/samiksha/ros2_ws2/install/rviz_plugin_tutorial_msgs/lib/librviz_plugin_tutorial_msgs__rosidl_typesupport_cpp.so
[2.015s] -- Set runtime path of "/home/samiksha/ros2_ws2/install/rviz_plugin_tutorial_msgs/lib/librviz_plugin_tutorial_msgs__rosidl_typesupport_cpp.so" to ""
[2.015s] -- Installing: /home/samiksha/ros2_ws2/install/rviz_plugin_tutorial_msgs/share/rviz_plugin_tutorial_msgs/environment/pythonpath.sh
[2.015s] -- Installing: /home/samiksha/ros2_ws2/install/rviz_plugin_tutorial_msgs/share/rviz_plugin_tutorial_msgs/environment/pythonpath.dsv
[2.015s] -- Installing: /home/samiksha/ros2_ws2/install/rviz_plugin_tutorial_msgs/local/lib/python3.10/dist-packages/rviz_plugin_tutorial_msgs-0.0.0-py3.10.egg-info
[2.015s] -- Installing: /home/samiksha/ros2_ws2/install/rviz_plugin_tutorial_msgs/local/lib/python3.10/dist-packages/rviz_plugin_tutorial_msgs-0.0.0-py3.10.egg-info/dependency_links.txt
[2.015s] -- Installing: /home/samiksha/ros2_ws2/install/rviz_plugin_tutorial_msgs/local/lib/python3.10/dist-packages/rviz_plugin_tutorial_msgs-0.0.0-py3.10.egg-info/PKG-INFO
[2.015s] -- Installing: /home/samiksha/ros2_ws2/install/rviz_plugin_tutorial_msgs/local/lib/python3.10/dist-packages/rviz_plugin_tutorial_msgs-0.0.0-py3.10.egg-info/SOURCES.txt
[2.015s] -- Installing: /home/samiksha/ros2_ws2/install/rviz_plugin_tutorial_msgs/local/lib/python3.10/dist-packages/rviz_plugin_tutorial_msgs-0.0.0-py3.10.egg-info/top_level.txt
[2.015s] -- Installing: /home/samiksha/ros2_ws2/install/rviz_plugin_tutorial_msgs/local/lib/python3.10/dist-packages/rviz_plugin_tutorial_msgs
[2.015s] -- Installing: /home/samiksha/ros2_ws2/install/rviz_plugin_tutorial_msgs/local/lib/python3.10/dist-packages/rviz_plugin_tutorial_msgs/librviz_plugin_tutorial_msgs__rosidl_generator_py.so
[2.016s] -- Installing: /home/samiksha/ros2_ws2/install/rviz_plugin_tutorial_msgs/local/lib/python3.10/dist-packages/rviz_plugin_tutorial_msgs/_rviz_plugin_tutorial_msgs_s.ep.rosidl_typesupport_introspection_c.c
[2.016s] -- Installing: /home/samiksha/ros2_ws2/install/rviz_plugin_tutorial_msgs/local/lib/python3.10/dist-packages/rviz_plugin_tutorial_msgs/msg
[2.016s] -- Installing: /home/samiksha/ros2_ws2/install/rviz_plugin_tutorial_msgs/local/lib/python3.10/dist-packages/rviz_plugin_tutorial_msgs/msg/_point2_d_s.c
[2.016s] -- Installing: /home/samiksha/ros2_ws2/install/rviz_plugin_tutorial_msgs/local/lib/python3.10/dist-packages/rviz_plugin_tutorial_msgs/msg/_point2_d.py
[2.016s] -- Installing: /home/samiksha/ros2_ws2/install/rviz_plugin_tutorial_msgs/local/lib/python3.10/dist-packages/rviz_plugin_tutorial_msgs/msg/__init__.py
[2.016s] -- Installing: /home/samiksha/ros2_ws2/install/rviz_plugin_tutorial_msgs/local/lib/python3.10/dist-packages/rviz_plugin_tutorial_msgs/rviz_plugin_tutorial_msgs_s__rosidl_typesupport_introspection_c.cpython-310-x86_64-linux-gnu.so
[2.016s] -- Installing: /home/samiksha/ros2_ws2/install/rviz_plugin_tutorial_msgs/local/lib/python3.10/dist-packages/rviz_plugin_tutorial_msgs/__init__.py
[2.016s] -- Installing: /home/samiksha/ros2_ws2/install/rviz_plugin_tutorial_msgs/local/lib/python3.10/dist-packages/rviz_plugin_tutorial_msgs/rviz_plugin_tutorial_msgs_s__rosidl_typesupport_fastrtps_c.cpython-310-x86_64-linux-gnu.so
[2.016s] -- Installing: /home/samiksha/ros2_ws2/install/rviz_plugin_tutorial_msgs/local/lib/python3.10/dist-packages/rviz_plugin_tutorial_msgs/_rviz_plugin_tutorial_msgs_s.ep.rosidl_typesupport_fastrtps_c.c
[2.016s] -- Installing: /home/samiksha/ros2_ws2/install/rviz_plugin_tutorial_msgs/local/lib/python3.10/dist-packages/rviz_plugin_tutorial_msgs/_rviz_plugin_tutorial_msgs_s.ep.rosidl_typesupport_c.c
[2.016s] -- Installing: /home/samiksha/ros2_ws2/install/rviz_plugin_tutorial_msgs/local/lib/python3.10/dist-packages/rviz_plugin_tutorial_msgs/rviz_plugin_tutorial_msgs_s__rosidl_typesupport_c.cpython-310-x86_64-linux-gnu.so
[2.040s] Listing '/home/samiksha/ros2_ws2/install/rviz_plugin_tutorial_msgs/local/lib/python3.10/dist-packages/rviz_plugin_tutorial_msgs'...
[2.040s] Compiling '/home/samiksha/ros2_ws2/install/rviz_plugin_tutorial_msgs/local/lib/python3.10/dist-packages/rviz_plugin_tutorial_msgs/__init__.py'...
[2.040s] Listing '/home/samiksha/ros2_ws2/install/rviz_plugin_tutorial_msgs/local/lib/python3.10/dist-packages/rviz_plugin_tutorial_msgs/msg'...
[2.040s] Compiling '/home/samiksha/ros2_ws2/install/rviz_plugin_tutorial_msgs/local/lib/python3.10/dist-packages/rviz_plugin_tutorial_msgs/msg/__init__.py'...
[2.040s] Compiling '/home/samiksha/ros2_ws2/install/rviz_plugin_tutorial_msgs/local/lib/python3.10/dist-packages/rviz_plugin_tutorial_msgs/msg/_point2_d.py'...
[2.043s] -- Installing: /home/samiksha/ros2_ws2/install/rviz_plugin_tutorial_msgs/local/lib/python3.10/dist-packages/rviz_plugin_tutorial_msgs/rviz_plugin_tutorial_msgs_s__rosidl_typesupport_fastrtps_c.cpython-310-x86_64-linux-gnu.so
[2.043s] -- Set runtime path of "/home/samiksha/ros2_ws2/install/rviz_plugin_tutorial_msgs/local/lib/python3.10/dist-packages/rviz_plugin_tutorial_msgs/rviz_plugin_tutorial_msgs_s__rosidl_typesupport_fastrtps_c.cpython-310-x86_64-linux-gnu.so" to ""
[2.043s] -- Installing: /home/samiksha/ros2_ws2/install/rviz_plugin_tutorial_msgs/local/lib/python3.10/dist-packages/rviz_plugin_tutorial_msgs/rviz_plugin_tutorial_msgs_s__rosidl_typesupport_introspection_c.cpython-310-x86_64-linux-gnu.so
[2.043s] -- Set runtime path of "/home/samiksha/ros2_ws2/install/rviz_plugin_tutorial_msgs/local/lib/python3.10/dist-packages/rviz_plugin_tutorial_msgs/rviz_plugin_tutorial_msgs_s__rosidl_typesupport_introspection_c.cpython-310-x86_64-linux-gnu.so" to ""
[2.043s] -- Installing: /home/samiksha/ros2_ws2/install/rviz_plugin_tutorial_msgs/local/lib/python3.10/dist-packages/rviz_plugin_tutorial_msgs/rviz_plugin_tutorial_msgs_s__rosidl_typesupport_c.cpython-310-x86_64-linux-gnu.so
[2.043s] -- Set runtime path of "/home/samiksha/ros2_ws2/install/rviz_plugin_tutorial_msgs/local/lib/python3.10/dist-packages/rviz_plugin_tutorial_msgs/rviz_plugin_tutorial_msgs_s__rosidl_typesupport_c.cpython-310-x86_64-linux-gnu.so" to ""
[2.043s] -- Installing: /home/samiksha/ros2_ws2/install/rviz_plugin_tutorial_msgs/lib/librviz_plugin_tutorial_msgs__rosidl_generator_py.so
[2.043s] -- Set runtime path of "/home/samiksha/ros2_ws2/install/rviz_plugin_tutorial_msgs/lib/librviz_plugin_tutorial_msgs__rosidl_generator_py.so" to ""
[2.043s] -- Installing: /home/samiksha/ros2_ws2/install/rviz_plugin_tutorial_msgs/share/rviz_plugin_tutorial_msgs/msg/Point2D.idl
[2.044s] -- Installing: /home/samiksha/ros2_ws2/install/rviz_plugin_tutorial_msgs/share/rviz_plugin_tutorial_msgs/msg/Point2D.msg
[2.044s] -- Installing: /home/samiksha/ros2_ws2/install/rviz_plugin_tutorial_msgs/share/ament_index/resource_index/package_run_dependencies/rviz_plugin_tutorial_msgs
[2.044s] -- Installing: /home/samiksha/ros2_ws2/install/rviz_plugin_tutorial_msgs/share/ament_index/resource_index/parent_prefix_path/rviz_plugin_tutorial_msgs
[2.044s] -- Installing: /home/samiksha/ros2_ws2/install/rviz_plugin_tutorial_msgs/share/rviz_plugin_tutorial_msgs/environment/ament_prefix_path.sh
[2.044s] -- Installing: /home/samiksha/ros2_ws2/install/rviz_plugin_tutorial_msgs/share/rviz_plugin_tutorial_msgs/environment/ament_prefix_path.dsv
[2.044s] -- Installing: /home/samiksha/ros2_ws2/install/rviz_plugin_tutorial_msgs/share/rviz_plugin_tutorial_msgs/environment/path.sh
[2.044s] -- Installing: /home/samiksha/ros2_ws2/install/rviz_plugin_tutorial_msgs/share/rviz_plugin_tutorial_msgs/environment/path.dsv
[2.044s] -- Installing: /home/samiksha/ros2_ws2/install/rviz_plugin_tutorial_msgs/share/rviz_plugin_tutorial_msgs/local_setup.bash
[2.044s] -- Installing: /home/samiksha/ros2_ws2/install/rviz_plugin_tutorial_msgs/share/rviz_plugin_tutorial_msgs/local_setup.sh
[2.044s] -- Installing: /home/samiksha/ros2_ws2/install/rviz_plugin_tutorial_msgs/share/rviz_plugin_tutorial_msgs/local_setup.zsh
[2.044s] -- Installing: /home/samiksha/ros2_ws2/install/rviz_plugin_tutorial_msgs/share/rviz_plugin_tutorial_msgs/local_setup.dsv
[2.044s] -- Installing: /home/samiksha/ros2_ws2/install/rviz_plugin_tutorial_msgs/share/rviz_plugin_tutorial_msgs/package.dsv
[2.044s] -- Installing: /home/samiksha/ros2_ws2/install/rviz_plugin_tutorial_msgs/share/ament_index/resource_index/packages/rviz_plugin_tutorial_msgs
[2.044s] -- Installing: /home/samiksha/ros2_ws2/install/rviz_plugin_tutorial_msgs/share/rviz_plugin_tutorial_msgs/cmake/export_rviz_plugin_tutorial_msgs__rosidl_generator_cExport.cmake
[2.044s] -- Installing: /home/samiksha/ros2_ws2/install/rviz_plugin_tutorial_msgs/share/rviz_plugin_tutorial_msgs/cmake/export_rviz_plugin_tutorial_msgs__rosidl_generator_cExport-noconfig.cmake
[2.044s] -- Installing: /home/samiksha/ros2_ws2/install/rviz_plugin_tutorial_msgs/share/rviz_plugin_tutorial_msgs/cmake/export_rviz_plugin_tutorial_msgs__rosidl_typesupport_fastrtps_cExport.cmake
[2.044s] -- Installing: /home/samiksha/ros2_ws2/install/rviz_plugin_tutorial_msgs/share/rviz_plugin_tutorial_msgs/cmake/export_rviz_plugin_tutorial_msgs__rosidl_typesupport_fastrtps_cExport-noconfig.cmake
[2.044s] -- Installing: /home/samiksha/ros2_ws2/install/rviz_plugin_tutorial_msgs/share/rviz_plugin_tutorial_msgs/cmake/export_rviz_plugin_tutorial_msgs__rosidl_generator_cppExport.cmake
[2.044s] -- Installing: /home/samiksha/ros2_ws2/install/rviz_plugin_tutorial_msgs/share/rviz_plugin_tutorial_msgs/cmake/export_rviz_plugin_tutorial_msgs__rosidl_typesupport_fastrtps_cppExport.cmake
[2.044s] -- Installing: /home/samiksha/ros2_ws2/install/rviz_plugin_tutorial_msgs/share/rviz_plugin_tutorial_msgs/cmake/export_rviz_plugin_tutorial_msgs__rosidl_typesupport_fastrtps_cppExport-noconfig.cmake
[2.044s] -- Installing: /home/samiksha/ros2_ws2/install/rviz_plugin_tutorial_msgs/share/rviz_plugin_tutorial_msgs/cmake/rviz_plugin_tutorial_msgs__rosidl_typesupport_introspection_cExport.cmake
[2.044s] -- Installing: /home/samiksha/ros2_ws2/install/rviz_plugin_tutorial_msgs/share/rviz_plugin_tutorial_msgs/cmake/rviz_plugin_tutorial_msgs__rosidl_typesupport_introspection_cExport-noconfig.cmake
[2.044s] -- Installing: /home/samiksha/ros2_ws2/install/rviz_plugin_tutorial_msgs/share/rviz_plugin_tutorial_msgs/cmake/rviz_plugin_tutorial_msgs__rosidl_typesupport_cExport.cmake
[2.044s] -- Installing: /home/samiksha/ros2_ws2/install/rviz_plugin_tutorial_msgs/share/rviz_plugin_tutorial_msgs/cmake/rviz_plugin_tutorial_msgs__rosidl_typesupport_cExport-noconfig.cmake
[2.045s] -- Installing: /home/samiksha/ros2_ws2/install/rviz_plugin_tutorial_msgs/share/rviz_plugin_tutorial_msgs/cmake/rviz_plugin_tutorial_msgs__rosidl_typesupport_introspection_cppExport.cmake
[2.045s] -- Installing: /home/samiksha/ros2_ws2/install/rviz_plugin_tutorial_msgs/share/rviz_plugin_tutorial_msgs/cmake/rviz_plugin_tutorial_msgs__rosidl_typesupport_introspection_cppExport-noconfig.cmake
[2.045s] -- Installing: /home/samiksha/ros2_ws2/install/rviz_plugin_tutorial_msgs/share/rviz_plugin_tutorial_msgs/cmake/rviz_plugin_tutorial_msgs__rosidl_typesupport_cppExport.cmake
[2.045s] -- Installing: /home/samiksha/ros2_ws2/install/rviz_plugin_tutorial_msgs/share/rviz_plugin_tutorial_msgs/cmake/rviz_plugin_tutorial_msgs__rosidl_typesupport_cppExport-noconfig.cmake
[2.045s] -- Installing: /home/samiksha/ros2_ws2/install/rviz_plugin_tutorial_msgs/share/rviz_plugin_tutorial_msgs/cmake/export_rviz_plugin_tutorial_msgs__rosidl_generator_pyExport.cmake
[2.045s] -- Installing: /home/samiksha/ros2_ws2/install/rviz_plugin_tutorial_msgs/share/rviz_plugin_tutorial_msgs/cmake/export_rviz_plugin_tutorial_msgs__rosidl_generator_pyExport-noconfig.cmake
[2.045s] -- Installing: /home/samiksha/ros2_ws2/install/rviz_plugin_tutorial_msgs/share/rviz_plugin_tutorial_msgs/cmake/rosidl_cmake-extras.cmake
[2.045s] -- Installing: /home/samiksha/ros2_ws2/install/rviz_plugin_tutorial_msgs/share/rviz_plugin_tutorial_msgs/cmake/ament_cmake_export_dependencies-extras.cmake
[2.045s] -- Installing: /home/samiksha/ros2_ws2/install/rviz_plugin_tutorial_msgs/share/rviz_plugin_tutorial_msgs/cmake/ament_cmake_export_include_directories-extras.cmake
[2.045s] -- Installing: /home/samiksha/ros2_ws2/install/rviz_plugin_tutorial_msgs/share/rviz_plugin_tutorial_msgs/cmake/ament_cmake_export_libraries-extras.cmake
[2.045s] -- Installing: /home/samiksha/ros2_ws2/install/rviz_plugin_tutorial_msgs/share/rviz_plugin_tutorial_msgs/cmake/ament_cmake_export_targets-extras.cmake
[2.045s] -- Installing: /home/samiksha/ros2_ws2/install/rviz_plugin_tutorial_msgs/share/rviz_plugin_tutorial_msgs/cmake/rosidl_cmake_export_typesupport_targets-extras.cmake
[2.045s] -- Installing: /home/samiksha/ros2_ws2/install/rviz_plugin_tutorial_msgs/share/rviz_plugin_tutorial_msgs/cmake/rosidl_cmake_export_typesupport_libraries-extras.cmake
[2.045s] -- Installing: /home/samiksha/ros2_ws2/install/rviz_plugin_tutorial_msgs/share/rviz_plugin_tutorial_msgs/cmake/rviz_plugin_tutorial_msgsConfig.cmake
[2.045s] -- Installing: /home/samiksha/ros2_ws2/install/rviz_plugin_tutorial_msgs/share/rviz_plugin_tutorial_msgs/cmake/rviz_plugin_tutorial_msgsConfig-version.cmake
[2.045s] -- Installing: /home/samiksha/ros2_ws2/install/rviz_plugin_tutorial_msgs/share/rviz_plugin_tutorial_msgs/package.xml
[2.047s] Invoked command in '/home/samiksha/ros2_ws2/build/rviz_plugin_tutorial_msgs' returned '0': CMAKE_PREFIX_PATH=${CMAKE_PREFIX_PATH}:/home/samiksha/ros2_ws/install/task_controller:/home/samiksha/ros2_ws2/install/robo_descp:/home/samiksha/ros2_ws2/install/learning_tf2_py:/home/samiksha/ros2_ws2/install/launch_tutorial:/opt/ros/humble /usr/bin/cmake --install /home/samiksha/ros2_ws2/build/rviz_plugin_tutorial_msgs
