running egg_info
creating ../../build/urdf_tutorial_r2d2/urdf_tutorial_r2d2.egg-info
writing manifest file '../../build/urdf_tutorial_r2d2/urdf_tutorial_r2d2.egg-info/SOURCES.txt'
writing manifest file '../../build/urdf_tutorial_r2d2/urdf_tutorial_r2d2.egg-info/SOURCES.txt'
running build
running build_py
creating /home/samiksha/second_ros2_ws/build/urdf_tutorial_r2d2/build
creating /home/samiksha/second_ros2_ws/build/urdf_tutorial_r2d2/build/lib
creating /home/samiksha/second_ros2_ws/build/urdf_tutorial_r2d2/build/lib/urdf_tutorial_r2d2
copying urdf_tutorial_r2d2/state_publisher.py -> /home/samiksha/second_ros2_ws/build/urdf_tutorial_r2d2/build/lib/urdf_tutorial_r2d2
copying urdf_tutorial_r2d2/__init__.py -> /home/samiksha/second_ros2_ws/build/urdf_tutorial_r2d2/build/lib/urdf_tutorial_r2d2
running install
running install_lib
creating /home/samiksha/second_ros2_ws/install/urdf_tutorial_r2d2/lib/python3.10/site-packages/urdf_tutorial_r2d2
copying /home/samiksha/second_ros2_ws/build/urdf_tutorial_r2d2/build/lib/urdf_tutorial_r2d2/state_publisher.py -> /home/samiksha/second_ros2_ws/install/urdf_tutorial_r2d2/lib/python3.10/site-packages/urdf_tutorial_r2d2
copying /home/samiksha/second_ros2_ws/build/urdf_tutorial_r2d2/build/lib/urdf_tutorial_r2d2/__init__.py -> /home/samiksha/second_ros2_ws/install/urdf_tutorial_r2d2/lib/python3.10/site-packages/urdf_tutorial_r2d2
byte-compiling /home/samiksha/second_ros2_ws/install/urdf_tutorial_r2d2/lib/python3.10/site-packages/urdf_tutorial_r2d2/state_publisher.py to state_publisher.cpython-310.pyc
byte-compiling /home/samiksha/second_ros2_ws/install/urdf_tutorial_r2d2/lib/python3.10/site-packages/urdf_tutorial_r2d2/__init__.py to __init__.cpython-310.pyc
running install_data
creating /home/samiksha/second_ros2_ws/install/urdf_tutorial_r2d2/share/ament_index
creating /home/samiksha/second_ros2_ws/install/urdf_tutorial_r2d2/share/ament_index/resource_index
creating /home/samiksha/second_ros2_ws/install/urdf_tutorial_r2d2/share/ament_index/resource_index/packages
copying resource/urdf_tutorial_r2d2 -> /home/samiksha/second_ros2_ws/install/urdf_tutorial_r2d2/share/ament_index/resource_index/packages
copying package.xml -> /home/samiksha/second_ros2_ws/install/urdf_tutorial_r2d2/share/urdf_tutorial_r2d2
creating /home/samiksha/second_ros2_ws/install/urdf_tutorial_r2d2/share/urdf_tutorial_r2d2/launch
copying launch/demo.launch.py -> /home/samiksha/second_ros2_ws/install/urdf_tutorial_r2d2/share/urdf_tutorial_r2d2/launch
copying urdf/r2d2.urdf.xml -> /home/samiksha/second_ros2_ws/install/urdf_tutorial_r2d2/share/urdf_tutorial_r2d2
copying urdf/r2d2.rviz -> /home/samiksha/second_ros2_ws/install/urdf_tutorial_r2d2/share/urdf_tutorial_r2d2
running install_egg_info
Copying ../../build/urdf_tutorial_r2d2/urdf_tutorial_r2d2.egg-info to /home/samiksha/second_ros2_ws/install/urdf_tutorial_r2d2/lib/python3.10/site-packages/urdf_tutorial_r2d2-0.0.0-py3.10.egg-info
running install_scripts
writing list of installed files to '/home/samiksha/second_ros2_ws/build/urdf_tutorial_r2d2/install.log'
