[0.378s] Invoking command in '/home/samiksha/second_ros2_ws/src/urdf_tutorial_r2d2': PYTHONPATH=/home/samiksha/second_ros2_ws/build/urdf_tutorial_r2d2/prefix_override:/usr/lib/python3/dist-packages/colcon_core/task/python/colcon_distutils_commands:/home/samiksha/second_ros2_ws/install/urdf_tutorial_r2d2/lib/python3.10/site-packages:${PYTHONPATH} /usr/bin/python3 -W ignore:setup.py install is deprecated -W ignore:easy_install command is deprecated setup.py egg_info --egg-base ../../build/urdf_tutorial_r2d2 build --build-base /home/samiksha/second_ros2_ws/build/urdf_tutorial_r2d2/build install --record /home/samiksha/second_ros2_ws/build/urdf_tutorial_r2d2/install.log --single-version-externally-managed install_data
[0.520s] running egg_info
[0.520s] creating ../../build/urdf_tutorial_r2d2/urdf_tutorial_r2d2.egg-info
[0.520s] writing manifest file '../../build/urdf_tutorial_r2d2/urdf_tutorial_r2d2.egg-info/SOURCES.txt'
[0.522s] writing manifest file '../../build/urdf_tutorial_r2d2/urdf_tutorial_r2d2.egg-info/SOURCES.txt'
[0.522s] running build
[0.522s] running build_py
[0.522s] creating /home/samiksha/second_ros2_ws/build/urdf_tutorial_r2d2/build
[0.522s] creating /home/samiksha/second_ros2_ws/build/urdf_tutorial_r2d2/build/lib
[0.522s] creating /home/samiksha/second_ros2_ws/build/urdf_tutorial_r2d2/build/lib/urdf_tutorial_r2d2
[0.522s] copying urdf_tutorial_r2d2/state_publisher.py -> /home/samiksha/second_ros2_ws/build/urdf_tutorial_r2d2/build/lib/urdf_tutorial_r2d2
[0.522s] copying urdf_tutorial_r2d2/__init__.py -> /home/samiksha/second_ros2_ws/build/urdf_tutorial_r2d2/build/lib/urdf_tutorial_r2d2
[0.522s] running install
[0.523s] running install_lib
[0.523s] creating /home/samiksha/second_ros2_ws/install/urdf_tutorial_r2d2/lib/python3.10/site-packages/urdf_tutorial_r2d2
[0.524s] copying /home/samiksha/second_ros2_ws/build/urdf_tutorial_r2d2/build/lib/urdf_tutorial_r2d2/state_publisher.py -> /home/samiksha/second_ros2_ws/install/urdf_tutorial_r2d2/lib/python3.10/site-packages/urdf_tutorial_r2d2
[0.524s] copying /home/samiksha/second_ros2_ws/build/urdf_tutorial_r2d2/build/lib/urdf_tutorial_r2d2/__init__.py -> /home/samiksha/second_ros2_ws/install/urdf_tutorial_r2d2/lib/python3.10/site-packages/urdf_tutorial_r2d2
[0.524s] byte-compiling /home/samiksha/second_ros2_ws/install/urdf_tutorial_r2d2/lib/python3.10/site-packages/urdf_tutorial_r2d2/state_publisher.py to state_publisher.cpython-310.pyc
[0.524s] byte-compiling /home/samiksha/second_ros2_ws/install/urdf_tutorial_r2d2/lib/python3.10/site-packages/urdf_tutorial_r2d2/__init__.py to __init__.cpython-310.pyc
[0.524s] running install_data
[0.525s] creating /home/samiksha/second_ros2_ws/install/urdf_tutorial_r2d2/share/ament_index
[0.525s] creating /home/samiksha/second_ros2_ws/install/urdf_tutorial_r2d2/share/ament_index/resource_index
[0.525s] creating /home/samiksha/second_ros2_ws/install/urdf_tutorial_r2d2/share/ament_index/resource_index/packages
[0.525s] copying resource/urdf_tutorial_r2d2 -> /home/samiksha/second_ros2_ws/install/urdf_tutorial_r2d2/share/ament_index/resource_index/packages
[0.525s] copying package.xml -> /home/samiksha/second_ros2_ws/install/urdf_tutorial_r2d2/share/urdf_tutorial_r2d2
[0.525s] creating /home/samiksha/second_ros2_ws/install/urdf_tutorial_r2d2/share/urdf_tutorial_r2d2/launch
[0.525s] copying launch/demo.launch.py -> /home/samiksha/second_ros2_ws/install/urdf_tutorial_r2d2/share/urdf_tutorial_r2d2/launch
[0.525s] copying urdf/r2d2.urdf.xml -> /home/samiksha/second_ros2_ws/install/urdf_tutorial_r2d2/share/urdf_tutorial_r2d2
[0.525s] copying urdf/r2d2.rviz -> /home/samiksha/second_ros2_ws/install/urdf_tutorial_r2d2/share/urdf_tutorial_r2d2
[0.525s] running install_egg_info
[0.526s] Copying ../../build/urdf_tutorial_r2d2/urdf_tutorial_r2d2.egg-info to /home/samiksha/second_ros2_ws/install/urdf_tutorial_r2d2/lib/python3.10/site-packages/urdf_tutorial_r2d2-0.0.0-py3.10.egg-info
[0.526s] running install_scripts
[0.538s] writing list of installed files to '/home/samiksha/second_ros2_ws/build/urdf_tutorial_r2d2/install.log'
[0.554s] Invoked command in '/home/samiksha/second_ros2_ws/src/urdf_tutorial_r2d2' returned '0': PYTHONPATH=/home/samiksha/second_ros2_ws/build/urdf_tutorial_r2d2/prefix_override:/usr/lib/python3/dist-packages/colcon_core/task/python/colcon_distutils_commands:/home/samiksha/second_ros2_ws/install/urdf_tutorial_r2d2/lib/python3.10/site-packages:${PYTHONPATH} /usr/bin/python3 -W ignore:setup.py install is deprecated -W ignore:easy_install command is deprecated setup.py egg_info --egg-base ../../build/urdf_tutorial_r2d2 build --build-base /home/samiksha/second_ros2_ws/build/urdf_tutorial_r2d2/build install --record /home/samiksha/second_ros2_ws/build/urdf_tutorial_r2d2/install.log --single-version-externally-managed install_data
