[0.019s] Invoking command in '/home/samiksha/ros2_ws2/build/rviz_plugin_tutorial_msgs': CMAKE_PREFIX_PATH=${CMAKE_PREFIX_PATH}:/home/samiksha/ros2_ws/install/task_controller:/home/samiksha/ros2_ws2/install/robo_descp:/home/samiksha/ros2_ws2/install/learning_tf2_py:/home/samiksha/ros2_ws2/install/launch_tutorial:/opt/ros/humble /usr/bin/cmake --build /home/samiksha/ros2_ws2/build/rviz_plugin_tutorial_msgs -- -j12 -l12
[0.403s] -- Found ament_cmake: 1.3.11 (/opt/ros/humble/share/ament_cmake/cmake)
[0.403s] -- Found std_msgs: 4.2.4 (/opt/ros/humble/share/std_msgs/cmake)
[0.403s] -- Found rosidl_generator_c: 3.1.6 (/opt/ros/humble/share/rosidl_generator_c/cmake)
[0.403s] -- Found rosidl_adapter: 3.1.6 (/opt/ros/humble/share/rosidl_adapter/cmake)
[0.403s] -- Found rosidl_generator_cpp: 3.1.6 (/opt/ros/humble/share/rosidl_generator_cpp/cmake)
[0.403s] -- Using all available rosidl_typesupport_c: rosidl_typesupport_fastrtps_c;rosidl_typesupport_introspection_c
[0.403s] -- Using all available rosidl_typesupport_cpp: rosidl_typesupport_fastrtps_cpp;rosidl_typesupport_introspection_cpp
[0.403s] -- Found rosidl_default_generators: 1.2.0 (/opt/ros/humble/share/rosidl_default_generators/cmake)
[0.403s] -- Found ament_cmake_ros: 0.10.0 (/opt/ros/humble/share/ament_cmake_ros/cmake)
[0.403s] -- Found pluginlib: 5.1.0 (/opt/ros/humble/share/pluginlib/cmake)
[0.403s] -- Found rviz_common: 11.2.14 (/opt/ros/humble/share/rviz_common/cmake)
[0.403s] -- Setting assimp_DIR to: '/opt/ros/humble/share/rviz_assimp_vendor/cmake/../../../opt/rviz_assimp_vendor/lib/cmake/assimp-4.1'
[0.403s] -- Setting OGRE_DIR to: '/opt/ros/humble/share/rviz_ogre_vendor/cmake/../../../opt/rviz_ogre_vendor/lib/OGRE/cmake'
[0.403s] -- Found OGRE
[0.403s] --   static     : OFF
[0.404s] --   components : HLMS;MeshLodGenerator;Overlay;Paging;Property;RTShaderSystem;Terrain;Volume
[0.404s] --   plugins    : Plugin_BSPSceneManager;Plugin_OctreeSceneManager;Plugin_PCZSceneManager;Plugin_ParticleFX;RenderSystem_GL;RenderSystem_GL3Plus;Codec_STBI
[0.404s] --   media      : /opt/ros/humble/opt/rviz_ogre_vendor/share/OGRE/Media
[0.404s] -- OGRE_LIBRARIES: OgreHLMS;OgreMeshLodGenerator;OgreOverlay;OgrePaging;OgreProperty;OgreRTShaderSystem;OgreTerrain;OgreVolume;OgreMain
[0.404s] -- OGRE_LIBRARY_DIRS: /opt/ros/humble/opt/rviz_ogre_vendor/lib
[0.404s] -- OGRE_PLUGINS: Plugin_BSPSceneManager;Plugin_OctreeSceneManager;Plugin_PCZSceneManager;Plugin_ParticleFX;RenderSystem_GL;RenderSystem_GL3Plus;Codec_STBI
[0.404s] -- OGRE_PLUGIN_DIR: /opt/ros/humble/opt/rviz_ogre_vendor/lib/OGRE
[0.404s] -- rviz_ogre_vendor::OgreOverlay for IMPORTED_LOCATION_RELEASE: /opt/ros/humble/opt/rviz_ogre_vendor/lib/libOgreOverlay.so
[0.404s] -- rviz_ogre_vendor::OgreOverlay for IMPORTED_LOCATION_DEBUG: /opt/ros/humble/opt/rviz_ogre_vendor/lib/libOgreOverlay.so
[0.404s] -- rviz_ogre_vendor::OgreMain for IMPORTED_LOCATION_RELEASE: /opt/ros/humble/opt/rviz_ogre_vendor/lib/libOgreMain.so
[0.404s] -- rviz_ogre_vendor::OgreMain for IMPORTED_LOCATION_DEBUG: /opt/ros/humble/opt/rviz_ogre_vendor/lib/libOgreMain.so
[0.404s] -- Found ZLIB: /usr/lib/x86_64-linux-gnu/libz.so (found version "1.2.11") 
[0.404s] -- Found OpenGL: /usr/lib/x86_64-linux-gnu/libOpenGL.so   
[0.404s] -- Found X11: /usr/include   
[0.404s] -- Looking for XOpenDisplay in /usr/lib/x86_64-linux-gnu/libX11.so;/usr/lib/x86_64-linux-gnu/libXext.so
[0.404s] -- Looking for XOpenDisplay in /usr/lib/x86_64-linux-gnu/libX11.so;/usr/lib/x86_64-linux-gnu/libXext.so - found
[0.404s] -- Looking for gethostbyname
[0.404s] -- Looking for gethostbyname - found
[0.404s] -- Looking for connect
[0.447s] -- Looking for connect - found
[0.447s] -- Looking for remove
[0.496s] -- Looking for remove - found
[0.496s] -- Looking for shmat
[0.549s] -- Looking for shmat - found
[0.549s] -- Looking for IceConnectionNumber in ICE
[0.606s] -- Looking for IceConnectionNumber in ICE - found
[0.688s] -- library: /usr/lib/x86_64-linux-gnu/libcurl.so
[0.726s] -- Found rmw_implementation_cmake: 6.1.2 (/opt/ros/humble/share/rmw_implementation_cmake/cmake)
[0.728s] -- Found rmw_fastrtps_cpp: 6.2.7 (/opt/ros/humble/share/rmw_fastrtps_cpp/cmake)
[0.746s] -- Found TinyXML2 via Config file: TinyXML2_DIR-NOTFOUND
[0.791s] -- Found OpenSSL: /usr/lib/x86_64-linux-gnu/libcrypto.so (found version "3.0.2")  
[0.794s] -- Found TinyXML2 via Config file: TinyXML2_DIR-NOTFOUND
[0.805s] -- Found FastRTPS: /opt/ros/humble/include  
[0.808s] -- Found TinyXML2 via Config file: TinyXML2_DIR-NOTFOUND
[0.816s] -- Found TinyXML2 via Config file: TinyXML2_DIR-NOTFOUND
[0.827s] -- Using RMW implementation 'rmw_fastrtps_cpp' as default
[0.833s] -- Looking for pthread.h
[0.899s] -- Looking for pthread.h - found
[0.899s] -- Performing Test CMAKE_HAVE_LIBC_PTHREAD
[0.964s] -- Performing Test CMAKE_HAVE_LIBC_PTHREAD - Success
[0.965s] -- Found Threads: TRUE  
[1.017s] -- Found Eigen3: TRUE (found version "3.4.0") 
[1.017s] -- Ensuring Eigen3 include directory is part of orocos-kdl CMake target
[1.096s] -- Found rviz_plugin_tutorial_msgs: 0.0.0 (/home/samiksha/ros2_ws2/install/rviz_plugin_tutorial_msgs/share/rviz_plugin_tutorial_msgs/cmake)
[1.538s] -- Using all available rosidl_typesupport_c: rosidl_typesupport_fastrtps_c;rosidl_typesupport_introspection_c
[1.637s] -- Using all available rosidl_typesupport_cpp: rosidl_typesupport_fastrtps_cpp;rosidl_typesupport_introspection_cpp
[1.656s] -- Found python_cmake_module: 0.10.0 (/opt/ros/humble/share/python_cmake_module/cmake)
[1.672s] -- Using PYTHON_EXECUTABLE: /usr/bin/python3
[1.672s] -- Using PYTHON_INCLUDE_DIRS: /usr/include/python3.10
[1.673s] -- Using PYTHON_LIBRARIES: /usr/lib/x86_64-linux-gnu/libpython3.10.so
[1.691s] -- Configuring done
[1.702s] [33mCMake Warning (dev) in CMakeLists.txt:
[1.702s]   Policy CMP0071 is not set: Let AUTOMOC and AUTOUIC process GENERATED files.
[1.702s]   Run "cmake --help-policy CMP0071" for policy details.  Use the cmake_policy
[1.702s]   command to set the policy and suppress this warning.
[1.702s] 
[1.702s]   For compatibility, CMake is excluding the GENERATED source file(s):
[1.702s] 
[1.702s]     "/home/samiksha/ros2_ws2/build/rviz_plugin_tutorial_msgs/rosidl_generator_c/rviz_plugin_tutorial_msgs/msg/point2_d.h"
[1.702s]     "/home/samiksha/ros2_ws2/build/rviz_plugin_tutorial_msgs/rosidl_generator_c/rviz_plugin_tutorial_msgs/msg/detail/point2_d__functions.h"
[1.702s]     "/home/samiksha/ros2_ws2/build/rviz_plugin_tutorial_msgs/rosidl_generator_c/rviz_plugin_tutorial_msgs/msg/detail/point2_d__struct.h"
[1.702s]     "/home/samiksha/ros2_ws2/build/rviz_plugin_tutorial_msgs/rosidl_generator_c/rviz_plugin_tutorial_msgs/msg/detail/point2_d__type_support.h"
[1.702s]     "/home/samiksha/ros2_ws2/build/rviz_plugin_tutorial_msgs/rosidl_generator_c/rviz_plugin_tutorial_msgs/msg/detail/point2_d__functions.c"
[1.703s] 
[1.703s]   from processing by AUTOMOC.  If any of the files should be processed, set
[1.703s]   CMP0071 to NEW.  If any of the files should not be processed, explicitly
[1.703s]   exclude them by setting the source file property SKIP_AUTOMOC:
[1.703s] 
[1.703s]     set_property(SOURCE file.h PROPERTY SKIP_AUTOMOC ON)
[1.703s] 
[1.703s] This warning is for project developers.  Use -Wno-dev to suppress it.
[1.703s] [0m
[1.703s] [33mCMake Warning (dev) in CMakeLists.txt:
[1.703s]   Policy CMP0071 is not set: Let AUTOMOC and AUTOUIC process GENERATED files.
[1.703s]   Run "cmake --help-policy CMP0071" for policy details.  Use the cmake_policy
[1.703s]   command to set the policy and suppress this warning.
[1.703s] 
[1.703s]   For compatibility, CMake is excluding the GENERATED source file(s):
[1.703s] 
[1.703s]     "/home/samiksha/ros2_ws2/build/rviz_plugin_tutorial_msgs/rosidl_typesupport_fastrtps_c/rviz_plugin_tutorial_msgs/msg/detail/point2_d__rosidl_typesupport_fastrtps_c.h"
[1.703s]     "/home/samiksha/ros2_ws2/build/rviz_plugin_tutorial_msgs/rosidl_typesupport_fastrtps_c/rviz_plugin_tutorial_msgs/msg/detail/point2_d__type_support_c.cpp"
[1.703s] 
[1.703s]   from processing by AUTOMOC.  If any of the files should be processed, set
[1.703s]   CMP0071 to NEW.  If any of the files should not be processed, explicitly
[1.703s]   exclude them by setting the source file property SKIP_AUTOMOC:
[1.704s] 
[1.704s]     set_property(SOURCE file.h PROPERTY SKIP_AUTOMOC ON)
[1.704s] 
[1.704s] This warning is for project developers.  Use -Wno-dev to suppress it.
[1.704s] [0m
[1.704s] [33mCMake Warning (dev) in CMakeLists.txt:
[1.704s]   Policy CMP0071 is not set: Let AUTOMOC and AUTOUIC process GENERATED files.
[1.704s]   Run "cmake --help-policy CMP0071" for policy details.  Use the cmake_policy
[1.704s]   command to set the policy and suppress this warning.
[1.704s] 
[1.704s]   For compatibility, CMake is excluding the GENERATED source file(s):
[1.704s] 
[1.704s]     "/home/samiksha/ros2_ws2/build/rviz_plugin_tutorial_msgs/rosidl_typesupport_fastrtps_cpp/rviz_plugin_tutorial_msgs/msg/detail/dds_fastrtps/point2_d__type_support.cpp"
[1.704s]     "/home/samiksha/ros2_ws2/build/rviz_plugin_tutorial_msgs/rosidl_typesupport_fastrtps_cpp/rviz_plugin_tutorial_msgs/msg/detail/point2_d__rosidl_typesupport_fastrtps_cpp.hpp"
[1.704s] 
[1.704s]   from processing by AUTOMOC.  If any of the files should be processed, set
[1.704s]   CMP0071 to NEW.  If any of the files should not be processed, explicitly
[1.704s]   exclude them by setting the source file property SKIP_AUTOMOC:
[1.704s] 
[1.704s]     set_property(SOURCE file.h PROPERTY SKIP_AUTOMOC ON)
[1.704s] 
[1.704s] This warning is for project developers.  Use -Wno-dev to suppress it.
[1.704s] [0m
[1.704s] [33mCMake Warning (dev) in CMakeLists.txt:
[1.704s]   Policy CMP0071 is not set: Let AUTOMOC and AUTOUIC process GENERATED files.
[1.704s]   Run "cmake --help-policy CMP0071" for policy details.  Use the cmake_policy
[1.704s]   command to set the policy and suppress this warning.
[1.704s] 
[1.704s]   For compatibility, CMake is excluding the GENERATED source file(s):
[1.705s] 
[1.705s]     "/home/samiksha/ros2_ws2/build/rviz_plugin_tutorial_msgs/rosidl_typesupport_introspection_c/rviz_plugin_tutorial_msgs/msg/detail/point2_d__rosidl_typesupport_introspection_c.h"
[1.705s]     "/home/samiksha/ros2_ws2/build/rviz_plugin_tutorial_msgs/rosidl_typesupport_introspection_c/rviz_plugin_tutorial_msgs/msg/detail/point2_d__type_support.c"
[1.705s] 
[1.705s]   from processing by AUTOMOC.  If any of the files should be processed, set
[1.705s]   CMP0071 to NEW.  If any of the files should not be processed, explicitly
[1.705s]   exclude them by setting the source file property SKIP_AUTOMOC:
[1.705s] 
[1.705s]     set_property(SOURCE file.h PROPERTY SKIP_AUTOMOC ON)
[1.705s] 
[1.705s] This warning is for project developers.  Use -Wno-dev to suppress it.
[1.705s] [0m
[1.705s] [33mCMake Warning (dev) in CMakeLists.txt:
[1.705s]   Policy CMP0071 is not set: Let AUTOMOC and AUTOUIC process GENERATED files.
[1.705s]   Run "cmake --help-policy CMP0071" for policy details.  Use the cmake_policy
[1.705s]   command to set the policy and suppress this warning.
[1.705s] 
[1.705s]   For compatibility, CMake is excluding the GENERATED source file(s):
[1.705s] 
[1.705s]     "/home/samiksha/ros2_ws2/build/rviz_plugin_tutorial_msgs/rosidl_typesupport_c/rviz_plugin_tutorial_msgs/msg/point2_d__type_support.cpp"
[1.705s] 
[1.705s]   from processing by AUTOMOC.  If any of the files should be processed, set
[1.705s]   CMP0071 to NEW.  If any of the files should not be processed, explicitly
[1.705s]   exclude them by setting the source file property SKIP_AUTOMOC:
[1.705s] 
[1.705s]     set_property(SOURCE file.h PROPERTY SKIP_AUTOMOC ON)
[1.705s] 
[1.705s] This warning is for project developers.  Use -Wno-dev to suppress it.
[1.705s] [0m
[1.705s] [33mCMake Warning (dev) in CMakeLists.txt:
[1.705s]   Policy CMP0071 is not set: Let AUTOMOC and AUTOUIC process GENERATED files.
[1.705s]   Run "cmake --help-policy CMP0071" for policy details.  Use the cmake_policy
[1.705s]   command to set the policy and suppress this warning.
[1.705s] 
[1.705s]   For compatibility, CMake is excluding the GENERATED source file(s):
[1.705s] 
[1.705s]     "/home/samiksha/ros2_ws2/build/rviz_plugin_tutorial_msgs/rosidl_typesupport_introspection_cpp/rviz_plugin_tutorial_msgs/msg/detail/point2_d__rosidl_typesupport_introspection_cpp.hpp"
[1.705s]     "/home/samiksha/ros2_ws2/build/rviz_plugin_tutorial_msgs/rosidl_typesupport_introspection_cpp/rviz_plugin_tutorial_msgs/msg/detail/point2_d__type_support.cpp"
[1.705s] 
[1.705s]   from processing by AUTOMOC.  If any of the files should be processed, set
[1.705s]   CMP0071 to NEW.  If any of the files should not be processed, explicitly
[1.705s]   exclude them by setting the source file property SKIP_AUTOMOC:
[1.705s] 
[1.706s]     set_property(SOURCE file.h PROPERTY SKIP_AUTOMOC ON)
[1.706s] 
[1.706s] This warning is for project developers.  Use -Wno-dev to suppress it.
[1.706s] [0m
[1.706s] [33mCMake Warning (dev) in CMakeLists.txt:
[1.706s]   Policy CMP0071 is not set: Let AUTOMOC and AUTOUIC process GENERATED files.
[1.706s]   Run "cmake --help-policy CMP0071" for policy details.  Use the cmake_policy
[1.706s]   command to set the policy and suppress this warning.
[1.706s] 
[1.706s]   For compatibility, CMake is excluding the GENERATED source file(s):
[1.706s] 
[1.706s]     "/home/samiksha/ros2_ws2/build/rviz_plugin_tutorial_msgs/rosidl_typesupport_cpp/rviz_plugin_tutorial_msgs/msg/point2_d__type_support.cpp"
[1.706s] 
[1.706s]   from processing by AUTOMOC.  If any of the files should be processed, set
[1.706s]   CMP0071 to NEW.  If any of the files should not be processed, explicitly
[1.706s]   exclude them by setting the source file property SKIP_AUTOMOC:
[1.706s] 
[1.706s]     set_property(SOURCE file.h PROPERTY SKIP_AUTOMOC ON)
[1.706s] 
[1.706s] This warning is for project developers.  Use -Wno-dev to suppress it.
[1.706s] [0m
[1.706s] [33mCMake Warning (dev) in CMakeLists.txt:
[1.706s]   Policy CMP0071 is not set: Let AUTOMOC and AUTOUIC process GENERATED files.
[1.706s]   Run "cmake --help-policy CMP0071" for policy details.  Use the cmake_policy
[1.706s]   command to set the policy and suppress this warning.
[1.706s] 
[1.706s]   For compatibility, CMake is excluding the GENERATED source file(s):
[1.706s] 
[1.706s]     "/home/samiksha/ros2_ws2/build/rviz_plugin_tutorial_msgs/rosidl_generator_py/rviz_plugin_tutorial_msgs/msg/_point2_d_s.c"
[1.706s] 
[1.706s]   from processing by AUTOMOC.  If any of the files should be processed, set
[1.706s]   CMP0071 to NEW.  If any of the files should not be processed, explicitly
[1.706s]   exclude them by setting the source file property SKIP_AUTOMOC:
[1.706s] 
[1.706s]     set_property(SOURCE file.h PROPERTY SKIP_AUTOMOC ON)
[1.706s] 
[1.706s] This warning is for project developers.  Use -Wno-dev to suppress it.
[1.706s] [0m
[1.706s] [33mCMake Warning (dev) in CMakeLists.txt:
[1.706s]   Policy CMP0071 is not set: Let AUTOMOC and AUTOUIC process GENERATED files.
[1.707s]   Run "cmake --help-policy CMP0071" for policy details.  Use the cmake_policy
[1.707s]   command to set the policy and suppress this warning.
[1.707s] 
[1.707s]   For compatibility, CMake is excluding the GENERATED source file(s):
[1.707s] 
[1.707s]     "/home/samiksha/ros2_ws2/build/rviz_plugin_tutorial_msgs/rosidl_generator_py/rviz_plugin_tutorial_msgs/_rviz_plugin_tutorial_msgs_s.ep.rosidl_typesupport_fastrtps_c.c"
[1.707s] 
[1.707s]   from processing by AUTOMOC.  If any of the files should be processed, set
[1.707s]   CMP0071 to NEW.  If any of the files should not be processed, explicitly
[1.707s]   exclude them by setting the source file property SKIP_AUTOMOC:
[1.707s] 
[1.707s]     set_property(SOURCE file.h PROPERTY SKIP_AUTOMOC ON)
[1.707s] 
[1.707s] This warning is for project developers.  Use -Wno-dev to suppress it.
[1.707s] [0m
[1.707s] [33mCMake Warning (dev) in CMakeLists.txt:
[1.707s]   Policy CMP0071 is not set: Let AUTOMOC and AUTOUIC process GENERATED files.
[1.707s]   Run "cmake --help-policy CMP0071" for policy details.  Use the cmake_policy
[1.707s]   command to set the policy and suppress this warning.
[1.707s] 
[1.707s]   For compatibility, CMake is excluding the GENERATED source file(s):
[1.707s] 
[1.707s]     "/home/samiksha/ros2_ws2/build/rviz_plugin_tutorial_msgs/rosidl_generator_py/rviz_plugin_tutorial_msgs/_rviz_plugin_tutorial_msgs_s.ep.rosidl_typesupport_introspection_c.c"
[1.707s] 
[1.707s]   from processing by AUTOMOC.  If any of the files should be processed, set
[1.707s]   CMP0071 to NEW.  If any of the files should not be processed, explicitly
[1.707s]   exclude them by setting the source file property SKIP_AUTOMOC:
[1.707s] 
[1.707s]     set_property(SOURCE file.h PROPERTY SKIP_AUTOMOC ON)
[1.707s] 
[1.707s] This warning is for project developers.  Use -Wno-dev to suppress it.
[1.707s] [0m
[1.707s] [33mCMake Warning (dev) in CMakeLists.txt:
[1.707s]   Policy CMP0071 is not set: Let AUTOMOC and AUTOUIC process GENERATED files.
[1.707s]   Run "cmake --help-policy CMP0071" for policy details.  Use the cmake_policy
[1.707s]   command to set the policy and suppress this warning.
[1.707s] 
[1.707s]   For compatibility, CMake is excluding the GENERATED source file(s):
[1.707s] 
[1.707s]     "/home/samiksha/ros2_ws2/build/rviz_plugin_tutorial_msgs/rosidl_generator_py/rviz_plugin_tutorial_msgs/_rviz_plugin_tutorial_msgs_s.ep.rosidl_typesupport_c.c"
[1.707s] 
[1.707s]   from processing by AUTOMOC.  If any of the files should be processed, set
[1.707s]   CMP0071 to NEW.  If any of the files should not be processed, explicitly
[1.707s]   exclude them by setting the source file property SKIP_AUTOMOC:
[1.707s] 
[1.707s]     set_property(SOURCE file.h PROPERTY SKIP_AUTOMOC ON)
[1.707s] 
[1.708s] This warning is for project developers.  Use -Wno-dev to suppress it.
[1.708s] [0m
[1.741s] -- Generating done
[1.752s] -- Build files have been written to: /home/samiksha/ros2_ws2/build/rviz_plugin_tutorial_msgs
[1.779s] [  1%] Built target rviz_plugin_tutorial_msgs__cpp
[1.780s] [  3%] [34m[1mAutomatic MOC for target point_display[0m
[1.782s] [  5%] [34m[1mAutomatic MOC for target rviz_plugin_tutorial_msgs__rosidl_generator_c[0m
[1.785s] [  5%] Built target ament_cmake_python_copy_rviz_plugin_tutorial_msgs
[1.794s] [  8%] [34m[1mAutomatic MOC for target rviz_plugin_tutorial_msgs__rosidl_typesupport_introspection_cpp[0m
[1.794s] [  8%] [34m[1mAutomatic MOC for target rviz_plugin_tutorial_msgs__rosidl_typesupport_fastrtps_cpp[0m
[1.799s] [ 10%] [34m[1mAutomatic MOC for target rviz_plugin_tutorial_msgs__rosidl_typesupport_cpp[0m
[1.804s] [ 10%] Built target rviz_plugin_tutorial_msgs__rosidl_generator_c_autogen
[1.807s] [ 10%] Built target point_display_autogen
[1.810s] gmake[2]: *** No rule to make target '/home/samiksha/ros2_ws2/src/rviz_plugin_tutorial_msgs/include/rviz_plugin_tutorial/point_display.hpp', needed by 'include/rviz_plugin_tutorial/moc_point_display.cpp'.  Stop.
[1.810s] gmake[1]: *** [CMakeFiles/Makefile2:193: CMakeFiles/point_display.dir/all] Error 2
[1.810s] gmake[1]: *** Waiting for unfinished jobs....
[1.812s] [35m[1mConsolidate compiler generated dependencies of target rviz_plugin_tutorial_msgs__rosidl_generator_c[0m
[1.816s] [ 10%] Built target rviz_plugin_tutorial_msgs__rosidl_typesupport_introspection_cpp_autogen
[1.819s] [ 10%] Built target rviz_plugin_tutorial_msgs__rosidl_typesupport_fastrtps_cpp_autogen
[1.822s] [ 11%] [32mBuilding C object CMakeFiles/rviz_plugin_tutorial_msgs__rosidl_generator_c.dir/rosidl_generator_c/rviz_plugin_tutorial_msgs/msg/detail/point2_d__functions.c.o[0m
[1.823s] [ 13%] [32mBuilding CXX object CMakeFiles/rviz_plugin_tutorial_msgs__rosidl_generator_c.dir/rviz_plugin_tutorial_msgs__rosidl_generator_c_autogen/mocs_compilation.cpp.o[0m
[1.827s] [ 13%] Built target rviz_plugin_tutorial_msgs__rosidl_typesupport_cpp_autogen
[1.855s] [ 15%] [32m[1mLinking CXX shared library librviz_plugin_tutorial_msgs__rosidl_generator_c.so[0m
[1.889s] [ 16%] Built target rviz_plugin_tutorial_msgs__rosidl_generator_c
[1.953s] running egg_info
[1.955s] writing manifest file 'rviz_plugin_tutorial_msgs.egg-info/SOURCES.txt'
[1.972s] [ 16%] Built target ament_cmake_python_build_rviz_plugin_tutorial_msgs_egg
[1.973s] gmake: *** [Makefile:146: all] Error 2
[1.975s] Invoked command in '/home/samiksha/ros2_ws2/build/rviz_plugin_tutorial_msgs' returned '2': CMAKE_PREFIX_PATH=${CMAKE_PREFIX_PATH}:/home/samiksha/ros2_ws/install/task_controller:/home/samiksha/ros2_ws2/install/robo_descp:/home/samiksha/ros2_ws2/install/learning_tf2_py:/home/samiksha/ros2_ws2/install/launch_tutorial:/opt/ros/humble /usr/bin/cmake --build /home/samiksha/ros2_ws2/build/rviz_plugin_tutorial_msgs -- -j12 -l12
