[0.010s] Invoking command in '/home/samiksha/polygon_ws/build/custom_interfaces': CMAKE_PREFIX_PATH=${CMAKE_PREFIX_PATH}:/home/samiksha/polygon_ws/install/polygon_turtle:/home/samiksha/ros2_ws/install/task_controller:/opt/ros/humble /usr/bin/cmake --build /home/samiksha/polygon_ws/build/custom_interfaces -- -j12 -l12
[0.027s] -- Found ament_cmake: 1.3.11 (/opt/ros/humble/share/ament_cmake/cmake)
[0.119s] -- Found geometry_msgs: 4.2.4 (/opt/ros/humble/share/geometry_msgs/cmake)
[0.133s] -- Found rosidl_generator_c: 3.1.6 (/opt/ros/humble/share/rosidl_generator_c/cmake)
[0.135s] -- Found rosidl_adapter: 3.1.6 (/opt/ros/humble/share/rosidl_adapter/cmake)
[0.138s] -- Found rosidl_generator_cpp: 3.1.6 (/opt/ros/humble/share/rosidl_generator_cpp/cmake)
[0.143s] -- Using all available rosidl_typesupport_c: rosidl_typesupport_fastrtps_c;rosidl_typesupport_introspection_c
[0.150s] -- Using all available rosidl_typesupport_cpp: rosidl_typesupport_fastrtps_cpp;rosidl_typesupport_introspection_cpp
[0.172s] -- Found rosidl_default_generators: 1.2.0 (/opt/ros/humble/share/rosidl_default_generators/cmake)
[0.369s] -- Found ament_cmake_ros: 0.10.0 (/opt/ros/humble/share/ament_cmake_ros/cmake)
[0.639s] -- Using all available rosidl_typesupport_c: rosidl_typesupport_fastrtps_c;rosidl_typesupport_introspection_c
[0.749s] -- Using all available rosidl_typesupport_cpp: rosidl_typesupport_fastrtps_cpp;rosidl_typesupport_introspection_cpp
[0.765s] -- Found python_cmake_module: 0.10.0 (/opt/ros/humble/share/python_cmake_module/cmake)
[0.782s] -- Using PYTHON_EXECUTABLE: /usr/bin/python3
[0.782s] -- Using PYTHON_INCLUDE_DIRS: /usr/include/python3.10
[0.782s] -- Using PYTHON_LIBRARIES: /usr/lib/x86_64-linux-gnu/libpython3.10.so
[0.796s] -- Found ament_lint_auto: 0.12.11 (/opt/ros/humble/share/ament_lint_auto/cmake)
[0.801s] -- Added test 'lint_cmake' to check CMake code style
[0.801s] -- Added test 'xmllint' to check XML markup files
[0.802s] -- Configuring done
[0.818s] -- Generating done
[0.824s] -- Build files have been written to: /home/samiksha/polygon_ws/build/custom_interfaces
[0.842s] [  3%] [34m[1mGenerating C code for ROS interfaces[0m
[0.852s] [  6%] [34m[1mGenerating C++ code for ROS interfaces[0m
[0.858s] [  6%] Built target ament_cmake_python_copy_custom_interfaces
[1.018s] [35m[1mConsolidate compiler generated dependencies of target custom_interfaces__rosidl_generator_c[0m
[1.026s] [  9%] [32mBuilding C object CMakeFiles/custom_interfaces__rosidl_generator_c.dir/rosidl_generator_c/custom_interfaces/srv/detail/polygon_server__functions.c.o[0m
[1.026s] running egg_info
[1.030s] writing manifest file 'custom_interfaces.egg-info/SOURCES.txt'
[1.030s] [  9%] Built target custom_interfaces__cpp
[1.041s] [ 12%] [34m[1mGenerating C++ type support for eProsima Fast-RTPS[0m
[1.042s] [ 19%] [34m[1mGenerating C++ introspection for ROS interfaces[0m
[1.042s] [ 19%] [34m[1mGenerating C++ type support dispatch for ROS interfaces[0m
[1.057s] [ 19%] Built target ament_cmake_python_build_custom_interfaces_egg
[1.078s] [ 22%] [32m[1mLinking C shared library libcustom_interfaces__rosidl_generator_c.so[0m
[1.107s] [ 22%] Built target custom_interfaces__rosidl_generator_c
[1.115s] [ 25%] [34m[1mGenerating C type support for eProsima Fast-RTPS[0m
[1.118s] [ 32%] [34m[1mGenerating C type support dispatch for ROS interfaces[0m
[1.118s] [ 32%] [34m[1mGenerating C introspection for ROS interfaces[0m
[1.218s] [35m[1mConsolidate compiler generated dependencies of target custom_interfaces__rosidl_typesupport_introspection_cpp[0m
[1.227s] [ 35%] [32mBuilding CXX object CMakeFiles/custom_interfaces__rosidl_typesupport_introspection_cpp.dir/rosidl_typesupport_introspection_cpp/custom_interfaces/srv/detail/polygon_server__type_support.cpp.o[0m
[1.228s] [35m[1mConsolidate compiler generated dependencies of target custom_interfaces__rosidl_typesupport_fastrtps_cpp[0m
[1.239s] [ 38%] [32mBuilding CXX object CMakeFiles/custom_interfaces__rosidl_typesupport_fastrtps_cpp.dir/rosidl_typesupport_fastrtps_cpp/custom_interfaces/srv/detail/dds_fastrtps/polygon_server__type_support.cpp.o[0m
[1.288s] [35m[1mConsolidate compiler generated dependencies of target custom_interfaces__rosidl_typesupport_cpp[0m
[1.289s] [35m[1mConsolidate compiler generated dependencies of target custom_interfaces__rosidl_typesupport_c[0m
[1.298s] [ 41%] [32mBuilding CXX object CMakeFiles/custom_interfaces__rosidl_typesupport_c.dir/rosidl_typesupport_c/custom_interfaces/srv/polygon_server__type_support.cpp.o[0m
[1.301s] [ 45%] [32mBuilding CXX object CMakeFiles/custom_interfaces__rosidl_typesupport_cpp.dir/rosidl_typesupport_cpp/custom_interfaces/srv/polygon_server__type_support.cpp.o[0m
[1.306s] [35m[1mConsolidate compiler generated dependencies of target custom_interfaces__rosidl_typesupport_fastrtps_c[0m
[1.318s] [ 48%] [32mBuilding CXX object CMakeFiles/custom_interfaces__rosidl_typesupport_fastrtps_c.dir/rosidl_typesupport_fastrtps_c/custom_interfaces/srv/detail/polygon_server__type_support_c.cpp.o[0m
[1.324s] [ 51%] [32m[1mLinking CXX shared library libcustom_interfaces__rosidl_typesupport_c.so[0m
[1.357s] [ 51%] Built target custom_interfaces__rosidl_typesupport_c
[1.433s] [35m[1mConsolidate compiler generated dependencies of target custom_interfaces__rosidl_typesupport_introspection_c[0m
[1.445s] [ 54%] [32mBuilding C object CMakeFiles/custom_interfaces__rosidl_typesupport_introspection_c.dir/rosidl_typesupport_introspection_c/custom_interfaces/srv/detail/polygon_server__type_support.c.o[0m
[1.477s] [ 61%] [32m[1mLinking CXX shared library libcustom_interfaces__rosidl_typesupport_cpp.so[0m
[1.477s] [ 61%] [32m[1mLinking CXX shared library libcustom_interfaces__rosidl_typesupport_introspection_cpp.so[0m
[1.478s] [ 64%] [32m[1mLinking C shared library libcustom_interfaces__rosidl_typesupport_introspection_c.so[0m
[1.506s] [ 64%] Built target custom_interfaces__rosidl_typesupport_introspection_c
[1.513s] [ 64%] Built target custom_interfaces__rosidl_typesupport_cpp
[1.526s] [ 67%] [32m[1mLinking CXX shared library libcustom_interfaces__rosidl_typesupport_fastrtps_cpp.so[0m
[1.529s] [ 67%] Built target custom_interfaces__rosidl_typesupport_introspection_cpp
[1.561s] [ 70%] [32m[1mLinking CXX shared library libcustom_interfaces__rosidl_typesupport_fastrtps_c.so[0m
[1.583s] [ 70%] Built target custom_interfaces__rosidl_typesupport_fastrtps_cpp
[1.612s] [ 70%] Built target custom_interfaces__rosidl_typesupport_fastrtps_c
[1.628s] [ 70%] Built target custom_interfaces
[1.643s] [ 74%] [34m[1mGenerating Python code for ROS interfaces[0m
[1.860s] [ 74%] Built target custom_interfaces__py
[1.867s] [35m[1mConsolidate compiler generated dependencies of target custom_interfaces__rosidl_generator_py[0m
[1.876s] [ 77%] [32mBuilding C object CMakeFiles/custom_interfaces__rosidl_generator_py.dir/rosidl_generator_py/custom_interfaces/srv/_polygon_server_s.c.o[0m
[1.939s] [ 80%] [32m[1mLinking C shared library rosidl_generator_py/custom_interfaces/libcustom_interfaces__rosidl_generator_py.so[0m
[1.967s] [ 80%] Built target custom_interfaces__rosidl_generator_py
[1.974s] [35m[1mConsolidate compiler generated dependencies of target custom_interfaces__rosidl_typesupport_c__pyext[0m
[1.975s] [35m[1mConsolidate compiler generated dependencies of target custom_interfaces__rosidl_typesupport_fastrtps_c__pyext[0m
[1.976s] [35m[1mConsolidate compiler generated dependencies of target custom_interfaces__rosidl_typesupport_introspection_c__pyext[0m
[1.984s] [ 87%] [32mBuilding C object CMakeFiles/custom_interfaces__rosidl_typesupport_c__pyext.dir/rosidl_generator_py/custom_interfaces/_custom_interfaces_s.ep.rosidl_typesupport_c.c.o[0m
[1.984s] [ 87%] [32mBuilding C object CMakeFiles/custom_interfaces__rosidl_typesupport_introspection_c__pyext.dir/rosidl_generator_py/custom_interfaces/_custom_interfaces_s.ep.rosidl_typesupport_introspection_c.c.o[0m
[1.986s] [ 90%] [32mBuilding C object CMakeFiles/custom_interfaces__rosidl_typesupport_fastrtps_c__pyext.dir/rosidl_generator_py/custom_interfaces/_custom_interfaces_s.ep.rosidl_typesupport_fastrtps_c.c.o[0m
[2.044s] [ 93%] [32m[1mLinking C shared library rosidl_generator_py/custom_interfaces/custom_interfaces_s__rosidl_typesupport_fastrtps_c.cpython-310-x86_64-linux-gnu.so[0m
[2.044s] [100%] [32m[1mLinking C shared library rosidl_generator_py/custom_interfaces/custom_interfaces_s__rosidl_typesupport_c.cpython-310-x86_64-linux-gnu.so[0m
[2.044s] [100%] [32m[1mLinking C shared library rosidl_generator_py/custom_interfaces/custom_interfaces_s__rosidl_typesupport_introspection_c.cpython-310-x86_64-linux-gnu.so[0m
[2.070s] [100%] Built target custom_interfaces__rosidl_typesupport_fastrtps_c__pyext
[2.073s] [100%] Built target custom_interfaces__rosidl_typesupport_introspection_c__pyext
[2.074s] [100%] Built target custom_interfaces__rosidl_typesupport_c__pyext
[2.082s] Invoked command in '/home/samiksha/polygon_ws/build/custom_interfaces' returned '0': CMAKE_PREFIX_PATH=${CMAKE_PREFIX_PATH}:/home/samiksha/polygon_ws/install/polygon_turtle:/home/samiksha/ros2_ws/install/task_controller:/opt/ros/humble /usr/bin/cmake --build /home/samiksha/polygon_ws/build/custom_interfaces -- -j12 -l12
[2.088s] Invoking command in '/home/samiksha/polygon_ws/build/custom_interfaces': CMAKE_PREFIX_PATH=${CMAKE_PREFIX_PATH}:/home/samiksha/polygon_ws/install/polygon_turtle:/home/samiksha/ros2_ws/install/task_controller:/opt/ros/humble /usr/bin/cmake --install /home/samiksha/polygon_ws/build/custom_interfaces
[2.095s] -- Install configuration: ""
[2.095s] -- Up-to-date: /home/samiksha/polygon_ws/install/custom_interfaces/share/ament_index/resource_index/rosidl_interfaces/custom_interfaces
[2.096s] -- Up-to-date: /home/samiksha/polygon_ws/install/custom_interfaces/include/custom_interfaces/custom_interfaces
[2.096s] -- Up-to-date: /home/samiksha/polygon_ws/install/custom_interfaces/include/custom_interfaces/custom_interfaces/msg
[2.096s] -- Up-to-date: /home/samiksha/polygon_ws/install/custom_interfaces/include/custom_interfaces/custom_interfaces/msg/rosidl_generator_c__visibility_control.h
[2.096s] -- Up-to-date: /home/samiksha/polygon_ws/install/custom_interfaces/include/custom_interfaces/custom_interfaces/srv
[2.096s] -- Up-to-date: /home/samiksha/polygon_ws/install/custom_interfaces/include/custom_interfaces/custom_interfaces/srv/detail
[2.096s] -- Installing: /home/samiksha/polygon_ws/install/custom_interfaces/include/custom_interfaces/custom_interfaces/srv/detail/polygon_server__type_support.h
[2.096s] -- Installing: /home/samiksha/polygon_ws/install/custom_interfaces/include/custom_interfaces/custom_interfaces/srv/detail/polygon_server__functions.c
[2.096s] -- Installing: /home/samiksha/polygon_ws/install/custom_interfaces/include/custom_interfaces/custom_interfaces/srv/detail/polygon_server__struct.h
[2.096s] -- Installing: /home/samiksha/polygon_ws/install/custom_interfaces/include/custom_interfaces/custom_interfaces/srv/detail/polygon_server__functions.h
[2.096s] -- Installing: /home/samiksha/polygon_ws/install/custom_interfaces/include/custom_interfaces/custom_interfaces/srv/polygon_server.h
[2.096s] -- Up-to-date: /home/samiksha/polygon_ws/install/custom_interfaces/share/custom_interfaces/environment/library_path.sh
[2.096s] -- Installing: /home/samiksha/polygon_ws/install/custom_interfaces/share/custom_interfaces/environment/library_path.dsv
[2.096s] -- Installing: /home/samiksha/polygon_ws/install/custom_interfaces/lib/libcustom_interfaces__rosidl_generator_c.so
[2.096s] -- Set runtime path of "/home/samiksha/polygon_ws/install/custom_interfaces/lib/libcustom_interfaces__rosidl_generator_c.so" to ""
[2.096s] -- Up-to-date: /home/samiksha/polygon_ws/install/custom_interfaces/include/custom_interfaces/custom_interfaces
[2.096s] -- Up-to-date: /home/samiksha/polygon_ws/install/custom_interfaces/include/custom_interfaces/custom_interfaces/msg
[2.096s] -- Up-to-date: /home/samiksha/polygon_ws/install/custom_interfaces/include/custom_interfaces/custom_interfaces/msg/rosidl_typesupport_fastrtps_c__visibility_control.h
[2.096s] -- Up-to-date: /home/samiksha/polygon_ws/install/custom_interfaces/include/custom_interfaces/custom_interfaces/srv
[2.097s] -- Up-to-date: /home/samiksha/polygon_ws/install/custom_interfaces/include/custom_interfaces/custom_interfaces/srv/detail
[2.097s] -- Installing: /home/samiksha/polygon_ws/install/custom_interfaces/include/custom_interfaces/custom_interfaces/srv/detail/polygon_server__rosidl_typesupport_fastrtps_c.h
[2.097s] -- Installing: /home/samiksha/polygon_ws/install/custom_interfaces/lib/libcustom_interfaces__rosidl_typesupport_fastrtps_c.so
[2.097s] -- Set runtime path of "/home/samiksha/polygon_ws/install/custom_interfaces/lib/libcustom_interfaces__rosidl_typesupport_fastrtps_c.so" to ""
[2.097s] -- Up-to-date: /home/samiksha/polygon_ws/install/custom_interfaces/include/custom_interfaces/custom_interfaces
[2.097s] -- Up-to-date: /home/samiksha/polygon_ws/install/custom_interfaces/include/custom_interfaces/custom_interfaces/msg
[2.097s] -- Up-to-date: /home/samiksha/polygon_ws/install/custom_interfaces/include/custom_interfaces/custom_interfaces/msg/rosidl_generator_cpp__visibility_control.hpp
[2.097s] -- Up-to-date: /home/samiksha/polygon_ws/install/custom_interfaces/include/custom_interfaces/custom_interfaces/srv
[2.097s] -- Up-to-date: /home/samiksha/polygon_ws/install/custom_interfaces/include/custom_interfaces/custom_interfaces/srv/detail
[2.097s] -- Installing: /home/samiksha/polygon_ws/install/custom_interfaces/include/custom_interfaces/custom_interfaces/srv/detail/polygon_server__builder.hpp
[2.097s] -- Installing: /home/samiksha/polygon_ws/install/custom_interfaces/include/custom_interfaces/custom_interfaces/srv/detail/polygon_server__struct.hpp
[2.097s] -- Installing: /home/samiksha/polygon_ws/install/custom_interfaces/include/custom_interfaces/custom_interfaces/srv/detail/polygon_server__type_support.hpp
[2.097s] -- Installing: /home/samiksha/polygon_ws/install/custom_interfaces/include/custom_interfaces/custom_interfaces/srv/detail/polygon_server__traits.hpp
[2.097s] -- Installing: /home/samiksha/polygon_ws/install/custom_interfaces/include/custom_interfaces/custom_interfaces/srv/polygon_server.hpp
[2.097s] -- Up-to-date: /home/samiksha/polygon_ws/install/custom_interfaces/include/custom_interfaces/custom_interfaces
[2.097s] -- Up-to-date: /home/samiksha/polygon_ws/install/custom_interfaces/include/custom_interfaces/custom_interfaces/msg
[2.097s] -- Up-to-date: /home/samiksha/polygon_ws/install/custom_interfaces/include/custom_interfaces/custom_interfaces/msg/rosidl_typesupport_fastrtps_cpp__visibility_control.h
[2.097s] -- Up-to-date: /home/samiksha/polygon_ws/install/custom_interfaces/include/custom_interfaces/custom_interfaces/srv
[2.097s] -- Up-to-date: /home/samiksha/polygon_ws/install/custom_interfaces/include/custom_interfaces/custom_interfaces/srv/detail
[2.097s] -- Installing: /home/samiksha/polygon_ws/install/custom_interfaces/include/custom_interfaces/custom_interfaces/srv/detail/polygon_server__rosidl_typesupport_fastrtps_cpp.hpp
[2.097s] -- Up-to-date: /home/samiksha/polygon_ws/install/custom_interfaces/include/custom_interfaces/custom_interfaces/srv/detail/dds_fastrtps
[2.097s] -- Installing: /home/samiksha/polygon_ws/install/custom_interfaces/lib/libcustom_interfaces__rosidl_typesupport_fastrtps_cpp.so
[2.097s] -- Set runtime path of "/home/samiksha/polygon_ws/install/custom_interfaces/lib/libcustom_interfaces__rosidl_typesupport_fastrtps_cpp.so" to ""
[2.097s] -- Up-to-date: /home/samiksha/polygon_ws/install/custom_interfaces/include/custom_interfaces/custom_interfaces
[2.097s] -- Up-to-date: /home/samiksha/polygon_ws/install/custom_interfaces/include/custom_interfaces/custom_interfaces/msg
[2.097s] -- Up-to-date: /home/samiksha/polygon_ws/install/custom_interfaces/include/custom_interfaces/custom_interfaces/msg/rosidl_typesupport_introspection_c__visibility_control.h
[2.097s] -- Up-to-date: /home/samiksha/polygon_ws/install/custom_interfaces/include/custom_interfaces/custom_interfaces/srv
[2.097s] -- Up-to-date: /home/samiksha/polygon_ws/install/custom_interfaces/include/custom_interfaces/custom_interfaces/srv/detail
[2.097s] -- Installing: /home/samiksha/polygon_ws/install/custom_interfaces/include/custom_interfaces/custom_interfaces/srv/detail/polygon_server__rosidl_typesupport_introspection_c.h
[2.097s] -- Installing: /home/samiksha/polygon_ws/install/custom_interfaces/include/custom_interfaces/custom_interfaces/srv/detail/polygon_server__type_support.c
[2.097s] -- Installing: /home/samiksha/polygon_ws/install/custom_interfaces/lib/libcustom_interfaces__rosidl_typesupport_introspection_c.so
[2.098s] -- Set runtime path of "/home/samiksha/polygon_ws/install/custom_interfaces/lib/libcustom_interfaces__rosidl_typesupport_introspection_c.so" to ""
[2.098s] -- Installing: /home/samiksha/polygon_ws/install/custom_interfaces/lib/libcustom_interfaces__rosidl_typesupport_c.so
[2.098s] -- Set runtime path of "/home/samiksha/polygon_ws/install/custom_interfaces/lib/libcustom_interfaces__rosidl_typesupport_c.so" to ""
[2.098s] -- Up-to-date: /home/samiksha/polygon_ws/install/custom_interfaces/include/custom_interfaces/custom_interfaces
[2.098s] -- Up-to-date: /home/samiksha/polygon_ws/install/custom_interfaces/include/custom_interfaces/custom_interfaces/srv
[2.098s] -- Up-to-date: /home/samiksha/polygon_ws/install/custom_interfaces/include/custom_interfaces/custom_interfaces/srv/detail
[2.098s] -- Installing: /home/samiksha/polygon_ws/install/custom_interfaces/include/custom_interfaces/custom_interfaces/srv/detail/polygon_server__rosidl_typesupport_introspection_cpp.hpp
[2.098s] -- Installing: /home/samiksha/polygon_ws/install/custom_interfaces/include/custom_interfaces/custom_interfaces/srv/detail/polygon_server__type_support.cpp
[2.098s] -- Installing: /home/samiksha/polygon_ws/install/custom_interfaces/lib/libcustom_interfaces__rosidl_typesupport_introspection_cpp.so
[2.098s] -- Set runtime path of "/home/samiksha/polygon_ws/install/custom_interfaces/lib/libcustom_interfaces__rosidl_typesupport_introspection_cpp.so" to ""
[2.098s] -- Installing: /home/samiksha/polygon_ws/install/custom_interfaces/lib/libcustom_interfaces__rosidl_typesupport_cpp.so
[2.098s] -- Set runtime path of "/home/samiksha/polygon_ws/install/custom_interfaces/lib/libcustom_interfaces__rosidl_typesupport_cpp.so" to ""
[2.098s] -- Up-to-date: /home/samiksha/polygon_ws/install/custom_interfaces/share/custom_interfaces/environment/pythonpath.sh
[2.098s] -- Installing: /home/samiksha/polygon_ws/install/custom_interfaces/share/custom_interfaces/environment/pythonpath.dsv
[2.098s] -- Up-to-date: /home/samiksha/polygon_ws/install/custom_interfaces/local/lib/python3.10/dist-packages/custom_interfaces-0.0.0-py3.10.egg-info
[2.098s] -- Installing: /home/samiksha/polygon_ws/install/custom_interfaces/local/lib/python3.10/dist-packages/custom_interfaces-0.0.0-py3.10.egg-info/dependency_links.txt
[2.098s] -- Installing: /home/samiksha/polygon_ws/install/custom_interfaces/local/lib/python3.10/dist-packages/custom_interfaces-0.0.0-py3.10.egg-info/PKG-INFO
[2.098s] -- Installing: /home/samiksha/polygon_ws/install/custom_interfaces/local/lib/python3.10/dist-packages/custom_interfaces-0.0.0-py3.10.egg-info/SOURCES.txt
[2.098s] -- Installing: /home/samiksha/polygon_ws/install/custom_interfaces/local/lib/python3.10/dist-packages/custom_interfaces-0.0.0-py3.10.egg-info/top_level.txt
[2.098s] -- Up-to-date: /home/samiksha/polygon_ws/install/custom_interfaces/local/lib/python3.10/dist-packages/custom_interfaces
[2.098s] -- Installing: /home/samiksha/polygon_ws/install/custom_interfaces/local/lib/python3.10/dist-packages/custom_interfaces/libcustom_interfaces__rosidl_generator_py.so
[2.099s] -- Installing: /home/samiksha/polygon_ws/install/custom_interfaces/local/lib/python3.10/dist-packages/custom_interfaces/_custom_interfaces_s.ep.rosidl_typesupport_introspection_c.c
[2.099s] -- Installing: /home/samiksha/polygon_ws/install/custom_interfaces/local/lib/python3.10/dist-packages/custom_interfaces/custom_interfaces_s__rosidl_typesupport_fastrtps_c.cpython-310-x86_64-linux-gnu.so
[2.099s] -- Installing: /home/samiksha/polygon_ws/install/custom_interfaces/local/lib/python3.10/dist-packages/custom_interfaces/custom_interfaces_s__rosidl_typesupport_c.cpython-310-x86_64-linux-gnu.so
[2.099s] -- Installing: /home/samiksha/polygon_ws/install/custom_interfaces/local/lib/python3.10/dist-packages/custom_interfaces/_custom_interfaces_s.ep.rosidl_typesupport_c.c
[2.099s] -- Up-to-date: /home/samiksha/polygon_ws/install/custom_interfaces/local/lib/python3.10/dist-packages/custom_interfaces/srv
[2.099s] -- Installing: /home/samiksha/polygon_ws/install/custom_interfaces/local/lib/python3.10/dist-packages/custom_interfaces/srv/_polygon_server.py
[2.099s] -- Installing: /home/samiksha/polygon_ws/install/custom_interfaces/local/lib/python3.10/dist-packages/custom_interfaces/srv/_polygon_server_s.c
[2.099s] -- Installing: /home/samiksha/polygon_ws/install/custom_interfaces/local/lib/python3.10/dist-packages/custom_interfaces/srv/__init__.py
[2.099s] -- Installing: /home/samiksha/polygon_ws/install/custom_interfaces/local/lib/python3.10/dist-packages/custom_interfaces/__init__.py
[2.099s] -- Installing: /home/samiksha/polygon_ws/install/custom_interfaces/local/lib/python3.10/dist-packages/custom_interfaces/_custom_interfaces_s.ep.rosidl_typesupport_fastrtps_c.c
[2.099s] -- Installing: /home/samiksha/polygon_ws/install/custom_interfaces/local/lib/python3.10/dist-packages/custom_interfaces/custom_interfaces_s__rosidl_typesupport_introspection_c.cpython-310-x86_64-linux-gnu.so
[2.122s] Listing '/home/samiksha/polygon_ws/install/custom_interfaces/local/lib/python3.10/dist-packages/custom_interfaces'...
[2.122s] Compiling '/home/samiksha/polygon_ws/install/custom_interfaces/local/lib/python3.10/dist-packages/custom_interfaces/__init__.py'...
[2.122s] Listing '/home/samiksha/polygon_ws/install/custom_interfaces/local/lib/python3.10/dist-packages/custom_interfaces/srv'...
[2.122s] Compiling '/home/samiksha/polygon_ws/install/custom_interfaces/local/lib/python3.10/dist-packages/custom_interfaces/srv/__init__.py'...
[2.122s] Compiling '/home/samiksha/polygon_ws/install/custom_interfaces/local/lib/python3.10/dist-packages/custom_interfaces/srv/_polygon_server.py'...
[2.125s] -- Installing: /home/samiksha/polygon_ws/install/custom_interfaces/local/lib/python3.10/dist-packages/custom_interfaces/custom_interfaces_s__rosidl_typesupport_fastrtps_c.cpython-310-x86_64-linux-gnu.so
[2.125s] -- Set runtime path of "/home/samiksha/polygon_ws/install/custom_interfaces/local/lib/python3.10/dist-packages/custom_interfaces/custom_interfaces_s__rosidl_typesupport_fastrtps_c.cpython-310-x86_64-linux-gnu.so" to ""
[2.125s] -- Installing: /home/samiksha/polygon_ws/install/custom_interfaces/local/lib/python3.10/dist-packages/custom_interfaces/custom_interfaces_s__rosidl_typesupport_introspection_c.cpython-310-x86_64-linux-gnu.so
[2.125s] -- Set runtime path of "/home/samiksha/polygon_ws/install/custom_interfaces/local/lib/python3.10/dist-packages/custom_interfaces/custom_interfaces_s__rosidl_typesupport_introspection_c.cpython-310-x86_64-linux-gnu.so" to ""
[2.125s] -- Installing: /home/samiksha/polygon_ws/install/custom_interfaces/local/lib/python3.10/dist-packages/custom_interfaces/custom_interfaces_s__rosidl_typesupport_c.cpython-310-x86_64-linux-gnu.so
[2.126s] -- Set runtime path of "/home/samiksha/polygon_ws/install/custom_interfaces/local/lib/python3.10/dist-packages/custom_interfaces/custom_interfaces_s__rosidl_typesupport_c.cpython-310-x86_64-linux-gnu.so" to ""
[2.126s] -- Installing: /home/samiksha/polygon_ws/install/custom_interfaces/lib/libcustom_interfaces__rosidl_generator_py.so
[2.126s] -- Set runtime path of "/home/samiksha/polygon_ws/install/custom_interfaces/lib/libcustom_interfaces__rosidl_generator_py.so" to ""
[2.126s] -- Installing: /home/samiksha/polygon_ws/install/custom_interfaces/share/custom_interfaces/srv/PolygonServer.idl
[2.126s] -- Installing: /home/samiksha/polygon_ws/install/custom_interfaces/share/custom_interfaces/srv/PolygonServer.srv
[2.126s] -- Installing: /home/samiksha/polygon_ws/install/custom_interfaces/share/custom_interfaces/srv/PolygonServer_Request.msg
[2.126s] -- Installing: /home/samiksha/polygon_ws/install/custom_interfaces/share/custom_interfaces/srv/PolygonServer_Response.msg
[2.127s] -- Up-to-date: /home/samiksha/polygon_ws/install/custom_interfaces/share/ament_index/resource_index/package_run_dependencies/custom_interfaces
[2.127s] -- Installing: /home/samiksha/polygon_ws/install/custom_interfaces/share/ament_index/resource_index/parent_prefix_path/custom_interfaces
[2.127s] -- Up-to-date: /home/samiksha/polygon_ws/install/custom_interfaces/share/custom_interfaces/environment/ament_prefix_path.sh
[2.127s] -- Installing: /home/samiksha/polygon_ws/install/custom_interfaces/share/custom_interfaces/environment/ament_prefix_path.dsv
[2.127s] -- Up-to-date: /home/samiksha/polygon_ws/install/custom_interfaces/share/custom_interfaces/environment/path.sh
[2.127s] -- Installing: /home/samiksha/polygon_ws/install/custom_interfaces/share/custom_interfaces/environment/path.dsv
[2.127s] -- Up-to-date: /home/samiksha/polygon_ws/install/custom_interfaces/share/custom_interfaces/local_setup.bash
[2.127s] -- Up-to-date: /home/samiksha/polygon_ws/install/custom_interfaces/share/custom_interfaces/local_setup.sh
[2.127s] -- Up-to-date: /home/samiksha/polygon_ws/install/custom_interfaces/share/custom_interfaces/local_setup.zsh
[2.127s] -- Installing: /home/samiksha/polygon_ws/install/custom_interfaces/share/custom_interfaces/local_setup.dsv
[2.127s] -- Installing: /home/samiksha/polygon_ws/install/custom_interfaces/share/custom_interfaces/package.dsv
[2.127s] -- Up-to-date: /home/samiksha/polygon_ws/install/custom_interfaces/share/ament_index/resource_index/packages/custom_interfaces
[2.127s] -- Up-to-date: /home/samiksha/polygon_ws/install/custom_interfaces/share/custom_interfaces/cmake/export_custom_interfaces__rosidl_generator_cExport.cmake
[2.127s] -- Up-to-date: /home/samiksha/polygon_ws/install/custom_interfaces/share/custom_interfaces/cmake/export_custom_interfaces__rosidl_generator_cExport-noconfig.cmake
[2.127s] -- Up-to-date: /home/samiksha/polygon_ws/install/custom_interfaces/share/custom_interfaces/cmake/export_custom_interfaces__rosidl_typesupport_fastrtps_cExport.cmake
[2.127s] -- Up-to-date: /home/samiksha/polygon_ws/install/custom_interfaces/share/custom_interfaces/cmake/export_custom_interfaces__rosidl_typesupport_fastrtps_cExport-noconfig.cmake
[2.127s] -- Up-to-date: /home/samiksha/polygon_ws/install/custom_interfaces/share/custom_interfaces/cmake/export_custom_interfaces__rosidl_generator_cppExport.cmake
[2.127s] -- Up-to-date: /home/samiksha/polygon_ws/install/custom_interfaces/share/custom_interfaces/cmake/export_custom_interfaces__rosidl_typesupport_fastrtps_cppExport.cmake
[2.127s] -- Up-to-date: /home/samiksha/polygon_ws/install/custom_interfaces/share/custom_interfaces/cmake/export_custom_interfaces__rosidl_typesupport_fastrtps_cppExport-noconfig.cmake
[2.127s] -- Up-to-date: /home/samiksha/polygon_ws/install/custom_interfaces/share/custom_interfaces/cmake/custom_interfaces__rosidl_typesupport_introspection_cExport.cmake
[2.127s] -- Up-to-date: /home/samiksha/polygon_ws/install/custom_interfaces/share/custom_interfaces/cmake/custom_interfaces__rosidl_typesupport_introspection_cExport-noconfig.cmake
[2.127s] -- Up-to-date: /home/samiksha/polygon_ws/install/custom_interfaces/share/custom_interfaces/cmake/custom_interfaces__rosidl_typesupport_cExport.cmake
[2.127s] -- Up-to-date: /home/samiksha/polygon_ws/install/custom_interfaces/share/custom_interfaces/cmake/custom_interfaces__rosidl_typesupport_cExport-noconfig.cmake
[2.127s] -- Up-to-date: /home/samiksha/polygon_ws/install/custom_interfaces/share/custom_interfaces/cmake/custom_interfaces__rosidl_typesupport_introspection_cppExport.cmake
[2.127s] -- Up-to-date: /home/samiksha/polygon_ws/install/custom_interfaces/share/custom_interfaces/cmake/custom_interfaces__rosidl_typesupport_introspection_cppExport-noconfig.cmake
[2.128s] -- Up-to-date: /home/samiksha/polygon_ws/install/custom_interfaces/share/custom_interfaces/cmake/custom_interfaces__rosidl_typesupport_cppExport.cmake
[2.128s] -- Up-to-date: /home/samiksha/polygon_ws/install/custom_interfaces/share/custom_interfaces/cmake/custom_interfaces__rosidl_typesupport_cppExport-noconfig.cmake
[2.128s] -- Up-to-date: /home/samiksha/polygon_ws/install/custom_interfaces/share/custom_interfaces/cmake/export_custom_interfaces__rosidl_generator_pyExport.cmake
[2.128s] -- Up-to-date: /home/samiksha/polygon_ws/install/custom_interfaces/share/custom_interfaces/cmake/export_custom_interfaces__rosidl_generator_pyExport-noconfig.cmake
[2.128s] -- Up-to-date: /home/samiksha/polygon_ws/install/custom_interfaces/share/custom_interfaces/cmake/rosidl_cmake-extras.cmake
[2.128s] -- Up-to-date: /home/samiksha/polygon_ws/install/custom_interfaces/share/custom_interfaces/cmake/ament_cmake_export_dependencies-extras.cmake
[2.128s] -- Up-to-date: /home/samiksha/polygon_ws/install/custom_interfaces/share/custom_interfaces/cmake/ament_cmake_export_include_directories-extras.cmake
[2.128s] -- Up-to-date: /home/samiksha/polygon_ws/install/custom_interfaces/share/custom_interfaces/cmake/ament_cmake_export_libraries-extras.cmake
[2.128s] -- Up-to-date: /home/samiksha/polygon_ws/install/custom_interfaces/share/custom_interfaces/cmake/ament_cmake_export_targets-extras.cmake
[2.128s] -- Up-to-date: /home/samiksha/polygon_ws/install/custom_interfaces/share/custom_interfaces/cmake/rosidl_cmake_export_typesupport_targets-extras.cmake
[2.128s] -- Up-to-date: /home/samiksha/polygon_ws/install/custom_interfaces/share/custom_interfaces/cmake/rosidl_cmake_export_typesupport_libraries-extras.cmake
[2.128s] -- Up-to-date: /home/samiksha/polygon_ws/install/custom_interfaces/share/custom_interfaces/cmake/custom_interfacesConfig.cmake
[2.128s] -- Up-to-date: /home/samiksha/polygon_ws/install/custom_interfaces/share/custom_interfaces/cmake/custom_interfacesConfig-version.cmake
[2.128s] -- Up-to-date: /home/samiksha/polygon_ws/install/custom_interfaces/share/custom_interfaces/package.xml
[2.129s] Invoked command in '/home/samiksha/polygon_ws/build/custom_interfaces' returned '0': CMAKE_PREFIX_PATH=${CMAKE_PREFIX_PATH}:/home/samiksha/polygon_ws/install/polygon_turtle:/home/samiksha/ros2_ws/install/task_controller:/opt/ros/humble /usr/bin/cmake --install /home/samiksha/polygon_ws/build/custom_interfaces
