[0.010s] Invoking command in '/home/samiksha/polygon_ws/build/custom_interfaces': CMAKE_PREFIX_PATH=${CMAKE_PREFIX_PATH}:/home/samiksha/polygon_ws/install/polygon_turtle:/home/samiksha/ros2_ws/install/task_controller:/opt/ros/humble /usr/bin/cmake --build /home/samiksha/polygon_ws/build/custom_interfaces -- -j12 -l12
[0.044s] [35m[1mConsolidate compiler generated dependencies of target custom_interfaces__rosidl_generator_c[0m
[0.052s] [  9%] Built target custom_interfaces__rosidl_generator_c
[0.055s] [ 12%] Built target custom_interfaces__cpp
[0.060s] [ 12%] Built target ament_cmake_python_copy_custom_interfaces
[0.060s] [35m[1mConsolidate compiler generated dependencies of target custom_interfaces__rosidl_typesupport_fastrtps_c[0m
[0.064s] [35m[1mConsolidate compiler generated dependencies of target custom_interfaces__rosidl_typesupport_c[0m
[0.064s] [35m[1mConsolidate compiler generated dependencies of target custom_interfaces__rosidl_typesupport_introspection_c[0m
[0.066s] [35m[1mConsolidate compiler generated dependencies of target custom_interfaces__rosidl_typesupport_fastrtps_cpp[0m
[0.066s] [35m[1mConsolidate compiler generated dependencies of target custom_interfaces__rosidl_typesupport_cpp[0m
[0.066s] [35m[1mConsolidate compiler generated dependencies of target custom_interfaces__rosidl_typesupport_introspection_cpp[0m
[0.074s] [ 22%] Built target custom_interfaces__rosidl_typesupport_fastrtps_c
[0.074s] [ 32%] Built target custom_interfaces__rosidl_typesupport_introspection_c
[0.075s] [ 41%] Built target custom_interfaces__rosidl_typesupport_c
[0.079s] [ 51%] Built target custom_interfaces__rosidl_typesupport_cpp
[0.079s] [ 61%] Built target custom_interfaces__rosidl_typesupport_fastrtps_cpp
[0.079s] [ 70%] Built target custom_interfaces__rosidl_typesupport_introspection_cpp
[0.100s] [ 70%] Built target custom_interfaces
[0.118s] [ 74%] Built target custom_interfaces__py
[0.130s] [35m[1mConsolidate compiler generated dependencies of target custom_interfaces__rosidl_generator_py[0m
[0.143s] [ 80%] Built target custom_interfaces__rosidl_generator_py
[0.153s] [35m[1mConsolidate compiler generated dependencies of target custom_interfaces__rosidl_typesupport_introspection_c__pyext[0m
[0.156s] [35m[1mConsolidate compiler generated dependencies of target custom_interfaces__rosidl_typesupport_c__pyext[0m
[0.157s] [35m[1mConsolidate compiler generated dependencies of target custom_interfaces__rosidl_typesupport_fastrtps_c__pyext[0m
[0.167s] [ 87%] Built target custom_interfaces__rosidl_typesupport_introspection_c__pyext
[0.167s] [ 93%] Built target custom_interfaces__rosidl_typesupport_c__pyext
[0.171s] [100%] Built target custom_interfaces__rosidl_typesupport_fastrtps_c__pyext
[0.271s] running egg_info
[0.275s] writing manifest file 'custom_interfaces.egg-info/SOURCES.txt'
[0.302s] [100%] Built target ament_cmake_python_build_custom_interfaces_egg
[0.312s] Invoked command in '/home/samiksha/polygon_ws/build/custom_interfaces' returned '0': CMAKE_PREFIX_PATH=${CMAKE_PREFIX_PATH}:/home/samiksha/polygon_ws/install/polygon_turtle:/home/samiksha/ros2_ws/install/task_controller:/opt/ros/humble /usr/bin/cmake --build /home/samiksha/polygon_ws/build/custom_interfaces -- -j12 -l12
[0.321s] Invoking command in '/home/samiksha/polygon_ws/build/custom_interfaces': CMAKE_PREFIX_PATH=${CMAKE_PREFIX_PATH}:/home/samiksha/polygon_ws/install/polygon_turtle:/home/samiksha/ros2_ws/install/task_controller:/opt/ros/humble /usr/bin/cmake --install /home/samiksha/polygon_ws/build/custom_interfaces
[0.329s] -- Install configuration: ""
[0.329s] -- Up-to-date: /home/samiksha/polygon_ws/install/custom_interfaces/share/ament_index/resource_index/rosidl_interfaces/custom_interfaces
[0.329s] -- Up-to-date: /home/samiksha/polygon_ws/install/custom_interfaces/include/custom_interfaces/custom_interfaces
[0.329s] -- Up-to-date: /home/samiksha/polygon_ws/install/custom_interfaces/include/custom_interfaces/custom_interfaces/msg
[0.329s] -- Up-to-date: /home/samiksha/polygon_ws/install/custom_interfaces/include/custom_interfaces/custom_interfaces/msg/rosidl_generator_c__visibility_control.h
[0.329s] -- Up-to-date: /home/samiksha/polygon_ws/install/custom_interfaces/include/custom_interfaces/custom_interfaces/srv
[0.330s] -- Up-to-date: /home/samiksha/polygon_ws/install/custom_interfaces/include/custom_interfaces/custom_interfaces/srv/detail
[0.330s] -- Up-to-date: /home/samiksha/polygon_ws/install/custom_interfaces/include/custom_interfaces/custom_interfaces/srv/detail/polygon_server__type_support.h
[0.330s] -- Up-to-date: /home/samiksha/polygon_ws/install/custom_interfaces/include/custom_interfaces/custom_interfaces/srv/detail/polygon_server__functions.c
[0.330s] -- Up-to-date: /home/samiksha/polygon_ws/install/custom_interfaces/include/custom_interfaces/custom_interfaces/srv/detail/polygon_server__struct.h
[0.330s] -- Up-to-date: /home/samiksha/polygon_ws/install/custom_interfaces/include/custom_interfaces/custom_interfaces/srv/detail/polygon_server__functions.h
[0.330s] -- Up-to-date: /home/samiksha/polygon_ws/install/custom_interfaces/include/custom_interfaces/custom_interfaces/srv/polygon_server.h
[0.330s] -- Up-to-date: /home/samiksha/polygon_ws/install/custom_interfaces/share/custom_interfaces/environment/library_path.sh
[0.330s] -- Up-to-date: /home/samiksha/polygon_ws/install/custom_interfaces/share/custom_interfaces/environment/library_path.dsv
[0.330s] -- Up-to-date: /home/samiksha/polygon_ws/install/custom_interfaces/lib/libcustom_interfaces__rosidl_generator_c.so
[0.331s] -- Up-to-date: /home/samiksha/polygon_ws/install/custom_interfaces/include/custom_interfaces/custom_interfaces
[0.331s] -- Up-to-date: /home/samiksha/polygon_ws/install/custom_interfaces/include/custom_interfaces/custom_interfaces/msg
[0.331s] -- Up-to-date: /home/samiksha/polygon_ws/install/custom_interfaces/include/custom_interfaces/custom_interfaces/msg/rosidl_typesupport_fastrtps_c__visibility_control.h
[0.331s] -- Up-to-date: /home/samiksha/polygon_ws/install/custom_interfaces/include/custom_interfaces/custom_interfaces/srv
[0.331s] -- Up-to-date: /home/samiksha/polygon_ws/install/custom_interfaces/include/custom_interfaces/custom_interfaces/srv/detail
[0.331s] -- Up-to-date: /home/samiksha/polygon_ws/install/custom_interfaces/include/custom_interfaces/custom_interfaces/srv/detail/polygon_server__rosidl_typesupport_fastrtps_c.h
[0.331s] -- Up-to-date: /home/samiksha/polygon_ws/install/custom_interfaces/lib/libcustom_interfaces__rosidl_typesupport_fastrtps_c.so
[0.331s] -- Up-to-date: /home/samiksha/polygon_ws/install/custom_interfaces/include/custom_interfaces/custom_interfaces
[0.331s] -- Up-to-date: /home/samiksha/polygon_ws/install/custom_interfaces/include/custom_interfaces/custom_interfaces/msg
[0.331s] -- Up-to-date: /home/samiksha/polygon_ws/install/custom_interfaces/include/custom_interfaces/custom_interfaces/msg/rosidl_generator_cpp__visibility_control.hpp
[0.331s] -- Up-to-date: /home/samiksha/polygon_ws/install/custom_interfaces/include/custom_interfaces/custom_interfaces/srv
[0.332s] -- Up-to-date: /home/samiksha/polygon_ws/install/custom_interfaces/include/custom_interfaces/custom_interfaces/srv/detail
[0.332s] -- Up-to-date: /home/samiksha/polygon_ws/install/custom_interfaces/include/custom_interfaces/custom_interfaces/srv/detail/polygon_server__builder.hpp
[0.332s] -- Up-to-date: /home/samiksha/polygon_ws/install/custom_interfaces/include/custom_interfaces/custom_interfaces/srv/detail/polygon_server__struct.hpp
[0.332s] -- Up-to-date: /home/samiksha/polygon_ws/install/custom_interfaces/include/custom_interfaces/custom_interfaces/srv/detail/polygon_server__type_support.hpp
[0.332s] -- Up-to-date: /home/samiksha/polygon_ws/install/custom_interfaces/include/custom_interfaces/custom_interfaces/srv/detail/polygon_server__traits.hpp
[0.332s] -- Up-to-date: /home/samiksha/polygon_ws/install/custom_interfaces/include/custom_interfaces/custom_interfaces/srv/polygon_server.hpp
[0.332s] -- Up-to-date: /home/samiksha/polygon_ws/install/custom_interfaces/include/custom_interfaces/custom_interfaces
[0.332s] -- Up-to-date: /home/samiksha/polygon_ws/install/custom_interfaces/include/custom_interfaces/custom_interfaces/msg
[0.332s] -- Up-to-date: /home/samiksha/polygon_ws/install/custom_interfaces/include/custom_interfaces/custom_interfaces/msg/rosidl_typesupport_fastrtps_cpp__visibility_control.h
[0.332s] -- Up-to-date: /home/samiksha/polygon_ws/install/custom_interfaces/include/custom_interfaces/custom_interfaces/srv
[0.333s] -- Up-to-date: /home/samiksha/polygon_ws/install/custom_interfaces/include/custom_interfaces/custom_interfaces/srv/detail
[0.333s] -- Up-to-date: /home/samiksha/polygon_ws/install/custom_interfaces/include/custom_interfaces/custom_interfaces/srv/detail/polygon_server__rosidl_typesupport_fastrtps_cpp.hpp
[0.333s] -- Up-to-date: /home/samiksha/polygon_ws/install/custom_interfaces/include/custom_interfaces/custom_interfaces/srv/detail/dds_fastrtps
[0.333s] -- Up-to-date: /home/samiksha/polygon_ws/install/custom_interfaces/lib/libcustom_interfaces__rosidl_typesupport_fastrtps_cpp.so
[0.333s] -- Up-to-date: /home/samiksha/polygon_ws/install/custom_interfaces/include/custom_interfaces/custom_interfaces
[0.333s] -- Up-to-date: /home/samiksha/polygon_ws/install/custom_interfaces/include/custom_interfaces/custom_interfaces/msg
[0.333s] -- Up-to-date: /home/samiksha/polygon_ws/install/custom_interfaces/include/custom_interfaces/custom_interfaces/msg/rosidl_typesupport_introspection_c__visibility_control.h
[0.333s] -- Up-to-date: /home/samiksha/polygon_ws/install/custom_interfaces/include/custom_interfaces/custom_interfaces/srv
[0.333s] -- Up-to-date: /home/samiksha/polygon_ws/install/custom_interfaces/include/custom_interfaces/custom_interfaces/srv/detail
[0.333s] -- Up-to-date: /home/samiksha/polygon_ws/install/custom_interfaces/include/custom_interfaces/custom_interfaces/srv/detail/polygon_server__rosidl_typesupport_introspection_c.h
[0.333s] -- Up-to-date: /home/samiksha/polygon_ws/install/custom_interfaces/include/custom_interfaces/custom_interfaces/srv/detail/polygon_server__type_support.c
[0.333s] -- Up-to-date: /home/samiksha/polygon_ws/install/custom_interfaces/lib/libcustom_interfaces__rosidl_typesupport_introspection_c.so
[0.333s] -- Up-to-date: /home/samiksha/polygon_ws/install/custom_interfaces/lib/libcustom_interfaces__rosidl_typesupport_c.so
[0.333s] -- Up-to-date: /home/samiksha/polygon_ws/install/custom_interfaces/include/custom_interfaces/custom_interfaces
[0.333s] -- Up-to-date: /home/samiksha/polygon_ws/install/custom_interfaces/include/custom_interfaces/custom_interfaces/srv
[0.333s] -- Up-to-date: /home/samiksha/polygon_ws/install/custom_interfaces/include/custom_interfaces/custom_interfaces/srv/detail
[0.333s] -- Up-to-date: /home/samiksha/polygon_ws/install/custom_interfaces/include/custom_interfaces/custom_interfaces/srv/detail/polygon_server__rosidl_typesupport_introspection_cpp.hpp
[0.333s] -- Up-to-date: /home/samiksha/polygon_ws/install/custom_interfaces/include/custom_interfaces/custom_interfaces/srv/detail/polygon_server__type_support.cpp
[0.333s] -- Up-to-date: /home/samiksha/polygon_ws/install/custom_interfaces/lib/libcustom_interfaces__rosidl_typesupport_introspection_cpp.so
[0.333s] -- Up-to-date: /home/samiksha/polygon_ws/install/custom_interfaces/lib/libcustom_interfaces__rosidl_typesupport_cpp.so
[0.333s] -- Up-to-date: /home/samiksha/polygon_ws/install/custom_interfaces/share/custom_interfaces/environment/pythonpath.sh
[0.333s] -- Up-to-date: /home/samiksha/polygon_ws/install/custom_interfaces/share/custom_interfaces/environment/pythonpath.dsv
[0.333s] -- Up-to-date: /home/samiksha/polygon_ws/install/custom_interfaces/local/lib/python3.10/dist-packages/custom_interfaces-0.0.0-py3.10.egg-info
[0.333s] -- Installing: /home/samiksha/polygon_ws/install/custom_interfaces/local/lib/python3.10/dist-packages/custom_interfaces-0.0.0-py3.10.egg-info/dependency_links.txt
[0.333s] -- Installing: /home/samiksha/polygon_ws/install/custom_interfaces/local/lib/python3.10/dist-packages/custom_interfaces-0.0.0-py3.10.egg-info/PKG-INFO
[0.334s] -- Installing: /home/samiksha/polygon_ws/install/custom_interfaces/local/lib/python3.10/dist-packages/custom_interfaces-0.0.0-py3.10.egg-info/SOURCES.txt
[0.334s] -- Installing: /home/samiksha/polygon_ws/install/custom_interfaces/local/lib/python3.10/dist-packages/custom_interfaces-0.0.0-py3.10.egg-info/top_level.txt
[0.334s] -- Up-to-date: /home/samiksha/polygon_ws/install/custom_interfaces/local/lib/python3.10/dist-packages/custom_interfaces
[0.334s] -- Up-to-date: /home/samiksha/polygon_ws/install/custom_interfaces/local/lib/python3.10/dist-packages/custom_interfaces/libcustom_interfaces__rosidl_generator_py.so
[0.334s] -- Up-to-date: /home/samiksha/polygon_ws/install/custom_interfaces/local/lib/python3.10/dist-packages/custom_interfaces/_custom_interfaces_s.ep.rosidl_typesupport_introspection_c.c
[0.334s] -- Up-to-date: /home/samiksha/polygon_ws/install/custom_interfaces/local/lib/python3.10/dist-packages/custom_interfaces/custom_interfaces_s__rosidl_typesupport_fastrtps_c.cpython-310-x86_64-linux-gnu.so
[0.334s] -- Up-to-date: /home/samiksha/polygon_ws/install/custom_interfaces/local/lib/python3.10/dist-packages/custom_interfaces/custom_interfaces_s__rosidl_typesupport_c.cpython-310-x86_64-linux-gnu.so
[0.334s] -- Up-to-date: /home/samiksha/polygon_ws/install/custom_interfaces/local/lib/python3.10/dist-packages/custom_interfaces/_custom_interfaces_s.ep.rosidl_typesupport_c.c
[0.334s] -- Up-to-date: /home/samiksha/polygon_ws/install/custom_interfaces/local/lib/python3.10/dist-packages/custom_interfaces/srv
[0.334s] -- Up-to-date: /home/samiksha/polygon_ws/install/custom_interfaces/local/lib/python3.10/dist-packages/custom_interfaces/srv/_polygon_server.py
[0.334s] -- Up-to-date: /home/samiksha/polygon_ws/install/custom_interfaces/local/lib/python3.10/dist-packages/custom_interfaces/srv/_polygon_server_s.c
[0.334s] -- Up-to-date: /home/samiksha/polygon_ws/install/custom_interfaces/local/lib/python3.10/dist-packages/custom_interfaces/srv/__init__.py
[0.334s] -- Up-to-date: /home/samiksha/polygon_ws/install/custom_interfaces/local/lib/python3.10/dist-packages/custom_interfaces/__init__.py
[0.334s] -- Up-to-date: /home/samiksha/polygon_ws/install/custom_interfaces/local/lib/python3.10/dist-packages/custom_interfaces/_custom_interfaces_s.ep.rosidl_typesupport_fastrtps_c.c
[0.334s] -- Up-to-date: /home/samiksha/polygon_ws/install/custom_interfaces/local/lib/python3.10/dist-packages/custom_interfaces/custom_interfaces_s__rosidl_typesupport_introspection_c.cpython-310-x86_64-linux-gnu.so
[0.376s] Listing '/home/samiksha/polygon_ws/install/custom_interfaces/local/lib/python3.10/dist-packages/custom_interfaces'...
[0.376s] Listing '/home/samiksha/polygon_ws/install/custom_interfaces/local/lib/python3.10/dist-packages/custom_interfaces/srv'...
[0.381s] -- Up-to-date: /home/samiksha/polygon_ws/install/custom_interfaces/local/lib/python3.10/dist-packages/custom_interfaces/custom_interfaces_s__rosidl_typesupport_fastrtps_c.cpython-310-x86_64-linux-gnu.so
[0.381s] -- Up-to-date: /home/samiksha/polygon_ws/install/custom_interfaces/local/lib/python3.10/dist-packages/custom_interfaces/custom_interfaces_s__rosidl_typesupport_introspection_c.cpython-310-x86_64-linux-gnu.so
[0.382s] -- Up-to-date: /home/samiksha/polygon_ws/install/custom_interfaces/local/lib/python3.10/dist-packages/custom_interfaces/custom_interfaces_s__rosidl_typesupport_c.cpython-310-x86_64-linux-gnu.so
[0.382s] -- Up-to-date: /home/samiksha/polygon_ws/install/custom_interfaces/lib/libcustom_interfaces__rosidl_generator_py.so
[0.382s] -- Up-to-date: /home/samiksha/polygon_ws/install/custom_interfaces/share/custom_interfaces/srv/PolygonServer.idl
[0.382s] -- Up-to-date: /home/samiksha/polygon_ws/install/custom_interfaces/share/custom_interfaces/srv/PolygonServer.srv
[0.382s] -- Up-to-date: /home/samiksha/polygon_ws/install/custom_interfaces/share/custom_interfaces/srv/PolygonServer_Request.msg
[0.382s] -- Up-to-date: /home/samiksha/polygon_ws/install/custom_interfaces/share/custom_interfaces/srv/PolygonServer_Response.msg
[0.382s] -- Up-to-date: /home/samiksha/polygon_ws/install/custom_interfaces/share/ament_index/resource_index/package_run_dependencies/custom_interfaces
[0.383s] -- Up-to-date: /home/samiksha/polygon_ws/install/custom_interfaces/share/ament_index/resource_index/parent_prefix_path/custom_interfaces
[0.383s] -- Up-to-date: /home/samiksha/polygon_ws/install/custom_interfaces/share/custom_interfaces/environment/ament_prefix_path.sh
[0.383s] -- Up-to-date: /home/samiksha/polygon_ws/install/custom_interfaces/share/custom_interfaces/environment/ament_prefix_path.dsv
[0.383s] -- Up-to-date: /home/samiksha/polygon_ws/install/custom_interfaces/share/custom_interfaces/environment/path.sh
[0.383s] -- Up-to-date: /home/samiksha/polygon_ws/install/custom_interfaces/share/custom_interfaces/environment/path.dsv
[0.383s] -- Up-to-date: /home/samiksha/polygon_ws/install/custom_interfaces/share/custom_interfaces/local_setup.bash
[0.383s] -- Up-to-date: /home/samiksha/polygon_ws/install/custom_interfaces/share/custom_interfaces/local_setup.sh
[0.383s] -- Up-to-date: /home/samiksha/polygon_ws/install/custom_interfaces/share/custom_interfaces/local_setup.zsh
[0.383s] -- Up-to-date: /home/samiksha/polygon_ws/install/custom_interfaces/share/custom_interfaces/local_setup.dsv
[0.383s] -- Installing: /home/samiksha/polygon_ws/install/custom_interfaces/share/custom_interfaces/package.dsv
[0.383s] -- Up-to-date: /home/samiksha/polygon_ws/install/custom_interfaces/share/ament_index/resource_index/packages/custom_interfaces
[0.383s] -- Up-to-date: /home/samiksha/polygon_ws/install/custom_interfaces/share/custom_interfaces/cmake/export_custom_interfaces__rosidl_generator_cExport.cmake
[0.383s] -- Up-to-date: /home/samiksha/polygon_ws/install/custom_interfaces/share/custom_interfaces/cmake/export_custom_interfaces__rosidl_generator_cExport-noconfig.cmake
[0.383s] -- Up-to-date: /home/samiksha/polygon_ws/install/custom_interfaces/share/custom_interfaces/cmake/export_custom_interfaces__rosidl_typesupport_fastrtps_cExport.cmake
[0.383s] -- Up-to-date: /home/samiksha/polygon_ws/install/custom_interfaces/share/custom_interfaces/cmake/export_custom_interfaces__rosidl_typesupport_fastrtps_cExport-noconfig.cmake
[0.384s] -- Up-to-date: /home/samiksha/polygon_ws/install/custom_interfaces/share/custom_interfaces/cmake/export_custom_interfaces__rosidl_generator_cppExport.cmake
[0.384s] -- Up-to-date: /home/samiksha/polygon_ws/install/custom_interfaces/share/custom_interfaces/cmake/export_custom_interfaces__rosidl_typesupport_fastrtps_cppExport.cmake
[0.384s] -- Up-to-date: /home/samiksha/polygon_ws/install/custom_interfaces/share/custom_interfaces/cmake/export_custom_interfaces__rosidl_typesupport_fastrtps_cppExport-noconfig.cmake
[0.384s] -- Up-to-date: /home/samiksha/polygon_ws/install/custom_interfaces/share/custom_interfaces/cmake/custom_interfaces__rosidl_typesupport_introspection_cExport.cmake
[0.384s] -- Up-to-date: /home/samiksha/polygon_ws/install/custom_interfaces/share/custom_interfaces/cmake/custom_interfaces__rosidl_typesupport_introspection_cExport-noconfig.cmake
[0.384s] -- Up-to-date: /home/samiksha/polygon_ws/install/custom_interfaces/share/custom_interfaces/cmake/custom_interfaces__rosidl_typesupport_cExport.cmake
[0.384s] -- Up-to-date: /home/samiksha/polygon_ws/install/custom_interfaces/share/custom_interfaces/cmake/custom_interfaces__rosidl_typesupport_cExport-noconfig.cmake
[0.384s] -- Up-to-date: /home/samiksha/polygon_ws/install/custom_interfaces/share/custom_interfaces/cmake/custom_interfaces__rosidl_typesupport_introspection_cppExport.cmake
[0.384s] -- Up-to-date: /home/samiksha/polygon_ws/install/custom_interfaces/share/custom_interfaces/cmake/custom_interfaces__rosidl_typesupport_introspection_cppExport-noconfig.cmake
[0.385s] -- Up-to-date: /home/samiksha/polygon_ws/install/custom_interfaces/share/custom_interfaces/cmake/custom_interfaces__rosidl_typesupport_cppExport.cmake
[0.385s] -- Up-to-date: /home/samiksha/polygon_ws/install/custom_interfaces/share/custom_interfaces/cmake/custom_interfaces__rosidl_typesupport_cppExport-noconfig.cmake
[0.385s] -- Up-to-date: /home/samiksha/polygon_ws/install/custom_interfaces/share/custom_interfaces/cmake/export_custom_interfaces__rosidl_generator_pyExport.cmake
[0.385s] -- Up-to-date: /home/samiksha/polygon_ws/install/custom_interfaces/share/custom_interfaces/cmake/export_custom_interfaces__rosidl_generator_pyExport-noconfig.cmake
[0.385s] -- Up-to-date: /home/samiksha/polygon_ws/install/custom_interfaces/share/custom_interfaces/cmake/rosidl_cmake-extras.cmake
[0.385s] -- Up-to-date: /home/samiksha/polygon_ws/install/custom_interfaces/share/custom_interfaces/cmake/ament_cmake_export_dependencies-extras.cmake
[0.385s] -- Up-to-date: /home/samiksha/polygon_ws/install/custom_interfaces/share/custom_interfaces/cmake/ament_cmake_export_include_directories-extras.cmake
[0.385s] -- Up-to-date: /home/samiksha/polygon_ws/install/custom_interfaces/share/custom_interfaces/cmake/ament_cmake_export_libraries-extras.cmake
[0.385s] -- Up-to-date: /home/samiksha/polygon_ws/install/custom_interfaces/share/custom_interfaces/cmake/ament_cmake_export_targets-extras.cmake
[0.385s] -- Up-to-date: /home/samiksha/polygon_ws/install/custom_interfaces/share/custom_interfaces/cmake/rosidl_cmake_export_typesupport_targets-extras.cmake
[0.385s] -- Up-to-date: /home/samiksha/polygon_ws/install/custom_interfaces/share/custom_interfaces/cmake/rosidl_cmake_export_typesupport_libraries-extras.cmake
[0.386s] -- Up-to-date: /home/samiksha/polygon_ws/install/custom_interfaces/share/custom_interfaces/cmake/custom_interfacesConfig.cmake
[0.386s] -- Up-to-date: /home/samiksha/polygon_ws/install/custom_interfaces/share/custom_interfaces/cmake/custom_interfacesConfig-version.cmake
[0.386s] -- Up-to-date: /home/samiksha/polygon_ws/install/custom_interfaces/share/custom_interfaces/package.xml
[0.387s] Invoked command in '/home/samiksha/polygon_ws/build/custom_interfaces' returned '0': CMAKE_PREFIX_PATH=${CMAKE_PREFIX_PATH}:/home/samiksha/polygon_ws/install/polygon_turtle:/home/samiksha/ros2_ws/install/task_controller:/opt/ros/humble /usr/bin/cmake --install /home/samiksha/polygon_ws/build/custom_interfaces
