running egg_info
creating ../../build/learning_tf2_py/learning_tf2_py.egg-info
writing manifest file '../../build/learning_tf2_py/learning_tf2_py.egg-info/SOURCES.txt'
writing manifest file '../../build/learning_tf2_py/learning_tf2_py.egg-info/SOURCES.txt'
running build
running build_py
creating /home/samiksha/ros2_ws2/build/learning_tf2_py/build
creating /home/samiksha/ros2_ws2/build/learning_tf2_py/build/lib
creating /home/samiksha/ros2_ws2/build/learning_tf2_py/build/lib/learning_tf2_py
copying learning_tf2_py/turtle_tf2_listener.py -> /home/samiksha/ros2_ws2/build/learning_tf2_py/build/lib/learning_tf2_py
copying learning_tf2_py/fixed_frame_tf2_broadcaster.py -> /home/samiksha/ros2_ws2/build/learning_tf2_py/build/lib/learning_tf2_py
copying learning_tf2_py/__init__.py -> /home/samiksha/ros2_ws2/build/learning_tf2_py/build/lib/learning_tf2_py
copying learning_tf2_py/static_turtle_tf2_broadcaster.py -> /home/samiksha/ros2_ws2/build/learning_tf2_py/build/lib/learning_tf2_py
copying learning_tf2_py/turtle_tf2_broadcaster.py -> /home/samiksha/ros2_ws2/build/learning_tf2_py/build/lib/learning_tf2_py
running install
running install_lib
creating /home/samiksha/ros2_ws2/install/learning_tf2_py/lib/python3.10/site-packages/learning_tf2_py
copying /home/samiksha/ros2_ws2/build/learning_tf2_py/build/lib/learning_tf2_py/turtle_tf2_listener.py -> /home/samiksha/ros2_ws2/install/learning_tf2_py/lib/python3.10/site-packages/learning_tf2_py
copying /home/samiksha/ros2_ws2/build/learning_tf2_py/build/lib/learning_tf2_py/fixed_frame_tf2_broadcaster.py -> /home/samiksha/ros2_ws2/install/learning_tf2_py/lib/python3.10/site-packages/learning_tf2_py
copying /home/samiksha/ros2_ws2/build/learning_tf2_py/build/lib/learning_tf2_py/__init__.py -> /home/samiksha/ros2_ws2/install/learning_tf2_py/lib/python3.10/site-packages/learning_tf2_py
copying /home/samiksha/ros2_ws2/build/learning_tf2_py/build/lib/learning_tf2_py/static_turtle_tf2_broadcaster.py -> /home/samiksha/ros2_ws2/install/learning_tf2_py/lib/python3.10/site-packages/learning_tf2_py
copying /home/samiksha/ros2_ws2/build/learning_tf2_py/build/lib/learning_tf2_py/turtle_tf2_broadcaster.py -> /home/samiksha/ros2_ws2/install/learning_tf2_py/lib/python3.10/site-packages/learning_tf2_py
byte-compiling /home/samiksha/ros2_ws2/install/learning_tf2_py/lib/python3.10/site-packages/learning_tf2_py/turtle_tf2_listener.py to turtle_tf2_listener.cpython-310.pyc
byte-compiling /home/samiksha/ros2_ws2/install/learning_tf2_py/lib/python3.10/site-packages/learning_tf2_py/fixed_frame_tf2_broadcaster.py to fixed_frame_tf2_broadcaster.cpython-310.pyc
byte-compiling /home/samiksha/ros2_ws2/install/learning_tf2_py/lib/python3.10/site-packages/learning_tf2_py/__init__.py to __init__.cpython-310.pyc
byte-compiling /home/samiksha/ros2_ws2/install/learning_tf2_py/lib/python3.10/site-packages/learning_tf2_py/static_turtle_tf2_broadcaster.py to static_turtle_tf2_broadcaster.cpython-310.pyc
byte-compiling /home/samiksha/ros2_ws2/install/learning_tf2_py/lib/python3.10/site-packages/learning_tf2_py/turtle_tf2_broadcaster.py to turtle_tf2_broadcaster.cpython-310.pyc
running install_data
creating /home/samiksha/ros2_ws2/install/learning_tf2_py/share/ament_index
creating /home/samiksha/ros2_ws2/install/learning_tf2_py/share/ament_index/resource_index
creating /home/samiksha/ros2_ws2/install/learning_tf2_py/share/ament_index/resource_index/packages
copying resource/learning_tf2_py -> /home/samiksha/ros2_ws2/install/learning_tf2_py/share/ament_index/resource_index/packages
copying package.xml -> /home/samiksha/ros2_ws2/install/learning_tf2_py/share/learning_tf2_py
creating /home/samiksha/ros2_ws2/install/learning_tf2_py/share/learning_tf2_py/launch
copying launch/turtle_tf2_demo.launch.py -> /home/samiksha/ros2_ws2/install/learning_tf2_py/share/learning_tf2_py/launch
copying launch/turtle_tf2_fixed_frame_demo.launch.py -> /home/samiksha/ros2_ws2/install/learning_tf2_py/share/learning_tf2_py/launch
running install_egg_info
Copying ../../build/learning_tf2_py/learning_tf2_py.egg-info to /home/samiksha/ros2_ws2/install/learning_tf2_py/lib/python3.10/site-packages/learning_tf2_py-0.0.0-py3.10.egg-info
running install_scripts
writing list of installed files to '/home/samiksha/ros2_ws2/build/learning_tf2_py/install.log'
