[0.864s] Invoking command in '/home/samiksha/ros2_ws2/src/learning_tf2_py': PYTHONPATH=/home/samiksha/ros2_ws2/build/learning_tf2_py/prefix_override:/usr/lib/python3/dist-packages/colcon_core/task/python/colcon_distutils_commands:/home/samiksha/ros2_ws2/install/learning_tf2_py/lib/python3.10/site-packages:${PYTHONPATH} /usr/bin/python3 -W ignore:setup.py install is deprecated -W ignore:easy_install command is deprecated setup.py egg_info --egg-base ../../build/learning_tf2_py build --build-base /home/samiksha/ros2_ws2/build/learning_tf2_py/build install --record /home/samiksha/ros2_ws2/build/learning_tf2_py/install.log --single-version-externally-managed install_data
[1.058s] running egg_info
[1.058s] creating ../../build/learning_tf2_py/learning_tf2_py.egg-info
[1.059s] writing manifest file '../../build/learning_tf2_py/learning_tf2_py.egg-info/SOURCES.txt'
[1.060s] writing manifest file '../../build/learning_tf2_py/learning_tf2_py.egg-info/SOURCES.txt'
[1.061s] running build
[1.061s] running build_py
[1.061s] creating /home/samiksha/ros2_ws2/build/learning_tf2_py/build
[1.061s] creating /home/samiksha/ros2_ws2/build/learning_tf2_py/build/lib
[1.061s] creating /home/samiksha/ros2_ws2/build/learning_tf2_py/build/lib/learning_tf2_py
[1.061s] copying learning_tf2_py/turtle_tf2_listener.py -> /home/samiksha/ros2_ws2/build/learning_tf2_py/build/lib/learning_tf2_py
[1.061s] copying learning_tf2_py/fixed_frame_tf2_broadcaster.py -> /home/samiksha/ros2_ws2/build/learning_tf2_py/build/lib/learning_tf2_py
[1.061s] copying learning_tf2_py/__init__.py -> /home/samiksha/ros2_ws2/build/learning_tf2_py/build/lib/learning_tf2_py
[1.061s] copying learning_tf2_py/static_turtle_tf2_broadcaster.py -> /home/samiksha/ros2_ws2/build/learning_tf2_py/build/lib/learning_tf2_py
[1.061s] copying learning_tf2_py/turtle_tf2_broadcaster.py -> /home/samiksha/ros2_ws2/build/learning_tf2_py/build/lib/learning_tf2_py
[1.062s] running install
[1.063s] running install_lib
[1.063s] creating /home/samiksha/ros2_ws2/install/learning_tf2_py/lib/python3.10/site-packages/learning_tf2_py
[1.063s] copying /home/samiksha/ros2_ws2/build/learning_tf2_py/build/lib/learning_tf2_py/turtle_tf2_listener.py -> /home/samiksha/ros2_ws2/install/learning_tf2_py/lib/python3.10/site-packages/learning_tf2_py
[1.064s] copying /home/samiksha/ros2_ws2/build/learning_tf2_py/build/lib/learning_tf2_py/fixed_frame_tf2_broadcaster.py -> /home/samiksha/ros2_ws2/install/learning_tf2_py/lib/python3.10/site-packages/learning_tf2_py
[1.064s] copying /home/samiksha/ros2_ws2/build/learning_tf2_py/build/lib/learning_tf2_py/__init__.py -> /home/samiksha/ros2_ws2/install/learning_tf2_py/lib/python3.10/site-packages/learning_tf2_py
[1.064s] copying /home/samiksha/ros2_ws2/build/learning_tf2_py/build/lib/learning_tf2_py/static_turtle_tf2_broadcaster.py -> /home/samiksha/ros2_ws2/install/learning_tf2_py/lib/python3.10/site-packages/learning_tf2_py
[1.064s] copying /home/samiksha/ros2_ws2/build/learning_tf2_py/build/lib/learning_tf2_py/turtle_tf2_broadcaster.py -> /home/samiksha/ros2_ws2/install/learning_tf2_py/lib/python3.10/site-packages/learning_tf2_py
[1.064s] byte-compiling /home/samiksha/ros2_ws2/install/learning_tf2_py/lib/python3.10/site-packages/learning_tf2_py/turtle_tf2_listener.py to turtle_tf2_listener.cpython-310.pyc
[1.065s] byte-compiling /home/samiksha/ros2_ws2/install/learning_tf2_py/lib/python3.10/site-packages/learning_tf2_py/fixed_frame_tf2_broadcaster.py to fixed_frame_tf2_broadcaster.cpython-310.pyc
[1.065s] byte-compiling /home/samiksha/ros2_ws2/install/learning_tf2_py/lib/python3.10/site-packages/learning_tf2_py/__init__.py to __init__.cpython-310.pyc
[1.065s] byte-compiling /home/samiksha/ros2_ws2/install/learning_tf2_py/lib/python3.10/site-packages/learning_tf2_py/static_turtle_tf2_broadcaster.py to static_turtle_tf2_broadcaster.cpython-310.pyc
[1.065s] byte-compiling /home/samiksha/ros2_ws2/install/learning_tf2_py/lib/python3.10/site-packages/learning_tf2_py/turtle_tf2_broadcaster.py to turtle_tf2_broadcaster.cpython-310.pyc
[1.066s] running install_data
[1.066s] creating /home/samiksha/ros2_ws2/install/learning_tf2_py/share/ament_index
[1.066s] creating /home/samiksha/ros2_ws2/install/learning_tf2_py/share/ament_index/resource_index
[1.066s] creating /home/samiksha/ros2_ws2/install/learning_tf2_py/share/ament_index/resource_index/packages
[1.066s] copying resource/learning_tf2_py -> /home/samiksha/ros2_ws2/install/learning_tf2_py/share/ament_index/resource_index/packages
[1.066s] copying package.xml -> /home/samiksha/ros2_ws2/install/learning_tf2_py/share/learning_tf2_py
[1.066s] creating /home/samiksha/ros2_ws2/install/learning_tf2_py/share/learning_tf2_py/launch
[1.066s] copying launch/turtle_tf2_demo.launch.py -> /home/samiksha/ros2_ws2/install/learning_tf2_py/share/learning_tf2_py/launch
[1.066s] copying launch/turtle_tf2_fixed_frame_demo.launch.py -> /home/samiksha/ros2_ws2/install/learning_tf2_py/share/learning_tf2_py/launch
[1.066s] running install_egg_info
[1.067s] Copying ../../build/learning_tf2_py/learning_tf2_py.egg-info to /home/samiksha/ros2_ws2/install/learning_tf2_py/lib/python3.10/site-packages/learning_tf2_py-0.0.0-py3.10.egg-info
[1.068s] running install_scripts
[1.084s] writing list of installed files to '/home/samiksha/ros2_ws2/build/learning_tf2_py/install.log'
[1.113s] Invoked command in '/home/samiksha/ros2_ws2/src/learning_tf2_py' returned '0': PYTHONPATH=/home/samiksha/ros2_ws2/build/learning_tf2_py/prefix_override:/usr/lib/python3/dist-packages/colcon_core/task/python/colcon_distutils_commands:/home/samiksha/ros2_ws2/install/learning_tf2_py/lib/python3.10/site-packages:${PYTHONPATH} /usr/bin/python3 -W ignore:setup.py install is deprecated -W ignore:easy_install command is deprecated setup.py egg_info --egg-base ../../build/learning_tf2_py build --build-base /home/samiksha/ros2_ws2/build/learning_tf2_py/build install --record /home/samiksha/ros2_ws2/build/learning_tf2_py/install.log --single-version-externally-managed install_data
