/home/samiksha/ros2_ws2/install/launch_tutorial/lib/python3.10/site-packages/launch_tutorial/__init__.py
/home/samiksha/ros2_ws2/install/launch_tutorial/lib/python3.10/site-packages/launch_tutorial/__pycache__/__init__.cpython-310.pyc
/home/samiksha/ros2_ws2/install/launch_tutorial/share/ament_index/resource_index/packages/launch_tutorial
/home/samiksha/ros2_ws2/install/launch_tutorial/share/launch_tutorial/package.xml
/home/samiksha/ros2_ws2/install/launch_tutorial/share/launch_tutorial/launch
/home/samiksha/ros2_ws2/install/launch_tutorial/share/launch_tutorial/launch/example_substitutions.launch.py
/home/samiksha/ros2_ws2/install/launch_tutorial/share/launch_tutorial/launch/broadcaster_listener.launch.py
/home/samiksha/ros2_ws2/install/launch_tutorial/share/launch_tutorial/launch/turtlesim_world_3.launch.py
/home/samiksha/ros2_ws2/install/launch_tutorial/share/launch_tutorial/launch/turtlesim_world_2.launch.py
/home/samiksha/ros2_ws2/install/launch_tutorial/share/launch_tutorial/launch/mimic.launch.py
/home/samiksha/ros2_ws2/install/launch_tutorial/share/launch_tutorial/launch/turtlesim_rviz.launch.py
/home/samiksha/ros2_ws2/install/launch_tutorial/share/launch_tutorial/launch/example_main.launch.py
/home/samiksha/ros2_ws2/install/launch_tutorial/share/launch_tutorial/launch/turtlesim_world_1.launch.py
/home/samiksha/ros2_ws2/install/launch_tutorial/share/launch_tutorial/launch/launch_turtlesim.launch.py
/home/samiksha/ros2_ws2/install/launch_tutorial/share/launch_tutorial/launch/fixed_broadcaster.launch.py
/home/samiksha/ros2_ws2/install/launch_tutorial/share/launch_tutorial/launch/example_event_handlers.launch.py
/home/samiksha/ros2_ws2/install/launch_tutorial/share/launch_tutorial/config/turtlesim.yaml
/home/samiksha/ros2_ws2/install/launch_tutorial/share/launch_tutorial/rviz
/home/samiksha/ros2_ws2/install/launch_tutorial/lib/python3.10/site-packages/launch_tutorial-0.0.0-py3.10.egg-info/zip-safe
/home/samiksha/ros2_ws2/install/launch_tutorial/lib/python3.10/site-packages/launch_tutorial-0.0.0-py3.10.egg-info/requires.txt
/home/samiksha/ros2_ws2/install/launch_tutorial/lib/python3.10/site-packages/launch_tutorial-0.0.0-py3.10.egg-info/dependency_links.txt
/home/samiksha/ros2_ws2/install/launch_tutorial/lib/python3.10/site-packages/launch_tutorial-0.0.0-py3.10.egg-info/PKG-INFO
/home/samiksha/ros2_ws2/install/launch_tutorial/lib/python3.10/site-packages/launch_tutorial-0.0.0-py3.10.egg-info/entry_points.txt
/home/samiksha/ros2_ws2/install/launch_tutorial/lib/python3.10/site-packages/launch_tutorial-0.0.0-py3.10.egg-info/SOURCES.txt
/home/samiksha/ros2_ws2/install/launch_tutorial/lib/python3.10/site-packages/launch_tutorial-0.0.0-py3.10.egg-info/top_level.txt
