[0.010s] Invoking command in '/home/samiksha/ros2_ws/build/my_package': CMAKE_PREFIX_PATH=${CMAKE_PREFIX_PATH}:/home/samiksha/ros2_ws/install/task_controller:/opt/ros/humble /usr/bin/cmake /home/samiksha/ros2_ws/src/task_controller_cpp -DCMAKE_INSTALL_PREFIX=/home/samiksha/ros2_ws/install/my_package
[0.168s] -- The C compiler identification is GNU 11.4.0
[0.168s] -- The CXX compiler identification is GNU 11.4.0
[0.168s] -- Detecting C compiler ABI info
[0.204s] -- Detecting C compiler ABI info - done
[0.209s] -- Check for working C compiler: /usr/bin/cc - skipped
[0.209s] -- Detecting C compile features
[0.209s] -- Detecting C compile features - done
[0.212s] -- Detecting CXX compiler ABI info
[0.272s] -- Detecting CXX compiler ABI info - done
[0.276s] -- Check for working CXX compiler: /usr/bin/c++ - skipped
[0.276s] -- Detecting CXX compile features
[0.276s] -- Detecting CXX compile features - done
[0.278s] -- Found ament_cmake: 1.3.11 (/opt/ros/humble/share/ament_cmake/cmake)
[0.636s] -- Found Python3: /usr/bin/python3 (found version "3.10.12") found components: Interpreter 
[0.698s] -- Found rclcpp: 16.0.11 (/opt/ros/humble/share/rclcpp/cmake)
[0.726s] -- Found rosidl_generator_c: 3.1.6 (/opt/ros/humble/share/rosidl_generator_c/cmake)
[0.730s] -- Found rosidl_adapter: 3.1.6 (/opt/ros/humble/share/rosidl_adapter/cmake)
[0.736s] -- Found rosidl_generator_cpp: 3.1.6 (/opt/ros/humble/share/rosidl_generator_cpp/cmake)
[0.744s] -- Using all available rosidl_typesupport_c: rosidl_typesupport_fastrtps_c;rosidl_typesupport_introspection_c
[0.754s] -- Using all available rosidl_typesupport_cpp: rosidl_typesupport_fastrtps_cpp;rosidl_typesupport_introspection_cpp
[0.782s] -- Found rmw_implementation_cmake: 6.1.2 (/opt/ros/humble/share/rmw_implementation_cmake/cmake)
[0.783s] -- Found rmw_fastrtps_cpp: 6.2.7 (/opt/ros/humble/share/rmw_fastrtps_cpp/cmake)
[0.844s] -- Found OpenSSL: /usr/lib/x86_64-linux-gnu/libcrypto.so (found version "3.0.2")  
[0.859s] -- Found FastRTPS: /opt/ros/humble/include  
[0.883s] -- Using RMW implementation 'rmw_fastrtps_cpp' as default
[0.890s] -- Looking for pthread.h
[0.940s] -- Looking for pthread.h - found
[0.940s] -- Performing Test CMAKE_HAVE_LIBC_PTHREAD
[0.996s] -- Performing Test CMAKE_HAVE_LIBC_PTHREAD - Success
[0.997s] -- Found Threads: TRUE  
[1.031s] -- Found example_interfaces: 0.9.3 (/opt/ros/humble/share/example_interfaces/cmake)
[1.101s] -- Configuring done
[1.110s] -- Generating done
[1.114s] -- Build files have been written to: /home/samiksha/ros2_ws/build/my_package
[1.120s] Invoked command in '/home/samiksha/ros2_ws/build/my_package' returned '0': CMAKE_PREFIX_PATH=${CMAKE_PREFIX_PATH}:/home/samiksha/ros2_ws/install/task_controller:/opt/ros/humble /usr/bin/cmake /home/samiksha/ros2_ws/src/task_controller_cpp -DCMAKE_INSTALL_PREFIX=/home/samiksha/ros2_ws/install/my_package
[1.121s] Invoking command in '/home/samiksha/ros2_ws/build/my_package': CMAKE_PREFIX_PATH=${CMAKE_PREFIX_PATH}:/home/samiksha/ros2_ws/install/task_controller:/opt/ros/humble /usr/bin/cmake --build /home/samiksha/ros2_ws/build/my_package -- -j12 -l12
[1.158s] [ 25%] [32mBuilding CXX object CMakeFiles/listener.dir/src/subscriber_member_function.cpp.o[0m
[1.159s] [ 25%] [32mBuilding CXX object CMakeFiles/server_doc.dir/src/service_doc.cpp.o[0m
[1.163s] [ 37%] [32mBuilding CXX object CMakeFiles/talker.dir/src/publisher_member_function.cpp.o[0m
[1.164s] [ 50%] [32mBuilding CXX object CMakeFiles/client_doc.dir/src/client_doc.cpp.o[0m
[4.255s] [ 62%] [32m[1mLinking CXX executable server_doc[0m
[4.724s] [ 62%] Built target server_doc
[5.138s] [ 75%] [32m[1mLinking CXX executable client_doc[0m
[5.487s] [ 75%] Built target client_doc
[5.950s] [ 87%] [32m[1mLinking CXX executable talker[0m
[6.328s] [ 87%] Built target talker
[11.590s] [100%] [32m[1mLinking CXX executable listener[0m
[11.995s] [100%] Built target listener
[12.006s] Invoked command in '/home/samiksha/ros2_ws/build/my_package' returned '0': CMAKE_PREFIX_PATH=${CMAKE_PREFIX_PATH}:/home/samiksha/ros2_ws/install/task_controller:/opt/ros/humble /usr/bin/cmake --build /home/samiksha/ros2_ws/build/my_package -- -j12 -l12
[12.017s] Invoking command in '/home/samiksha/ros2_ws/build/my_package': CMAKE_PREFIX_PATH=${CMAKE_PREFIX_PATH}:/home/samiksha/ros2_ws/install/task_controller:/opt/ros/humble /usr/bin/cmake --install /home/samiksha/ros2_ws/build/my_package
[12.024s] -- Install configuration: ""
[12.024s] -- Installing: /home/samiksha/ros2_ws/install/my_package/lib/my_package/talker
[12.025s] -- Set runtime path of "/home/samiksha/ros2_ws/install/my_package/lib/my_package/talker" to ""
[12.025s] -- Installing: /home/samiksha/ros2_ws/install/my_package/lib/my_package/listener
[12.029s] -- Set runtime path of "/home/samiksha/ros2_ws/install/my_package/lib/my_package/listener" to ""
[12.029s] -- Installing: /home/samiksha/ros2_ws/install/my_package/lib/my_package/server_doc
[12.030s] -- Set runtime path of "/home/samiksha/ros2_ws/install/my_package/lib/my_package/server_doc" to ""
[12.030s] -- Installing: /home/samiksha/ros2_ws/install/my_package/lib/my_package/client_doc
[12.031s] -- Set runtime path of "/home/samiksha/ros2_ws/install/my_package/lib/my_package/client_doc" to ""
[12.031s] -- Installing: /home/samiksha/ros2_ws/install/my_package/share/ament_index/resource_index/package_run_dependencies/my_package
[12.031s] -- Installing: /home/samiksha/ros2_ws/install/my_package/share/ament_index/resource_index/parent_prefix_path/my_package
[12.031s] -- Installing: /home/samiksha/ros2_ws/install/my_package/share/my_package/environment/ament_prefix_path.sh
[12.031s] -- Installing: /home/samiksha/ros2_ws/install/my_package/share/my_package/environment/ament_prefix_path.dsv
[12.031s] -- Installing: /home/samiksha/ros2_ws/install/my_package/share/my_package/environment/path.sh
[12.031s] -- Installing: /home/samiksha/ros2_ws/install/my_package/share/my_package/environment/path.dsv
[12.031s] -- Installing: /home/samiksha/ros2_ws/install/my_package/share/my_package/local_setup.bash
[12.032s] -- Installing: /home/samiksha/ros2_ws/install/my_package/share/my_package/local_setup.sh
[12.032s] -- Installing: /home/samiksha/ros2_ws/install/my_package/share/my_package/local_setup.zsh
[12.032s] -- Installing: /home/samiksha/ros2_ws/install/my_package/share/my_package/local_setup.dsv
[12.032s] -- Installing: /home/samiksha/ros2_ws/install/my_package/share/my_package/package.dsv
[12.032s] -- Installing: /home/samiksha/ros2_ws/install/my_package/share/ament_index/resource_index/packages/my_package
[12.032s] -- Installing: /home/samiksha/ros2_ws/install/my_package/share/my_package/cmake/my_packageConfig.cmake
[12.032s] -- Installing: /home/samiksha/ros2_ws/install/my_package/share/my_package/cmake/my_packageConfig-version.cmake
[12.032s] -- Installing: /home/samiksha/ros2_ws/install/my_package/share/my_package/package.xml
[12.035s] Invoked command in '/home/samiksha/ros2_ws/build/my_package' returned '0': CMAKE_PREFIX_PATH=${CMAKE_PREFIX_PATH}:/home/samiksha/ros2_ws/install/task_controller:/opt/ros/humble /usr/bin/cmake --install /home/samiksha/ros2_ws/build/my_package
