[0.068s] DEBUG:colcon:Command line arguments: ['/usr/bin/colcon', 'build']
[0.068s] DEBUG:colcon:Parsed command line arguments: Namespace(log_base=None, log_level=None, verb_name='build', build_base='build', install_base='install', merge_install=False, symlink_install=False, test_result_base=None, continue_on_error=False, executor='parallel', parallel_workers=12, event_handlers=None, ignore_user_meta=False, metas=['./colcon.meta'], base_paths=['.'], packages_ignore=None, packages_ignore_regex=None, paths=None, packages_up_to=None, packages_up_to_regex=None, packages_above=None, packages_above_and_dependencies=None, packages_above_depth=None, packages_select_by_dep=None, packages_skip_by_dep=None, packages_skip_up_to=None, packages_select_build_failed=False, packages_skip_build_finished=False, packages_select_test_failures=False, packages_skip_test_passed=False, packages_select=None, packages_skip=None, packages_select_regex=None, packages_skip_regex=None, packages_start=None, packages_end=None, allow_overriding=[], cmake_args=None, cmake_target=None, cmake_target_skip_unavailable=False, cmake_clean_cache=False, cmake_clean_first=False, cmake_force_configure=False, ament_cmake_args=None, catkin_cmake_args=None, catkin_skip_building_tests=False, mixin_files=None, mixin=None, verb_parser=<colcon_mixin.mixin.mixin_argument.MixinArgumentDecorator object at 0x7467d0390340>, verb_extension=<colcon_core.verb.build.BuildVerb object at 0x7467d0315870>, main=<bound method BuildVerb.main of <colcon_core.verb.build.BuildVerb object at 0x7467d0315870>>, mixin_verb=('build',))
[0.177s] Level 1:colcon.colcon_core.package_discovery:discover_packages(colcon_meta) check parameters
[0.177s] Level 1:colcon.colcon_core.package_discovery:discover_packages(recursive) check parameters
[0.177s] Level 1:colcon.colcon_core.package_discovery:discover_packages(ignore) check parameters
[0.177s] Level 1:colcon.colcon_core.package_discovery:discover_packages(path) check parameters
[0.177s] Level 1:colcon.colcon_core.package_discovery:discover_packages(colcon_meta) discover
[0.178s] Level 1:colcon.colcon_core.package_discovery:discover_packages(recursive) discover
[0.178s] INFO:colcon.colcon_core.package_discovery:Crawling recursively for packages in '/home/samiksha/ros2_ws2'
[0.178s] Level 1:colcon.colcon_core.package_identification:_identify(.) by extensions ['ignore', 'ignore_ament_install']
[0.178s] Level 1:colcon.colcon_core.package_identification:_identify(.) by extension 'ignore'
[0.178s] Level 1:colcon.colcon_core.package_identification:_identify(.) by extension 'ignore_ament_install'
[0.178s] Level 1:colcon.colcon_core.package_identification:_identify(.) by extensions ['colcon_pkg']
[0.178s] Level 1:colcon.colcon_core.package_identification:_identify(.) by extension 'colcon_pkg'
[0.178s] Level 1:colcon.colcon_core.package_identification:_identify(.) by extensions ['colcon_meta']
[0.178s] Level 1:colcon.colcon_core.package_identification:_identify(.) by extension 'colcon_meta'
[0.178s] Level 1:colcon.colcon_core.package_identification:_identify(.) by extensions ['ros']
[0.178s] Level 1:colcon.colcon_core.package_identification:_identify(.) by extension 'ros'
[0.184s] Level 1:colcon.colcon_core.package_identification:_identify(.) by extensions ['cmake', 'python']
[0.184s] Level 1:colcon.colcon_core.package_identification:_identify(.) by extension 'cmake'
[0.184s] Level 1:colcon.colcon_core.package_identification:_identify(.) by extension 'python'
[0.184s] Level 1:colcon.colcon_core.package_identification:_identify(.) by extensions ['python_setup_py']
[0.184s] Level 1:colcon.colcon_core.package_identification:_identify(.) by extension 'python_setup_py'
[0.185s] Level 1:colcon.colcon_core.package_identification:_identify(build) by extensions ['ignore', 'ignore_ament_install']
[0.185s] Level 1:colcon.colcon_core.package_identification:_identify(build) by extension 'ignore'
[0.185s] Level 1:colcon.colcon_core.package_identification:_identify(build) ignored
[0.185s] Level 1:colcon.colcon_core.package_identification:_identify(install) by extensions ['ignore', 'ignore_ament_install']
[0.185s] Level 1:colcon.colcon_core.package_identification:_identify(install) by extension 'ignore'
[0.185s] Level 1:colcon.colcon_core.package_identification:_identify(install) ignored
[0.185s] Level 1:colcon.colcon_core.package_identification:_identify(log) by extensions ['ignore', 'ignore_ament_install']
[0.185s] Level 1:colcon.colcon_core.package_identification:_identify(log) by extension 'ignore'
[0.185s] Level 1:colcon.colcon_core.package_identification:_identify(log) ignored
[0.185s] Level 1:colcon.colcon_core.package_identification:_identify(src) by extensions ['ignore', 'ignore_ament_install']
[0.185s] Level 1:colcon.colcon_core.package_identification:_identify(src) by extension 'ignore'
[0.185s] Level 1:colcon.colcon_core.package_identification:_identify(src) by extension 'ignore_ament_install'
[0.185s] Level 1:colcon.colcon_core.package_identification:_identify(src) by extensions ['colcon_pkg']
[0.185s] Level 1:colcon.colcon_core.package_identification:_identify(src) by extension 'colcon_pkg'
[0.185s] Level 1:colcon.colcon_core.package_identification:_identify(src) by extensions ['colcon_meta']
[0.185s] Level 1:colcon.colcon_core.package_identification:_identify(src) by extension 'colcon_meta'
[0.185s] Level 1:colcon.colcon_core.package_identification:_identify(src) by extensions ['ros']
[0.185s] Level 1:colcon.colcon_core.package_identification:_identify(src) by extension 'ros'
[0.185s] Level 1:colcon.colcon_core.package_identification:_identify(src) by extensions ['cmake', 'python']
[0.185s] Level 1:colcon.colcon_core.package_identification:_identify(src) by extension 'cmake'
[0.185s] Level 1:colcon.colcon_core.package_identification:_identify(src) by extension 'python'
[0.185s] Level 1:colcon.colcon_core.package_identification:_identify(src) by extensions ['python_setup_py']
[0.185s] Level 1:colcon.colcon_core.package_identification:_identify(src) by extension 'python_setup_py'
[0.185s] Level 1:colcon.colcon_core.package_identification:_identify(src/launch_tutorial) by extensions ['ignore', 'ignore_ament_install']
[0.185s] Level 1:colcon.colcon_core.package_identification:_identify(src/launch_tutorial) by extension 'ignore'
[0.185s] Level 1:colcon.colcon_core.package_identification:_identify(src/launch_tutorial) by extension 'ignore_ament_install'
[0.185s] Level 1:colcon.colcon_core.package_identification:_identify(src/launch_tutorial) by extensions ['colcon_pkg']
[0.185s] Level 1:colcon.colcon_core.package_identification:_identify(src/launch_tutorial) by extension 'colcon_pkg'
[0.185s] Level 1:colcon.colcon_core.package_identification:_identify(src/launch_tutorial) by extensions ['colcon_meta']
[0.185s] Level 1:colcon.colcon_core.package_identification:_identify(src/launch_tutorial) by extension 'colcon_meta'
[0.185s] Level 1:colcon.colcon_core.package_identification:_identify(src/launch_tutorial) by extensions ['ros']
[0.185s] Level 1:colcon.colcon_core.package_identification:_identify(src/launch_tutorial) by extension 'ros'
[0.187s] DEBUG:colcon.colcon_core.package_identification:Package 'src/launch_tutorial' with type 'ros.ament_python' and name 'launch_tutorial'
[0.187s] Level 1:colcon.colcon_core.package_identification:_identify(src/learning_tf2_cpp) by extensions ['ignore', 'ignore_ament_install']
[0.187s] Level 1:colcon.colcon_core.package_identification:_identify(src/learning_tf2_cpp) by extension 'ignore'
[0.187s] Level 1:colcon.colcon_core.package_identification:_identify(src/learning_tf2_cpp) by extension 'ignore_ament_install'
[0.187s] Level 1:colcon.colcon_core.package_identification:_identify(src/learning_tf2_cpp) by extensions ['colcon_pkg']
[0.187s] Level 1:colcon.colcon_core.package_identification:_identify(src/learning_tf2_cpp) by extension 'colcon_pkg'
[0.187s] Level 1:colcon.colcon_core.package_identification:_identify(src/learning_tf2_cpp) by extensions ['colcon_meta']
[0.187s] Level 1:colcon.colcon_core.package_identification:_identify(src/learning_tf2_cpp) by extension 'colcon_meta'
[0.187s] Level 1:colcon.colcon_core.package_identification:_identify(src/learning_tf2_cpp) by extensions ['ros']
[0.187s] Level 1:colcon.colcon_core.package_identification:_identify(src/learning_tf2_cpp) by extension 'ros'
[0.188s] DEBUG:colcon.colcon_core.package_identification:Package 'src/learning_tf2_cpp' with type 'ros.ament_cmake' and name 'learning_tf2_cpp'
[0.188s] Level 1:colcon.colcon_core.package_identification:_identify(src/learning_tf2_py) by extensions ['ignore', 'ignore_ament_install']
[0.188s] Level 1:colcon.colcon_core.package_identification:_identify(src/learning_tf2_py) by extension 'ignore'
[0.188s] Level 1:colcon.colcon_core.package_identification:_identify(src/learning_tf2_py) by extension 'ignore_ament_install'
[0.188s] Level 1:colcon.colcon_core.package_identification:_identify(src/learning_tf2_py) by extensions ['colcon_pkg']
[0.188s] Level 1:colcon.colcon_core.package_identification:_identify(src/learning_tf2_py) by extension 'colcon_pkg'
[0.188s] Level 1:colcon.colcon_core.package_identification:_identify(src/learning_tf2_py) by extensions ['colcon_meta']
[0.188s] Level 1:colcon.colcon_core.package_identification:_identify(src/learning_tf2_py) by extension 'colcon_meta'
[0.188s] Level 1:colcon.colcon_core.package_identification:_identify(src/learning_tf2_py) by extensions ['ros']
[0.188s] Level 1:colcon.colcon_core.package_identification:_identify(src/learning_tf2_py) by extension 'ros'
[0.188s] DEBUG:colcon.colcon_core.package_identification:Package 'src/learning_tf2_py' with type 'ros.ament_python' and name 'learning_tf2_py'
[0.188s] Level 1:colcon.colcon_core.package_identification:_identify(src/my_urdf_package) by extensions ['ignore', 'ignore_ament_install']
[0.188s] Level 1:colcon.colcon_core.package_identification:_identify(src/my_urdf_package) by extension 'ignore'
[0.188s] Level 1:colcon.colcon_core.package_identification:_identify(src/my_urdf_package) by extension 'ignore_ament_install'
[0.188s] Level 1:colcon.colcon_core.package_identification:_identify(src/my_urdf_package) by extensions ['colcon_pkg']
[0.188s] Level 1:colcon.colcon_core.package_identification:_identify(src/my_urdf_package) by extension 'colcon_pkg'
[0.189s] Level 1:colcon.colcon_core.package_identification:_identify(src/my_urdf_package) by extensions ['colcon_meta']
[0.189s] Level 1:colcon.colcon_core.package_identification:_identify(src/my_urdf_package) by extension 'colcon_meta'
[0.189s] Level 1:colcon.colcon_core.package_identification:_identify(src/my_urdf_package) by extensions ['ros']
[0.189s] Level 1:colcon.colcon_core.package_identification:_identify(src/my_urdf_package) by extension 'ros'
[0.189s] DEBUG:colcon.colcon_core.package_identification:Package 'src/my_urdf_package' with type 'ros.ament_cmake' and name 'my_urdf_package'
[0.189s] Level 1:colcon.colcon_core.package_identification:_identify(src/robo_descp) by extensions ['ignore', 'ignore_ament_install']
[0.189s] Level 1:colcon.colcon_core.package_identification:_identify(src/robo_descp) by extension 'ignore'
[0.189s] Level 1:colcon.colcon_core.package_identification:_identify(src/robo_descp) by extension 'ignore_ament_install'
[0.189s] Level 1:colcon.colcon_core.package_identification:_identify(src/robo_descp) by extensions ['colcon_pkg']
[0.189s] Level 1:colcon.colcon_core.package_identification:_identify(src/robo_descp) by extension 'colcon_pkg'
[0.189s] Level 1:colcon.colcon_core.package_identification:_identify(src/robo_descp) by extensions ['colcon_meta']
[0.189s] Level 1:colcon.colcon_core.package_identification:_identify(src/robo_descp) by extension 'colcon_meta'
[0.189s] Level 1:colcon.colcon_core.package_identification:_identify(src/robo_descp) by extensions ['ros']
[0.189s] Level 1:colcon.colcon_core.package_identification:_identify(src/robo_descp) by extension 'ros'
[0.189s] DEBUG:colcon.colcon_core.package_identification:Package 'src/robo_descp' with type 'ros.ament_python' and name 'robo_descp'
[0.189s] Level 1:colcon.colcon_core.package_identification:_identify(src/rviz_plugin_tutorial) by extensions ['ignore', 'ignore_ament_install']
[0.189s] Level 1:colcon.colcon_core.package_identification:_identify(src/rviz_plugin_tutorial) by extension 'ignore'
[0.189s] Level 1:colcon.colcon_core.package_identification:_identify(src/rviz_plugin_tutorial) by extension 'ignore_ament_install'
[0.189s] Level 1:colcon.colcon_core.package_identification:_identify(src/rviz_plugin_tutorial) by extensions ['colcon_pkg']
[0.190s] Level 1:colcon.colcon_core.package_identification:_identify(src/rviz_plugin_tutorial) by extension 'colcon_pkg'
[0.190s] Level 1:colcon.colcon_core.package_identification:_identify(src/rviz_plugin_tutorial) by extensions ['colcon_meta']
[0.190s] Level 1:colcon.colcon_core.package_identification:_identify(src/rviz_plugin_tutorial) by extension 'colcon_meta'
[0.190s] Level 1:colcon.colcon_core.package_identification:_identify(src/rviz_plugin_tutorial) by extensions ['ros']
[0.190s] Level 1:colcon.colcon_core.package_identification:_identify(src/rviz_plugin_tutorial) by extension 'ros'
[0.190s] DEBUG:colcon.colcon_core.package_identification:Package 'src/rviz_plugin_tutorial' with type 'ros.ament_cmake' and name 'rviz_plugin_tutorial'
[0.190s] Level 1:colcon.colcon_core.package_discovery:discover_packages(recursive) using defaults
[0.190s] Level 1:colcon.colcon_core.package_discovery:discover_packages(ignore) discover
[0.190s] Level 1:colcon.colcon_core.package_discovery:discover_packages(ignore) using defaults
[0.190s] Level 1:colcon.colcon_core.package_discovery:discover_packages(path) discover
[0.190s] Level 1:colcon.colcon_core.package_discovery:discover_packages(path) using defaults
[0.202s] Level 1:colcon.colcon_core.package_discovery:discover_packages(prefix_path) check parameters
[0.203s] Level 1:colcon.colcon_core.package_discovery:discover_packages(prefix_path) discover
[0.204s] DEBUG:colcon.colcon_installed_package_information.package_discovery:Found 6 installed packages in /home/samiksha/ros2_ws2/install
[0.204s] DEBUG:colcon.colcon_installed_package_information.package_discovery:Found 3 installed packages in /home/samiksha/ros2_ws/install
[0.205s] DEBUG:colcon.colcon_installed_package_information.package_discovery:Found 313 installed packages in /opt/ros/humble
[0.205s] Level 1:colcon.colcon_core.package_discovery:discover_packages(prefix_path) using defaults
[0.227s] Level 5:colcon.colcon_core.verb:set package 'launch_tutorial' build argument 'cmake_args' from command line to 'None'
[0.227s] Level 5:colcon.colcon_core.verb:set package 'launch_tutorial' build argument 'cmake_target' from command line to 'None'
[0.227s] Level 5:colcon.colcon_core.verb:set package 'launch_tutorial' build argument 'cmake_target_skip_unavailable' from command line to 'False'
[0.227s] Level 5:colcon.colcon_core.verb:set package 'launch_tutorial' build argument 'cmake_clean_cache' from command line to 'False'
[0.227s] Level 5:colcon.colcon_core.verb:set package 'launch_tutorial' build argument 'cmake_clean_first' from command line to 'False'
[0.227s] Level 5:colcon.colcon_core.verb:set package 'launch_tutorial' build argument 'cmake_force_configure' from command line to 'False'
[0.227s] Level 5:colcon.colcon_core.verb:set package 'launch_tutorial' build argument 'ament_cmake_args' from command line to 'None'
[0.227s] Level 5:colcon.colcon_core.verb:set package 'launch_tutorial' build argument 'catkin_cmake_args' from command line to 'None'
[0.227s] Level 5:colcon.colcon_core.verb:set package 'launch_tutorial' build argument 'catkin_skip_building_tests' from command line to 'False'
[0.227s] DEBUG:colcon.colcon_core.verb:Building package 'launch_tutorial' with the following arguments: {'ament_cmake_args': None, 'build_base': '/home/samiksha/ros2_ws2/build/launch_tutorial', 'catkin_cmake_args': None, 'catkin_skip_building_tests': False, 'cmake_args': None, 'cmake_clean_cache': False, 'cmake_clean_first': False, 'cmake_force_configure': False, 'cmake_target': None, 'cmake_target_skip_unavailable': False, 'install_base': '/home/samiksha/ros2_ws2/install/launch_tutorial', 'merge_install': False, 'path': '/home/samiksha/ros2_ws2/src/launch_tutorial', 'symlink_install': False, 'test_result_base': None}
[0.227s] Level 5:colcon.colcon_core.verb:set package 'learning_tf2_cpp' build argument 'cmake_args' from command line to 'None'
[0.227s] Level 5:colcon.colcon_core.verb:set package 'learning_tf2_cpp' build argument 'cmake_target' from command line to 'None'
[0.227s] Level 5:colcon.colcon_core.verb:set package 'learning_tf2_cpp' build argument 'cmake_target_skip_unavailable' from command line to 'False'
[0.227s] Level 5:colcon.colcon_core.verb:set package 'learning_tf2_cpp' build argument 'cmake_clean_cache' from command line to 'False'
[0.227s] Level 5:colcon.colcon_core.verb:set package 'learning_tf2_cpp' build argument 'cmake_clean_first' from command line to 'False'
[0.228s] Level 5:colcon.colcon_core.verb:set package 'learning_tf2_cpp' build argument 'cmake_force_configure' from command line to 'False'
[0.228s] Level 5:colcon.colcon_core.verb:set package 'learning_tf2_cpp' build argument 'ament_cmake_args' from command line to 'None'
[0.228s] Level 5:colcon.colcon_core.verb:set package 'learning_tf2_cpp' build argument 'catkin_cmake_args' from command line to 'None'
[0.228s] Level 5:colcon.colcon_core.verb:set package 'learning_tf2_cpp' build argument 'catkin_skip_building_tests' from command line to 'False'
[0.228s] DEBUG:colcon.colcon_core.verb:Building package 'learning_tf2_cpp' with the following arguments: {'ament_cmake_args': None, 'build_base': '/home/samiksha/ros2_ws2/build/learning_tf2_cpp', 'catkin_cmake_args': None, 'catkin_skip_building_tests': False, 'cmake_args': None, 'cmake_clean_cache': False, 'cmake_clean_first': False, 'cmake_force_configure': False, 'cmake_target': None, 'cmake_target_skip_unavailable': False, 'install_base': '/home/samiksha/ros2_ws2/install/learning_tf2_cpp', 'merge_install': False, 'path': '/home/samiksha/ros2_ws2/src/learning_tf2_cpp', 'symlink_install': False, 'test_result_base': None}
[0.228s] Level 5:colcon.colcon_core.verb:set package 'learning_tf2_py' build argument 'cmake_args' from command line to 'None'
[0.228s] Level 5:colcon.colcon_core.verb:set package 'learning_tf2_py' build argument 'cmake_target' from command line to 'None'
[0.228s] Level 5:colcon.colcon_core.verb:set package 'learning_tf2_py' build argument 'cmake_target_skip_unavailable' from command line to 'False'
[0.228s] Level 5:colcon.colcon_core.verb:set package 'learning_tf2_py' build argument 'cmake_clean_cache' from command line to 'False'
[0.228s] Level 5:colcon.colcon_core.verb:set package 'learning_tf2_py' build argument 'cmake_clean_first' from command line to 'False'
[0.228s] Level 5:colcon.colcon_core.verb:set package 'learning_tf2_py' build argument 'cmake_force_configure' from command line to 'False'
[0.228s] Level 5:colcon.colcon_core.verb:set package 'learning_tf2_py' build argument 'ament_cmake_args' from command line to 'None'
[0.228s] Level 5:colcon.colcon_core.verb:set package 'learning_tf2_py' build argument 'catkin_cmake_args' from command line to 'None'
[0.228s] Level 5:colcon.colcon_core.verb:set package 'learning_tf2_py' build argument 'catkin_skip_building_tests' from command line to 'False'
[0.228s] DEBUG:colcon.colcon_core.verb:Building package 'learning_tf2_py' with the following arguments: {'ament_cmake_args': None, 'build_base': '/home/samiksha/ros2_ws2/build/learning_tf2_py', 'catkin_cmake_args': None, 'catkin_skip_building_tests': False, 'cmake_args': None, 'cmake_clean_cache': False, 'cmake_clean_first': False, 'cmake_force_configure': False, 'cmake_target': None, 'cmake_target_skip_unavailable': False, 'install_base': '/home/samiksha/ros2_ws2/install/learning_tf2_py', 'merge_install': False, 'path': '/home/samiksha/ros2_ws2/src/learning_tf2_py', 'symlink_install': False, 'test_result_base': None}
[0.228s] Level 5:colcon.colcon_core.verb:set package 'my_urdf_package' build argument 'cmake_args' from command line to 'None'
[0.228s] Level 5:colcon.colcon_core.verb:set package 'my_urdf_package' build argument 'cmake_target' from command line to 'None'
[0.228s] Level 5:colcon.colcon_core.verb:set package 'my_urdf_package' build argument 'cmake_target_skip_unavailable' from command line to 'False'
[0.228s] Level 5:colcon.colcon_core.verb:set package 'my_urdf_package' build argument 'cmake_clean_cache' from command line to 'False'
[0.228s] Level 5:colcon.colcon_core.verb:set package 'my_urdf_package' build argument 'cmake_clean_first' from command line to 'False'
[0.228s] Level 5:colcon.colcon_core.verb:set package 'my_urdf_package' build argument 'cmake_force_configure' from command line to 'False'
[0.228s] Level 5:colcon.colcon_core.verb:set package 'my_urdf_package' build argument 'ament_cmake_args' from command line to 'None'
[0.228s] Level 5:colcon.colcon_core.verb:set package 'my_urdf_package' build argument 'catkin_cmake_args' from command line to 'None'
[0.228s] Level 5:colcon.colcon_core.verb:set package 'my_urdf_package' build argument 'catkin_skip_building_tests' from command line to 'False'
[0.228s] DEBUG:colcon.colcon_core.verb:Building package 'my_urdf_package' with the following arguments: {'ament_cmake_args': None, 'build_base': '/home/samiksha/ros2_ws2/build/my_urdf_package', 'catkin_cmake_args': None, 'catkin_skip_building_tests': False, 'cmake_args': None, 'cmake_clean_cache': False, 'cmake_clean_first': False, 'cmake_force_configure': False, 'cmake_target': None, 'cmake_target_skip_unavailable': False, 'install_base': '/home/samiksha/ros2_ws2/install/my_urdf_package', 'merge_install': False, 'path': '/home/samiksha/ros2_ws2/src/my_urdf_package', 'symlink_install': False, 'test_result_base': None}
[0.228s] Level 5:colcon.colcon_core.verb:set package 'robo_descp' build argument 'cmake_args' from command line to 'None'
[0.228s] Level 5:colcon.colcon_core.verb:set package 'robo_descp' build argument 'cmake_target' from command line to 'None'
[0.228s] Level 5:colcon.colcon_core.verb:set package 'robo_descp' build argument 'cmake_target_skip_unavailable' from command line to 'False'
[0.228s] Level 5:colcon.colcon_core.verb:set package 'robo_descp' build argument 'cmake_clean_cache' from command line to 'False'
[0.228s] Level 5:colcon.colcon_core.verb:set package 'robo_descp' build argument 'cmake_clean_first' from command line to 'False'
[0.228s] Level 5:colcon.colcon_core.verb:set package 'robo_descp' build argument 'cmake_force_configure' from command line to 'False'
[0.228s] Level 5:colcon.colcon_core.verb:set package 'robo_descp' build argument 'ament_cmake_args' from command line to 'None'
[0.228s] Level 5:colcon.colcon_core.verb:set package 'robo_descp' build argument 'catkin_cmake_args' from command line to 'None'
[0.228s] Level 5:colcon.colcon_core.verb:set package 'robo_descp' build argument 'catkin_skip_building_tests' from command line to 'False'
[0.228s] DEBUG:colcon.colcon_core.verb:Building package 'robo_descp' with the following arguments: {'ament_cmake_args': None, 'build_base': '/home/samiksha/ros2_ws2/build/robo_descp', 'catkin_cmake_args': None, 'catkin_skip_building_tests': False, 'cmake_args': None, 'cmake_clean_cache': False, 'cmake_clean_first': False, 'cmake_force_configure': False, 'cmake_target': None, 'cmake_target_skip_unavailable': False, 'install_base': '/home/samiksha/ros2_ws2/install/robo_descp', 'merge_install': False, 'path': '/home/samiksha/ros2_ws2/src/robo_descp', 'symlink_install': False, 'test_result_base': None}
[0.229s] Level 5:colcon.colcon_core.verb:set package 'rviz_plugin_tutorial' build argument 'cmake_args' from command line to 'None'
[0.229s] Level 5:colcon.colcon_core.verb:set package 'rviz_plugin_tutorial' build argument 'cmake_target' from command line to 'None'
[0.229s] Level 5:colcon.colcon_core.verb:set package 'rviz_plugin_tutorial' build argument 'cmake_target_skip_unavailable' from command line to 'False'
[0.229s] Level 5:colcon.colcon_core.verb:set package 'rviz_plugin_tutorial' build argument 'cmake_clean_cache' from command line to 'False'
[0.229s] Level 5:colcon.colcon_core.verb:set package 'rviz_plugin_tutorial' build argument 'cmake_clean_first' from command line to 'False'
[0.229s] Level 5:colcon.colcon_core.verb:set package 'rviz_plugin_tutorial' build argument 'cmake_force_configure' from command line to 'False'
[0.229s] Level 5:colcon.colcon_core.verb:set package 'rviz_plugin_tutorial' build argument 'ament_cmake_args' from command line to 'None'
[0.229s] Level 5:colcon.colcon_core.verb:set package 'rviz_plugin_tutorial' build argument 'catkin_cmake_args' from command line to 'None'
[0.229s] Level 5:colcon.colcon_core.verb:set package 'rviz_plugin_tutorial' build argument 'catkin_skip_building_tests' from command line to 'False'
[0.229s] DEBUG:colcon.colcon_core.verb:Building package 'rviz_plugin_tutorial' with the following arguments: {'ament_cmake_args': None, 'build_base': '/home/samiksha/ros2_ws2/build/rviz_plugin_tutorial', 'catkin_cmake_args': None, 'catkin_skip_building_tests': False, 'cmake_args': None, 'cmake_clean_cache': False, 'cmake_clean_first': False, 'cmake_force_configure': False, 'cmake_target': None, 'cmake_target_skip_unavailable': False, 'install_base': '/home/samiksha/ros2_ws2/install/rviz_plugin_tutorial', 'merge_install': False, 'path': '/home/samiksha/ros2_ws2/src/rviz_plugin_tutorial', 'symlink_install': False, 'test_result_base': None}
[0.229s] INFO:colcon.colcon_core.executor:Executing jobs using 'parallel' executor
[0.230s] DEBUG:colcon.colcon_parallel_executor.executor.parallel:run_until_complete
[0.230s] INFO:colcon.colcon_ros.task.ament_python.build:Building ROS package in '/home/samiksha/ros2_ws2/src/launch_tutorial' with build type 'ament_python'
[0.230s] Level 1:colcon.colcon_core.shell:create_environment_hook('launch_tutorial', 'ament_prefix_path')
[0.231s] INFO:colcon.colcon_core.plugin_system:Skipping extension 'colcon_core.shell.bat': Not used on non-Windows systems
[0.231s] INFO:colcon.colcon_core.shell:Creating environment hook '/home/samiksha/ros2_ws2/install/launch_tutorial/share/launch_tutorial/hook/ament_prefix_path.ps1'
[0.232s] INFO:colcon.colcon_core.shell:Creating environment descriptor '/home/samiksha/ros2_ws2/install/launch_tutorial/share/launch_tutorial/hook/ament_prefix_path.dsv'
[0.232s] INFO:colcon.colcon_core.shell:Creating environment hook '/home/samiksha/ros2_ws2/install/launch_tutorial/share/launch_tutorial/hook/ament_prefix_path.sh'
[0.232s] INFO:colcon.colcon_core.shell:Skip shell extension 'powershell' for command environment: Not usable outside of PowerShell
[0.232s] DEBUG:colcon.colcon_core.shell:Skip shell extension 'dsv' for command environment
[0.234s] INFO:colcon.colcon_ros.task.ament_cmake.build:Building ROS package in '/home/samiksha/ros2_ws2/src/learning_tf2_cpp' with build type 'ament_cmake'
[0.235s] INFO:colcon.colcon_cmake.task.cmake.build:Building CMake package in '/home/samiksha/ros2_ws2/src/learning_tf2_cpp'
[0.235s] INFO:colcon.colcon_core.shell:Skip shell extension 'powershell' for command environment: Not usable outside of PowerShell
[0.235s] DEBUG:colcon.colcon_core.shell:Skip shell extension 'dsv' for command environment
[0.237s] INFO:colcon.colcon_ros.task.ament_python.build:Building ROS package in '/home/samiksha/ros2_ws2/src/learning_tf2_py' with build type 'ament_python'
[0.237s] Level 1:colcon.colcon_core.shell:create_environment_hook('learning_tf2_py', 'ament_prefix_path')
[0.237s] INFO:colcon.colcon_core.shell:Creating environment hook '/home/samiksha/ros2_ws2/install/learning_tf2_py/share/learning_tf2_py/hook/ament_prefix_path.ps1'
[0.237s] INFO:colcon.colcon_core.shell:Creating environment descriptor '/home/samiksha/ros2_ws2/install/learning_tf2_py/share/learning_tf2_py/hook/ament_prefix_path.dsv'
[0.238s] INFO:colcon.colcon_core.shell:Creating environment hook '/home/samiksha/ros2_ws2/install/learning_tf2_py/share/learning_tf2_py/hook/ament_prefix_path.sh'
[0.238s] INFO:colcon.colcon_core.shell:Skip shell extension 'powershell' for command environment: Not usable outside of PowerShell
[0.238s] DEBUG:colcon.colcon_core.shell:Skip shell extension 'dsv' for command environment
[0.240s] INFO:colcon.colcon_ros.task.ament_cmake.build:Building ROS package in '/home/samiksha/ros2_ws2/src/my_urdf_package' with build type 'ament_cmake'
[0.240s] INFO:colcon.colcon_cmake.task.cmake.build:Building CMake package in '/home/samiksha/ros2_ws2/src/my_urdf_package'
[0.240s] INFO:colcon.colcon_core.shell:Skip shell extension 'powershell' for command environment: Not usable outside of PowerShell
[0.240s] DEBUG:colcon.colcon_core.shell:Skip shell extension 'dsv' for command environment
[0.243s] INFO:colcon.colcon_ros.task.ament_python.build:Building ROS package in '/home/samiksha/ros2_ws2/src/robo_descp' with build type 'ament_python'
[0.243s] Level 1:colcon.colcon_core.shell:create_environment_hook('robo_descp', 'ament_prefix_path')
[0.243s] INFO:colcon.colcon_core.shell:Creating environment hook '/home/samiksha/ros2_ws2/install/robo_descp/share/robo_descp/hook/ament_prefix_path.ps1'
[0.244s] INFO:colcon.colcon_core.shell:Creating environment descriptor '/home/samiksha/ros2_ws2/install/robo_descp/share/robo_descp/hook/ament_prefix_path.dsv'
[0.244s] INFO:colcon.colcon_core.shell:Creating environment hook '/home/samiksha/ros2_ws2/install/robo_descp/share/robo_descp/hook/ament_prefix_path.sh'
[0.245s] INFO:colcon.colcon_core.shell:Skip shell extension 'powershell' for command environment: Not usable outside of PowerShell
[0.245s] DEBUG:colcon.colcon_core.shell:Skip shell extension 'dsv' for command environment
[0.247s] INFO:colcon.colcon_ros.task.ament_cmake.build:Building ROS package in '/home/samiksha/ros2_ws2/src/rviz_plugin_tutorial' with build type 'ament_cmake'
[0.247s] INFO:colcon.colcon_cmake.task.cmake.build:Building CMake package in '/home/samiksha/ros2_ws2/src/rviz_plugin_tutorial'
[0.247s] INFO:colcon.colcon_core.shell:Skip shell extension 'powershell' for command environment: Not usable outside of PowerShell
[0.247s] DEBUG:colcon.colcon_core.shell:Skip shell extension 'dsv' for command environment
[0.423s] INFO:colcon.colcon_core.task.python.build:Building Python package in '/home/samiksha/ros2_ws2/src/launch_tutorial'
[0.423s] INFO:colcon.colcon_core.shell:Skip shell extension 'powershell' for command environment: Not usable outside of PowerShell
[0.423s] DEBUG:colcon.colcon_core.shell:Skip shell extension 'dsv' for command environment
[0.428s] DEBUG:colcon.colcon_core.event_handler.log_command:Invoking command in '/home/samiksha/ros2_ws2/build/learning_tf2_cpp': CMAKE_PREFIX_PATH=${CMAKE_PREFIX_PATH}:/home/samiksha/ros2_ws/install/task_controller:/home/samiksha/ros2_ws2/install/robo_descp:/home/samiksha/ros2_ws2/install/learning_tf2_py:/home/samiksha/ros2_ws2/install/launch_tutorial:/opt/ros/humble /usr/bin/cmake --build /home/samiksha/ros2_ws2/build/learning_tf2_cpp -- -j12 -l12
[0.608s] INFO:colcon.colcon_core.task.python.build:Building Python package in '/home/samiksha/ros2_ws2/src/learning_tf2_py'
[0.608s] INFO:colcon.colcon_core.shell:Skip shell extension 'powershell' for command environment: Not usable outside of PowerShell
[0.608s] DEBUG:colcon.colcon_core.shell:Skip shell extension 'dsv' for command environment
[0.613s] DEBUG:colcon.colcon_core.event_handler.log_command:Invoking command in '/home/samiksha/ros2_ws2/build/my_urdf_package': CMAKE_PREFIX_PATH=${CMAKE_PREFIX_PATH}:/home/samiksha/ros2_ws/install/task_controller:/home/samiksha/ros2_ws2/install/robo_descp:/home/samiksha/ros2_ws2/install/learning_tf2_py:/home/samiksha/ros2_ws2/install/launch_tutorial:/opt/ros/humble /usr/bin/cmake --build /home/samiksha/ros2_ws2/build/my_urdf_package -- -j12 -l12
[0.795s] INFO:colcon.colcon_core.task.python.build:Building Python package in '/home/samiksha/ros2_ws2/src/robo_descp'
[0.795s] INFO:colcon.colcon_core.shell:Skip shell extension 'powershell' for command environment: Not usable outside of PowerShell
[0.795s] DEBUG:colcon.colcon_core.shell:Skip shell extension 'dsv' for command environment
[0.802s] DEBUG:colcon.colcon_core.event_handler.log_command:Invoking command in '/home/samiksha/ros2_ws2/build/rviz_plugin_tutorial': CMAKE_PREFIX_PATH=${CMAKE_PREFIX_PATH}:/home/samiksha/ros2_ws/install/task_controller:/home/samiksha/ros2_ws2/install/robo_descp:/home/samiksha/ros2_ws2/install/learning_tf2_py:/home/samiksha/ros2_ws2/install/launch_tutorial:/opt/ros/humble /usr/bin/cmake --build /home/samiksha/ros2_ws2/build/rviz_plugin_tutorial -- -j12 -l12
[0.802s] DEBUG:colcon.colcon_core.event_handler.log_command:Invoked command in '/home/samiksha/ros2_ws2/build/learning_tf2_cpp' returned '0': CMAKE_PREFIX_PATH=${CMAKE_PREFIX_PATH}:/home/samiksha/ros2_ws/install/task_controller:/home/samiksha/ros2_ws2/install/robo_descp:/home/samiksha/ros2_ws2/install/learning_tf2_py:/home/samiksha/ros2_ws2/install/launch_tutorial:/opt/ros/humble /usr/bin/cmake --build /home/samiksha/ros2_ws2/build/learning_tf2_cpp -- -j12 -l12
[0.809s] DEBUG:colcon.colcon_core.event_handler.log_command:Invoking command in '/home/samiksha/ros2_ws2/build/learning_tf2_cpp': CMAKE_PREFIX_PATH=${CMAKE_PREFIX_PATH}:/home/samiksha/ros2_ws/install/task_controller:/home/samiksha/ros2_ws2/install/robo_descp:/home/samiksha/ros2_ws2/install/learning_tf2_py:/home/samiksha/ros2_ws2/install/launch_tutorial:/opt/ros/humble /usr/bin/cmake --install /home/samiksha/ros2_ws2/build/learning_tf2_cpp
[0.810s] DEBUG:colcon.colcon_core.event_handler.log_command:Invoked command in '/home/samiksha/ros2_ws2/build/my_urdf_package' returned '0': CMAKE_PREFIX_PATH=${CMAKE_PREFIX_PATH}:/home/samiksha/ros2_ws/install/task_controller:/home/samiksha/ros2_ws2/install/robo_descp:/home/samiksha/ros2_ws2/install/learning_tf2_py:/home/samiksha/ros2_ws2/install/launch_tutorial:/opt/ros/humble /usr/bin/cmake --build /home/samiksha/ros2_ws2/build/my_urdf_package -- -j12 -l12
[0.811s] DEBUG:colcon.colcon_core.event_handler.log_command:Invoking command in '/home/samiksha/ros2_ws2/build/my_urdf_package': CMAKE_PREFIX_PATH=${CMAKE_PREFIX_PATH}:/home/samiksha/ros2_ws/install/task_controller:/home/samiksha/ros2_ws2/install/robo_descp:/home/samiksha/ros2_ws2/install/learning_tf2_py:/home/samiksha/ros2_ws2/install/launch_tutorial:/opt/ros/humble /usr/bin/cmake --install /home/samiksha/ros2_ws2/build/my_urdf_package
[0.819s] Level 1:colcon.colcon_core.environment:create_environment_scripts_only(my_urdf_package)
[0.821s] DEBUG:colcon.colcon_core.event_handler.log_command:Invoked command in '/home/samiksha/ros2_ws2/build/my_urdf_package' returned '0': CMAKE_PREFIX_PATH=${CMAKE_PREFIX_PATH}:/home/samiksha/ros2_ws/install/task_controller:/home/samiksha/ros2_ws2/install/robo_descp:/home/samiksha/ros2_ws2/install/learning_tf2_py:/home/samiksha/ros2_ws2/install/launch_tutorial:/opt/ros/humble /usr/bin/cmake --install /home/samiksha/ros2_ws2/build/my_urdf_package
[0.824s] Level 1:colcon.colcon_core.environment:checking '/home/samiksha/ros2_ws2/install/my_urdf_package' for CMake module files
[0.824s] Level 1:colcon.colcon_core.environment:checking '/home/samiksha/ros2_ws2/install/my_urdf_package' for CMake config files
[0.825s] Level 1:colcon.colcon_core.shell:create_environment_hook('my_urdf_package', 'cmake_prefix_path')
[0.825s] INFO:colcon.colcon_core.shell:Creating environment hook '/home/samiksha/ros2_ws2/install/my_urdf_package/share/my_urdf_package/hook/cmake_prefix_path.ps1'
[0.825s] INFO:colcon.colcon_core.shell:Creating environment descriptor '/home/samiksha/ros2_ws2/install/my_urdf_package/share/my_urdf_package/hook/cmake_prefix_path.dsv'
[0.826s] INFO:colcon.colcon_core.shell:Creating environment hook '/home/samiksha/ros2_ws2/install/my_urdf_package/share/my_urdf_package/hook/cmake_prefix_path.sh'
[0.826s] Level 1:colcon.colcon_core.environment:checking '/home/samiksha/ros2_ws2/install/my_urdf_package/bin'
[0.827s] Level 1:colcon.colcon_core.environment:checking '/home/samiksha/ros2_ws2/install/my_urdf_package/lib/pkgconfig/my_urdf_package.pc'
[0.827s] Level 1:colcon.colcon_core.environment:checking '/home/samiksha/ros2_ws2/install/my_urdf_package/lib/python3.10/site-packages'
[0.827s] Level 1:colcon.colcon_core.environment:checking '/home/samiksha/ros2_ws2/install/my_urdf_package/bin'
[0.827s] INFO:colcon.colcon_core.shell:Creating package script '/home/samiksha/ros2_ws2/install/my_urdf_package/share/my_urdf_package/package.ps1'
[0.828s] INFO:colcon.colcon_core.shell:Creating package descriptor '/home/samiksha/ros2_ws2/install/my_urdf_package/share/my_urdf_package/package.dsv'
[0.829s] INFO:colcon.colcon_core.shell:Creating package script '/home/samiksha/ros2_ws2/install/my_urdf_package/share/my_urdf_package/package.sh'
[0.830s] INFO:colcon.colcon_core.shell:Creating package script '/home/samiksha/ros2_ws2/install/my_urdf_package/share/my_urdf_package/package.bash'
[0.830s] INFO:colcon.colcon_core.shell:Creating package script '/home/samiksha/ros2_ws2/install/my_urdf_package/share/my_urdf_package/package.zsh'
[0.831s] Level 1:colcon.colcon_core.environment:create_file_with_runtime_dependencies(/home/samiksha/ros2_ws2/install/my_urdf_package/share/colcon-core/packages/my_urdf_package)
[0.831s] Level 1:colcon.colcon_core.environment:create_environment_scripts_only(my_urdf_package)
[0.832s] Level 1:colcon.colcon_core.environment:checking '/home/samiksha/ros2_ws2/install/my_urdf_package' for CMake module files
[0.832s] Level 1:colcon.colcon_core.environment:checking '/home/samiksha/ros2_ws2/install/my_urdf_package' for CMake config files
[0.832s] Level 1:colcon.colcon_core.shell:create_environment_hook('my_urdf_package', 'cmake_prefix_path')
[0.832s] INFO:colcon.colcon_core.shell:Creating environment hook '/home/samiksha/ros2_ws2/install/my_urdf_package/share/my_urdf_package/hook/cmake_prefix_path.ps1'
[0.832s] INFO:colcon.colcon_core.shell:Creating environment descriptor '/home/samiksha/ros2_ws2/install/my_urdf_package/share/my_urdf_package/hook/cmake_prefix_path.dsv'
[0.833s] INFO:colcon.colcon_core.shell:Creating environment hook '/home/samiksha/ros2_ws2/install/my_urdf_package/share/my_urdf_package/hook/cmake_prefix_path.sh'
[0.833s] Level 1:colcon.colcon_core.environment:checking '/home/samiksha/ros2_ws2/install/my_urdf_package/bin'
[0.833s] Level 1:colcon.colcon_core.environment:checking '/home/samiksha/ros2_ws2/install/my_urdf_package/lib/pkgconfig/my_urdf_package.pc'
[0.833s] Level 1:colcon.colcon_core.environment:checking '/home/samiksha/ros2_ws2/install/my_urdf_package/lib/python3.10/site-packages'
[0.833s] Level 1:colcon.colcon_core.environment:checking '/home/samiksha/ros2_ws2/install/my_urdf_package/bin'
[0.833s] INFO:colcon.colcon_core.shell:Creating package script '/home/samiksha/ros2_ws2/install/my_urdf_package/share/my_urdf_package/package.ps1'
[0.834s] INFO:colcon.colcon_core.shell:Creating package descriptor '/home/samiksha/ros2_ws2/install/my_urdf_package/share/my_urdf_package/package.dsv'
[0.834s] INFO:colcon.colcon_core.shell:Creating package script '/home/samiksha/ros2_ws2/install/my_urdf_package/share/my_urdf_package/package.sh'
[0.834s] INFO:colcon.colcon_core.shell:Creating package script '/home/samiksha/ros2_ws2/install/my_urdf_package/share/my_urdf_package/package.bash'
[0.835s] INFO:colcon.colcon_core.shell:Creating package script '/home/samiksha/ros2_ws2/install/my_urdf_package/share/my_urdf_package/package.zsh'
[0.835s] Level 1:colcon.colcon_core.environment:create_file_with_runtime_dependencies(/home/samiksha/ros2_ws2/install/my_urdf_package/share/colcon-core/packages/my_urdf_package)
[0.836s] DEBUG:colcon.colcon_core.event_handler.log_command:Invoked command in '/home/samiksha/ros2_ws2/build/rviz_plugin_tutorial' returned '2': CMAKE_PREFIX_PATH=${CMAKE_PREFIX_PATH}:/home/samiksha/ros2_ws/install/task_controller:/home/samiksha/ros2_ws2/install/robo_descp:/home/samiksha/ros2_ws2/install/learning_tf2_py:/home/samiksha/ros2_ws2/install/launch_tutorial:/opt/ros/humble /usr/bin/cmake --build /home/samiksha/ros2_ws2/build/rviz_plugin_tutorial -- -j12 -l12
[0.837s] Level 1:colcon.colcon_core.environment:create_environment_scripts_only(rviz_plugin_tutorial)
[0.837s] Level 1:colcon.colcon_core.environment:checking '/home/samiksha/ros2_ws2/install/rviz_plugin_tutorial' for CMake module files
[0.837s] Level 1:colcon.colcon_core.environment:checking '/home/samiksha/ros2_ws2/install/rviz_plugin_tutorial' for CMake config files
[0.838s] Level 1:colcon.colcon_core.shell:create_environment_hook('rviz_plugin_tutorial', 'cmake_prefix_path')
[0.838s] INFO:colcon.colcon_core.shell:Creating environment hook '/home/samiksha/ros2_ws2/install/rviz_plugin_tutorial/share/rviz_plugin_tutorial/hook/cmake_prefix_path.ps1'
[0.838s] INFO:colcon.colcon_core.shell:Creating environment descriptor '/home/samiksha/ros2_ws2/install/rviz_plugin_tutorial/share/rviz_plugin_tutorial/hook/cmake_prefix_path.dsv'
[0.838s] INFO:colcon.colcon_core.shell:Creating environment hook '/home/samiksha/ros2_ws2/install/rviz_plugin_tutorial/share/rviz_plugin_tutorial/hook/cmake_prefix_path.sh'
[0.839s] Level 1:colcon.colcon_core.environment:checking '/home/samiksha/ros2_ws2/install/rviz_plugin_tutorial/lib'
[0.839s] Level 1:colcon.colcon_core.shell:create_environment_hook('rviz_plugin_tutorial', 'ld_library_path_lib')
[0.839s] INFO:colcon.colcon_core.shell:Creating environment hook '/home/samiksha/ros2_ws2/install/rviz_plugin_tutorial/share/rviz_plugin_tutorial/hook/ld_library_path_lib.ps1'
[0.840s] INFO:colcon.colcon_core.shell:Creating environment descriptor '/home/samiksha/ros2_ws2/install/rviz_plugin_tutorial/share/rviz_plugin_tutorial/hook/ld_library_path_lib.dsv'
[0.840s] INFO:colcon.colcon_core.shell:Creating environment hook '/home/samiksha/ros2_ws2/install/rviz_plugin_tutorial/share/rviz_plugin_tutorial/hook/ld_library_path_lib.sh'
[0.840s] Level 1:colcon.colcon_core.environment:checking '/home/samiksha/ros2_ws2/install/rviz_plugin_tutorial/bin'
[0.840s] Level 1:colcon.colcon_core.environment:checking '/home/samiksha/ros2_ws2/install/rviz_plugin_tutorial/lib/pkgconfig/rviz_plugin_tutorial.pc'
[0.840s] Level 1:colcon.colcon_core.environment:checking '/home/samiksha/ros2_ws2/install/rviz_plugin_tutorial/lib/python3.10/site-packages'
[0.840s] Level 1:colcon.colcon_core.environment:checking '/home/samiksha/ros2_ws2/install/rviz_plugin_tutorial/bin'
[0.841s] INFO:colcon.colcon_core.shell:Creating package script '/home/samiksha/ros2_ws2/install/rviz_plugin_tutorial/share/rviz_plugin_tutorial/package.ps1'
[0.841s] INFO:colcon.colcon_core.shell:Creating package descriptor '/home/samiksha/ros2_ws2/install/rviz_plugin_tutorial/share/rviz_plugin_tutorial/package.dsv'
[0.841s] INFO:colcon.colcon_core.shell:Creating package script '/home/samiksha/ros2_ws2/install/rviz_plugin_tutorial/share/rviz_plugin_tutorial/package.sh'
[0.842s] INFO:colcon.colcon_core.shell:Creating package script '/home/samiksha/ros2_ws2/install/rviz_plugin_tutorial/share/rviz_plugin_tutorial/package.bash'
[0.842s] INFO:colcon.colcon_core.shell:Creating package script '/home/samiksha/ros2_ws2/install/rviz_plugin_tutorial/share/rviz_plugin_tutorial/package.zsh'
[0.842s] Level 1:colcon.colcon_core.environment:create_file_with_runtime_dependencies(/home/samiksha/ros2_ws2/install/rviz_plugin_tutorial/share/colcon-core/packages/rviz_plugin_tutorial)
[0.842s] Level 1:colcon.colcon_core.environment:create_environment_scripts_only(learning_tf2_cpp)
[0.843s] Level 1:colcon.colcon_core.environment:checking '/home/samiksha/ros2_ws2/install/learning_tf2_cpp' for CMake module files
[0.843s] Level 1:colcon.colcon_core.environment:checking '/home/samiksha/ros2_ws2/install/learning_tf2_cpp' for CMake config files
[0.844s] DEBUG:colcon.colcon_core.event_handler.log_command:Invoked command in '/home/samiksha/ros2_ws2/build/learning_tf2_cpp' returned '0': CMAKE_PREFIX_PATH=${CMAKE_PREFIX_PATH}:/home/samiksha/ros2_ws/install/task_controller:/home/samiksha/ros2_ws2/install/robo_descp:/home/samiksha/ros2_ws2/install/learning_tf2_py:/home/samiksha/ros2_ws2/install/launch_tutorial:/opt/ros/humble /usr/bin/cmake --install /home/samiksha/ros2_ws2/build/learning_tf2_cpp
[0.844s] Level 1:colcon.colcon_core.shell:create_environment_hook('learning_tf2_cpp', 'cmake_prefix_path')
[0.844s] INFO:colcon.colcon_core.shell:Creating environment hook '/home/samiksha/ros2_ws2/install/learning_tf2_cpp/share/learning_tf2_cpp/hook/cmake_prefix_path.ps1'
[0.845s] INFO:colcon.colcon_core.shell:Creating environment descriptor '/home/samiksha/ros2_ws2/install/learning_tf2_cpp/share/learning_tf2_cpp/hook/cmake_prefix_path.dsv'
[0.845s] INFO:colcon.colcon_core.shell:Creating environment hook '/home/samiksha/ros2_ws2/install/learning_tf2_cpp/share/learning_tf2_cpp/hook/cmake_prefix_path.sh'
[0.845s] Level 1:colcon.colcon_core.environment:checking '/home/samiksha/ros2_ws2/install/learning_tf2_cpp/lib'
[0.845s] Level 1:colcon.colcon_core.environment:checking '/home/samiksha/ros2_ws2/install/learning_tf2_cpp/bin'
[0.845s] Level 1:colcon.colcon_core.environment:checking '/home/samiksha/ros2_ws2/install/learning_tf2_cpp/lib/pkgconfig/learning_tf2_cpp.pc'
[0.846s] Level 1:colcon.colcon_core.environment:checking '/home/samiksha/ros2_ws2/install/learning_tf2_cpp/lib/python3.10/site-packages'
[0.846s] Level 1:colcon.colcon_core.environment:checking '/home/samiksha/ros2_ws2/install/learning_tf2_cpp/bin'
[0.846s] INFO:colcon.colcon_core.shell:Creating package script '/home/samiksha/ros2_ws2/install/learning_tf2_cpp/share/learning_tf2_cpp/package.ps1'
[0.846s] INFO:colcon.colcon_core.shell:Creating package descriptor '/home/samiksha/ros2_ws2/install/learning_tf2_cpp/share/learning_tf2_cpp/package.dsv'
[0.847s] INFO:colcon.colcon_core.shell:Creating package script '/home/samiksha/ros2_ws2/install/learning_tf2_cpp/share/learning_tf2_cpp/package.sh'
[0.847s] INFO:colcon.colcon_core.shell:Creating package script '/home/samiksha/ros2_ws2/install/learning_tf2_cpp/share/learning_tf2_cpp/package.bash'
[0.847s] INFO:colcon.colcon_core.shell:Creating package script '/home/samiksha/ros2_ws2/install/learning_tf2_cpp/share/learning_tf2_cpp/package.zsh'
[0.847s] Level 1:colcon.colcon_core.environment:create_file_with_runtime_dependencies(/home/samiksha/ros2_ws2/install/learning_tf2_cpp/share/colcon-core/packages/learning_tf2_cpp)
[0.848s] Level 1:colcon.colcon_core.environment:create_environment_scripts_only(learning_tf2_cpp)
[0.848s] Level 1:colcon.colcon_core.environment:checking '/home/samiksha/ros2_ws2/install/learning_tf2_cpp' for CMake module files
[0.848s] Level 1:colcon.colcon_core.environment:checking '/home/samiksha/ros2_ws2/install/learning_tf2_cpp' for CMake config files
[0.849s] Level 1:colcon.colcon_core.shell:create_environment_hook('learning_tf2_cpp', 'cmake_prefix_path')
[0.849s] INFO:colcon.colcon_core.shell:Creating environment hook '/home/samiksha/ros2_ws2/install/learning_tf2_cpp/share/learning_tf2_cpp/hook/cmake_prefix_path.ps1'
[0.849s] INFO:colcon.colcon_core.shell:Creating environment descriptor '/home/samiksha/ros2_ws2/install/learning_tf2_cpp/share/learning_tf2_cpp/hook/cmake_prefix_path.dsv'
[0.849s] INFO:colcon.colcon_core.shell:Creating environment hook '/home/samiksha/ros2_ws2/install/learning_tf2_cpp/share/learning_tf2_cpp/hook/cmake_prefix_path.sh'
[0.850s] Level 1:colcon.colcon_core.environment:checking '/home/samiksha/ros2_ws2/install/learning_tf2_cpp/lib'
[0.850s] Level 1:colcon.colcon_core.environment:checking '/home/samiksha/ros2_ws2/install/learning_tf2_cpp/bin'
[0.850s] Level 1:colcon.colcon_core.environment:checking '/home/samiksha/ros2_ws2/install/learning_tf2_cpp/lib/pkgconfig/learning_tf2_cpp.pc'
[0.850s] Level 1:colcon.colcon_core.environment:checking '/home/samiksha/ros2_ws2/install/learning_tf2_cpp/lib/python3.10/site-packages'
[0.850s] Level 1:colcon.colcon_core.environment:checking '/home/samiksha/ros2_ws2/install/learning_tf2_cpp/bin'
[0.850s] INFO:colcon.colcon_core.shell:Creating package script '/home/samiksha/ros2_ws2/install/learning_tf2_cpp/share/learning_tf2_cpp/package.ps1'
[0.851s] INFO:colcon.colcon_core.shell:Creating package descriptor '/home/samiksha/ros2_ws2/install/learning_tf2_cpp/share/learning_tf2_cpp/package.dsv'
[0.851s] INFO:colcon.colcon_core.shell:Creating package script '/home/samiksha/ros2_ws2/install/learning_tf2_cpp/share/learning_tf2_cpp/package.sh'
[0.851s] INFO:colcon.colcon_core.shell:Creating package script '/home/samiksha/ros2_ws2/install/learning_tf2_cpp/share/learning_tf2_cpp/package.bash'
[0.852s] INFO:colcon.colcon_core.shell:Creating package script '/home/samiksha/ros2_ws2/install/learning_tf2_cpp/share/learning_tf2_cpp/package.zsh'
[0.852s] Level 1:colcon.colcon_core.environment:create_file_with_runtime_dependencies(/home/samiksha/ros2_ws2/install/learning_tf2_cpp/share/colcon-core/packages/learning_tf2_cpp)
[1.083s] DEBUG:colcon.colcon_parallel_executor.executor.parallel:closing loop
[1.083s] DEBUG:colcon.colcon_parallel_executor.executor.parallel:loop closed
[1.083s] DEBUG:colcon.colcon_parallel_executor.executor.parallel:run_until_complete finished with '2'
[1.084s] DEBUG:colcon.colcon_core.event_reactor:joining thread
[1.087s] INFO:colcon.colcon_core.plugin_system:Skipping extension 'colcon_notification.desktop_notification.terminal_notifier': Not used on non-Darwin systems
[1.087s] INFO:colcon.colcon_core.plugin_system:Skipping extension 'colcon_notification.desktop_notification.win32': Not used on non-Windows systems
[1.087s] INFO:colcon.colcon_notification.desktop_notification:Sending desktop notification using 'notify2'
[1.098s] DEBUG:colcon.colcon_core.event_reactor:joined thread
[1.098s] INFO:colcon.colcon_core.shell:Creating prefix script '/home/samiksha/ros2_ws2/install/local_setup.ps1'
[1.099s] INFO:colcon.colcon_core.shell:Creating prefix util module '/home/samiksha/ros2_ws2/install/_local_setup_util_ps1.py'
[1.100s] INFO:colcon.colcon_core.shell:Creating prefix chain script '/home/samiksha/ros2_ws2/install/setup.ps1'
[1.101s] INFO:colcon.colcon_core.shell:Creating prefix script '/home/samiksha/ros2_ws2/install/local_setup.sh'
[1.101s] INFO:colcon.colcon_core.shell:Creating prefix util module '/home/samiksha/ros2_ws2/install/_local_setup_util_sh.py'
[1.102s] INFO:colcon.colcon_core.shell:Creating prefix chain script '/home/samiksha/ros2_ws2/install/setup.sh'
[1.102s] INFO:colcon.colcon_core.shell:Creating prefix script '/home/samiksha/ros2_ws2/install/local_setup.bash'
[1.103s] INFO:colcon.colcon_core.shell:Creating prefix chain script '/home/samiksha/ros2_ws2/install/setup.bash'
[1.103s] INFO:colcon.colcon_core.shell:Creating prefix script '/home/samiksha/ros2_ws2/install/local_setup.zsh'
[1.104s] INFO:colcon.colcon_core.shell:Creating prefix chain script '/home/samiksha/ros2_ws2/install/setup.zsh'
