[0.008s] Invoking command in '/home/samiksha/ros2_ws/build/task_controller_cpp': CMAKE_PREFIX_PATH=/home/samiksha/ros2_ws/install/turtlesim:/home/samiksha/ros2_ws/install/task_controller_cpp:/home/samiksha/ros2_ws/install/my_package:/home/samiksha/ros2_ws/install/task_controller:/opt/ros/humble /usr/bin/cmake --build /home/samiksha/ros2_ws/build/task_controller_cpp -- -j12 -l12
[0.024s] -- Found ament_cmake: 1.3.11 (/opt/ros/humble/share/ament_cmake/cmake)
[0.143s] -- Found rclcpp: 16.0.11 (/opt/ros/humble/share/rclcpp/cmake)
[0.159s] -- Found rosidl_generator_c: 3.1.6 (/opt/ros/humble/share/rosidl_generator_c/cmake)
[0.161s] -- Found rosidl_adapter: 3.1.6 (/opt/ros/humble/share/rosidl_adapter/cmake)
[0.164s] -- Found rosidl_generator_cpp: 3.1.6 (/opt/ros/humble/share/rosidl_generator_cpp/cmake)
[0.170s] -- Using all available rosidl_typesupport_c: rosidl_typesupport_fastrtps_c;rosidl_typesupport_introspection_c
[0.177s] -- Using all available rosidl_typesupport_cpp: rosidl_typesupport_fastrtps_cpp;rosidl_typesupport_introspection_cpp
[0.197s] -- Found rmw_implementation_cmake: 6.1.2 (/opt/ros/humble/share/rmw_implementation_cmake/cmake)
[0.197s] -- Found rmw_fastrtps_cpp: 6.2.7 (/opt/ros/humble/share/rmw_fastrtps_cpp/cmake)
[0.264s] -- Using RMW implementation 'rmw_fastrtps_cpp' as default
[0.295s] -- Found example_interfaces: 0.9.3 (/opt/ros/humble/share/example_interfaces/cmake)
[0.316s] -- Found geometry_msgs: 4.2.4 (/opt/ros/humble/share/geometry_msgs/cmake)
[0.324s] -- Found turtlesim: 1.4.2 (/home/samiksha/ros2_ws/install/turtlesim/share/turtlesim/cmake)
[0.379s] -- Configuring done
[0.399s] -- Generating done
[0.408s] -- Build files have been written to: /home/samiksha/ros2_ws/build/task_controller_cpp
[0.428s] [35m[1mConsolidate compiler generated dependencies of target server_doc[0m
[0.430s] [35m[1mConsolidate compiler generated dependencies of target listener[0m
[0.430s] [35m[1mConsolidate compiler generated dependencies of target talker[0m
[0.431s] [35m[1mConsolidate compiler generated dependencies of target control[0m
[0.431s] [35m[1mConsolidate compiler generated dependencies of target chatNode1[0m
[0.431s] [35m[1mConsolidate compiler generated dependencies of target client_doc[0m
[0.431s] [35m[1mConsolidate compiler generated dependencies of target chatNode2[0m
[0.431s] [35m[1mConsolidate compiler generated dependencies of target circle[0m
[0.441s] [  5%] [32mBuilding CXX object CMakeFiles/letter.dir/src/letter_turtle.cpp.o[0m
[0.447s] [ 27%] Built target talker
[0.447s] [ 27%] Built target listener
[0.447s] [ 50%] Built target server_doc
[0.447s] [ 50%] Built target control
[0.447s] [ 61%] Built target chatNode2
[0.448s] [ 72%] Built target client_doc
[0.448s] [ 83%] Built target circle
[0.448s] [ 94%] Built target chatNode1
[5.548s] [100%] [32m[1mLinking CXX executable letter[0m
[5.805s] [100%] Built target letter
[5.814s] Invoked command in '/home/samiksha/ros2_ws/build/task_controller_cpp' returned '0': CMAKE_PREFIX_PATH=/home/samiksha/ros2_ws/install/turtlesim:/home/samiksha/ros2_ws/install/task_controller_cpp:/home/samiksha/ros2_ws/install/my_package:/home/samiksha/ros2_ws/install/task_controller:/opt/ros/humble /usr/bin/cmake --build /home/samiksha/ros2_ws/build/task_controller_cpp -- -j12 -l12
[5.815s] Invoking command in '/home/samiksha/ros2_ws/build/task_controller_cpp': CMAKE_PREFIX_PATH=/home/samiksha/ros2_ws/install/turtlesim:/home/samiksha/ros2_ws/install/task_controller_cpp:/home/samiksha/ros2_ws/install/my_package:/home/samiksha/ros2_ws/install/task_controller:/opt/ros/humble /usr/bin/cmake --install /home/samiksha/ros2_ws/build/task_controller_cpp
[5.820s] -- Install configuration: ""
[5.820s] -- Up-to-date: /home/samiksha/ros2_ws/install/task_controller_cpp/lib/task_controller_cpp/talker
[5.820s] -- Up-to-date: /home/samiksha/ros2_ws/install/task_controller_cpp/lib/task_controller_cpp/listener
[5.820s] -- Up-to-date: /home/samiksha/ros2_ws/install/task_controller_cpp/lib/task_controller_cpp/server_doc
[5.821s] -- Up-to-date: /home/samiksha/ros2_ws/install/task_controller_cpp/lib/task_controller_cpp/client_doc
[5.821s] -- Up-to-date: /home/samiksha/ros2_ws/install/task_controller_cpp/lib/task_controller_cpp/chatNode1
[5.821s] -- Up-to-date: /home/samiksha/ros2_ws/install/task_controller_cpp/lib/task_controller_cpp/chatNode2
[5.821s] -- Up-to-date: /home/samiksha/ros2_ws/install/task_controller_cpp/lib/task_controller_cpp/control
[5.821s] -- Up-to-date: /home/samiksha/ros2_ws/install/task_controller_cpp/lib/task_controller_cpp/circle
[5.821s] -- Installing: /home/samiksha/ros2_ws/install/task_controller_cpp/lib/task_controller_cpp/letter
[5.824s] -- Set runtime path of "/home/samiksha/ros2_ws/install/task_controller_cpp/lib/task_controller_cpp/letter" to ""
[5.824s] -- Up-to-date: /home/samiksha/ros2_ws/install/task_controller_cpp/share/ament_index/resource_index/package_run_dependencies/task_controller_cpp
[5.824s] -- Up-to-date: /home/samiksha/ros2_ws/install/task_controller_cpp/share/ament_index/resource_index/parent_prefix_path/task_controller_cpp
[5.824s] -- Up-to-date: /home/samiksha/ros2_ws/install/task_controller_cpp/share/task_controller_cpp/environment/ament_prefix_path.sh
[5.824s] -- Installing: /home/samiksha/ros2_ws/install/task_controller_cpp/share/task_controller_cpp/environment/ament_prefix_path.dsv
[5.824s] -- Up-to-date: /home/samiksha/ros2_ws/install/task_controller_cpp/share/task_controller_cpp/environment/path.sh
[5.824s] -- Installing: /home/samiksha/ros2_ws/install/task_controller_cpp/share/task_controller_cpp/environment/path.dsv
[5.824s] -- Up-to-date: /home/samiksha/ros2_ws/install/task_controller_cpp/share/task_controller_cpp/local_setup.bash
[5.824s] -- Up-to-date: /home/samiksha/ros2_ws/install/task_controller_cpp/share/task_controller_cpp/local_setup.sh
[5.825s] -- Up-to-date: /home/samiksha/ros2_ws/install/task_controller_cpp/share/task_controller_cpp/local_setup.zsh
[5.825s] -- Installing: /home/samiksha/ros2_ws/install/task_controller_cpp/share/task_controller_cpp/local_setup.dsv
[5.825s] -- Installing: /home/samiksha/ros2_ws/install/task_controller_cpp/share/task_controller_cpp/package.dsv
[5.825s] -- Up-to-date: /home/samiksha/ros2_ws/install/task_controller_cpp/share/ament_index/resource_index/packages/task_controller_cpp
[5.825s] -- Up-to-date: /home/samiksha/ros2_ws/install/task_controller_cpp/share/task_controller_cpp/cmake/task_controller_cppConfig.cmake
[5.825s] -- Up-to-date: /home/samiksha/ros2_ws/install/task_controller_cpp/share/task_controller_cpp/cmake/task_controller_cppConfig-version.cmake
[5.825s] -- Installing: /home/samiksha/ros2_ws/install/task_controller_cpp/share/task_controller_cpp/package.xml
[5.826s] Invoked command in '/home/samiksha/ros2_ws/build/task_controller_cpp' returned '0': CMAKE_PREFIX_PATH=/home/samiksha/ros2_ws/install/turtlesim:/home/samiksha/ros2_ws/install/task_controller_cpp:/home/samiksha/ros2_ws/install/my_package:/home/samiksha/ros2_ws/install/task_controller:/opt/ros/humble /usr/bin/cmake --install /home/samiksha/ros2_ws/build/task_controller_cpp
