[0.188s] Invoking command in '/home/samiksha/ros2_ws2/build/learning_tf2_cpp': CMAKE_PREFIX_PATH=${CMAKE_PREFIX_PATH}:/home/samiksha/ros2_ws/install/task_controller:/home/samiksha/ros2_ws2/install/robo_descp:/home/samiksha/ros2_ws2/install/learning_tf2_py:/home/samiksha/ros2_ws2/install/launch_tutorial:/opt/ros/humble /usr/bin/cmake --build /home/samiksha/ros2_ws2/build/learning_tf2_cpp -- -j12 -l12
[0.542s] [ 16%] Built target fixed_frame_tf2_broadcaster
[0.542s] [ 41%] Built target turtle_tf2_listener_travel
[0.542s] [ 50%] Built target turtle_tf2_broadcaster
[0.542s] [ 83%] Built target turtle_tf2_listener_time
[0.542s] [ 83%] Built target turtle_tf2_listener
[0.542s] [100%] Built target static_turtle_tf2_broadcaster
[0.546s] Invoked command in '/home/samiksha/ros2_ws2/build/learning_tf2_cpp' returned '0': CMAKE_PREFIX_PATH=${CMAKE_PREFIX_PATH}:/home/samiksha/ros2_ws/install/task_controller:/home/samiksha/ros2_ws2/install/robo_descp:/home/samiksha/ros2_ws2/install/learning_tf2_py:/home/samiksha/ros2_ws2/install/launch_tutorial:/opt/ros/humble /usr/bin/cmake --build /home/samiksha/ros2_ws2/build/learning_tf2_cpp -- -j12 -l12
[0.553s] Invoking command in '/home/samiksha/ros2_ws2/build/learning_tf2_cpp': CMAKE_PREFIX_PATH=${CMAKE_PREFIX_PATH}:/home/samiksha/ros2_ws/install/task_controller:/home/samiksha/ros2_ws2/install/robo_descp:/home/samiksha/ros2_ws2/install/learning_tf2_py:/home/samiksha/ros2_ws2/install/launch_tutorial:/opt/ros/humble /usr/bin/cmake --install /home/samiksha/ros2_ws2/build/learning_tf2_cpp
[0.561s] -- Install configuration: ""
[0.561s] -- Up-to-date: /home/samiksha/ros2_ws2/install/learning_tf2_cpp/lib/learning_tf2_cpp/fixed_frame_tf2_broadcaster
[0.561s] -- Up-to-date: /home/samiksha/ros2_ws2/install/learning_tf2_cpp/lib/learning_tf2_cpp/static_turtle_tf2_broadcaster
[0.561s] -- Up-to-date: /home/samiksha/ros2_ws2/install/learning_tf2_cpp/lib/learning_tf2_cpp/turtle_tf2_broadcaster
[0.562s] -- Up-to-date: /home/samiksha/ros2_ws2/install/learning_tf2_cpp/lib/learning_tf2_cpp/turtle_tf2_listener
[0.562s] -- Up-to-date: /home/samiksha/ros2_ws2/install/learning_tf2_cpp/lib/learning_tf2_cpp/turtle_tf2_listener_time
[0.562s] -- Up-to-date: /home/samiksha/ros2_ws2/install/learning_tf2_cpp/lib/learning_tf2_cpp/turtle_tf2_listener_travel
[0.563s] -- Up-to-date: /home/samiksha/ros2_ws2/install/learning_tf2_cpp/share/learning_tf2_cpp/launch
[0.563s] -- Up-to-date: /home/samiksha/ros2_ws2/install/learning_tf2_cpp/share/learning_tf2_cpp/launch/tf2_listener_time.launch.py
[0.563s] -- Up-to-date: /home/samiksha/ros2_ws2/install/learning_tf2_cpp/share/learning_tf2_cpp/launch/turtle_tf2_demo.launch.py
[0.563s] -- Up-to-date: /home/samiksha/ros2_ws2/install/learning_tf2_cpp/share/learning_tf2_cpp/launch/turtle_tf2_fixed_frame_demo.launch.py
[0.563s] -- Up-to-date: /home/samiksha/ros2_ws2/install/learning_tf2_cpp/share/ament_index/resource_index/package_run_dependencies/learning_tf2_cpp
[0.564s] -- Up-to-date: /home/samiksha/ros2_ws2/install/learning_tf2_cpp/share/ament_index/resource_index/parent_prefix_path/learning_tf2_cpp
[0.564s] -- Up-to-date: /home/samiksha/ros2_ws2/install/learning_tf2_cpp/share/learning_tf2_cpp/environment/ament_prefix_path.sh
[0.564s] -- Up-to-date: /home/samiksha/ros2_ws2/install/learning_tf2_cpp/share/learning_tf2_cpp/environment/ament_prefix_path.dsv
[0.564s] -- Up-to-date: /home/samiksha/ros2_ws2/install/learning_tf2_cpp/share/learning_tf2_cpp/environment/path.sh
[0.564s] -- Up-to-date: /home/samiksha/ros2_ws2/install/learning_tf2_cpp/share/learning_tf2_cpp/environment/path.dsv
[0.565s] -- Up-to-date: /home/samiksha/ros2_ws2/install/learning_tf2_cpp/share/learning_tf2_cpp/local_setup.bash
[0.565s] -- Up-to-date: /home/samiksha/ros2_ws2/install/learning_tf2_cpp/share/learning_tf2_cpp/local_setup.sh
[0.565s] -- Up-to-date: /home/samiksha/ros2_ws2/install/learning_tf2_cpp/share/learning_tf2_cpp/local_setup.zsh
[0.565s] -- Up-to-date: /home/samiksha/ros2_ws2/install/learning_tf2_cpp/share/learning_tf2_cpp/local_setup.dsv
[0.566s] -- Installing: /home/samiksha/ros2_ws2/install/learning_tf2_cpp/share/learning_tf2_cpp/package.dsv
[0.566s] -- Up-to-date: /home/samiksha/ros2_ws2/install/learning_tf2_cpp/share/ament_index/resource_index/packages/learning_tf2_cpp
[0.566s] -- Up-to-date: /home/samiksha/ros2_ws2/install/learning_tf2_cpp/share/learning_tf2_cpp/cmake/learning_tf2_cppConfig.cmake
[0.566s] -- Up-to-date: /home/samiksha/ros2_ws2/install/learning_tf2_cpp/share/learning_tf2_cpp/cmake/learning_tf2_cppConfig-version.cmake
[0.566s] -- Up-to-date: /home/samiksha/ros2_ws2/install/learning_tf2_cpp/share/learning_tf2_cpp/package.xml
[0.577s] Invoked command in '/home/samiksha/ros2_ws2/build/learning_tf2_cpp' returned '0': CMAKE_PREFIX_PATH=${CMAKE_PREFIX_PATH}:/home/samiksha/ros2_ws/install/task_controller:/home/samiksha/ros2_ws2/install/robo_descp:/home/samiksha/ros2_ws2/install/learning_tf2_py:/home/samiksha/ros2_ws2/install/launch_tutorial:/opt/ros/humble /usr/bin/cmake --install /home/samiksha/ros2_ws2/build/learning_tf2_cpp
