[ 50%] Built target talker
[ 50%] Built target server_doc
[ 87%] Built target client_doc
[100%] Built target listener
-- Install configuration: ""
-- Execute custom install script
-- Up-to-date symlink: /home/samiksha/ros2_ws/install/my_package/lib/my_package/talker
-- Up-to-date symlink: /home/samiksha/ros2_ws/install/my_package/lib/my_package/listener
-- Up-to-date symlink: /home/samiksha/ros2_ws/install/my_package/lib/my_package/server_doc
-- Up-to-date symlink: /home/samiksha/ros2_ws/install/my_package/lib/my_package/client_doc
-- Up-to-date symlink: /home/samiksha/ros2_ws/install/my_package/share/ament_index/resource_index/package_run_dependencies/my_package
-- Up-to-date symlink: /home/samiksha/ros2_ws/install/my_package/share/ament_index/resource_index/parent_prefix_path/my_package
-- Up-to-date symlink: /home/samiksha/ros2_ws/install/my_package/share/my_package/environment/ament_prefix_path.sh
-- Up-to-date symlink: /home/samiksha/ros2_ws/install/my_package/share/my_package/environment/ament_prefix_path.dsv
-- Up-to-date symlink: /home/samiksha/ros2_ws/install/my_package/share/my_package/environment/path.sh
-- Up-to-date symlink: /home/samiksha/ros2_ws/install/my_package/share/my_package/environment/path.dsv
-- Up-to-date symlink: /home/samiksha/ros2_ws/install/my_package/share/my_package/local_setup.bash
-- Up-to-date symlink: /home/samiksha/ros2_ws/install/my_package/share/my_package/local_setup.sh
-- Up-to-date symlink: /home/samiksha/ros2_ws/install/my_package/share/my_package/local_setup.zsh
-- Up-to-date symlink: /home/samiksha/ros2_ws/install/my_package/share/my_package/local_setup.dsv
-- Symlinking: /home/samiksha/ros2_ws/install/my_package/share/my_package/package.dsv
-- Up-to-date symlink: /home/samiksha/ros2_ws/install/my_package/share/ament_index/resource_index/packages/my_package
-- Up-to-date symlink: /home/samiksha/ros2_ws/install/my_package/share/my_package/cmake/my_packageConfig.cmake
-- Up-to-date symlink: /home/samiksha/ros2_ws/install/my_package/share/my_package/cmake/my_packageConfig-version.cmake
-- Up-to-date symlink: /home/samiksha/ros2_ws/install/my_package/share/my_package/package.xml
