[0.546s] Invoking command in '/home/samiksha/ros2_ws2/build/rviz_plugin_tutorial': CMAKE_PREFIX_PATH=${CMAKE_PREFIX_PATH}:/home/samiksha/ros2_ws/install/task_controller:/home/samiksha/ros2_ws2/install/robo_descp:/home/samiksha/ros2_ws2/install/learning_tf2_py:/home/samiksha/ros2_ws2/install/launch_tutorial:/opt/ros/humble /usr/bin/cmake --build /home/samiksha/ros2_ws2/build/rviz_plugin_tutorial -- -j12 -l12
[0.568s] -- Found ament_cmake: 1.3.11 (/opt/ros/humble/share/ament_cmake/cmake)
[0.670s] -- Found ament_cmake_ros: 0.10.0 (/opt/ros/humble/share/ament_cmake_ros/cmake)
[0.674s] -- Found pluginlib: 5.1.0 (/opt/ros/humble/share/pluginlib/cmake)
[0.701s] -- Found rviz_common: 11.2.14 (/opt/ros/humble/share/rviz_common/cmake)
[0.717s] -- Setting assimp_DIR to: '/opt/ros/humble/share/rviz_assimp_vendor/cmake/../../../opt/rviz_assimp_vendor/lib/cmake/assimp-4.1'
[0.724s] -- Setting OGRE_DIR to: '/opt/ros/humble/share/rviz_ogre_vendor/cmake/../../../opt/rviz_ogre_vendor/lib/OGRE/cmake'
[0.725s] -- Found OGRE
[0.725s] --   static     : OFF
[0.725s] --   components : HLMS;MeshLodGenerator;Overlay;Paging;Property;RTShaderSystem;Terrain;Volume
[0.726s] --   plugins    : Plugin_BSPSceneManager;Plugin_OctreeSceneManager;Plugin_PCZSceneManager;Plugin_ParticleFX;RenderSystem_GL;RenderSystem_GL3Plus;Codec_STBI
[0.726s] --   media      : /opt/ros/humble/opt/rviz_ogre_vendor/share/OGRE/Media
[0.726s] -- OGRE_LIBRARIES: OgreHLMS;OgreMeshLodGenerator;OgreOverlay;OgrePaging;OgreProperty;OgreRTShaderSystem;OgreTerrain;OgreVolume;OgreMain
[0.726s] -- OGRE_LIBRARY_DIRS: /opt/ros/humble/opt/rviz_ogre_vendor/lib
[0.726s] -- OGRE_PLUGINS: Plugin_BSPSceneManager;Plugin_OctreeSceneManager;Plugin_PCZSceneManager;Plugin_ParticleFX;RenderSystem_GL;RenderSystem_GL3Plus;Codec_STBI
[0.726s] -- OGRE_PLUGIN_DIR: /opt/ros/humble/opt/rviz_ogre_vendor/lib/OGRE
[0.726s] -- rviz_ogre_vendor::OgreOverlay for IMPORTED_LOCATION_RELEASE: /opt/ros/humble/opt/rviz_ogre_vendor/lib/libOgreOverlay.so
[0.726s] -- rviz_ogre_vendor::OgreOverlay for IMPORTED_LOCATION_DEBUG: /opt/ros/humble/opt/rviz_ogre_vendor/lib/libOgreOverlay.so
[0.726s] -- rviz_ogre_vendor::OgreMain for IMPORTED_LOCATION_RELEASE: /opt/ros/humble/opt/rviz_ogre_vendor/lib/libOgreMain.so
[0.726s] -- rviz_ogre_vendor::OgreMain for IMPORTED_LOCATION_DEBUG: /opt/ros/humble/opt/rviz_ogre_vendor/lib/libOgreMain.so
[0.742s] -- Found ZLIB: /usr/lib/x86_64-linux-gnu/libz.so (found version "1.2.11") 
[0.746s] -- Found OpenGL: /usr/lib/x86_64-linux-gnu/libOpenGL.so   
[0.823s] -- Found X11: /usr/include   
[0.823s] -- Looking for XOpenDisplay in /usr/lib/x86_64-linux-gnu/libX11.so;/usr/lib/x86_64-linux-gnu/libXext.so
[0.893s] -- Looking for XOpenDisplay in /usr/lib/x86_64-linux-gnu/libX11.so;/usr/lib/x86_64-linux-gnu/libXext.so - found
[0.893s] -- Looking for gethostbyname
[0.957s] -- Looking for gethostbyname - found
[0.957s] -- Looking for connect
[1.023s] -- Looking for connect - found
[1.023s] -- Looking for remove
[1.083s] -- Looking for remove - found
[1.083s] -- Looking for shmat
[1.134s] -- Looking for shmat - found
[1.134s] -- Looking for IceConnectionNumber in ICE
[1.188s] -- Looking for IceConnectionNumber in ICE - found
[1.251s] -- library: /usr/lib/x86_64-linux-gnu/libcurl.so
[1.263s] -- Found rosidl_generator_c: 3.1.6 (/opt/ros/humble/share/rosidl_generator_c/cmake)
[1.265s] -- Found rosidl_adapter: 3.1.6 (/opt/ros/humble/share/rosidl_adapter/cmake)
[1.268s] -- Found rosidl_generator_cpp: 3.1.6 (/opt/ros/humble/share/rosidl_generator_cpp/cmake)
[1.273s] -- Using all available rosidl_typesupport_c: rosidl_typesupport_fastrtps_c;rosidl_typesupport_introspection_c
[1.279s] -- Using all available rosidl_typesupport_cpp: rosidl_typesupport_fastrtps_cpp;rosidl_typesupport_introspection_cpp
[1.322s] -- Found rmw_implementation_cmake: 6.1.2 (/opt/ros/humble/share/rmw_implementation_cmake/cmake)
[1.324s] -- Found rmw_fastrtps_cpp: 6.2.7 (/opt/ros/humble/share/rmw_fastrtps_cpp/cmake)
[1.338s] -- Found TinyXML2 via Config file: TinyXML2_DIR-NOTFOUND
[1.382s] -- Found OpenSSL: /usr/lib/x86_64-linux-gnu/libcrypto.so (found version "3.0.2")  
[1.384s] -- Found TinyXML2 via Config file: TinyXML2_DIR-NOTFOUND
[1.393s] -- Found FastRTPS: /opt/ros/humble/include  
[1.396s] -- Found TinyXML2 via Config file: TinyXML2_DIR-NOTFOUND
[1.403s] -- Found TinyXML2 via Config file: TinyXML2_DIR-NOTFOUND
[1.413s] -- Using RMW implementation 'rmw_fastrtps_cpp' as default
[1.420s] -- Looking for pthread.h
[1.474s] -- Looking for pthread.h - found
[1.474s] -- Performing Test CMAKE_HAVE_LIBC_PTHREAD
[1.530s] -- Performing Test CMAKE_HAVE_LIBC_PTHREAD - Success
[1.531s] -- Found Threads: TRUE  
[1.577s] -- Found Eigen3: TRUE (found version "3.4.0") 
[1.577s] -- Ensuring Eigen3 include directory is part of orocos-kdl CMake target
[1.647s] -- Configuring incomplete, errors occurred!
[1.647s] See also "/home/samiksha/ros2_ws2/build/rviz_plugin_tutorial/CMakeFiles/CMakeOutput.log".
[1.647s] [31mCMake Error at CMakeLists.txt:13 (find_package):
[1.647s]   By not providing "Findrviz_plugin_tutorial_msgs.cmake" in CMAKE_MODULE_PATH
[1.647s]   this project has asked CMake to find a package configuration file provided
[1.647s]   by "rviz_plugin_tutorial_msgs", but CMake did not find one.
[1.647s] 
[1.647s]   Could not find a package configuration file provided by
[1.647s]   "rviz_plugin_tutorial_msgs" with any of the following names:
[1.647s] 
[1.647s]     rviz_plugin_tutorial_msgsConfig.cmake
[1.647s]     rviz_plugin_tutorial_msgs-config.cmake
[1.647s] 
[1.647s]   Add the installation prefix of "rviz_plugin_tutorial_msgs" to
[1.647s]   CMAKE_PREFIX_PATH or set "rviz_plugin_tutorial_msgs_DIR" to a directory
[1.647s]   containing one of the above files.  If "rviz_plugin_tutorial_msgs" provides
[1.647s]   a separate development package or SDK, be sure it has been installed.
[1.647s] 
[1.647s] [0m
[1.652s] gmake: *** [Makefile:747: cmake_check_build_system] Error 1
[1.654s] Invoked command in '/home/samiksha/ros2_ws2/build/rviz_plugin_tutorial' returned '2': CMAKE_PREFIX_PATH=${CMAKE_PREFIX_PATH}:/home/samiksha/ros2_ws/install/task_controller:/home/samiksha/ros2_ws2/install/robo_descp:/home/samiksha/ros2_ws2/install/learning_tf2_py:/home/samiksha/ros2_ws2/install/launch_tutorial:/opt/ros/humble /usr/bin/cmake --build /home/samiksha/ros2_ws2/build/rviz_plugin_tutorial -- -j12 -l12
