[35m[1mConsolidate compiler generated dependencies of target turtle_tf2_listener_time[0m
[35m[1mConsolidate compiler generated dependencies of target turtle_tf2_listener_travel[0m
[35m[1mConsolidate compiler generated dependencies of target fixed_frame_tf2_broadcaster[0m
[35m[1mConsolidate compiler generated dependencies of target static_turtle_tf2_broadcaster[0m
[35m[1mConsolidate compiler generated dependencies of target turtle_tf2_broadcaster[0m
[35m[1mConsolidate compiler generated dependencies of target turtle_tf2_listener[0m
[ 16%] Built target turtle_tf2_listener_travel
[ 33%] Built target turtle_tf2_listener_time
[ 50%] Built target fixed_frame_tf2_broadcaster
[ 66%] Built target turtle_tf2_listener
[100%] Built target static_turtle_tf2_broadcaster
[100%] Built target turtle_tf2_broadcaster
-- Install configuration: ""
-- Installing: /home/samiksha/ros2_ws2/install/learning_tf2_cpp/lib/learning_tf2_cpp/fixed_frame_tf2_broadcaster
-- Set runtime path of "/home/samiksha/ros2_ws2/install/learning_tf2_cpp/lib/learning_tf2_cpp/fixed_frame_tf2_broadcaster" to ""
-- Installing: /home/samiksha/ros2_ws2/install/learning_tf2_cpp/lib/learning_tf2_cpp/static_turtle_tf2_broadcaster
-- Set runtime path of "/home/samiksha/ros2_ws2/install/learning_tf2_cpp/lib/learning_tf2_cpp/static_turtle_tf2_broadcaster" to ""
-- Installing: /home/samiksha/ros2_ws2/install/learning_tf2_cpp/lib/learning_tf2_cpp/turtle_tf2_broadcaster
-- Set runtime path of "/home/samiksha/ros2_ws2/install/learning_tf2_cpp/lib/learning_tf2_cpp/turtle_tf2_broadcaster" to ""
-- Installing: /home/samiksha/ros2_ws2/install/learning_tf2_cpp/lib/learning_tf2_cpp/turtle_tf2_listener
-- Set runtime path of "/home/samiksha/ros2_ws2/install/learning_tf2_cpp/lib/learning_tf2_cpp/turtle_tf2_listener" to ""
-- Installing: /home/samiksha/ros2_ws2/install/learning_tf2_cpp/lib/learning_tf2_cpp/turtle_tf2_listener_time
-- Set runtime path of "/home/samiksha/ros2_ws2/install/learning_tf2_cpp/lib/learning_tf2_cpp/turtle_tf2_listener_time" to ""
-- Installing: /home/samiksha/ros2_ws2/install/learning_tf2_cpp/lib/learning_tf2_cpp/turtle_tf2_listener_travel
-- Set runtime path of "/home/samiksha/ros2_ws2/install/learning_tf2_cpp/lib/learning_tf2_cpp/turtle_tf2_listener_travel" to ""
-- Installing: /home/samiksha/ros2_ws2/install/learning_tf2_cpp/share/learning_tf2_cpp/launch
-- Installing: /home/samiksha/ros2_ws2/install/learning_tf2_cpp/share/learning_tf2_cpp/launch/tf2_listener_time.launch.py
-- Installing: /home/samiksha/ros2_ws2/install/learning_tf2_cpp/share/learning_tf2_cpp/launch/turtle_tf2_demo.launch.py
-- Installing: /home/samiksha/ros2_ws2/install/learning_tf2_cpp/share/learning_tf2_cpp/launch/turtle_tf2_fixed_frame_demo.launch.py
-- Installing: /home/samiksha/ros2_ws2/install/learning_tf2_cpp/share/ament_index/resource_index/package_run_dependencies/learning_tf2_cpp
-- Installing: /home/samiksha/ros2_ws2/install/learning_tf2_cpp/share/ament_index/resource_index/parent_prefix_path/learning_tf2_cpp
-- Installing: /home/samiksha/ros2_ws2/install/learning_tf2_cpp/share/learning_tf2_cpp/environment/ament_prefix_path.sh
-- Installing: /home/samiksha/ros2_ws2/install/learning_tf2_cpp/share/learning_tf2_cpp/environment/ament_prefix_path.dsv
-- Installing: /home/samiksha/ros2_ws2/install/learning_tf2_cpp/share/learning_tf2_cpp/environment/path.sh
-- Installing: /home/samiksha/ros2_ws2/install/learning_tf2_cpp/share/learning_tf2_cpp/environment/path.dsv
-- Installing: /home/samiksha/ros2_ws2/install/learning_tf2_cpp/share/learning_tf2_cpp/local_setup.bash
-- Installing: /home/samiksha/ros2_ws2/install/learning_tf2_cpp/share/learning_tf2_cpp/local_setup.sh
-- Installing: /home/samiksha/ros2_ws2/install/learning_tf2_cpp/share/learning_tf2_cpp/local_setup.zsh
-- Installing: /home/samiksha/ros2_ws2/install/learning_tf2_cpp/share/learning_tf2_cpp/local_setup.dsv
-- Installing: /home/samiksha/ros2_ws2/install/learning_tf2_cpp/share/learning_tf2_cpp/package.dsv
-- Installing: /home/samiksha/ros2_ws2/install/learning_tf2_cpp/share/ament_index/resource_index/packages/learning_tf2_cpp
-- Installing: /home/samiksha/ros2_ws2/install/learning_tf2_cpp/share/learning_tf2_cpp/cmake/learning_tf2_cppConfig.cmake
-- Installing: /home/samiksha/ros2_ws2/install/learning_tf2_cpp/share/learning_tf2_cpp/cmake/learning_tf2_cppConfig-version.cmake
-- Installing: /home/samiksha/ros2_ws2/install/learning_tf2_cpp/share/learning_tf2_cpp/package.xml
