[0.068s] DEBUG:colcon:Command line arguments: ['/usr/bin/colcon', 'build']
[0.068s] DEBUG:colcon:Parsed command line arguments: Namespace(log_base=None, log_level=None, verb_name='build', build_base='build', install_base='install', merge_install=False, symlink_install=False, test_result_base=None, continue_on_error=False, executor='parallel', parallel_workers=12, event_handlers=None, ignore_user_meta=False, metas=['./colcon.meta'], base_paths=['.'], packages_ignore=None, packages_ignore_regex=None, paths=None, packages_up_to=None, packages_up_to_regex=None, packages_above=None, packages_above_and_dependencies=None, packages_above_depth=None, packages_select_by_dep=None, packages_skip_by_dep=None, packages_skip_up_to=None, packages_select_build_failed=False, packages_skip_build_finished=False, packages_select_test_failures=False, packages_skip_test_passed=False, packages_select=None, packages_skip=None, packages_select_regex=None, packages_skip_regex=None, packages_start=None, packages_end=None, allow_overriding=[], cmake_args=None, cmake_target=None, cmake_target_skip_unavailable=False, cmake_clean_cache=False, cmake_clean_first=False, cmake_force_configure=False, ament_cmake_args=None, catkin_cmake_args=None, catkin_skip_building_tests=False, mixin_files=None, mixin=None, verb_parser=<colcon_mixin.mixin.mixin_argument.MixinArgumentDecorator object at 0x7939f45901f0>, verb_extension=<colcon_core.verb.build.BuildVerb object at 0x7939f4511720>, main=<bound method BuildVerb.main of <colcon_core.verb.build.BuildVerb object at 0x7939f4511720>>, mixin_verb=('build',))
[0.179s] Level 1:colcon.colcon_core.package_discovery:discover_packages(colcon_meta) check parameters
[0.179s] Level 1:colcon.colcon_core.package_discovery:discover_packages(recursive) check parameters
[0.179s] Level 1:colcon.colcon_core.package_discovery:discover_packages(ignore) check parameters
[0.179s] Level 1:colcon.colcon_core.package_discovery:discover_packages(path) check parameters
[0.179s] Level 1:colcon.colcon_core.package_discovery:discover_packages(colcon_meta) discover
[0.179s] Level 1:colcon.colcon_core.package_discovery:discover_packages(recursive) discover
[0.179s] INFO:colcon.colcon_core.package_discovery:Crawling recursively for packages in '/home/samiksha/ros2_ws2'
[0.179s] Level 1:colcon.colcon_core.package_identification:_identify(.) by extensions ['ignore', 'ignore_ament_install']
[0.179s] Level 1:colcon.colcon_core.package_identification:_identify(.) by extension 'ignore'
[0.179s] Level 1:colcon.colcon_core.package_identification:_identify(.) by extension 'ignore_ament_install'
[0.179s] Level 1:colcon.colcon_core.package_identification:_identify(.) by extensions ['colcon_pkg']
[0.179s] Level 1:colcon.colcon_core.package_identification:_identify(.) by extension 'colcon_pkg'
[0.179s] Level 1:colcon.colcon_core.package_identification:_identify(.) by extensions ['colcon_meta']
[0.179s] Level 1:colcon.colcon_core.package_identification:_identify(.) by extension 'colcon_meta'
[0.179s] Level 1:colcon.colcon_core.package_identification:_identify(.) by extensions ['ros']
[0.179s] Level 1:colcon.colcon_core.package_identification:_identify(.) by extension 'ros'
[0.186s] Level 1:colcon.colcon_core.package_identification:_identify(.) by extensions ['cmake', 'python']
[0.186s] Level 1:colcon.colcon_core.package_identification:_identify(.) by extension 'cmake'
[0.186s] Level 1:colcon.colcon_core.package_identification:_identify(.) by extension 'python'
[0.186s] Level 1:colcon.colcon_core.package_identification:_identify(.) by extensions ['python_setup_py']
[0.186s] Level 1:colcon.colcon_core.package_identification:_identify(.) by extension 'python_setup_py'
[0.186s] Level 1:colcon.colcon_core.package_identification:_identify(build) by extensions ['ignore', 'ignore_ament_install']
[0.186s] Level 1:colcon.colcon_core.package_identification:_identify(build) by extension 'ignore'
[0.186s] Level 1:colcon.colcon_core.package_identification:_identify(build) ignored
[0.186s] Level 1:colcon.colcon_core.package_identification:_identify(install) by extensions ['ignore', 'ignore_ament_install']
[0.186s] Level 1:colcon.colcon_core.package_identification:_identify(install) by extension 'ignore'
[0.186s] Level 1:colcon.colcon_core.package_identification:_identify(install) ignored
[0.186s] Level 1:colcon.colcon_core.package_identification:_identify(log) by extensions ['ignore', 'ignore_ament_install']
[0.186s] Level 1:colcon.colcon_core.package_identification:_identify(log) by extension 'ignore'
[0.186s] Level 1:colcon.colcon_core.package_identification:_identify(log) ignored
[0.186s] Level 1:colcon.colcon_core.package_identification:_identify(src) by extensions ['ignore', 'ignore_ament_install']
[0.186s] Level 1:colcon.colcon_core.package_identification:_identify(src) by extension 'ignore'
[0.186s] Level 1:colcon.colcon_core.package_identification:_identify(src) by extension 'ignore_ament_install'
[0.186s] Level 1:colcon.colcon_core.package_identification:_identify(src) by extensions ['colcon_pkg']
[0.186s] Level 1:colcon.colcon_core.package_identification:_identify(src) by extension 'colcon_pkg'
[0.186s] Level 1:colcon.colcon_core.package_identification:_identify(src) by extensions ['colcon_meta']
[0.186s] Level 1:colcon.colcon_core.package_identification:_identify(src) by extension 'colcon_meta'
[0.186s] Level 1:colcon.colcon_core.package_identification:_identify(src) by extensions ['ros']
[0.186s] Level 1:colcon.colcon_core.package_identification:_identify(src) by extension 'ros'
[0.186s] Level 1:colcon.colcon_core.package_identification:_identify(src) by extensions ['cmake', 'python']
[0.186s] Level 1:colcon.colcon_core.package_identification:_identify(src) by extension 'cmake'
[0.186s] Level 1:colcon.colcon_core.package_identification:_identify(src) by extension 'python'
[0.187s] Level 1:colcon.colcon_core.package_identification:_identify(src) by extensions ['python_setup_py']
[0.187s] Level 1:colcon.colcon_core.package_identification:_identify(src) by extension 'python_setup_py'
[0.187s] Level 1:colcon.colcon_core.package_identification:_identify(src/launch_tutorial) by extensions ['ignore', 'ignore_ament_install']
[0.187s] Level 1:colcon.colcon_core.package_identification:_identify(src/launch_tutorial) by extension 'ignore'
[0.187s] Level 1:colcon.colcon_core.package_identification:_identify(src/launch_tutorial) by extension 'ignore_ament_install'
[0.187s] Level 1:colcon.colcon_core.package_identification:_identify(src/launch_tutorial) by extensions ['colcon_pkg']
[0.187s] Level 1:colcon.colcon_core.package_identification:_identify(src/launch_tutorial) by extension 'colcon_pkg'
[0.187s] Level 1:colcon.colcon_core.package_identification:_identify(src/launch_tutorial) by extensions ['colcon_meta']
[0.187s] Level 1:colcon.colcon_core.package_identification:_identify(src/launch_tutorial) by extension 'colcon_meta'
[0.187s] Level 1:colcon.colcon_core.package_identification:_identify(src/launch_tutorial) by extensions ['ros']
[0.187s] Level 1:colcon.colcon_core.package_identification:_identify(src/launch_tutorial) by extension 'ros'
[0.188s] DEBUG:colcon.colcon_core.package_identification:Package 'src/launch_tutorial' with type 'ros.ament_python' and name 'launch_tutorial'
[0.188s] Level 1:colcon.colcon_core.package_identification:_identify(src/learning_tf2_cpp) by extensions ['ignore', 'ignore_ament_install']
[0.188s] Level 1:colcon.colcon_core.package_identification:_identify(src/learning_tf2_cpp) by extension 'ignore'
[0.188s] Level 1:colcon.colcon_core.package_identification:_identify(src/learning_tf2_cpp) by extension 'ignore_ament_install'
[0.188s] Level 1:colcon.colcon_core.package_identification:_identify(src/learning_tf2_cpp) by extensions ['colcon_pkg']
[0.188s] Level 1:colcon.colcon_core.package_identification:_identify(src/learning_tf2_cpp) by extension 'colcon_pkg'
[0.188s] Level 1:colcon.colcon_core.package_identification:_identify(src/learning_tf2_cpp) by extensions ['colcon_meta']
[0.188s] Level 1:colcon.colcon_core.package_identification:_identify(src/learning_tf2_cpp) by extension 'colcon_meta'
[0.188s] Level 1:colcon.colcon_core.package_identification:_identify(src/learning_tf2_cpp) by extensions ['ros']
[0.188s] Level 1:colcon.colcon_core.package_identification:_identify(src/learning_tf2_cpp) by extension 'ros'
[0.189s] DEBUG:colcon.colcon_core.package_identification:Package 'src/learning_tf2_cpp' with type 'ros.ament_cmake' and name 'learning_tf2_cpp'
[0.189s] Level 1:colcon.colcon_core.package_identification:_identify(src/learning_tf2_py) by extensions ['ignore', 'ignore_ament_install']
[0.189s] Level 1:colcon.colcon_core.package_identification:_identify(src/learning_tf2_py) by extension 'ignore'
[0.189s] Level 1:colcon.colcon_core.package_identification:_identify(src/learning_tf2_py) by extension 'ignore_ament_install'
[0.189s] Level 1:colcon.colcon_core.package_identification:_identify(src/learning_tf2_py) by extensions ['colcon_pkg']
[0.189s] Level 1:colcon.colcon_core.package_identification:_identify(src/learning_tf2_py) by extension 'colcon_pkg'
[0.189s] Level 1:colcon.colcon_core.package_identification:_identify(src/learning_tf2_py) by extensions ['colcon_meta']
[0.189s] Level 1:colcon.colcon_core.package_identification:_identify(src/learning_tf2_py) by extension 'colcon_meta'
[0.189s] Level 1:colcon.colcon_core.package_identification:_identify(src/learning_tf2_py) by extensions ['ros']
[0.189s] Level 1:colcon.colcon_core.package_identification:_identify(src/learning_tf2_py) by extension 'ros'
[0.189s] DEBUG:colcon.colcon_core.package_identification:Package 'src/learning_tf2_py' with type 'ros.ament_python' and name 'learning_tf2_py'
[0.189s] Level 1:colcon.colcon_core.package_identification:_identify(src/my_urdf_package) by extensions ['ignore', 'ignore_ament_install']
[0.190s] Level 1:colcon.colcon_core.package_identification:_identify(src/my_urdf_package) by extension 'ignore'
[0.190s] Level 1:colcon.colcon_core.package_identification:_identify(src/my_urdf_package) by extension 'ignore_ament_install'
[0.190s] Level 1:colcon.colcon_core.package_identification:_identify(src/my_urdf_package) by extensions ['colcon_pkg']
[0.190s] Level 1:colcon.colcon_core.package_identification:_identify(src/my_urdf_package) by extension 'colcon_pkg'
[0.190s] Level 1:colcon.colcon_core.package_identification:_identify(src/my_urdf_package) by extensions ['colcon_meta']
[0.190s] Level 1:colcon.colcon_core.package_identification:_identify(src/my_urdf_package) by extension 'colcon_meta'
[0.190s] Level 1:colcon.colcon_core.package_identification:_identify(src/my_urdf_package) by extensions ['ros']
[0.190s] Level 1:colcon.colcon_core.package_identification:_identify(src/my_urdf_package) by extension 'ros'
[0.190s] DEBUG:colcon.colcon_core.package_identification:Package 'src/my_urdf_package' with type 'ros.ament_cmake' and name 'my_urdf_package'
[0.190s] Level 1:colcon.colcon_core.package_identification:_identify(src/robo_descp) by extensions ['ignore', 'ignore_ament_install']
[0.190s] Level 1:colcon.colcon_core.package_identification:_identify(src/robo_descp) by extension 'ignore'
[0.190s] Level 1:colcon.colcon_core.package_identification:_identify(src/robo_descp) by extension 'ignore_ament_install'
[0.190s] Level 1:colcon.colcon_core.package_identification:_identify(src/robo_descp) by extensions ['colcon_pkg']
[0.190s] Level 1:colcon.colcon_core.package_identification:_identify(src/robo_descp) by extension 'colcon_pkg'
[0.190s] Level 1:colcon.colcon_core.package_identification:_identify(src/robo_descp) by extensions ['colcon_meta']
[0.190s] Level 1:colcon.colcon_core.package_identification:_identify(src/robo_descp) by extension 'colcon_meta'
[0.190s] Level 1:colcon.colcon_core.package_identification:_identify(src/robo_descp) by extensions ['ros']
[0.190s] Level 1:colcon.colcon_core.package_identification:_identify(src/robo_descp) by extension 'ros'
[0.190s] DEBUG:colcon.colcon_core.package_identification:Package 'src/robo_descp' with type 'ros.ament_python' and name 'robo_descp'
[0.191s] Level 1:colcon.colcon_core.package_identification:_identify(src/rviz_plugin_tutorial) by extensions ['ignore', 'ignore_ament_install']
[0.191s] Level 1:colcon.colcon_core.package_identification:_identify(src/rviz_plugin_tutorial) by extension 'ignore'
[0.191s] Level 1:colcon.colcon_core.package_identification:_identify(src/rviz_plugin_tutorial) by extension 'ignore_ament_install'
[0.191s] Level 1:colcon.colcon_core.package_identification:_identify(src/rviz_plugin_tutorial) by extensions ['colcon_pkg']
[0.191s] Level 1:colcon.colcon_core.package_identification:_identify(src/rviz_plugin_tutorial) by extension 'colcon_pkg'
[0.191s] Level 1:colcon.colcon_core.package_identification:_identify(src/rviz_plugin_tutorial) by extensions ['colcon_meta']
[0.191s] Level 1:colcon.colcon_core.package_identification:_identify(src/rviz_plugin_tutorial) by extension 'colcon_meta'
[0.191s] Level 1:colcon.colcon_core.package_identification:_identify(src/rviz_plugin_tutorial) by extensions ['ros']
[0.191s] Level 1:colcon.colcon_core.package_identification:_identify(src/rviz_plugin_tutorial) by extension 'ros'
[0.191s] DEBUG:colcon.colcon_core.package_identification:Package 'src/rviz_plugin_tutorial' with type 'ros.ament_cmake' and name 'rviz_plugin_tutorial'
[0.191s] Level 1:colcon.colcon_core.package_discovery:discover_packages(recursive) using defaults
[0.191s] Level 1:colcon.colcon_core.package_discovery:discover_packages(ignore) discover
[0.191s] Level 1:colcon.colcon_core.package_discovery:discover_packages(ignore) using defaults
[0.191s] Level 1:colcon.colcon_core.package_discovery:discover_packages(path) discover
[0.191s] Level 1:colcon.colcon_core.package_discovery:discover_packages(path) using defaults
[0.203s] Level 1:colcon.colcon_core.package_discovery:discover_packages(prefix_path) check parameters
[0.203s] Level 1:colcon.colcon_core.package_discovery:discover_packages(prefix_path) discover
[0.204s] WARNING:colcon.colcon_ros.prefix_path.ament:The path '/home/samiksha/ros2_ws2/install/robo_descp' in the environment variable AMENT_PREFIX_PATH doesn't exist
[0.204s] WARNING:colcon.colcon_ros.prefix_path.ament:The path '/home/samiksha/ros2_ws2/install/my_urdf_package' in the environment variable AMENT_PREFIX_PATH doesn't exist
[0.204s] WARNING:colcon.colcon_ros.prefix_path.ament:The path '/home/samiksha/ros2_ws2/install/learning_tf2_py' in the environment variable AMENT_PREFIX_PATH doesn't exist
[0.204s] WARNING:colcon.colcon_ros.prefix_path.ament:The path '/home/samiksha/ros2_ws2/install/learning_tf2_cpp' in the environment variable AMENT_PREFIX_PATH doesn't exist
[0.204s] WARNING:colcon.colcon_ros.prefix_path.ament:The path '/home/samiksha/ros2_ws2/install/launch_tutorial' in the environment variable AMENT_PREFIX_PATH doesn't exist
[0.204s] WARNING:colcon.colcon_ros.prefix_path.catkin:The path '/home/samiksha/ros2_ws2/install/my_urdf_package' in the environment variable CMAKE_PREFIX_PATH doesn't exist
[0.204s] WARNING:colcon.colcon_ros.prefix_path.catkin:The path '/home/samiksha/ros2_ws2/install/learning_tf2_cpp' in the environment variable CMAKE_PREFIX_PATH doesn't exist
[0.204s] DEBUG:colcon.colcon_installed_package_information.package_discovery:Found 3 installed packages in /home/samiksha/ros2_ws/install
[0.204s] DEBUG:colcon.colcon_installed_package_information.package_discovery:Found 0 installed packages in /home/samiksha/ros2_ws2/install
[0.205s] DEBUG:colcon.colcon_installed_package_information.package_discovery:Found 313 installed packages in /opt/ros/humble
[0.206s] Level 1:colcon.colcon_core.package_discovery:discover_packages(prefix_path) using defaults
[0.227s] Level 5:colcon.colcon_core.verb:set package 'launch_tutorial' build argument 'cmake_args' from command line to 'None'
[0.227s] Level 5:colcon.colcon_core.verb:set package 'launch_tutorial' build argument 'cmake_target' from command line to 'None'
[0.227s] Level 5:colcon.colcon_core.verb:set package 'launch_tutorial' build argument 'cmake_target_skip_unavailable' from command line to 'False'
[0.227s] Level 5:colcon.colcon_core.verb:set package 'launch_tutorial' build argument 'cmake_clean_cache' from command line to 'False'
[0.227s] Level 5:colcon.colcon_core.verb:set package 'launch_tutorial' build argument 'cmake_clean_first' from command line to 'False'
[0.227s] Level 5:colcon.colcon_core.verb:set package 'launch_tutorial' build argument 'cmake_force_configure' from command line to 'False'
[0.227s] Level 5:colcon.colcon_core.verb:set package 'launch_tutorial' build argument 'ament_cmake_args' from command line to 'None'
[0.227s] Level 5:colcon.colcon_core.verb:set package 'launch_tutorial' build argument 'catkin_cmake_args' from command line to 'None'
[0.227s] Level 5:colcon.colcon_core.verb:set package 'launch_tutorial' build argument 'catkin_skip_building_tests' from command line to 'False'
[0.227s] DEBUG:colcon.colcon_core.verb:Building package 'launch_tutorial' with the following arguments: {'ament_cmake_args': None, 'build_base': '/home/samiksha/ros2_ws2/build/launch_tutorial', 'catkin_cmake_args': None, 'catkin_skip_building_tests': False, 'cmake_args': None, 'cmake_clean_cache': False, 'cmake_clean_first': False, 'cmake_force_configure': False, 'cmake_target': None, 'cmake_target_skip_unavailable': False, 'install_base': '/home/samiksha/ros2_ws2/install/launch_tutorial', 'merge_install': False, 'path': '/home/samiksha/ros2_ws2/src/launch_tutorial', 'symlink_install': False, 'test_result_base': None}
[0.227s] Level 5:colcon.colcon_core.verb:set package 'learning_tf2_cpp' build argument 'cmake_args' from command line to 'None'
[0.227s] Level 5:colcon.colcon_core.verb:set package 'learning_tf2_cpp' build argument 'cmake_target' from command line to 'None'
[0.227s] Level 5:colcon.colcon_core.verb:set package 'learning_tf2_cpp' build argument 'cmake_target_skip_unavailable' from command line to 'False'
[0.227s] Level 5:colcon.colcon_core.verb:set package 'learning_tf2_cpp' build argument 'cmake_clean_cache' from command line to 'False'
[0.227s] Level 5:colcon.colcon_core.verb:set package 'learning_tf2_cpp' build argument 'cmake_clean_first' from command line to 'False'
[0.227s] Level 5:colcon.colcon_core.verb:set package 'learning_tf2_cpp' build argument 'cmake_force_configure' from command line to 'False'
[0.227s] Level 5:colcon.colcon_core.verb:set package 'learning_tf2_cpp' build argument 'ament_cmake_args' from command line to 'None'
[0.227s] Level 5:colcon.colcon_core.verb:set package 'learning_tf2_cpp' build argument 'catkin_cmake_args' from command line to 'None'
[0.227s] Level 5:colcon.colcon_core.verb:set package 'learning_tf2_cpp' build argument 'catkin_skip_building_tests' from command line to 'False'
[0.227s] DEBUG:colcon.colcon_core.verb:Building package 'learning_tf2_cpp' with the following arguments: {'ament_cmake_args': None, 'build_base': '/home/samiksha/ros2_ws2/build/learning_tf2_cpp', 'catkin_cmake_args': None, 'catkin_skip_building_tests': False, 'cmake_args': None, 'cmake_clean_cache': False, 'cmake_clean_first': False, 'cmake_force_configure': False, 'cmake_target': None, 'cmake_target_skip_unavailable': False, 'install_base': '/home/samiksha/ros2_ws2/install/learning_tf2_cpp', 'merge_install': False, 'path': '/home/samiksha/ros2_ws2/src/learning_tf2_cpp', 'symlink_install': False, 'test_result_base': None}
[0.227s] Level 5:colcon.colcon_core.verb:set package 'learning_tf2_py' build argument 'cmake_args' from command line to 'None'
[0.227s] Level 5:colcon.colcon_core.verb:set package 'learning_tf2_py' build argument 'cmake_target' from command line to 'None'
[0.227s] Level 5:colcon.colcon_core.verb:set package 'learning_tf2_py' build argument 'cmake_target_skip_unavailable' from command line to 'False'
[0.227s] Level 5:colcon.colcon_core.verb:set package 'learning_tf2_py' build argument 'cmake_clean_cache' from command line to 'False'
[0.227s] Level 5:colcon.colcon_core.verb:set package 'learning_tf2_py' build argument 'cmake_clean_first' from command line to 'False'
[0.227s] Level 5:colcon.colcon_core.verb:set package 'learning_tf2_py' build argument 'cmake_force_configure' from command line to 'False'
[0.227s] Level 5:colcon.colcon_core.verb:set package 'learning_tf2_py' build argument 'ament_cmake_args' from command line to 'None'
[0.227s] Level 5:colcon.colcon_core.verb:set package 'learning_tf2_py' build argument 'catkin_cmake_args' from command line to 'None'
[0.227s] Level 5:colcon.colcon_core.verb:set package 'learning_tf2_py' build argument 'catkin_skip_building_tests' from command line to 'False'
[0.227s] DEBUG:colcon.colcon_core.verb:Building package 'learning_tf2_py' with the following arguments: {'ament_cmake_args': None, 'build_base': '/home/samiksha/ros2_ws2/build/learning_tf2_py', 'catkin_cmake_args': None, 'catkin_skip_building_tests': False, 'cmake_args': None, 'cmake_clean_cache': False, 'cmake_clean_first': False, 'cmake_force_configure': False, 'cmake_target': None, 'cmake_target_skip_unavailable': False, 'install_base': '/home/samiksha/ros2_ws2/install/learning_tf2_py', 'merge_install': False, 'path': '/home/samiksha/ros2_ws2/src/learning_tf2_py', 'symlink_install': False, 'test_result_base': None}
[0.228s] Level 5:colcon.colcon_core.verb:set package 'my_urdf_package' build argument 'cmake_args' from command line to 'None'
[0.228s] Level 5:colcon.colcon_core.verb:set package 'my_urdf_package' build argument 'cmake_target' from command line to 'None'
[0.228s] Level 5:colcon.colcon_core.verb:set package 'my_urdf_package' build argument 'cmake_target_skip_unavailable' from command line to 'False'
[0.228s] Level 5:colcon.colcon_core.verb:set package 'my_urdf_package' build argument 'cmake_clean_cache' from command line to 'False'
[0.228s] Level 5:colcon.colcon_core.verb:set package 'my_urdf_package' build argument 'cmake_clean_first' from command line to 'False'
[0.228s] Level 5:colcon.colcon_core.verb:set package 'my_urdf_package' build argument 'cmake_force_configure' from command line to 'False'
[0.228s] Level 5:colcon.colcon_core.verb:set package 'my_urdf_package' build argument 'ament_cmake_args' from command line to 'None'
[0.228s] Level 5:colcon.colcon_core.verb:set package 'my_urdf_package' build argument 'catkin_cmake_args' from command line to 'None'
[0.228s] Level 5:colcon.colcon_core.verb:set package 'my_urdf_package' build argument 'catkin_skip_building_tests' from command line to 'False'
[0.228s] DEBUG:colcon.colcon_core.verb:Building package 'my_urdf_package' with the following arguments: {'ament_cmake_args': None, 'build_base': '/home/samiksha/ros2_ws2/build/my_urdf_package', 'catkin_cmake_args': None, 'catkin_skip_building_tests': False, 'cmake_args': None, 'cmake_clean_cache': False, 'cmake_clean_first': False, 'cmake_force_configure': False, 'cmake_target': None, 'cmake_target_skip_unavailable': False, 'install_base': '/home/samiksha/ros2_ws2/install/my_urdf_package', 'merge_install': False, 'path': '/home/samiksha/ros2_ws2/src/my_urdf_package', 'symlink_install': False, 'test_result_base': None}
[0.228s] Level 5:colcon.colcon_core.verb:set package 'robo_descp' build argument 'cmake_args' from command line to 'None'
[0.228s] Level 5:colcon.colcon_core.verb:set package 'robo_descp' build argument 'cmake_target' from command line to 'None'
[0.228s] Level 5:colcon.colcon_core.verb:set package 'robo_descp' build argument 'cmake_target_skip_unavailable' from command line to 'False'
[0.228s] Level 5:colcon.colcon_core.verb:set package 'robo_descp' build argument 'cmake_clean_cache' from command line to 'False'
[0.228s] Level 5:colcon.colcon_core.verb:set package 'robo_descp' build argument 'cmake_clean_first' from command line to 'False'
[0.228s] Level 5:colcon.colcon_core.verb:set package 'robo_descp' build argument 'cmake_force_configure' from command line to 'False'
[0.228s] Level 5:colcon.colcon_core.verb:set package 'robo_descp' build argument 'ament_cmake_args' from command line to 'None'
[0.228s] Level 5:colcon.colcon_core.verb:set package 'robo_descp' build argument 'catkin_cmake_args' from command line to 'None'
[0.228s] Level 5:colcon.colcon_core.verb:set package 'robo_descp' build argument 'catkin_skip_building_tests' from command line to 'False'
[0.228s] DEBUG:colcon.colcon_core.verb:Building package 'robo_descp' with the following arguments: {'ament_cmake_args': None, 'build_base': '/home/samiksha/ros2_ws2/build/robo_descp', 'catkin_cmake_args': None, 'catkin_skip_building_tests': False, 'cmake_args': None, 'cmake_clean_cache': False, 'cmake_clean_first': False, 'cmake_force_configure': False, 'cmake_target': None, 'cmake_target_skip_unavailable': False, 'install_base': '/home/samiksha/ros2_ws2/install/robo_descp', 'merge_install': False, 'path': '/home/samiksha/ros2_ws2/src/robo_descp', 'symlink_install': False, 'test_result_base': None}
[0.228s] Level 5:colcon.colcon_core.verb:set package 'rviz_plugin_tutorial' build argument 'cmake_args' from command line to 'None'
[0.228s] Level 5:colcon.colcon_core.verb:set package 'rviz_plugin_tutorial' build argument 'cmake_target' from command line to 'None'
[0.228s] Level 5:colcon.colcon_core.verb:set package 'rviz_plugin_tutorial' build argument 'cmake_target_skip_unavailable' from command line to 'False'
[0.228s] Level 5:colcon.colcon_core.verb:set package 'rviz_plugin_tutorial' build argument 'cmake_clean_cache' from command line to 'False'
[0.228s] Level 5:colcon.colcon_core.verb:set package 'rviz_plugin_tutorial' build argument 'cmake_clean_first' from command line to 'False'
[0.228s] Level 5:colcon.colcon_core.verb:set package 'rviz_plugin_tutorial' build argument 'cmake_force_configure' from command line to 'False'
[0.228s] Level 5:colcon.colcon_core.verb:set package 'rviz_plugin_tutorial' build argument 'ament_cmake_args' from command line to 'None'
[0.228s] Level 5:colcon.colcon_core.verb:set package 'rviz_plugin_tutorial' build argument 'catkin_cmake_args' from command line to 'None'
[0.228s] Level 5:colcon.colcon_core.verb:set package 'rviz_plugin_tutorial' build argument 'catkin_skip_building_tests' from command line to 'False'
[0.228s] DEBUG:colcon.colcon_core.verb:Building package 'rviz_plugin_tutorial' with the following arguments: {'ament_cmake_args': None, 'build_base': '/home/samiksha/ros2_ws2/build/rviz_plugin_tutorial', 'catkin_cmake_args': None, 'catkin_skip_building_tests': False, 'cmake_args': None, 'cmake_clean_cache': False, 'cmake_clean_first': False, 'cmake_force_configure': False, 'cmake_target': None, 'cmake_target_skip_unavailable': False, 'install_base': '/home/samiksha/ros2_ws2/install/rviz_plugin_tutorial', 'merge_install': False, 'path': '/home/samiksha/ros2_ws2/src/rviz_plugin_tutorial', 'symlink_install': False, 'test_result_base': None}
[0.228s] INFO:colcon.colcon_core.executor:Executing jobs using 'parallel' executor
[0.229s] DEBUG:colcon.colcon_parallel_executor.executor.parallel:run_until_complete
[0.229s] INFO:colcon.colcon_ros.task.ament_python.build:Building ROS package in '/home/samiksha/ros2_ws2/src/launch_tutorial' with build type 'ament_python'
[0.229s] Level 1:colcon.colcon_core.shell:create_environment_hook('launch_tutorial', 'ament_prefix_path')
[0.231s] INFO:colcon.colcon_core.plugin_system:Skipping extension 'colcon_core.shell.bat': Not used on non-Windows systems
[0.231s] INFO:colcon.colcon_core.shell:Creating environment hook '/home/samiksha/ros2_ws2/install/launch_tutorial/share/launch_tutorial/hook/ament_prefix_path.ps1'
[0.231s] INFO:colcon.colcon_core.shell:Creating environment descriptor '/home/samiksha/ros2_ws2/install/launch_tutorial/share/launch_tutorial/hook/ament_prefix_path.dsv'
[0.232s] INFO:colcon.colcon_core.shell:Creating environment hook '/home/samiksha/ros2_ws2/install/launch_tutorial/share/launch_tutorial/hook/ament_prefix_path.sh'
[0.232s] INFO:colcon.colcon_core.shell:Skip shell extension 'powershell' for command environment: Not usable outside of PowerShell
[0.232s] DEBUG:colcon.colcon_core.shell:Skip shell extension 'dsv' for command environment
[0.234s] INFO:colcon.colcon_ros.task.ament_cmake.build:Building ROS package in '/home/samiksha/ros2_ws2/src/learning_tf2_cpp' with build type 'ament_cmake'
[0.234s] INFO:colcon.colcon_cmake.task.cmake.build:Building CMake package in '/home/samiksha/ros2_ws2/src/learning_tf2_cpp'
[0.234s] INFO:colcon.colcon_core.shell:Skip shell extension 'powershell' for command environment: Not usable outside of PowerShell
[0.234s] DEBUG:colcon.colcon_core.shell:Skip shell extension 'dsv' for command environment
[0.237s] INFO:colcon.colcon_ros.task.ament_python.build:Building ROS package in '/home/samiksha/ros2_ws2/src/learning_tf2_py' with build type 'ament_python'
[0.237s] Level 1:colcon.colcon_core.shell:create_environment_hook('learning_tf2_py', 'ament_prefix_path')
[0.237s] INFO:colcon.colcon_core.shell:Creating environment hook '/home/samiksha/ros2_ws2/install/learning_tf2_py/share/learning_tf2_py/hook/ament_prefix_path.ps1'
[0.237s] INFO:colcon.colcon_core.shell:Creating environment descriptor '/home/samiksha/ros2_ws2/install/learning_tf2_py/share/learning_tf2_py/hook/ament_prefix_path.dsv'
[0.237s] INFO:colcon.colcon_core.shell:Creating environment hook '/home/samiksha/ros2_ws2/install/learning_tf2_py/share/learning_tf2_py/hook/ament_prefix_path.sh'
[0.238s] INFO:colcon.colcon_core.shell:Skip shell extension 'powershell' for command environment: Not usable outside of PowerShell
[0.238s] DEBUG:colcon.colcon_core.shell:Skip shell extension 'dsv' for command environment
[0.239s] INFO:colcon.colcon_ros.task.ament_cmake.build:Building ROS package in '/home/samiksha/ros2_ws2/src/my_urdf_package' with build type 'ament_cmake'
[0.239s] INFO:colcon.colcon_cmake.task.cmake.build:Building CMake package in '/home/samiksha/ros2_ws2/src/my_urdf_package'
[0.239s] INFO:colcon.colcon_core.shell:Skip shell extension 'powershell' for command environment: Not usable outside of PowerShell
[0.240s] DEBUG:colcon.colcon_core.shell:Skip shell extension 'dsv' for command environment
[0.241s] INFO:colcon.colcon_ros.task.ament_python.build:Building ROS package in '/home/samiksha/ros2_ws2/src/robo_descp' with build type 'ament_python'
[0.241s] Level 1:colcon.colcon_core.shell:create_environment_hook('robo_descp', 'ament_prefix_path')
[0.242s] INFO:colcon.colcon_core.shell:Creating environment hook '/home/samiksha/ros2_ws2/install/robo_descp/share/robo_descp/hook/ament_prefix_path.ps1'
[0.242s] INFO:colcon.colcon_core.shell:Creating environment descriptor '/home/samiksha/ros2_ws2/install/robo_descp/share/robo_descp/hook/ament_prefix_path.dsv'
[0.242s] INFO:colcon.colcon_core.shell:Creating environment hook '/home/samiksha/ros2_ws2/install/robo_descp/share/robo_descp/hook/ament_prefix_path.sh'
[0.242s] INFO:colcon.colcon_core.shell:Skip shell extension 'powershell' for command environment: Not usable outside of PowerShell
[0.242s] DEBUG:colcon.colcon_core.shell:Skip shell extension 'dsv' for command environment
[0.244s] INFO:colcon.colcon_ros.task.ament_cmake.build:Building ROS package in '/home/samiksha/ros2_ws2/src/rviz_plugin_tutorial' with build type 'ament_cmake'
[0.244s] INFO:colcon.colcon_cmake.task.cmake.build:Building CMake package in '/home/samiksha/ros2_ws2/src/rviz_plugin_tutorial'
[0.245s] INFO:colcon.colcon_core.shell:Skip shell extension 'powershell' for command environment: Not usable outside of PowerShell
[0.245s] DEBUG:colcon.colcon_core.shell:Skip shell extension 'dsv' for command environment
[0.410s] INFO:colcon.colcon_core.task.python.build:Building Python package in '/home/samiksha/ros2_ws2/src/launch_tutorial'
[0.411s] INFO:colcon.colcon_core.shell:Skip shell extension 'powershell' for command environment: Not usable outside of PowerShell
[0.411s] DEBUG:colcon.colcon_core.shell:Skip shell extension 'dsv' for command environment
[0.416s] DEBUG:colcon.colcon_core.event_handler.log_command:Invoking command in '/home/samiksha/ros2_ws2/build/learning_tf2_cpp': CMAKE_PREFIX_PATH=${CMAKE_PREFIX_PATH}:/home/samiksha/ros2_ws/install/task_controller:/home/samiksha/ros2_ws2/install/robo_descp:/home/samiksha/ros2_ws2/install/learning_tf2_py:/home/samiksha/ros2_ws2/install/launch_tutorial:/opt/ros/humble /usr/bin/cmake /home/samiksha/ros2_ws2/src/learning_tf2_cpp -DCMAKE_INSTALL_PREFIX=/home/samiksha/ros2_ws2/install/learning_tf2_cpp
[0.587s] INFO:colcon.colcon_core.task.python.build:Building Python package in '/home/samiksha/ros2_ws2/src/learning_tf2_py'
[0.587s] INFO:colcon.colcon_core.shell:Skip shell extension 'powershell' for command environment: Not usable outside of PowerShell
[0.587s] DEBUG:colcon.colcon_core.shell:Skip shell extension 'dsv' for command environment
[0.591s] DEBUG:colcon.colcon_core.event_handler.log_command:Invoking command in '/home/samiksha/ros2_ws2/build/my_urdf_package': CMAKE_PREFIX_PATH=${CMAKE_PREFIX_PATH}:/home/samiksha/ros2_ws/install/task_controller:/home/samiksha/ros2_ws2/install/robo_descp:/home/samiksha/ros2_ws2/install/learning_tf2_py:/home/samiksha/ros2_ws2/install/launch_tutorial:/opt/ros/humble /usr/bin/cmake /home/samiksha/ros2_ws2/src/my_urdf_package -DCMAKE_INSTALL_PREFIX=/home/samiksha/ros2_ws2/install/my_urdf_package
[0.801s] INFO:colcon.colcon_core.task.python.build:Building Python package in '/home/samiksha/ros2_ws2/src/robo_descp'
[0.801s] INFO:colcon.colcon_core.shell:Skip shell extension 'powershell' for command environment: Not usable outside of PowerShell
[0.801s] DEBUG:colcon.colcon_core.shell:Skip shell extension 'dsv' for command environment
[0.811s] DEBUG:colcon.colcon_core.event_handler.log_command:Invoking command in '/home/samiksha/ros2_ws2/build/rviz_plugin_tutorial': CMAKE_PREFIX_PATH=${CMAKE_PREFIX_PATH}:/home/samiksha/ros2_ws/install/task_controller:/home/samiksha/ros2_ws2/install/robo_descp:/home/samiksha/ros2_ws2/install/learning_tf2_py:/home/samiksha/ros2_ws2/install/launch_tutorial:/opt/ros/humble /usr/bin/cmake /home/samiksha/ros2_ws2/src/rviz_plugin_tutorial -DCMAKE_INSTALL_PREFIX=/home/samiksha/ros2_ws2/install/rviz_plugin_tutorial
[1.101s] DEBUG:colcon.colcon_core.event_handler.log_command:Invoking command in '/home/samiksha/ros2_ws2/src/learning_tf2_py': PYTHONPATH=/home/samiksha/ros2_ws2/build/learning_tf2_py/prefix_override:/usr/lib/python3/dist-packages/colcon_core/task/python/colcon_distutils_commands:/home/samiksha/ros2_ws2/install/learning_tf2_py/lib/python3.10/site-packages:${PYTHONPATH} /usr/bin/python3 -W ignore:setup.py install is deprecated -W ignore:easy_install command is deprecated setup.py egg_info --egg-base ../../build/learning_tf2_py build --build-base /home/samiksha/ros2_ws2/build/learning_tf2_py/build install --record /home/samiksha/ros2_ws2/build/learning_tf2_py/install.log --single-version-externally-managed install_data
[1.104s] DEBUG:colcon.colcon_core.event_handler.log_command:Invoking command in '/home/samiksha/ros2_ws2/src/robo_descp': PYTHONPATH=/home/samiksha/ros2_ws2/build/robo_descp/prefix_override:/usr/lib/python3/dist-packages/colcon_core/task/python/colcon_distutils_commands:/home/samiksha/ros2_ws2/install/robo_descp/lib/python3.10/site-packages:${PYTHONPATH} /usr/bin/python3 -W ignore:setup.py install is deprecated -W ignore:easy_install command is deprecated setup.py egg_info --egg-base ../../build/robo_descp build --build-base /home/samiksha/ros2_ws2/build/robo_descp/build install --record /home/samiksha/ros2_ws2/build/robo_descp/install.log --single-version-externally-managed install_data
[1.271s] DEBUG:colcon.colcon_core.event_handler.log_command:Invoking command in '/home/samiksha/ros2_ws2/src/launch_tutorial': PYTHONPATH=/home/samiksha/ros2_ws2/build/launch_tutorial/prefix_override:/usr/lib/python3/dist-packages/colcon_core/task/python/colcon_distutils_commands:/home/samiksha/ros2_ws2/install/launch_tutorial/lib/python3.10/site-packages:${PYTHONPATH} /usr/bin/python3 -W ignore:setup.py install is deprecated -W ignore:easy_install command is deprecated setup.py egg_info --egg-base ../../build/launch_tutorial build --build-base /home/samiksha/ros2_ws2/build/launch_tutorial/build install --record /home/samiksha/ros2_ws2/build/launch_tutorial/install.log --single-version-externally-managed install_data
[1.350s] DEBUG:colcon.colcon_core.event_handler.log_command:Invoked command in '/home/samiksha/ros2_ws2/src/learning_tf2_py' returned '0': PYTHONPATH=/home/samiksha/ros2_ws2/build/learning_tf2_py/prefix_override:/usr/lib/python3/dist-packages/colcon_core/task/python/colcon_distutils_commands:/home/samiksha/ros2_ws2/install/learning_tf2_py/lib/python3.10/site-packages:${PYTHONPATH} /usr/bin/python3 -W ignore:setup.py install is deprecated -W ignore:easy_install command is deprecated setup.py egg_info --egg-base ../../build/learning_tf2_py build --build-base /home/samiksha/ros2_ws2/build/learning_tf2_py/build install --record /home/samiksha/ros2_ws2/build/learning_tf2_py/install.log --single-version-externally-managed install_data
[1.353s] Level 1:colcon.colcon_core.environment:checking '/home/samiksha/ros2_ws2/install/learning_tf2_py' for CMake module files
[1.353s] Level 1:colcon.colcon_core.environment:checking '/home/samiksha/ros2_ws2/install/learning_tf2_py' for CMake config files
[1.354s] Level 1:colcon.colcon_core.environment:checking '/home/samiksha/ros2_ws2/install/learning_tf2_py/lib'
[1.354s] Level 1:colcon.colcon_core.environment:checking '/home/samiksha/ros2_ws2/install/learning_tf2_py/bin'
[1.354s] Level 1:colcon.colcon_core.environment:checking '/home/samiksha/ros2_ws2/install/learning_tf2_py/lib/pkgconfig/learning_tf2_py.pc'
[1.354s] Level 1:colcon.colcon_core.environment:checking '/home/samiksha/ros2_ws2/install/learning_tf2_py/lib/python3.10/site-packages'
[1.354s] Level 1:colcon.colcon_core.shell:create_environment_hook('learning_tf2_py', 'pythonpath')
[1.354s] INFO:colcon.colcon_core.shell:Creating environment hook '/home/samiksha/ros2_ws2/install/learning_tf2_py/share/learning_tf2_py/hook/pythonpath.ps1'
[1.355s] INFO:colcon.colcon_core.shell:Creating environment descriptor '/home/samiksha/ros2_ws2/install/learning_tf2_py/share/learning_tf2_py/hook/pythonpath.dsv'
[1.355s] INFO:colcon.colcon_core.shell:Creating environment hook '/home/samiksha/ros2_ws2/install/learning_tf2_py/share/learning_tf2_py/hook/pythonpath.sh'
[1.355s] Level 1:colcon.colcon_core.environment:checking '/home/samiksha/ros2_ws2/install/learning_tf2_py/bin'
[1.356s] Level 1:colcon.colcon_core.environment:create_environment_scripts_only(learning_tf2_py)
[1.356s] INFO:colcon.colcon_core.shell:Creating package script '/home/samiksha/ros2_ws2/install/learning_tf2_py/share/learning_tf2_py/package.ps1'
[1.357s] INFO:colcon.colcon_core.shell:Creating package descriptor '/home/samiksha/ros2_ws2/install/learning_tf2_py/share/learning_tf2_py/package.dsv'
[1.357s] INFO:colcon.colcon_core.shell:Creating package script '/home/samiksha/ros2_ws2/install/learning_tf2_py/share/learning_tf2_py/package.sh'
[1.358s] INFO:colcon.colcon_core.shell:Creating package script '/home/samiksha/ros2_ws2/install/learning_tf2_py/share/learning_tf2_py/package.bash'
[1.358s] INFO:colcon.colcon_core.shell:Creating package script '/home/samiksha/ros2_ws2/install/learning_tf2_py/share/learning_tf2_py/package.zsh'
[1.359s] Level 1:colcon.colcon_core.environment:create_file_with_runtime_dependencies(/home/samiksha/ros2_ws2/install/learning_tf2_py/share/colcon-core/packages/learning_tf2_py)
[1.381s] Level 1:colcon.colcon_core.environment:checking '/home/samiksha/ros2_ws2/install/robo_descp' for CMake module files
[1.381s] Level 1:colcon.colcon_core.environment:checking '/home/samiksha/ros2_ws2/install/robo_descp' for CMake config files
[1.382s] DEBUG:colcon.colcon_core.event_handler.log_command:Invoked command in '/home/samiksha/ros2_ws2/src/robo_descp' returned '0': PYTHONPATH=/home/samiksha/ros2_ws2/build/robo_descp/prefix_override:/usr/lib/python3/dist-packages/colcon_core/task/python/colcon_distutils_commands:/home/samiksha/ros2_ws2/install/robo_descp/lib/python3.10/site-packages:${PYTHONPATH} /usr/bin/python3 -W ignore:setup.py install is deprecated -W ignore:easy_install command is deprecated setup.py egg_info --egg-base ../../build/robo_descp build --build-base /home/samiksha/ros2_ws2/build/robo_descp/build install --record /home/samiksha/ros2_ws2/build/robo_descp/install.log --single-version-externally-managed install_data
[1.382s] Level 1:colcon.colcon_core.environment:checking '/home/samiksha/ros2_ws2/install/robo_descp/lib'
[1.382s] Level 1:colcon.colcon_core.environment:checking '/home/samiksha/ros2_ws2/install/robo_descp/bin'
[1.382s] Level 1:colcon.colcon_core.environment:checking '/home/samiksha/ros2_ws2/install/robo_descp/lib/pkgconfig/robo_descp.pc'
[1.382s] Level 1:colcon.colcon_core.environment:checking '/home/samiksha/ros2_ws2/install/robo_descp/lib/python3.10/site-packages'
[1.383s] Level 1:colcon.colcon_core.shell:create_environment_hook('robo_descp', 'pythonpath')
[1.383s] INFO:colcon.colcon_core.shell:Creating environment hook '/home/samiksha/ros2_ws2/install/robo_descp/share/robo_descp/hook/pythonpath.ps1'
[1.383s] INFO:colcon.colcon_core.shell:Creating environment descriptor '/home/samiksha/ros2_ws2/install/robo_descp/share/robo_descp/hook/pythonpath.dsv'
[1.383s] INFO:colcon.colcon_core.shell:Creating environment hook '/home/samiksha/ros2_ws2/install/robo_descp/share/robo_descp/hook/pythonpath.sh'
[1.384s] Level 1:colcon.colcon_core.environment:checking '/home/samiksha/ros2_ws2/install/robo_descp/bin'
[1.384s] Level 1:colcon.colcon_core.environment:create_environment_scripts_only(robo_descp)
[1.384s] INFO:colcon.colcon_core.shell:Creating package script '/home/samiksha/ros2_ws2/install/robo_descp/share/robo_descp/package.ps1'
[1.385s] INFO:colcon.colcon_core.shell:Creating package descriptor '/home/samiksha/ros2_ws2/install/robo_descp/share/robo_descp/package.dsv'
[1.385s] INFO:colcon.colcon_core.shell:Creating package script '/home/samiksha/ros2_ws2/install/robo_descp/share/robo_descp/package.sh'
[1.385s] INFO:colcon.colcon_core.shell:Creating package script '/home/samiksha/ros2_ws2/install/robo_descp/share/robo_descp/package.bash'
[1.385s] INFO:colcon.colcon_core.shell:Creating package script '/home/samiksha/ros2_ws2/install/robo_descp/share/robo_descp/package.zsh'
[1.386s] Level 1:colcon.colcon_core.environment:create_file_with_runtime_dependencies(/home/samiksha/ros2_ws2/install/robo_descp/share/colcon-core/packages/robo_descp)
[1.592s] Level 1:colcon.colcon_core.environment:checking '/home/samiksha/ros2_ws2/install/launch_tutorial' for CMake module files
[1.593s] DEBUG:colcon.colcon_core.event_handler.log_command:Invoked command in '/home/samiksha/ros2_ws2/src/launch_tutorial' returned '0': PYTHONPATH=/home/samiksha/ros2_ws2/build/launch_tutorial/prefix_override:/usr/lib/python3/dist-packages/colcon_core/task/python/colcon_distutils_commands:/home/samiksha/ros2_ws2/install/launch_tutorial/lib/python3.10/site-packages:${PYTHONPATH} /usr/bin/python3 -W ignore:setup.py install is deprecated -W ignore:easy_install command is deprecated setup.py egg_info --egg-base ../../build/launch_tutorial build --build-base /home/samiksha/ros2_ws2/build/launch_tutorial/build install --record /home/samiksha/ros2_ws2/build/launch_tutorial/install.log --single-version-externally-managed install_data
[1.593s] Level 1:colcon.colcon_core.environment:checking '/home/samiksha/ros2_ws2/install/launch_tutorial' for CMake config files
[1.593s] Level 1:colcon.colcon_core.environment:checking '/home/samiksha/ros2_ws2/install/launch_tutorial/lib'
[1.593s] Level 1:colcon.colcon_core.environment:checking '/home/samiksha/ros2_ws2/install/launch_tutorial/bin'
[1.593s] Level 1:colcon.colcon_core.environment:checking '/home/samiksha/ros2_ws2/install/launch_tutorial/lib/pkgconfig/launch_tutorial.pc'
[1.594s] Level 1:colcon.colcon_core.environment:checking '/home/samiksha/ros2_ws2/install/launch_tutorial/lib/python3.10/site-packages'
[1.594s] Level 1:colcon.colcon_core.shell:create_environment_hook('launch_tutorial', 'pythonpath')
[1.594s] INFO:colcon.colcon_core.shell:Creating environment hook '/home/samiksha/ros2_ws2/install/launch_tutorial/share/launch_tutorial/hook/pythonpath.ps1'
[1.594s] INFO:colcon.colcon_core.shell:Creating environment descriptor '/home/samiksha/ros2_ws2/install/launch_tutorial/share/launch_tutorial/hook/pythonpath.dsv'
[1.595s] INFO:colcon.colcon_core.shell:Creating environment hook '/home/samiksha/ros2_ws2/install/launch_tutorial/share/launch_tutorial/hook/pythonpath.sh'
[1.595s] Level 1:colcon.colcon_core.environment:checking '/home/samiksha/ros2_ws2/install/launch_tutorial/bin'
[1.595s] Level 1:colcon.colcon_core.environment:create_environment_scripts_only(launch_tutorial)
[1.595s] INFO:colcon.colcon_core.shell:Creating package script '/home/samiksha/ros2_ws2/install/launch_tutorial/share/launch_tutorial/package.ps1'
[1.596s] INFO:colcon.colcon_core.shell:Creating package descriptor '/home/samiksha/ros2_ws2/install/launch_tutorial/share/launch_tutorial/package.dsv'
[1.596s] INFO:colcon.colcon_core.shell:Creating package script '/home/samiksha/ros2_ws2/install/launch_tutorial/share/launch_tutorial/package.sh'
[1.596s] INFO:colcon.colcon_core.shell:Creating package script '/home/samiksha/ros2_ws2/install/launch_tutorial/share/launch_tutorial/package.bash'
[1.596s] INFO:colcon.colcon_core.shell:Creating package script '/home/samiksha/ros2_ws2/install/launch_tutorial/share/launch_tutorial/package.zsh'
[1.597s] Level 1:colcon.colcon_core.environment:create_file_with_runtime_dependencies(/home/samiksha/ros2_ws2/install/launch_tutorial/share/colcon-core/packages/launch_tutorial)
[1.606s] DEBUG:colcon.colcon_core.event_handler.log_command:Invoked command in '/home/samiksha/ros2_ws2/build/my_urdf_package' returned '0': CMAKE_PREFIX_PATH=${CMAKE_PREFIX_PATH}:/home/samiksha/ros2_ws/install/task_controller:/home/samiksha/ros2_ws2/install/robo_descp:/home/samiksha/ros2_ws2/install/learning_tf2_py:/home/samiksha/ros2_ws2/install/launch_tutorial:/opt/ros/humble /usr/bin/cmake /home/samiksha/ros2_ws2/src/my_urdf_package -DCMAKE_INSTALL_PREFIX=/home/samiksha/ros2_ws2/install/my_urdf_package
[1.608s] DEBUG:colcon.colcon_core.event_handler.log_command:Invoking command in '/home/samiksha/ros2_ws2/build/my_urdf_package': CMAKE_PREFIX_PATH=${CMAKE_PREFIX_PATH}:/home/samiksha/ros2_ws/install/task_controller:/home/samiksha/ros2_ws2/install/robo_descp:/home/samiksha/ros2_ws2/install/learning_tf2_py:/home/samiksha/ros2_ws2/install/launch_tutorial:/opt/ros/humble /usr/bin/cmake --build /home/samiksha/ros2_ws2/build/my_urdf_package -- -j12 -l12
[1.637s] DEBUG:colcon.colcon_core.event_handler.log_command:Invoked command in '/home/samiksha/ros2_ws2/build/my_urdf_package' returned '0': CMAKE_PREFIX_PATH=${CMAKE_PREFIX_PATH}:/home/samiksha/ros2_ws/install/task_controller:/home/samiksha/ros2_ws2/install/robo_descp:/home/samiksha/ros2_ws2/install/learning_tf2_py:/home/samiksha/ros2_ws2/install/launch_tutorial:/opt/ros/humble /usr/bin/cmake --build /home/samiksha/ros2_ws2/build/my_urdf_package -- -j12 -l12
[1.644s] DEBUG:colcon.colcon_core.event_handler.log_command:Invoking command in '/home/samiksha/ros2_ws2/build/my_urdf_package': CMAKE_PREFIX_PATH=${CMAKE_PREFIX_PATH}:/home/samiksha/ros2_ws/install/task_controller:/home/samiksha/ros2_ws2/install/robo_descp:/home/samiksha/ros2_ws2/install/learning_tf2_py:/home/samiksha/ros2_ws2/install/launch_tutorial:/opt/ros/humble /usr/bin/cmake --install /home/samiksha/ros2_ws2/build/my_urdf_package
[1.651s] Level 1:colcon.colcon_core.environment:create_environment_scripts_only(my_urdf_package)
[1.651s] Level 1:colcon.colcon_core.environment:checking '/home/samiksha/ros2_ws2/install/my_urdf_package' for CMake module files
[1.651s] DEBUG:colcon.colcon_core.event_handler.log_command:Invoked command in '/home/samiksha/ros2_ws2/build/my_urdf_package' returned '0': CMAKE_PREFIX_PATH=${CMAKE_PREFIX_PATH}:/home/samiksha/ros2_ws/install/task_controller:/home/samiksha/ros2_ws2/install/robo_descp:/home/samiksha/ros2_ws2/install/learning_tf2_py:/home/samiksha/ros2_ws2/install/launch_tutorial:/opt/ros/humble /usr/bin/cmake --install /home/samiksha/ros2_ws2/build/my_urdf_package
[1.652s] Level 1:colcon.colcon_core.environment:checking '/home/samiksha/ros2_ws2/install/my_urdf_package' for CMake config files
[1.652s] Level 1:colcon.colcon_core.shell:create_environment_hook('my_urdf_package', 'cmake_prefix_path')
[1.652s] INFO:colcon.colcon_core.shell:Creating environment hook '/home/samiksha/ros2_ws2/install/my_urdf_package/share/my_urdf_package/hook/cmake_prefix_path.ps1'
[1.653s] INFO:colcon.colcon_core.shell:Creating environment descriptor '/home/samiksha/ros2_ws2/install/my_urdf_package/share/my_urdf_package/hook/cmake_prefix_path.dsv'
[1.653s] INFO:colcon.colcon_core.shell:Creating environment hook '/home/samiksha/ros2_ws2/install/my_urdf_package/share/my_urdf_package/hook/cmake_prefix_path.sh'
[1.654s] Level 1:colcon.colcon_core.environment:checking '/home/samiksha/ros2_ws2/install/my_urdf_package/bin'
[1.654s] Level 1:colcon.colcon_core.environment:checking '/home/samiksha/ros2_ws2/install/my_urdf_package/lib/pkgconfig/my_urdf_package.pc'
[1.654s] Level 1:colcon.colcon_core.environment:checking '/home/samiksha/ros2_ws2/install/my_urdf_package/lib/python3.10/site-packages'
[1.654s] Level 1:colcon.colcon_core.environment:checking '/home/samiksha/ros2_ws2/install/my_urdf_package/bin'
[1.654s] INFO:colcon.colcon_core.shell:Creating package script '/home/samiksha/ros2_ws2/install/my_urdf_package/share/my_urdf_package/package.ps1'
[1.655s] INFO:colcon.colcon_core.shell:Creating package descriptor '/home/samiksha/ros2_ws2/install/my_urdf_package/share/my_urdf_package/package.dsv'
[1.655s] INFO:colcon.colcon_core.shell:Creating package script '/home/samiksha/ros2_ws2/install/my_urdf_package/share/my_urdf_package/package.sh'
[1.656s] INFO:colcon.colcon_core.shell:Creating package script '/home/samiksha/ros2_ws2/install/my_urdf_package/share/my_urdf_package/package.bash'
[1.656s] INFO:colcon.colcon_core.shell:Creating package script '/home/samiksha/ros2_ws2/install/my_urdf_package/share/my_urdf_package/package.zsh'
[1.656s] Level 1:colcon.colcon_core.environment:create_file_with_runtime_dependencies(/home/samiksha/ros2_ws2/install/my_urdf_package/share/colcon-core/packages/my_urdf_package)
[1.657s] Level 1:colcon.colcon_core.environment:create_environment_scripts_only(my_urdf_package)
[1.657s] Level 1:colcon.colcon_core.environment:checking '/home/samiksha/ros2_ws2/install/my_urdf_package' for CMake module files
[1.658s] Level 1:colcon.colcon_core.environment:checking '/home/samiksha/ros2_ws2/install/my_urdf_package' for CMake config files
[1.658s] Level 1:colcon.colcon_core.shell:create_environment_hook('my_urdf_package', 'cmake_prefix_path')
[1.658s] INFO:colcon.colcon_core.shell:Creating environment hook '/home/samiksha/ros2_ws2/install/my_urdf_package/share/my_urdf_package/hook/cmake_prefix_path.ps1'
[1.659s] INFO:colcon.colcon_core.shell:Creating environment descriptor '/home/samiksha/ros2_ws2/install/my_urdf_package/share/my_urdf_package/hook/cmake_prefix_path.dsv'
[1.659s] INFO:colcon.colcon_core.shell:Creating environment hook '/home/samiksha/ros2_ws2/install/my_urdf_package/share/my_urdf_package/hook/cmake_prefix_path.sh'
[1.660s] Level 1:colcon.colcon_core.environment:checking '/home/samiksha/ros2_ws2/install/my_urdf_package/bin'
[1.660s] Level 1:colcon.colcon_core.environment:checking '/home/samiksha/ros2_ws2/install/my_urdf_package/lib/pkgconfig/my_urdf_package.pc'
[1.660s] Level 1:colcon.colcon_core.environment:checking '/home/samiksha/ros2_ws2/install/my_urdf_package/lib/python3.10/site-packages'
[1.660s] Level 1:colcon.colcon_core.environment:checking '/home/samiksha/ros2_ws2/install/my_urdf_package/bin'
[1.660s] INFO:colcon.colcon_core.shell:Creating package script '/home/samiksha/ros2_ws2/install/my_urdf_package/share/my_urdf_package/package.ps1'
[1.661s] INFO:colcon.colcon_core.shell:Creating package descriptor '/home/samiksha/ros2_ws2/install/my_urdf_package/share/my_urdf_package/package.dsv'
[1.662s] INFO:colcon.colcon_core.shell:Creating package script '/home/samiksha/ros2_ws2/install/my_urdf_package/share/my_urdf_package/package.sh'
[1.662s] INFO:colcon.colcon_core.shell:Creating package script '/home/samiksha/ros2_ws2/install/my_urdf_package/share/my_urdf_package/package.bash'
[1.663s] INFO:colcon.colcon_core.shell:Creating package script '/home/samiksha/ros2_ws2/install/my_urdf_package/share/my_urdf_package/package.zsh'
[1.663s] Level 1:colcon.colcon_core.environment:create_file_with_runtime_dependencies(/home/samiksha/ros2_ws2/install/my_urdf_package/share/colcon-core/packages/my_urdf_package)
[1.825s] DEBUG:colcon.colcon_core.event_handler.log_command:Invoked command in '/home/samiksha/ros2_ws2/build/rviz_plugin_tutorial' returned '1': CMAKE_PREFIX_PATH=${CMAKE_PREFIX_PATH}:/home/samiksha/ros2_ws/install/task_controller:/home/samiksha/ros2_ws2/install/robo_descp:/home/samiksha/ros2_ws2/install/learning_tf2_py:/home/samiksha/ros2_ws2/install/launch_tutorial:/opt/ros/humble /usr/bin/cmake /home/samiksha/ros2_ws2/src/rviz_plugin_tutorial -DCMAKE_INSTALL_PREFIX=/home/samiksha/ros2_ws2/install/rviz_plugin_tutorial
[1.837s] Level 1:colcon.colcon_core.environment:create_environment_scripts_only(rviz_plugin_tutorial)
[1.837s] Level 1:colcon.colcon_core.environment:checking '/home/samiksha/ros2_ws2/install/rviz_plugin_tutorial' for CMake module files
[1.838s] Level 1:colcon.colcon_core.environment:checking '/home/samiksha/ros2_ws2/install/rviz_plugin_tutorial' for CMake config files
[1.838s] Level 1:colcon.colcon_core.environment:checking '/home/samiksha/ros2_ws2/install/rviz_plugin_tutorial/bin'
[1.838s] Level 1:colcon.colcon_core.environment:checking '/home/samiksha/ros2_ws2/install/rviz_plugin_tutorial/lib/pkgconfig/rviz_plugin_tutorial.pc'
[1.838s] Level 1:colcon.colcon_core.environment:checking '/home/samiksha/ros2_ws2/install/rviz_plugin_tutorial/lib/python3.10/site-packages'
[1.838s] Level 1:colcon.colcon_core.environment:checking '/home/samiksha/ros2_ws2/install/rviz_plugin_tutorial/bin'
[1.838s] INFO:colcon.colcon_core.shell:Creating package script '/home/samiksha/ros2_ws2/install/rviz_plugin_tutorial/share/rviz_plugin_tutorial/package.ps1'
[1.839s] INFO:colcon.colcon_core.shell:Creating package descriptor '/home/samiksha/ros2_ws2/install/rviz_plugin_tutorial/share/rviz_plugin_tutorial/package.dsv'
[1.839s] INFO:colcon.colcon_core.shell:Creating package script '/home/samiksha/ros2_ws2/install/rviz_plugin_tutorial/share/rviz_plugin_tutorial/package.sh'
[1.839s] INFO:colcon.colcon_core.shell:Creating package script '/home/samiksha/ros2_ws2/install/rviz_plugin_tutorial/share/rviz_plugin_tutorial/package.bash'
[1.839s] INFO:colcon.colcon_core.shell:Creating package script '/home/samiksha/ros2_ws2/install/rviz_plugin_tutorial/share/rviz_plugin_tutorial/package.zsh'
[1.839s] Level 1:colcon.colcon_core.environment:create_file_with_runtime_dependencies(/home/samiksha/ros2_ws2/install/rviz_plugin_tutorial/share/colcon-core/packages/rviz_plugin_tutorial)
[1.883s] DEBUG:colcon.colcon_parallel_executor.executor.parallel:closing loop
[1.883s] DEBUG:colcon.colcon_parallel_executor.executor.parallel:loop closed
[1.883s] DEBUG:colcon.colcon_parallel_executor.executor.parallel:run_until_complete finished with '1'
[1.883s] DEBUG:colcon.colcon_core.event_reactor:joining thread
[1.889s] INFO:colcon.colcon_core.plugin_system:Skipping extension 'colcon_notification.desktop_notification.terminal_notifier': Not used on non-Darwin systems
[1.890s] INFO:colcon.colcon_core.plugin_system:Skipping extension 'colcon_notification.desktop_notification.win32': Not used on non-Windows systems
[1.890s] INFO:colcon.colcon_notification.desktop_notification:Sending desktop notification using 'notify2'
[1.900s] DEBUG:colcon.colcon_core.event_reactor:joined thread
[1.900s] INFO:colcon.colcon_core.shell:Creating prefix script '/home/samiksha/ros2_ws2/install/local_setup.ps1'
[1.901s] INFO:colcon.colcon_core.shell:Creating prefix util module '/home/samiksha/ros2_ws2/install/_local_setup_util_ps1.py'
[1.902s] INFO:colcon.colcon_core.shell:Creating prefix chain script '/home/samiksha/ros2_ws2/install/setup.ps1'
[1.903s] INFO:colcon.colcon_core.shell:Creating prefix script '/home/samiksha/ros2_ws2/install/local_setup.sh'
[1.903s] INFO:colcon.colcon_core.shell:Creating prefix util module '/home/samiksha/ros2_ws2/install/_local_setup_util_sh.py'
[1.904s] INFO:colcon.colcon_core.shell:Creating prefix chain script '/home/samiksha/ros2_ws2/install/setup.sh'
[1.904s] INFO:colcon.colcon_core.shell:Creating prefix script '/home/samiksha/ros2_ws2/install/local_setup.bash'
[1.905s] INFO:colcon.colcon_core.shell:Creating prefix chain script '/home/samiksha/ros2_ws2/install/setup.bash'
[1.906s] INFO:colcon.colcon_core.shell:Creating prefix script '/home/samiksha/ros2_ws2/install/local_setup.zsh'
[1.906s] INFO:colcon.colcon_core.shell:Creating prefix chain script '/home/samiksha/ros2_ws2/install/setup.zsh'
