[0.181s] Invoking command in '/home/samiksha/ros2_ws2/build/learning_tf2_cpp': CMAKE_PREFIX_PATH=${CMAKE_PREFIX_PATH}:/home/samiksha/ros2_ws/install/task_controller:/home/samiksha/ros2_ws2/install/robo_descp:/home/samiksha/ros2_ws2/install/learning_tf2_py:/home/samiksha/ros2_ws2/install/launch_tutorial:/opt/ros/humble /usr/bin/cmake /home/samiksha/ros2_ws2/src/learning_tf2_cpp -DCMAKE_INSTALL_PREFIX=/home/samiksha/ros2_ws2/install/learning_tf2_cpp
[0.573s] -- The C compiler identification is GNU 11.4.0
[0.573s] -- The CXX compiler identification is GNU 11.4.0
[0.574s] -- Detecting C compiler ABI info
[0.574s] -- Detecting C compiler ABI info - done
[0.574s] -- Check for working C compiler: /usr/bin/cc - skipped
[0.574s] -- Detecting C compile features
[0.574s] -- Detecting C compile features - done
[0.574s] -- Detecting CXX compiler ABI info
[0.574s] -- Detecting CXX compiler ABI info - done
[0.574s] -- Check for working CXX compiler: /usr/bin/c++ - skipped
[0.574s] -- Detecting CXX compile features
[0.574s] -- Detecting CXX compile features - done
[0.574s] -- Found ament_cmake: 1.3.11 (/opt/ros/humble/share/ament_cmake/cmake)
[0.884s] -- Found Python3: /usr/bin/python3 (found version "3.10.12") found components: Interpreter 
[0.964s] -- Found geometry_msgs: 4.2.4 (/opt/ros/humble/share/geometry_msgs/cmake)
[0.991s] -- Found rosidl_generator_c: 3.1.6 (/opt/ros/humble/share/rosidl_generator_c/cmake)
[0.995s] -- Found rosidl_adapter: 3.1.6 (/opt/ros/humble/share/rosidl_adapter/cmake)
[1.002s] -- Found rosidl_generator_cpp: 3.1.6 (/opt/ros/humble/share/rosidl_generator_cpp/cmake)
[1.011s] -- Using all available rosidl_typesupport_c: rosidl_typesupport_fastrtps_c;rosidl_typesupport_introspection_c
[1.022s] -- Using all available rosidl_typesupport_cpp: rosidl_typesupport_fastrtps_cpp;rosidl_typesupport_introspection_cpp
[1.057s] -- Found rclcpp: 16.0.11 (/opt/ros/humble/share/rclcpp/cmake)
[1.116s] -- Found rmw_implementation_cmake: 6.1.2 (/opt/ros/humble/share/rmw_implementation_cmake/cmake)
[1.118s] -- Found rmw_fastrtps_cpp: 6.2.7 (/opt/ros/humble/share/rmw_fastrtps_cpp/cmake)
[1.204s] -- Found OpenSSL: /usr/lib/x86_64-linux-gnu/libcrypto.so (found version "3.0.2")  
[1.226s] -- Found FastRTPS: /opt/ros/humble/include  
[1.261s] -- Using RMW implementation 'rmw_fastrtps_cpp' as default
[1.273s] -- Looking for pthread.h
[1.343s] -- Looking for pthread.h - found
[1.343s] -- Performing Test CMAKE_HAVE_LIBC_PTHREAD
[1.402s] -- Performing Test CMAKE_HAVE_LIBC_PTHREAD - Success
[1.403s] -- Found Threads: TRUE  
[1.432s] -- Found tf2: 0.25.11 (/opt/ros/humble/share/tf2/cmake)
[1.439s] -- Found tf2_ros: 0.25.11 (/opt/ros/humble/share/tf2_ros/cmake)
[1.501s] -- Found turtlesim: 1.4.2 (/home/samiksha/ros2_ws/install/turtlesim/share/turtlesim/cmake)
[1.510s] -- Found tf2_geometry_msgs: 0.25.11 (/opt/ros/humble/share/tf2_geometry_msgs/cmake)
[1.519s] -- Found eigen3_cmake_module: 0.1.1 (/opt/ros/humble/share/eigen3_cmake_module/cmake)
[1.520s] -- Found Eigen3: TRUE (found version "3.4.0") 
[1.520s] -- Ensuring Eigen3 include directory is part of orocos-kdl CMake target
[1.527s] -- Found ament_lint_auto: 0.12.11 (/opt/ros/humble/share/ament_lint_auto/cmake)
[1.592s] -- Added test 'cppcheck' to perform static code analysis on C / C++ code
[1.592s] -- Configured cppcheck include dirs: 
[1.592s] -- Configured cppcheck exclude dirs and/or files: 
[1.593s] -- Added test 'flake8' to check Python code syntax and style conventions
[1.593s] -- Added test 'lint_cmake' to check CMake code style
[1.593s] -- Added test 'pep257' to check Python code against some of the docstring style conventions in PEP 257
[1.594s] -- Added test 'uncrustify' to check C / C++ code style
[1.594s] -- Configured uncrustify additional arguments: 
[1.594s] -- Added test 'xmllint' to check XML markup files
[1.595s] -- Configuring done
[1.620s] -- Generating done
[1.629s] -- Build files have been written to: /home/samiksha/ros2_ws2/build/learning_tf2_cpp
