-- Found ament_cmake: 1.3.11 (/opt/ros/humble/share/ament_cmake/cmake)
-- Override CMake install command with custom implementation using symlinks instead of copying resources
-- Found rclcpp: 16.0.11 (/opt/ros/humble/share/rclcpp/cmake)
-- Found rosidl_generator_c: 3.1.6 (/opt/ros/humble/share/rosidl_generator_c/cmake)
-- Found rosidl_adapter: 3.1.6 (/opt/ros/humble/share/rosidl_adapter/cmake)
-- Found rosidl_generator_cpp: 3.1.6 (/opt/ros/humble/share/rosidl_generator_cpp/cmake)
-- Using all available rosidl_typesupport_c: rosidl_typesupport_fastrtps_c;rosidl_typesupport_introspection_c
-- Using all available rosidl_typesupport_cpp: rosidl_typesupport_fastrtps_cpp;rosidl_typesupport_introspection_cpp
-- Found rmw_implementation_cmake: 6.1.2 (/opt/ros/humble/share/rmw_implementation_cmake/cmake)
-- Found rmw_fastrtps_cpp: 6.2.7 (/opt/ros/humble/share/rmw_fastrtps_cpp/cmake)
-- Using RMW implementation 'rmw_fastrtps_cpp' as default
-- Found example_interfaces: 0.9.3 (/opt/ros/humble/share/example_interfaces/cmake)
-- Configuring done
-- Generating done
-- Build files have been written to: /home/samiksha/ros2_ws/build/my_package
[35m[1mConsolidate compiler generated dependencies of target server_doc[0m
[35m[1mConsolidate compiler generated dependencies of target talker[0m
[35m[1mConsolidate compiler generated dependencies of target listener[0m
[35m[1mConsolidate compiler generated dependencies of target client_doc[0m
[ 12%] [32m[1mLinking CXX executable server_doc[0m
[ 25%] [32m[1mLinking CXX executable listener[0m
[ 37%] [32m[1mLinking CXX executable client_doc[0m
[ 50%] [32m[1mLinking CXX executable talker[0m
[ 62%] Built target server_doc
[ 75%] Built target client_doc
[ 87%] Built target talker
[100%] Built target listener
-- Install configuration: ""
-- Execute custom install script
-- Symlinking: /home/samiksha/ros2_ws/install/my_package/lib/my_package/talker
-- Symlinking: /home/samiksha/ros2_ws/install/my_package/lib/my_package/listener
-- Symlinking: /home/samiksha/ros2_ws/install/my_package/lib/my_package/server_doc
-- Symlinking: /home/samiksha/ros2_ws/install/my_package/lib/my_package/client_doc
-- Symlinking: /home/samiksha/ros2_ws/install/my_package/share/ament_index/resource_index/package_run_dependencies/my_package
-- Symlinking: /home/samiksha/ros2_ws/install/my_package/share/ament_index/resource_index/parent_prefix_path/my_package
-- Symlinking: /home/samiksha/ros2_ws/install/my_package/share/my_package/environment/ament_prefix_path.sh
-- Symlinking: /home/samiksha/ros2_ws/install/my_package/share/my_package/environment/ament_prefix_path.dsv
-- Symlinking: /home/samiksha/ros2_ws/install/my_package/share/my_package/environment/path.sh
-- Symlinking: /home/samiksha/ros2_ws/install/my_package/share/my_package/environment/path.dsv
-- Symlinking: /home/samiksha/ros2_ws/install/my_package/share/my_package/local_setup.bash
-- Symlinking: /home/samiksha/ros2_ws/install/my_package/share/my_package/local_setup.sh
-- Symlinking: /home/samiksha/ros2_ws/install/my_package/share/my_package/local_setup.zsh
-- Symlinking: /home/samiksha/ros2_ws/install/my_package/share/my_package/local_setup.dsv
-- Symlinking: /home/samiksha/ros2_ws/install/my_package/share/my_package/package.dsv
-- Symlinking: /home/samiksha/ros2_ws/install/my_package/share/ament_index/resource_index/packages/my_package
-- Symlinking: /home/samiksha/ros2_ws/install/my_package/share/my_package/cmake/my_packageConfig.cmake
-- Symlinking: /home/samiksha/ros2_ws/install/my_package/share/my_package/cmake/my_packageConfig-version.cmake
-- Symlinking: /home/samiksha/ros2_ws/install/my_package/share/my_package/package.xml
