[0.012s] Invoking command in '/home/samiksha/ros2_ws/build/my_package': CMAKE_PREFIX_PATH=${CMAKE_PREFIX_PATH}:/home/samiksha/ros2_ws/install/task_controller:/opt/ros/humble /usr/bin/cmake /home/samiksha/ros2_ws/src/task_controller_cpp -DAMENT_CMAKE_SYMLINK_INSTALL=1 -DCMAKE_INSTALL_PREFIX=/home/samiksha/ros2_ws/install/my_package
[0.190s] -- Found ament_cmake: 1.3.11 (/opt/ros/humble/share/ament_cmake/cmake)
[0.190s] -- Override CMake install command with custom implementation using symlinks instead of copying resources
[0.190s] -- Found rclcpp: 16.0.11 (/opt/ros/humble/share/rclcpp/cmake)
[0.190s] -- Found rosidl_generator_c: 3.1.6 (/opt/ros/humble/share/rosidl_generator_c/cmake)
[0.190s] -- Found rosidl_adapter: 3.1.6 (/opt/ros/humble/share/rosidl_adapter/cmake)
[0.190s] -- Found rosidl_generator_cpp: 3.1.6 (/opt/ros/humble/share/rosidl_generator_cpp/cmake)
[0.190s] -- Using all available rosidl_typesupport_c: rosidl_typesupport_fastrtps_c;rosidl_typesupport_introspection_c
[0.190s] -- Using all available rosidl_typesupport_cpp: rosidl_typesupport_fastrtps_cpp;rosidl_typesupport_introspection_cpp
[0.191s] -- Found rmw_implementation_cmake: 6.1.2 (/opt/ros/humble/share/rmw_implementation_cmake/cmake)
[0.191s] -- Found rmw_fastrtps_cpp: 6.2.7 (/opt/ros/humble/share/rmw_fastrtps_cpp/cmake)
[0.247s] -- Using RMW implementation 'rmw_fastrtps_cpp' as default
[0.281s] -- Found example_interfaces: 0.9.3 (/opt/ros/humble/share/example_interfaces/cmake)
[0.356s] -- Configuring done
[0.367s] -- Generating done
[0.372s] -- Build files have been written to: /home/samiksha/ros2_ws/build/my_package
[0.377s] Invoked command in '/home/samiksha/ros2_ws/build/my_package' returned '0': CMAKE_PREFIX_PATH=${CMAKE_PREFIX_PATH}:/home/samiksha/ros2_ws/install/task_controller:/opt/ros/humble /usr/bin/cmake /home/samiksha/ros2_ws/src/task_controller_cpp -DAMENT_CMAKE_SYMLINK_INSTALL=1 -DCMAKE_INSTALL_PREFIX=/home/samiksha/ros2_ws/install/my_package
[0.379s] Invoking command in '/home/samiksha/ros2_ws/build/my_package': CMAKE_PREFIX_PATH=${CMAKE_PREFIX_PATH}:/home/samiksha/ros2_ws/install/task_controller:/opt/ros/humble /usr/bin/cmake --build /home/samiksha/ros2_ws/build/my_package -- -j12 -l12
[0.410s] [35m[1mConsolidate compiler generated dependencies of target server_doc[0m
[0.412s] [35m[1mConsolidate compiler generated dependencies of target talker[0m
[0.413s] [35m[1mConsolidate compiler generated dependencies of target listener[0m
[0.413s] [35m[1mConsolidate compiler generated dependencies of target client_doc[0m
[0.421s] [ 12%] [32m[1mLinking CXX executable server_doc[0m
[0.428s] [ 25%] [32m[1mLinking CXX executable listener[0m
[0.430s] [ 37%] [32m[1mLinking CXX executable client_doc[0m
[0.430s] [ 50%] [32m[1mLinking CXX executable talker[0m
[0.570s] [ 62%] Built target server_doc
[0.645s] [ 75%] Built target client_doc
[0.688s] [ 87%] Built target talker
[0.752s] [100%] Built target listener
[0.761s] Invoked command in '/home/samiksha/ros2_ws/build/my_package' returned '0': CMAKE_PREFIX_PATH=${CMAKE_PREFIX_PATH}:/home/samiksha/ros2_ws/install/task_controller:/opt/ros/humble /usr/bin/cmake --build /home/samiksha/ros2_ws/build/my_package -- -j12 -l12
[0.769s] Invoking command in '/home/samiksha/ros2_ws/build/my_package': CMAKE_PREFIX_PATH=${CMAKE_PREFIX_PATH}:/home/samiksha/ros2_ws/install/task_controller:/opt/ros/humble /usr/bin/cmake --install /home/samiksha/ros2_ws/build/my_package
[0.774s] -- Install configuration: ""
[0.774s] -- Execute custom install script
[0.774s] -- Symlinking: /home/samiksha/ros2_ws/install/my_package/lib/my_package/talker
[0.780s] -- Symlinking: /home/samiksha/ros2_ws/install/my_package/lib/my_package/listener
[0.790s] -- Symlinking: /home/samiksha/ros2_ws/install/my_package/lib/my_package/server_doc
[0.798s] -- Symlinking: /home/samiksha/ros2_ws/install/my_package/lib/my_package/client_doc
[0.805s] -- Symlinking: /home/samiksha/ros2_ws/install/my_package/share/ament_index/resource_index/package_run_dependencies/my_package
[0.812s] -- Symlinking: /home/samiksha/ros2_ws/install/my_package/share/ament_index/resource_index/parent_prefix_path/my_package
[0.818s] -- Symlinking: /home/samiksha/ros2_ws/install/my_package/share/my_package/environment/ament_prefix_path.sh
[0.824s] -- Symlinking: /home/samiksha/ros2_ws/install/my_package/share/my_package/environment/ament_prefix_path.dsv
[0.832s] -- Symlinking: /home/samiksha/ros2_ws/install/my_package/share/my_package/environment/path.sh
[0.840s] -- Symlinking: /home/samiksha/ros2_ws/install/my_package/share/my_package/environment/path.dsv
[0.848s] -- Symlinking: /home/samiksha/ros2_ws/install/my_package/share/my_package/local_setup.bash
[0.854s] -- Symlinking: /home/samiksha/ros2_ws/install/my_package/share/my_package/local_setup.sh
[0.862s] -- Symlinking: /home/samiksha/ros2_ws/install/my_package/share/my_package/local_setup.zsh
[0.870s] -- Symlinking: /home/samiksha/ros2_ws/install/my_package/share/my_package/local_setup.dsv
[0.877s] -- Symlinking: /home/samiksha/ros2_ws/install/my_package/share/my_package/package.dsv
[0.885s] -- Symlinking: /home/samiksha/ros2_ws/install/my_package/share/ament_index/resource_index/packages/my_package
[0.893s] -- Symlinking: /home/samiksha/ros2_ws/install/my_package/share/my_package/cmake/my_packageConfig.cmake
[0.900s] -- Symlinking: /home/samiksha/ros2_ws/install/my_package/share/my_package/cmake/my_packageConfig-version.cmake
[0.907s] -- Symlinking: /home/samiksha/ros2_ws/install/my_package/share/my_package/package.xml
[0.915s] Invoked command in '/home/samiksha/ros2_ws/build/my_package' returned '0': CMAKE_PREFIX_PATH=${CMAKE_PREFIX_PATH}:/home/samiksha/ros2_ws/install/task_controller:/opt/ros/humble /usr/bin/cmake --install /home/samiksha/ros2_ws/build/my_package
