[0.012s] Invoking command in '/home/samiksha/ros2_ws/build/my_package': CMAKE_PREFIX_PATH=${CMAKE_PREFIX_PATH}:/home/samiksha/ros2_ws/install/task_controller:/opt/ros/humble /usr/bin/cmake /home/samiksha/ros2_ws/src/task_controller_cpp -DCMAKE_INSTALL_PREFIX=/home/samiksha/ros2_ws/install/my_package
[0.189s] -- Found ament_cmake: 1.3.11 (/opt/ros/humble/share/ament_cmake/cmake)
[0.189s] -- Override CMake install command with custom implementation using symlinks instead of copying resources
[0.189s] -- Found rclcpp: 16.0.11 (/opt/ros/humble/share/rclcpp/cmake)
[0.189s] -- Found rosidl_generator_c: 3.1.6 (/opt/ros/humble/share/rosidl_generator_c/cmake)
[0.189s] -- Found rosidl_adapter: 3.1.6 (/opt/ros/humble/share/rosidl_adapter/cmake)
[0.189s] -- Found rosidl_generator_cpp: 3.1.6 (/opt/ros/humble/share/rosidl_generator_cpp/cmake)
[0.189s] -- Using all available rosidl_typesupport_c: rosidl_typesupport_fastrtps_c;rosidl_typesupport_introspection_c
[0.189s] -- Using all available rosidl_typesupport_cpp: rosidl_typesupport_fastrtps_cpp;rosidl_typesupport_introspection_cpp
[0.190s] -- Found rmw_implementation_cmake: 6.1.2 (/opt/ros/humble/share/rmw_implementation_cmake/cmake)
[0.190s] -- Found rmw_fastrtps_cpp: 6.2.7 (/opt/ros/humble/share/rmw_fastrtps_cpp/cmake)
[0.255s] -- Using RMW implementation 'rmw_fastrtps_cpp' as default
[0.287s] -- Found example_interfaces: 0.9.3 (/opt/ros/humble/share/example_interfaces/cmake)
[0.363s] -- Configuring done
[0.373s] -- Generating done
[0.378s] -- Build files have been written to: /home/samiksha/ros2_ws/build/my_package
[0.384s] Invoked command in '/home/samiksha/ros2_ws/build/my_package' returned '0': CMAKE_PREFIX_PATH=${CMAKE_PREFIX_PATH}:/home/samiksha/ros2_ws/install/task_controller:/opt/ros/humble /usr/bin/cmake /home/samiksha/ros2_ws/src/task_controller_cpp -DCMAKE_INSTALL_PREFIX=/home/samiksha/ros2_ws/install/my_package
[0.386s] Invoking command in '/home/samiksha/ros2_ws/build/my_package': CMAKE_PREFIX_PATH=${CMAKE_PREFIX_PATH}:/home/samiksha/ros2_ws/install/task_controller:/opt/ros/humble /usr/bin/cmake --build /home/samiksha/ros2_ws/build/my_package -- -j12 -l12
[0.422s] [35m[1mConsolidate compiler generated dependencies of target server_doc[0m
[0.426s] [35m[1mConsolidate compiler generated dependencies of target talker[0m
[0.426s] [35m[1mConsolidate compiler generated dependencies of target listener[0m
[0.426s] [35m[1mConsolidate compiler generated dependencies of target client_doc[0m
[0.438s] [ 50%] Built target client_doc
[0.438s] [ 50%] Built target listener
[0.439s] [ 75%] Built target server_doc
[0.442s] [100%] Built target talker
[0.452s] Invoked command in '/home/samiksha/ros2_ws/build/my_package' returned '0': CMAKE_PREFIX_PATH=${CMAKE_PREFIX_PATH}:/home/samiksha/ros2_ws/install/task_controller:/opt/ros/humble /usr/bin/cmake --build /home/samiksha/ros2_ws/build/my_package -- -j12 -l12
[0.461s] Invoking command in '/home/samiksha/ros2_ws/build/my_package': CMAKE_PREFIX_PATH=${CMAKE_PREFIX_PATH}:/home/samiksha/ros2_ws/install/task_controller:/opt/ros/humble /usr/bin/cmake --install /home/samiksha/ros2_ws/build/my_package
[0.467s] -- Install configuration: ""
[0.467s] -- Execute custom install script
[0.467s] -- Up-to-date symlink: /home/samiksha/ros2_ws/install/my_package/lib/my_package/talker
[0.467s] -- Up-to-date symlink: /home/samiksha/ros2_ws/install/my_package/lib/my_package/listener
[0.467s] -- Up-to-date symlink: /home/samiksha/ros2_ws/install/my_package/lib/my_package/server_doc
[0.467s] -- Up-to-date symlink: /home/samiksha/ros2_ws/install/my_package/lib/my_package/client_doc
[0.467s] -- Up-to-date symlink: /home/samiksha/ros2_ws/install/my_package/share/ament_index/resource_index/package_run_dependencies/my_package
[0.467s] -- Up-to-date symlink: /home/samiksha/ros2_ws/install/my_package/share/ament_index/resource_index/parent_prefix_path/my_package
[0.468s] -- Up-to-date symlink: /home/samiksha/ros2_ws/install/my_package/share/my_package/environment/ament_prefix_path.sh
[0.468s] -- Up-to-date symlink: /home/samiksha/ros2_ws/install/my_package/share/my_package/environment/ament_prefix_path.dsv
[0.468s] -- Up-to-date symlink: /home/samiksha/ros2_ws/install/my_package/share/my_package/environment/path.sh
[0.468s] -- Up-to-date symlink: /home/samiksha/ros2_ws/install/my_package/share/my_package/environment/path.dsv
[0.468s] -- Up-to-date symlink: /home/samiksha/ros2_ws/install/my_package/share/my_package/local_setup.bash
[0.468s] -- Up-to-date symlink: /home/samiksha/ros2_ws/install/my_package/share/my_package/local_setup.sh
[0.468s] -- Up-to-date symlink: /home/samiksha/ros2_ws/install/my_package/share/my_package/local_setup.zsh
[0.468s] -- Up-to-date symlink: /home/samiksha/ros2_ws/install/my_package/share/my_package/local_setup.dsv
[0.468s] -- Symlinking: /home/samiksha/ros2_ws/install/my_package/share/my_package/package.dsv
[0.476s] -- Up-to-date symlink: /home/samiksha/ros2_ws/install/my_package/share/ament_index/resource_index/packages/my_package
[0.476s] -- Up-to-date symlink: /home/samiksha/ros2_ws/install/my_package/share/my_package/cmake/my_packageConfig.cmake
[0.477s] -- Up-to-date symlink: /home/samiksha/ros2_ws/install/my_package/share/my_package/cmake/my_packageConfig-version.cmake
[0.477s] -- Up-to-date symlink: /home/samiksha/ros2_ws/install/my_package/share/my_package/package.xml
[0.479s] Invoked command in '/home/samiksha/ros2_ws/build/my_package' returned '0': CMAKE_PREFIX_PATH=${CMAKE_PREFIX_PATH}:/home/samiksha/ros2_ws/install/task_controller:/opt/ros/humble /usr/bin/cmake --install /home/samiksha/ros2_ws/build/my_package
