[0.570s] Invoking command in '/home/samiksha/ros2_ws2/build/rviz_plugin_tutorial_msgs': CMAKE_PREFIX_PATH=${CMAKE_PREFIX_PATH}:/home/samiksha/ros2_ws/install/task_controller:/home/samiksha/ros2_ws2/install/robo_descp:/home/samiksha/ros2_ws2/install/learning_tf2_py:/home/samiksha/ros2_ws2/install/launch_tutorial:/opt/ros/humble /usr/bin/cmake --build /home/samiksha/ros2_ws2/build/rviz_plugin_tutorial_msgs -- -j12 -l12
[0.610s] [  1%] [34m[1mAutomatic MOC for target point_display[0m
[0.612s] [  3%] [34m[1mAutomatic MOC for target rviz_plugin_tutorial_msgs__rosidl_generator_c[0m
[0.617s] [  3%] Built target ament_cmake_python_copy_rviz_plugin_tutorial_msgs
[0.617s] [  5%] Built target rviz_plugin_tutorial_msgs__cpp
[0.629s] [  5%] Built target point_display_autogen
[0.631s] [  5%] Built target rviz_plugin_tutorial_msgs__rosidl_generator_c_autogen
[0.632s] gmake[2]: *** No rule to make target '/home/samiksha/ros2_ws2/src/rviz_plugin_tutorial_msgs/include/rviz_plugin_tutorial/point_display.hpp', needed by 'include/rviz_plugin_tutorial/moc_point_display.cpp'.  Stop.
[0.632s] [  8%] [34m[1mAutomatic MOC for target rviz_plugin_tutorial_msgs__rosidl_typesupport_cpp[0m
[0.632s] [  8%] [34m[1mAutomatic MOC for target rviz_plugin_tutorial_msgs__rosidl_typesupport_introspection_cpp[0m
[0.632s] gmake[1]: *** [CMakeFiles/Makefile2:193: CMakeFiles/point_display.dir/all] Error 2
[0.632s] gmake[1]: *** Waiting for unfinished jobs....
[0.639s] [ 10%] [34m[1mAutomatic MOC for target rviz_plugin_tutorial_msgs__rosidl_typesupport_fastrtps_cpp[0m
[0.646s] [ 10%] Built target rviz_plugin_tutorial_msgs__rosidl_typesupport_cpp_autogen
[0.652s] [ 10%] Built target rviz_plugin_tutorial_msgs__rosidl_typesupport_introspection_cpp_autogen
[0.660s] [ 10%] Built target rviz_plugin_tutorial_msgs__rosidl_typesupport_fastrtps_cpp_autogen
[0.788s] running egg_info
[0.791s] writing manifest file 'rviz_plugin_tutorial_msgs.egg-info/SOURCES.txt'
[0.810s] [ 10%] Built target ament_cmake_python_build_rviz_plugin_tutorial_msgs_egg
[0.811s] gmake: *** [Makefile:146: all] Error 2
