[ 22%] Built target listener
[ 22%] Built target control
[ 33%] Built target chatNode1
[ 44%] Built target chatNode2
[ 55%] Built target client_doc
[ 66%] Built target server_doc
[ 77%] Built target letter
[ 88%] Built target talker
[100%] Built target circle
-- Install configuration: ""
-- Up-to-date: /home/samiksha/ros2_ws/install/task_controller_cpp/lib/task_controller_cpp/talker
-- Up-to-date: /home/samiksha/ros2_ws/install/task_controller_cpp/lib/task_controller_cpp/listener
-- Up-to-date: /home/samiksha/ros2_ws/install/task_controller_cpp/lib/task_controller_cpp/server_doc
-- Up-to-date: /home/samiksha/ros2_ws/install/task_controller_cpp/lib/task_controller_cpp/client_doc
-- Up-to-date: /home/samiksha/ros2_ws/install/task_controller_cpp/lib/task_controller_cpp/chatNode1
-- Up-to-date: /home/samiksha/ros2_ws/install/task_controller_cpp/lib/task_controller_cpp/chatNode2
-- Up-to-date: /home/samiksha/ros2_ws/install/task_controller_cpp/lib/task_controller_cpp/control
-- Up-to-date: /home/samiksha/ros2_ws/install/task_controller_cpp/lib/task_controller_cpp/circle
-- Up-to-date: /home/samiksha/ros2_ws/install/task_controller_cpp/lib/task_controller_cpp/letter
-- Up-to-date: /home/samiksha/ros2_ws/install/task_controller_cpp/share/ament_index/resource_index/package_run_dependencies/task_controller_cpp
-- Up-to-date: /home/samiksha/ros2_ws/install/task_controller_cpp/share/ament_index/resource_index/parent_prefix_path/task_controller_cpp
-- Up-to-date: /home/samiksha/ros2_ws/install/task_controller_cpp/share/task_controller_cpp/environment/ament_prefix_path.sh
-- Up-to-date: /home/samiksha/ros2_ws/install/task_controller_cpp/share/task_controller_cpp/environment/ament_prefix_path.dsv
-- Up-to-date: /home/samiksha/ros2_ws/install/task_controller_cpp/share/task_controller_cpp/environment/path.sh
-- Up-to-date: /home/samiksha/ros2_ws/install/task_controller_cpp/share/task_controller_cpp/environment/path.dsv
-- Up-to-date: /home/samiksha/ros2_ws/install/task_controller_cpp/share/task_controller_cpp/local_setup.bash
-- Up-to-date: /home/samiksha/ros2_ws/install/task_controller_cpp/share/task_controller_cpp/local_setup.sh
-- Up-to-date: /home/samiksha/ros2_ws/install/task_controller_cpp/share/task_controller_cpp/local_setup.zsh
-- Up-to-date: /home/samiksha/ros2_ws/install/task_controller_cpp/share/task_controller_cpp/local_setup.dsv
-- Installing: /home/samiksha/ros2_ws/install/task_controller_cpp/share/task_controller_cpp/package.dsv
-- Up-to-date: /home/samiksha/ros2_ws/install/task_controller_cpp/share/ament_index/resource_index/packages/task_controller_cpp
-- Up-to-date: /home/samiksha/ros2_ws/install/task_controller_cpp/share/task_controller_cpp/cmake/task_controller_cppConfig.cmake
-- Up-to-date: /home/samiksha/ros2_ws/install/task_controller_cpp/share/task_controller_cpp/cmake/task_controller_cppConfig-version.cmake
-- Up-to-date: /home/samiksha/ros2_ws/install/task_controller_cpp/share/task_controller_cpp/package.xml
