[0.555s] Invoking command in '/home/samiksha/ros2_ws2/build/rviz_plugin_tutorial': CMAKE_PREFIX_PATH=${CMAKE_PREFIX_PATH}:/home/samiksha/ros2_ws/install/task_controller:/home/samiksha/ros2_ws2/install/robo_descp:/home/samiksha/ros2_ws2/install/learning_tf2_py:/home/samiksha/ros2_ws2/install/launch_tutorial:/opt/ros/humble /usr/bin/cmake /home/samiksha/ros2_ws2/src/rviz_plugin_tutorial -DCMAKE_INSTALL_PREFIX=/home/samiksha/ros2_ws2/install/rviz_plugin_tutorial
[0.568s] -- Found ament_cmake: 1.3.11 (/opt/ros/humble/share/ament_cmake/cmake)
[0.681s] -- Found rosidl_default_generators: 1.2.0 (/opt/ros/humble/share/rosidl_default_generators/cmake)
[0.682s] -- Using all available rosidl_typesupport_c: rosidl_typesupport_fastrtps_c;rosidl_typesupport_introspection_c
[0.684s] -- Found rosidl_adapter: 3.1.6 (/opt/ros/humble/share/rosidl_adapter/cmake)
[0.705s] -- Using all available rosidl_typesupport_cpp: rosidl_typesupport_fastrtps_cpp;rosidl_typesupport_introspection_cpp
[0.723s] -- Found std_msgs: 4.2.4 (/opt/ros/humble/share/std_msgs/cmake)
[0.967s] -- Found ament_cmake_ros: 0.10.0 (/opt/ros/humble/share/ament_cmake_ros/cmake)
[1.145s] -- Using all available rosidl_typesupport_c: rosidl_typesupport_fastrtps_c;rosidl_typesupport_introspection_c
[1.361s] -- Using all available rosidl_typesupport_cpp: rosidl_typesupport_fastrtps_cpp;rosidl_typesupport_introspection_cpp
[1.379s] -- Found PythonInterp: /usr/bin/python3 (found suitable version "3.10.12", minimum required is "3.6") 
[1.380s] -- Found python_cmake_module: 0.10.0 (/opt/ros/humble/share/python_cmake_module/cmake)
[1.407s] -- Found PythonLibs: /usr/lib/x86_64-linux-gnu/libpython3.10.so (found suitable version "3.10.12", minimum required is "3.5") 
[1.407s] -- Using PYTHON_EXECUTABLE: /usr/bin/python3
[1.407s] -- Using PYTHON_INCLUDE_DIRS: /usr/include/python3.10
[1.407s] -- Using PYTHON_LIBRARIES: /usr/lib/x86_64-linux-gnu/libpython3.10.so
[1.426s] -- Found PythonExtra: .so  
[1.469s] -- Found ament_lint_auto: 0.12.11 (/opt/ros/humble/share/ament_lint_auto/cmake)
[1.480s] -- Added test 'lint_cmake' to check CMake code style
[1.480s] -- Added test 'xmllint' to check XML markup files
[1.481s] -- Configuring done
[1.501s] -- Generating done
[1.509s] -- Build files have been written to: /home/samiksha/ros2_ws2/build/rviz_plugin_tutorial
[1.516s] Invoked command in '/home/samiksha/ros2_ws2/build/rviz_plugin_tutorial' returned '0': CMAKE_PREFIX_PATH=${CMAKE_PREFIX_PATH}:/home/samiksha/ros2_ws/install/task_controller:/home/samiksha/ros2_ws2/install/robo_descp:/home/samiksha/ros2_ws2/install/learning_tf2_py:/home/samiksha/ros2_ws2/install/launch_tutorial:/opt/ros/humble /usr/bin/cmake /home/samiksha/ros2_ws2/src/rviz_plugin_tutorial -DCMAKE_INSTALL_PREFIX=/home/samiksha/ros2_ws2/install/rviz_plugin_tutorial
[1.517s] Invoking command in '/home/samiksha/ros2_ws2/build/rviz_plugin_tutorial': CMAKE_PREFIX_PATH=${CMAKE_PREFIX_PATH}:/home/samiksha/ros2_ws/install/task_controller:/home/samiksha/ros2_ws2/install/robo_descp:/home/samiksha/ros2_ws2/install/learning_tf2_py:/home/samiksha/ros2_ws2/install/launch_tutorial:/opt/ros/humble /usr/bin/cmake --build /home/samiksha/ros2_ws2/build/rviz_plugin_tutorial -- -j12 -l12
[1.555s] [  3%] [34m[1mGenerating C code for ROS interfaces[0m
[1.564s] [  6%] [34m[1mGenerating C++ code for ROS interfaces[0m
[1.569s] [  6%] Built target ament_cmake_python_copy_rviz_plugin_tutorial
[1.721s] [  6%] Built target rviz_plugin_tutorial__cpp
[1.729s] [  9%] [34m[1mGenerating C++ type support dispatch for ROS interfaces[0m
[1.730s] [ 12%] [34m[1mGenerating C++ introspection for ROS interfaces[0m
[1.730s] [ 16%] [32mBuilding C object CMakeFiles/rviz_plugin_tutorial__rosidl_generator_c.dir/rosidl_generator_c/rviz_plugin_tutorial/msg/detail/point2_d__functions.c.o[0m
[1.732s] [ 19%] [34m[1mGenerating C++ type support for eProsima Fast-RTPS[0m
[1.751s] running egg_info
[1.751s] creating rviz_plugin_tutorial.egg-info
[1.752s] writing manifest file 'rviz_plugin_tutorial.egg-info/SOURCES.txt'
[1.754s] writing manifest file 'rviz_plugin_tutorial.egg-info/SOURCES.txt'
[1.781s] [ 19%] Built target ament_cmake_python_build_rviz_plugin_tutorial_egg
[1.785s] [ 22%] [32m[1mLinking C shared library librviz_plugin_tutorial__rosidl_generator_c.so[0m
[1.817s] [ 22%] Built target rviz_plugin_tutorial__rosidl_generator_c
[1.824s] [ 25%] [34m[1mGenerating C introspection for ROS interfaces[0m
[1.827s] [ 29%] [34m[1mGenerating C type support dispatch for ROS interfaces[0m
[1.827s] [ 32%] [34m[1mGenerating C type support for eProsima Fast-RTPS[0m
[1.899s] [ 35%] [32mBuilding CXX object CMakeFiles/rviz_plugin_tutorial__rosidl_typesupport_introspection_cpp.dir/rosidl_typesupport_introspection_cpp/rviz_plugin_tutorial/msg/detail/point2_d__type_support.cpp.o[0m
[1.910s] [ 38%] [32mBuilding CXX object CMakeFiles/rviz_plugin_tutorial__rosidl_typesupport_fastrtps_cpp.dir/rosidl_typesupport_fastrtps_cpp/rviz_plugin_tutorial/msg/detail/dds_fastrtps/point2_d__type_support.cpp.o[0m
[1.924s] [ 41%] [32mBuilding CXX object CMakeFiles/rviz_plugin_tutorial__rosidl_typesupport_cpp.dir/rosidl_typesupport_cpp/rviz_plugin_tutorial/msg/point2_d__type_support.cpp.o[0m
[1.989s] [ 45%] [32mBuilding CXX object CMakeFiles/rviz_plugin_tutorial__rosidl_typesupport_c.dir/rosidl_typesupport_c/rviz_plugin_tutorial/msg/point2_d__type_support.cpp.o[0m
[1.999s] [ 48%] [32mBuilding C object CMakeFiles/rviz_plugin_tutorial__rosidl_typesupport_introspection_c.dir/rosidl_typesupport_introspection_c/rviz_plugin_tutorial/msg/detail/point2_d__type_support.c.o[0m
[2.014s] [ 51%] [32m[1mLinking CXX shared library librviz_plugin_tutorial__rosidl_typesupport_c.so[0m
[2.029s] [ 54%] [32m[1mLinking C shared library librviz_plugin_tutorial__rosidl_typesupport_introspection_c.so[0m
[2.050s] [ 54%] Built target rviz_plugin_tutorial__rosidl_typesupport_c
[2.054s] [ 58%] [32mBuilding CXX object CMakeFiles/rviz_plugin_tutorial__rosidl_typesupport_fastrtps_c.dir/rosidl_typesupport_fastrtps_c/rviz_plugin_tutorial/msg/detail/point2_d__type_support_c.cpp.o[0m
[2.055s] [ 58%] Built target rviz_plugin_tutorial__rosidl_typesupport_introspection_c
[2.124s] [ 61%] [32m[1mLinking CXX shared library librviz_plugin_tutorial__rosidl_typesupport_cpp.so[0m
[2.165s] [ 61%] Built target rviz_plugin_tutorial__rosidl_typesupport_cpp
[2.188s] [ 64%] [32m[1mLinking CXX shared library librviz_plugin_tutorial__rosidl_typesupport_fastrtps_cpp.so[0m
[2.202s] [ 67%] [32m[1mLinking CXX shared library librviz_plugin_tutorial__rosidl_typesupport_introspection_cpp.so[0m
[2.252s] [ 67%] Built target rviz_plugin_tutorial__rosidl_typesupport_introspection_cpp
[2.253s] [ 67%] Built target rviz_plugin_tutorial__rosidl_typesupport_fastrtps_cpp
[2.257s] [ 70%] [32m[1mLinking CXX shared library librviz_plugin_tutorial__rosidl_typesupport_fastrtps_c.so[0m
[2.306s] [ 70%] Built target rviz_plugin_tutorial__rosidl_typesupport_fastrtps_c
[2.322s] [ 70%] Built target rviz_plugin_tutorial
[2.339s] [ 74%] [34m[1mGenerating Python code for ROS interfaces[0m
[2.501s] [ 74%] Built target rviz_plugin_tutorial__py
[2.516s] [ 77%] [32mBuilding C object CMakeFiles/rviz_plugin_tutorial__rosidl_generator_py.dir/rosidl_generator_py/rviz_plugin_tutorial/msg/_point2_d_s.c.o[0m
[2.583s] [ 80%] [32m[1mLinking C shared library rosidl_generator_py/rviz_plugin_tutorial/librviz_plugin_tutorial__rosidl_generator_py.so[0m
[2.617s] [ 80%] Built target rviz_plugin_tutorial__rosidl_generator_py
[2.632s] [ 83%] [32mBuilding C object CMakeFiles/rviz_plugin_tutorial__rosidl_typesupport_fastrtps_c__pyext.dir/rosidl_generator_py/rviz_plugin_tutorial/_rviz_plugin_tutorial_s.ep.rosidl_typesupport_fastrtps_c.c.o[0m
[2.634s] [ 87%] [32mBuilding C object CMakeFiles/rviz_plugin_tutorial__rosidl_typesupport_c__pyext.dir/rosidl_generator_py/rviz_plugin_tutorial/_rviz_plugin_tutorial_s.ep.rosidl_typesupport_c.c.o[0m
[2.634s] [ 90%] [32mBuilding C object CMakeFiles/rviz_plugin_tutorial__rosidl_typesupport_introspection_c__pyext.dir/rosidl_generator_py/rviz_plugin_tutorial/_rviz_plugin_tutorial_s.ep.rosidl_typesupport_introspection_c.c.o[0m
[2.692s] [ 93%] [32m[1mLinking C shared library rosidl_generator_py/rviz_plugin_tutorial/rviz_plugin_tutorial_s__rosidl_typesupport_fastrtps_c.cpython-310-x86_64-linux-gnu.so[0m
[2.692s] [ 96%] [32m[1mLinking C shared library rosidl_generator_py/rviz_plugin_tutorial/rviz_plugin_tutorial_s__rosidl_typesupport_c.cpython-310-x86_64-linux-gnu.so[0m
[2.694s] [100%] [32m[1mLinking C shared library rosidl_generator_py/rviz_plugin_tutorial/rviz_plugin_tutorial_s__rosidl_typesupport_introspection_c.cpython-310-x86_64-linux-gnu.so[0m
[2.720s] [100%] Built target rviz_plugin_tutorial__rosidl_typesupport_fastrtps_c__pyext
[2.720s] [100%] Built target rviz_plugin_tutorial__rosidl_typesupport_c__pyext
[2.720s] [100%] Built target rviz_plugin_tutorial__rosidl_typesupport_introspection_c__pyext
[2.729s] Invoked command in '/home/samiksha/ros2_ws2/build/rviz_plugin_tutorial' returned '0': CMAKE_PREFIX_PATH=${CMAKE_PREFIX_PATH}:/home/samiksha/ros2_ws/install/task_controller:/home/samiksha/ros2_ws2/install/robo_descp:/home/samiksha/ros2_ws2/install/learning_tf2_py:/home/samiksha/ros2_ws2/install/launch_tutorial:/opt/ros/humble /usr/bin/cmake --build /home/samiksha/ros2_ws2/build/rviz_plugin_tutorial -- -j12 -l12
[2.730s] Invoking command in '/home/samiksha/ros2_ws2/build/rviz_plugin_tutorial': CMAKE_PREFIX_PATH=${CMAKE_PREFIX_PATH}:/home/samiksha/ros2_ws/install/task_controller:/home/samiksha/ros2_ws2/install/robo_descp:/home/samiksha/ros2_ws2/install/learning_tf2_py:/home/samiksha/ros2_ws2/install/launch_tutorial:/opt/ros/humble /usr/bin/cmake --install /home/samiksha/ros2_ws2/build/rviz_plugin_tutorial
[2.735s] -- Install configuration: ""
[2.735s] -- Installing: /home/samiksha/ros2_ws2/install/rviz_plugin_tutorial/share/ament_index/resource_index/rosidl_interfaces/rviz_plugin_tutorial
[2.735s] -- Installing: /home/samiksha/ros2_ws2/install/rviz_plugin_tutorial/include/rviz_plugin_tutorial/rviz_plugin_tutorial
[2.736s] -- Installing: /home/samiksha/ros2_ws2/install/rviz_plugin_tutorial/include/rviz_plugin_tutorial/rviz_plugin_tutorial/msg
[2.736s] -- Installing: /home/samiksha/ros2_ws2/install/rviz_plugin_tutorial/include/rviz_plugin_tutorial/rviz_plugin_tutorial/msg/detail
[2.736s] -- Installing: /home/samiksha/ros2_ws2/install/rviz_plugin_tutorial/include/rviz_plugin_tutorial/rviz_plugin_tutorial/msg/detail/point2_d__struct.h
[2.736s] -- Installing: /home/samiksha/ros2_ws2/install/rviz_plugin_tutorial/include/rviz_plugin_tutorial/rviz_plugin_tutorial/msg/detail/point2_d__functions.h
[2.736s] -- Installing: /home/samiksha/ros2_ws2/install/rviz_plugin_tutorial/include/rviz_plugin_tutorial/rviz_plugin_tutorial/msg/detail/point2_d__type_support.h
[2.736s] -- Installing: /home/samiksha/ros2_ws2/install/rviz_plugin_tutorial/include/rviz_plugin_tutorial/rviz_plugin_tutorial/msg/detail/point2_d__functions.c
[2.736s] -- Installing: /home/samiksha/ros2_ws2/install/rviz_plugin_tutorial/include/rviz_plugin_tutorial/rviz_plugin_tutorial/msg/rosidl_generator_c__visibility_control.h
[2.736s] -- Installing: /home/samiksha/ros2_ws2/install/rviz_plugin_tutorial/include/rviz_plugin_tutorial/rviz_plugin_tutorial/msg/point2_d.h
[2.736s] -- Installing: /home/samiksha/ros2_ws2/install/rviz_plugin_tutorial/share/rviz_plugin_tutorial/environment/library_path.sh
[2.736s] -- Installing: /home/samiksha/ros2_ws2/install/rviz_plugin_tutorial/share/rviz_plugin_tutorial/environment/library_path.dsv
[2.736s] -- Installing: /home/samiksha/ros2_ws2/install/rviz_plugin_tutorial/lib/librviz_plugin_tutorial__rosidl_generator_c.so
[2.736s] -- Set runtime path of "/home/samiksha/ros2_ws2/install/rviz_plugin_tutorial/lib/librviz_plugin_tutorial__rosidl_generator_c.so" to ""
[2.736s] -- Up-to-date: /home/samiksha/ros2_ws2/install/rviz_plugin_tutorial/include/rviz_plugin_tutorial/rviz_plugin_tutorial
[2.736s] -- Up-to-date: /home/samiksha/ros2_ws2/install/rviz_plugin_tutorial/include/rviz_plugin_tutorial/rviz_plugin_tutorial/msg
[2.736s] -- Up-to-date: /home/samiksha/ros2_ws2/install/rviz_plugin_tutorial/include/rviz_plugin_tutorial/rviz_plugin_tutorial/msg/detail
[2.736s] -- Installing: /home/samiksha/ros2_ws2/install/rviz_plugin_tutorial/include/rviz_plugin_tutorial/rviz_plugin_tutorial/msg/detail/point2_d__rosidl_typesupport_fastrtps_c.h
[2.736s] -- Installing: /home/samiksha/ros2_ws2/install/rviz_plugin_tutorial/include/rviz_plugin_tutorial/rviz_plugin_tutorial/msg/rosidl_typesupport_fastrtps_c__visibility_control.h
[2.736s] -- Installing: /home/samiksha/ros2_ws2/install/rviz_plugin_tutorial/lib/librviz_plugin_tutorial__rosidl_typesupport_fastrtps_c.so
[2.736s] -- Set runtime path of "/home/samiksha/ros2_ws2/install/rviz_plugin_tutorial/lib/librviz_plugin_tutorial__rosidl_typesupport_fastrtps_c.so" to ""
[2.737s] -- Up-to-date: /home/samiksha/ros2_ws2/install/rviz_plugin_tutorial/include/rviz_plugin_tutorial/rviz_plugin_tutorial
[2.737s] -- Up-to-date: /home/samiksha/ros2_ws2/install/rviz_plugin_tutorial/include/rviz_plugin_tutorial/rviz_plugin_tutorial/msg
[2.737s] -- Up-to-date: /home/samiksha/ros2_ws2/install/rviz_plugin_tutorial/include/rviz_plugin_tutorial/rviz_plugin_tutorial/msg/detail
[2.737s] -- Installing: /home/samiksha/ros2_ws2/install/rviz_plugin_tutorial/include/rviz_plugin_tutorial/rviz_plugin_tutorial/msg/detail/point2_d__type_support.c
[2.737s] -- Installing: /home/samiksha/ros2_ws2/install/rviz_plugin_tutorial/include/rviz_plugin_tutorial/rviz_plugin_tutorial/msg/detail/point2_d__rosidl_typesupport_introspection_c.h
[2.737s] -- Installing: /home/samiksha/ros2_ws2/install/rviz_plugin_tutorial/include/rviz_plugin_tutorial/rviz_plugin_tutorial/msg/rosidl_typesupport_introspection_c__visibility_control.h
[2.737s] -- Installing: /home/samiksha/ros2_ws2/install/rviz_plugin_tutorial/lib/librviz_plugin_tutorial__rosidl_typesupport_introspection_c.so
[2.737s] -- Set runtime path of "/home/samiksha/ros2_ws2/install/rviz_plugin_tutorial/lib/librviz_plugin_tutorial__rosidl_typesupport_introspection_c.so" to ""
[2.737s] -- Installing: /home/samiksha/ros2_ws2/install/rviz_plugin_tutorial/lib/librviz_plugin_tutorial__rosidl_typesupport_c.so
[2.737s] -- Set runtime path of "/home/samiksha/ros2_ws2/install/rviz_plugin_tutorial/lib/librviz_plugin_tutorial__rosidl_typesupport_c.so" to ""
[2.737s] -- Up-to-date: /home/samiksha/ros2_ws2/install/rviz_plugin_tutorial/include/rviz_plugin_tutorial/rviz_plugin_tutorial
[2.737s] -- Up-to-date: /home/samiksha/ros2_ws2/install/rviz_plugin_tutorial/include/rviz_plugin_tutorial/rviz_plugin_tutorial/msg
[2.737s] -- Up-to-date: /home/samiksha/ros2_ws2/install/rviz_plugin_tutorial/include/rviz_plugin_tutorial/rviz_plugin_tutorial/msg/detail
[2.737s] -- Installing: /home/samiksha/ros2_ws2/install/rviz_plugin_tutorial/include/rviz_plugin_tutorial/rviz_plugin_tutorial/msg/detail/point2_d__traits.hpp
[2.737s] -- Installing: /home/samiksha/ros2_ws2/install/rviz_plugin_tutorial/include/rviz_plugin_tutorial/rviz_plugin_tutorial/msg/detail/point2_d__struct.hpp
[2.737s] -- Installing: /home/samiksha/ros2_ws2/install/rviz_plugin_tutorial/include/rviz_plugin_tutorial/rviz_plugin_tutorial/msg/detail/point2_d__builder.hpp
[2.737s] -- Installing: /home/samiksha/ros2_ws2/install/rviz_plugin_tutorial/include/rviz_plugin_tutorial/rviz_plugin_tutorial/msg/detail/point2_d__type_support.hpp
[2.737s] -- Installing: /home/samiksha/ros2_ws2/install/rviz_plugin_tutorial/include/rviz_plugin_tutorial/rviz_plugin_tutorial/msg/point2_d.hpp
[2.737s] -- Installing: /home/samiksha/ros2_ws2/install/rviz_plugin_tutorial/include/rviz_plugin_tutorial/rviz_plugin_tutorial/msg/rosidl_generator_cpp__visibility_control.hpp
[2.737s] -- Up-to-date: /home/samiksha/ros2_ws2/install/rviz_plugin_tutorial/include/rviz_plugin_tutorial/rviz_plugin_tutorial
[2.737s] -- Up-to-date: /home/samiksha/ros2_ws2/install/rviz_plugin_tutorial/include/rviz_plugin_tutorial/rviz_plugin_tutorial/msg
[2.738s] -- Up-to-date: /home/samiksha/ros2_ws2/install/rviz_plugin_tutorial/include/rviz_plugin_tutorial/rviz_plugin_tutorial/msg/detail
[2.738s] -- Installing: /home/samiksha/ros2_ws2/install/rviz_plugin_tutorial/include/rviz_plugin_tutorial/rviz_plugin_tutorial/msg/detail/point2_d__rosidl_typesupport_fastrtps_cpp.hpp
[2.738s] -- Installing: /home/samiksha/ros2_ws2/install/rviz_plugin_tutorial/include/rviz_plugin_tutorial/rviz_plugin_tutorial/msg/detail/dds_fastrtps
[2.738s] -- Installing: /home/samiksha/ros2_ws2/install/rviz_plugin_tutorial/include/rviz_plugin_tutorial/rviz_plugin_tutorial/msg/rosidl_typesupport_fastrtps_cpp__visibility_control.h
[2.738s] -- Installing: /home/samiksha/ros2_ws2/install/rviz_plugin_tutorial/lib/librviz_plugin_tutorial__rosidl_typesupport_fastrtps_cpp.so
[2.738s] -- Set runtime path of "/home/samiksha/ros2_ws2/install/rviz_plugin_tutorial/lib/librviz_plugin_tutorial__rosidl_typesupport_fastrtps_cpp.so" to ""
[2.738s] -- Up-to-date: /home/samiksha/ros2_ws2/install/rviz_plugin_tutorial/include/rviz_plugin_tutorial/rviz_plugin_tutorial
[2.738s] -- Up-to-date: /home/samiksha/ros2_ws2/install/rviz_plugin_tutorial/include/rviz_plugin_tutorial/rviz_plugin_tutorial/msg
[2.738s] -- Up-to-date: /home/samiksha/ros2_ws2/install/rviz_plugin_tutorial/include/rviz_plugin_tutorial/rviz_plugin_tutorial/msg/detail
[2.738s] -- Installing: /home/samiksha/ros2_ws2/install/rviz_plugin_tutorial/include/rviz_plugin_tutorial/rviz_plugin_tutorial/msg/detail/point2_d__rosidl_typesupport_introspection_cpp.hpp
[2.738s] -- Installing: /home/samiksha/ros2_ws2/install/rviz_plugin_tutorial/include/rviz_plugin_tutorial/rviz_plugin_tutorial/msg/detail/point2_d__type_support.cpp
[2.738s] -- Installing: /home/samiksha/ros2_ws2/install/rviz_plugin_tutorial/lib/librviz_plugin_tutorial__rosidl_typesupport_introspection_cpp.so
[2.738s] -- Set runtime path of "/home/samiksha/ros2_ws2/install/rviz_plugin_tutorial/lib/librviz_plugin_tutorial__rosidl_typesupport_introspection_cpp.so" to ""
[2.738s] -- Installing: /home/samiksha/ros2_ws2/install/rviz_plugin_tutorial/lib/librviz_plugin_tutorial__rosidl_typesupport_cpp.so
[2.738s] -- Set runtime path of "/home/samiksha/ros2_ws2/install/rviz_plugin_tutorial/lib/librviz_plugin_tutorial__rosidl_typesupport_cpp.so" to ""
[2.738s] -- Installing: /home/samiksha/ros2_ws2/install/rviz_plugin_tutorial/share/rviz_plugin_tutorial/environment/pythonpath.sh
[2.738s] -- Installing: /home/samiksha/ros2_ws2/install/rviz_plugin_tutorial/share/rviz_plugin_tutorial/environment/pythonpath.dsv
[2.738s] -- Installing: /home/samiksha/ros2_ws2/install/rviz_plugin_tutorial/local/lib/python3.10/dist-packages/rviz_plugin_tutorial-0.0.0-py3.10.egg-info
[2.738s] -- Installing: /home/samiksha/ros2_ws2/install/rviz_plugin_tutorial/local/lib/python3.10/dist-packages/rviz_plugin_tutorial-0.0.0-py3.10.egg-info/dependency_links.txt
[2.738s] -- Installing: /home/samiksha/ros2_ws2/install/rviz_plugin_tutorial/local/lib/python3.10/dist-packages/rviz_plugin_tutorial-0.0.0-py3.10.egg-info/PKG-INFO
[2.738s] -- Installing: /home/samiksha/ros2_ws2/install/rviz_plugin_tutorial/local/lib/python3.10/dist-packages/rviz_plugin_tutorial-0.0.0-py3.10.egg-info/SOURCES.txt
[2.739s] -- Installing: /home/samiksha/ros2_ws2/install/rviz_plugin_tutorial/local/lib/python3.10/dist-packages/rviz_plugin_tutorial-0.0.0-py3.10.egg-info/top_level.txt
[2.739s] -- Installing: /home/samiksha/ros2_ws2/install/rviz_plugin_tutorial/local/lib/python3.10/dist-packages/rviz_plugin_tutorial
[2.739s] -- Installing: /home/samiksha/ros2_ws2/install/rviz_plugin_tutorial/local/lib/python3.10/dist-packages/rviz_plugin_tutorial/rviz_plugin_tutorial_s__rosidl_typesupport_introspection_c.cpython-310-x86_64-linux-gnu.so
[2.739s] -- Installing: /home/samiksha/ros2_ws2/install/rviz_plugin_tutorial/local/lib/python3.10/dist-packages/rviz_plugin_tutorial/_rviz_plugin_tutorial_s.ep.rosidl_typesupport_introspection_c.c
[2.739s] -- Installing: /home/samiksha/ros2_ws2/install/rviz_plugin_tutorial/local/lib/python3.10/dist-packages/rviz_plugin_tutorial/rviz_plugin_tutorial_s__rosidl_typesupport_c.cpython-310-x86_64-linux-gnu.so
[2.739s] -- Installing: /home/samiksha/ros2_ws2/install/rviz_plugin_tutorial/local/lib/python3.10/dist-packages/rviz_plugin_tutorial/msg
[2.739s] -- Installing: /home/samiksha/ros2_ws2/install/rviz_plugin_tutorial/local/lib/python3.10/dist-packages/rviz_plugin_tutorial/msg/_point2_d_s.c
[2.739s] -- Installing: /home/samiksha/ros2_ws2/install/rviz_plugin_tutorial/local/lib/python3.10/dist-packages/rviz_plugin_tutorial/msg/_point2_d.py
[2.739s] -- Installing: /home/samiksha/ros2_ws2/install/rviz_plugin_tutorial/local/lib/python3.10/dist-packages/rviz_plugin_tutorial/msg/__init__.py
[2.739s] -- Installing: /home/samiksha/ros2_ws2/install/rviz_plugin_tutorial/local/lib/python3.10/dist-packages/rviz_plugin_tutorial/_rviz_plugin_tutorial_s.ep.rosidl_typesupport_fastrtps_c.c
[2.739s] -- Installing: /home/samiksha/ros2_ws2/install/rviz_plugin_tutorial/local/lib/python3.10/dist-packages/rviz_plugin_tutorial/librviz_plugin_tutorial__rosidl_generator_py.so
[2.739s] -- Installing: /home/samiksha/ros2_ws2/install/rviz_plugin_tutorial/local/lib/python3.10/dist-packages/rviz_plugin_tutorial/__init__.py
[2.739s] -- Installing: /home/samiksha/ros2_ws2/install/rviz_plugin_tutorial/local/lib/python3.10/dist-packages/rviz_plugin_tutorial/rviz_plugin_tutorial_s__rosidl_typesupport_fastrtps_c.cpython-310-x86_64-linux-gnu.so
[2.739s] -- Installing: /home/samiksha/ros2_ws2/install/rviz_plugin_tutorial/local/lib/python3.10/dist-packages/rviz_plugin_tutorial/_rviz_plugin_tutorial_s.ep.rosidl_typesupport_c.c
[2.762s] Listing '/home/samiksha/ros2_ws2/install/rviz_plugin_tutorial/local/lib/python3.10/dist-packages/rviz_plugin_tutorial'...
[2.763s] Compiling '/home/samiksha/ros2_ws2/install/rviz_plugin_tutorial/local/lib/python3.10/dist-packages/rviz_plugin_tutorial/__init__.py'...
[2.763s] Listing '/home/samiksha/ros2_ws2/install/rviz_plugin_tutorial/local/lib/python3.10/dist-packages/rviz_plugin_tutorial/msg'...
[2.763s] Compiling '/home/samiksha/ros2_ws2/install/rviz_plugin_tutorial/local/lib/python3.10/dist-packages/rviz_plugin_tutorial/msg/__init__.py'...
[2.763s] Compiling '/home/samiksha/ros2_ws2/install/rviz_plugin_tutorial/local/lib/python3.10/dist-packages/rviz_plugin_tutorial/msg/_point2_d.py'...
[2.766s] -- Installing: /home/samiksha/ros2_ws2/install/rviz_plugin_tutorial/local/lib/python3.10/dist-packages/rviz_plugin_tutorial/rviz_plugin_tutorial_s__rosidl_typesupport_fastrtps_c.cpython-310-x86_64-linux-gnu.so
[2.766s] -- Set runtime path of "/home/samiksha/ros2_ws2/install/rviz_plugin_tutorial/local/lib/python3.10/dist-packages/rviz_plugin_tutorial/rviz_plugin_tutorial_s__rosidl_typesupport_fastrtps_c.cpython-310-x86_64-linux-gnu.so" to ""
[2.766s] -- Installing: /home/samiksha/ros2_ws2/install/rviz_plugin_tutorial/local/lib/python3.10/dist-packages/rviz_plugin_tutorial/rviz_plugin_tutorial_s__rosidl_typesupport_introspection_c.cpython-310-x86_64-linux-gnu.so
[2.766s] -- Set runtime path of "/home/samiksha/ros2_ws2/install/rviz_plugin_tutorial/local/lib/python3.10/dist-packages/rviz_plugin_tutorial/rviz_plugin_tutorial_s__rosidl_typesupport_introspection_c.cpython-310-x86_64-linux-gnu.so" to ""
[2.766s] -- Installing: /home/samiksha/ros2_ws2/install/rviz_plugin_tutorial/local/lib/python3.10/dist-packages/rviz_plugin_tutorial/rviz_plugin_tutorial_s__rosidl_typesupport_c.cpython-310-x86_64-linux-gnu.so
[2.766s] -- Set runtime path of "/home/samiksha/ros2_ws2/install/rviz_plugin_tutorial/local/lib/python3.10/dist-packages/rviz_plugin_tutorial/rviz_plugin_tutorial_s__rosidl_typesupport_c.cpython-310-x86_64-linux-gnu.so" to ""
[2.767s] -- Installing: /home/samiksha/ros2_ws2/install/rviz_plugin_tutorial/lib/librviz_plugin_tutorial__rosidl_generator_py.so
[2.767s] -- Set runtime path of "/home/samiksha/ros2_ws2/install/rviz_plugin_tutorial/lib/librviz_plugin_tutorial__rosidl_generator_py.so" to ""
[2.767s] -- Installing: /home/samiksha/ros2_ws2/install/rviz_plugin_tutorial/share/rviz_plugin_tutorial/msg/Point2D.idl
[2.767s] -- Installing: /home/samiksha/ros2_ws2/install/rviz_plugin_tutorial/share/rviz_plugin_tutorial/msg/Point2D.msg
[2.767s] -- Installing: /home/samiksha/ros2_ws2/install/rviz_plugin_tutorial/share/ament_index/resource_index/package_run_dependencies/rviz_plugin_tutorial
[2.767s] -- Installing: /home/samiksha/ros2_ws2/install/rviz_plugin_tutorial/share/ament_index/resource_index/parent_prefix_path/rviz_plugin_tutorial
[2.767s] -- Installing: /home/samiksha/ros2_ws2/install/rviz_plugin_tutorial/share/rviz_plugin_tutorial/environment/ament_prefix_path.sh
[2.767s] -- Installing: /home/samiksha/ros2_ws2/install/rviz_plugin_tutorial/share/rviz_plugin_tutorial/environment/ament_prefix_path.dsv
[2.767s] -- Installing: /home/samiksha/ros2_ws2/install/rviz_plugin_tutorial/share/rviz_plugin_tutorial/environment/path.sh
[2.767s] -- Installing: /home/samiksha/ros2_ws2/install/rviz_plugin_tutorial/share/rviz_plugin_tutorial/environment/path.dsv
[2.767s] -- Installing: /home/samiksha/ros2_ws2/install/rviz_plugin_tutorial/share/rviz_plugin_tutorial/local_setup.bash
[2.767s] -- Installing: /home/samiksha/ros2_ws2/install/rviz_plugin_tutorial/share/rviz_plugin_tutorial/local_setup.sh
[2.767s] -- Installing: /home/samiksha/ros2_ws2/install/rviz_plugin_tutorial/share/rviz_plugin_tutorial/local_setup.zsh
[2.767s] -- Installing: /home/samiksha/ros2_ws2/install/rviz_plugin_tutorial/share/rviz_plugin_tutorial/local_setup.dsv
[2.767s] -- Installing: /home/samiksha/ros2_ws2/install/rviz_plugin_tutorial/share/rviz_plugin_tutorial/package.dsv
[2.767s] -- Installing: /home/samiksha/ros2_ws2/install/rviz_plugin_tutorial/share/ament_index/resource_index/packages/rviz_plugin_tutorial
[2.768s] -- Installing: /home/samiksha/ros2_ws2/install/rviz_plugin_tutorial/share/rviz_plugin_tutorial/cmake/export_rviz_plugin_tutorial__rosidl_generator_cExport.cmake
[2.768s] -- Installing: /home/samiksha/ros2_ws2/install/rviz_plugin_tutorial/share/rviz_plugin_tutorial/cmake/export_rviz_plugin_tutorial__rosidl_generator_cExport-noconfig.cmake
[2.768s] -- Installing: /home/samiksha/ros2_ws2/install/rviz_plugin_tutorial/share/rviz_plugin_tutorial/cmake/export_rviz_plugin_tutorial__rosidl_typesupport_fastrtps_cExport.cmake
[2.768s] -- Installing: /home/samiksha/ros2_ws2/install/rviz_plugin_tutorial/share/rviz_plugin_tutorial/cmake/export_rviz_plugin_tutorial__rosidl_typesupport_fastrtps_cExport-noconfig.cmake
[2.768s] -- Installing: /home/samiksha/ros2_ws2/install/rviz_plugin_tutorial/share/rviz_plugin_tutorial/cmake/rviz_plugin_tutorial__rosidl_typesupport_introspection_cExport.cmake
[2.768s] -- Installing: /home/samiksha/ros2_ws2/install/rviz_plugin_tutorial/share/rviz_plugin_tutorial/cmake/rviz_plugin_tutorial__rosidl_typesupport_introspection_cExport-noconfig.cmake
[2.768s] -- Installing: /home/samiksha/ros2_ws2/install/rviz_plugin_tutorial/share/rviz_plugin_tutorial/cmake/rviz_plugin_tutorial__rosidl_typesupport_cExport.cmake
[2.768s] -- Installing: /home/samiksha/ros2_ws2/install/rviz_plugin_tutorial/share/rviz_plugin_tutorial/cmake/rviz_plugin_tutorial__rosidl_typesupport_cExport-noconfig.cmake
[2.768s] -- Installing: /home/samiksha/ros2_ws2/install/rviz_plugin_tutorial/share/rviz_plugin_tutorial/cmake/export_rviz_plugin_tutorial__rosidl_generator_cppExport.cmake
[2.768s] -- Installing: /home/samiksha/ros2_ws2/install/rviz_plugin_tutorial/share/rviz_plugin_tutorial/cmake/export_rviz_plugin_tutorial__rosidl_typesupport_fastrtps_cppExport.cmake
[2.768s] -- Installing: /home/samiksha/ros2_ws2/install/rviz_plugin_tutorial/share/rviz_plugin_tutorial/cmake/export_rviz_plugin_tutorial__rosidl_typesupport_fastrtps_cppExport-noconfig.cmake
[2.768s] -- Installing: /home/samiksha/ros2_ws2/install/rviz_plugin_tutorial/share/rviz_plugin_tutorial/cmake/rviz_plugin_tutorial__rosidl_typesupport_introspection_cppExport.cmake
[2.768s] -- Installing: /home/samiksha/ros2_ws2/install/rviz_plugin_tutorial/share/rviz_plugin_tutorial/cmake/rviz_plugin_tutorial__rosidl_typesupport_introspection_cppExport-noconfig.cmake
[2.768s] -- Installing: /home/samiksha/ros2_ws2/install/rviz_plugin_tutorial/share/rviz_plugin_tutorial/cmake/rviz_plugin_tutorial__rosidl_typesupport_cppExport.cmake
[2.768s] -- Installing: /home/samiksha/ros2_ws2/install/rviz_plugin_tutorial/share/rviz_plugin_tutorial/cmake/rviz_plugin_tutorial__rosidl_typesupport_cppExport-noconfig.cmake
[2.768s] -- Installing: /home/samiksha/ros2_ws2/install/rviz_plugin_tutorial/share/rviz_plugin_tutorial/cmake/export_rviz_plugin_tutorial__rosidl_generator_pyExport.cmake
[2.768s] -- Installing: /home/samiksha/ros2_ws2/install/rviz_plugin_tutorial/share/rviz_plugin_tutorial/cmake/export_rviz_plugin_tutorial__rosidl_generator_pyExport-noconfig.cmake
[2.768s] -- Installing: /home/samiksha/ros2_ws2/install/rviz_plugin_tutorial/share/rviz_plugin_tutorial/cmake/rosidl_cmake-extras.cmake
[2.768s] -- Installing: /home/samiksha/ros2_ws2/install/rviz_plugin_tutorial/share/rviz_plugin_tutorial/cmake/ament_cmake_export_dependencies-extras.cmake
[2.768s] -- Installing: /home/samiksha/ros2_ws2/install/rviz_plugin_tutorial/share/rviz_plugin_tutorial/cmake/ament_cmake_export_include_directories-extras.cmake
[2.768s] -- Installing: /home/samiksha/ros2_ws2/install/rviz_plugin_tutorial/share/rviz_plugin_tutorial/cmake/ament_cmake_export_libraries-extras.cmake
[2.768s] -- Installing: /home/samiksha/ros2_ws2/install/rviz_plugin_tutorial/share/rviz_plugin_tutorial/cmake/ament_cmake_export_targets-extras.cmake
[2.768s] -- Installing: /home/samiksha/ros2_ws2/install/rviz_plugin_tutorial/share/rviz_plugin_tutorial/cmake/rosidl_cmake_export_typesupport_targets-extras.cmake
[2.768s] -- Installing: /home/samiksha/ros2_ws2/install/rviz_plugin_tutorial/share/rviz_plugin_tutorial/cmake/rosidl_cmake_export_typesupport_libraries-extras.cmake
[2.769s] -- Installing: /home/samiksha/ros2_ws2/install/rviz_plugin_tutorial/share/rviz_plugin_tutorial/cmake/rviz_plugin_tutorialConfig.cmake
[2.769s] -- Installing: /home/samiksha/ros2_ws2/install/rviz_plugin_tutorial/share/rviz_plugin_tutorial/cmake/rviz_plugin_tutorialConfig-version.cmake
[2.769s] -- Installing: /home/samiksha/ros2_ws2/install/rviz_plugin_tutorial/share/rviz_plugin_tutorial/package.xml
[2.771s] Invoked command in '/home/samiksha/ros2_ws2/build/rviz_plugin_tutorial' returned '0': CMAKE_PREFIX_PATH=${CMAKE_PREFIX_PATH}:/home/samiksha/ros2_ws/install/task_controller:/home/samiksha/ros2_ws2/install/robo_descp:/home/samiksha/ros2_ws2/install/learning_tf2_py:/home/samiksha/ros2_ws2/install/launch_tutorial:/opt/ros/humble /usr/bin/cmake --install /home/samiksha/ros2_ws2/build/rviz_plugin_tutorial
