[0.070s] DEBUG:colcon:Command line arguments: ['/usr/bin/colcon', 'build']
[0.070s] DEBUG:colcon:Parsed command line arguments: Namespace(log_base=None, log_level=None, verb_name='build', build_base='build', install_base='install', merge_install=False, symlink_install=False, test_result_base=None, continue_on_error=False, executor='parallel', parallel_workers=12, event_handlers=None, ignore_user_meta=False, metas=['./colcon.meta'], base_paths=['.'], packages_ignore=None, packages_ignore_regex=None, paths=None, packages_up_to=None, packages_up_to_regex=None, packages_above=None, packages_above_and_dependencies=None, packages_above_depth=None, packages_select_by_dep=None, packages_skip_by_dep=None, packages_skip_up_to=None, packages_select_build_failed=False, packages_skip_build_finished=False, packages_select_test_failures=False, packages_skip_test_passed=False, packages_select=None, packages_skip=None, packages_select_regex=None, packages_skip_regex=None, packages_start=None, packages_end=None, allow_overriding=[], cmake_args=None, cmake_target=None, cmake_target_skip_unavailable=False, cmake_clean_cache=False, cmake_clean_first=False, cmake_force_configure=False, ament_cmake_args=None, catkin_cmake_args=None, catkin_skip_building_tests=False, mixin_files=None, mixin=None, verb_parser=<colcon_mixin.mixin.mixin_argument.MixinArgumentDecorator object at 0x70dee177c610>, verb_extension=<colcon_core.verb.build.BuildVerb object at 0x70dee1709ae0>, main=<bound method BuildVerb.main of <colcon_core.verb.build.BuildVerb object at 0x70dee1709ae0>>, mixin_verb=('build',))
[0.187s] Level 1:colcon.colcon_core.package_discovery:discover_packages(colcon_meta) check parameters
[0.187s] Level 1:colcon.colcon_core.package_discovery:discover_packages(recursive) check parameters
[0.187s] Level 1:colcon.colcon_core.package_discovery:discover_packages(ignore) check parameters
[0.187s] Level 1:colcon.colcon_core.package_discovery:discover_packages(path) check parameters
[0.187s] Level 1:colcon.colcon_core.package_discovery:discover_packages(colcon_meta) discover
[0.187s] Level 1:colcon.colcon_core.package_discovery:discover_packages(recursive) discover
[0.187s] INFO:colcon.colcon_core.package_discovery:Crawling recursively for packages in '/home/samiksha/ros2_ws2'
[0.187s] Level 1:colcon.colcon_core.package_identification:_identify(.) by extensions ['ignore', 'ignore_ament_install']
[0.188s] Level 1:colcon.colcon_core.package_identification:_identify(.) by extension 'ignore'
[0.188s] Level 1:colcon.colcon_core.package_identification:_identify(.) by extension 'ignore_ament_install'
[0.188s] Level 1:colcon.colcon_core.package_identification:_identify(.) by extensions ['colcon_pkg']
[0.188s] Level 1:colcon.colcon_core.package_identification:_identify(.) by extension 'colcon_pkg'
[0.188s] Level 1:colcon.colcon_core.package_identification:_identify(.) by extensions ['colcon_meta']
[0.188s] Level 1:colcon.colcon_core.package_identification:_identify(.) by extension 'colcon_meta'
[0.188s] Level 1:colcon.colcon_core.package_identification:_identify(.) by extensions ['ros']
[0.188s] Level 1:colcon.colcon_core.package_identification:_identify(.) by extension 'ros'
[0.196s] Level 1:colcon.colcon_core.package_identification:_identify(.) by extensions ['cmake', 'python']
[0.196s] Level 1:colcon.colcon_core.package_identification:_identify(.) by extension 'cmake'
[0.196s] Level 1:colcon.colcon_core.package_identification:_identify(.) by extension 'python'
[0.196s] Level 1:colcon.colcon_core.package_identification:_identify(.) by extensions ['python_setup_py']
[0.196s] Level 1:colcon.colcon_core.package_identification:_identify(.) by extension 'python_setup_py'
[0.196s] Level 1:colcon.colcon_core.package_identification:_identify(build) by extensions ['ignore', 'ignore_ament_install']
[0.196s] Level 1:colcon.colcon_core.package_identification:_identify(build) by extension 'ignore'
[0.196s] Level 1:colcon.colcon_core.package_identification:_identify(build) ignored
[0.196s] Level 1:colcon.colcon_core.package_identification:_identify(install) by extensions ['ignore', 'ignore_ament_install']
[0.196s] Level 1:colcon.colcon_core.package_identification:_identify(install) by extension 'ignore'
[0.196s] Level 1:colcon.colcon_core.package_identification:_identify(install) ignored
[0.196s] Level 1:colcon.colcon_core.package_identification:_identify(log) by extensions ['ignore', 'ignore_ament_install']
[0.196s] Level 1:colcon.colcon_core.package_identification:_identify(log) by extension 'ignore'
[0.196s] Level 1:colcon.colcon_core.package_identification:_identify(log) ignored
[0.196s] Level 1:colcon.colcon_core.package_identification:_identify(src) by extensions ['ignore', 'ignore_ament_install']
[0.197s] Level 1:colcon.colcon_core.package_identification:_identify(src) by extension 'ignore'
[0.197s] Level 1:colcon.colcon_core.package_identification:_identify(src) by extension 'ignore_ament_install'
[0.197s] Level 1:colcon.colcon_core.package_identification:_identify(src) by extensions ['colcon_pkg']
[0.197s] Level 1:colcon.colcon_core.package_identification:_identify(src) by extension 'colcon_pkg'
[0.197s] Level 1:colcon.colcon_core.package_identification:_identify(src) by extensions ['colcon_meta']
[0.197s] Level 1:colcon.colcon_core.package_identification:_identify(src) by extension 'colcon_meta'
[0.197s] Level 1:colcon.colcon_core.package_identification:_identify(src) by extensions ['ros']
[0.197s] Level 1:colcon.colcon_core.package_identification:_identify(src) by extension 'ros'
[0.197s] Level 1:colcon.colcon_core.package_identification:_identify(src) by extensions ['cmake', 'python']
[0.197s] Level 1:colcon.colcon_core.package_identification:_identify(src) by extension 'cmake'
[0.197s] Level 1:colcon.colcon_core.package_identification:_identify(src) by extension 'python'
[0.197s] Level 1:colcon.colcon_core.package_identification:_identify(src) by extensions ['python_setup_py']
[0.197s] Level 1:colcon.colcon_core.package_identification:_identify(src) by extension 'python_setup_py'
[0.197s] Level 1:colcon.colcon_core.package_identification:_identify(src/launch_tutorial) by extensions ['ignore', 'ignore_ament_install']
[0.197s] Level 1:colcon.colcon_core.package_identification:_identify(src/launch_tutorial) by extension 'ignore'
[0.197s] Level 1:colcon.colcon_core.package_identification:_identify(src/launch_tutorial) by extension 'ignore_ament_install'
[0.197s] Level 1:colcon.colcon_core.package_identification:_identify(src/launch_tutorial) by extensions ['colcon_pkg']
[0.197s] Level 1:colcon.colcon_core.package_identification:_identify(src/launch_tutorial) by extension 'colcon_pkg'
[0.197s] Level 1:colcon.colcon_core.package_identification:_identify(src/launch_tutorial) by extensions ['colcon_meta']
[0.197s] Level 1:colcon.colcon_core.package_identification:_identify(src/launch_tutorial) by extension 'colcon_meta'
[0.197s] Level 1:colcon.colcon_core.package_identification:_identify(src/launch_tutorial) by extensions ['ros']
[0.197s] Level 1:colcon.colcon_core.package_identification:_identify(src/launch_tutorial) by extension 'ros'
[0.199s] DEBUG:colcon.colcon_core.package_identification:Package 'src/launch_tutorial' with type 'ros.ament_python' and name 'launch_tutorial'
[0.199s] Level 1:colcon.colcon_core.package_identification:_identify(src/learning_tf2_cpp) by extensions ['ignore', 'ignore_ament_install']
[0.199s] Level 1:colcon.colcon_core.package_identification:_identify(src/learning_tf2_cpp) by extension 'ignore'
[0.199s] Level 1:colcon.colcon_core.package_identification:_identify(src/learning_tf2_cpp) by extension 'ignore_ament_install'
[0.199s] Level 1:colcon.colcon_core.package_identification:_identify(src/learning_tf2_cpp) by extensions ['colcon_pkg']
[0.199s] Level 1:colcon.colcon_core.package_identification:_identify(src/learning_tf2_cpp) by extension 'colcon_pkg'
[0.199s] Level 1:colcon.colcon_core.package_identification:_identify(src/learning_tf2_cpp) by extensions ['colcon_meta']
[0.199s] Level 1:colcon.colcon_core.package_identification:_identify(src/learning_tf2_cpp) by extension 'colcon_meta'
[0.199s] Level 1:colcon.colcon_core.package_identification:_identify(src/learning_tf2_cpp) by extensions ['ros']
[0.199s] Level 1:colcon.colcon_core.package_identification:_identify(src/learning_tf2_cpp) by extension 'ros'
[0.200s] DEBUG:colcon.colcon_core.package_identification:Package 'src/learning_tf2_cpp' with type 'ros.ament_cmake' and name 'learning_tf2_cpp'
[0.200s] Level 1:colcon.colcon_core.package_identification:_identify(src/learning_tf2_py) by extensions ['ignore', 'ignore_ament_install']
[0.200s] Level 1:colcon.colcon_core.package_identification:_identify(src/learning_tf2_py) by extension 'ignore'
[0.200s] Level 1:colcon.colcon_core.package_identification:_identify(src/learning_tf2_py) by extension 'ignore_ament_install'
[0.200s] Level 1:colcon.colcon_core.package_identification:_identify(src/learning_tf2_py) by extensions ['colcon_pkg']
[0.200s] Level 1:colcon.colcon_core.package_identification:_identify(src/learning_tf2_py) by extension 'colcon_pkg'
[0.200s] Level 1:colcon.colcon_core.package_identification:_identify(src/learning_tf2_py) by extensions ['colcon_meta']
[0.200s] Level 1:colcon.colcon_core.package_identification:_identify(src/learning_tf2_py) by extension 'colcon_meta'
[0.200s] Level 1:colcon.colcon_core.package_identification:_identify(src/learning_tf2_py) by extensions ['ros']
[0.200s] Level 1:colcon.colcon_core.package_identification:_identify(src/learning_tf2_py) by extension 'ros'
[0.200s] DEBUG:colcon.colcon_core.package_identification:Package 'src/learning_tf2_py' with type 'ros.ament_python' and name 'learning_tf2_py'
[0.200s] Level 1:colcon.colcon_core.package_identification:_identify(src/my_urdf_package) by extensions ['ignore', 'ignore_ament_install']
[0.200s] Level 1:colcon.colcon_core.package_identification:_identify(src/my_urdf_package) by extension 'ignore'
[0.200s] Level 1:colcon.colcon_core.package_identification:_identify(src/my_urdf_package) by extension 'ignore_ament_install'
[0.200s] Level 1:colcon.colcon_core.package_identification:_identify(src/my_urdf_package) by extensions ['colcon_pkg']
[0.200s] Level 1:colcon.colcon_core.package_identification:_identify(src/my_urdf_package) by extension 'colcon_pkg'
[0.200s] Level 1:colcon.colcon_core.package_identification:_identify(src/my_urdf_package) by extensions ['colcon_meta']
[0.200s] Level 1:colcon.colcon_core.package_identification:_identify(src/my_urdf_package) by extension 'colcon_meta'
[0.200s] Level 1:colcon.colcon_core.package_identification:_identify(src/my_urdf_package) by extensions ['ros']
[0.200s] Level 1:colcon.colcon_core.package_identification:_identify(src/my_urdf_package) by extension 'ros'
[0.201s] DEBUG:colcon.colcon_core.package_identification:Package 'src/my_urdf_package' with type 'ros.ament_cmake' and name 'my_urdf_package'
[0.201s] Level 1:colcon.colcon_core.package_identification:_identify(src/robo_descp) by extensions ['ignore', 'ignore_ament_install']
[0.201s] Level 1:colcon.colcon_core.package_identification:_identify(src/robo_descp) by extension 'ignore'
[0.201s] Level 1:colcon.colcon_core.package_identification:_identify(src/robo_descp) by extension 'ignore_ament_install'
[0.201s] Level 1:colcon.colcon_core.package_identification:_identify(src/robo_descp) by extensions ['colcon_pkg']
[0.201s] Level 1:colcon.colcon_core.package_identification:_identify(src/robo_descp) by extension 'colcon_pkg'
[0.201s] Level 1:colcon.colcon_core.package_identification:_identify(src/robo_descp) by extensions ['colcon_meta']
[0.201s] Level 1:colcon.colcon_core.package_identification:_identify(src/robo_descp) by extension 'colcon_meta'
[0.201s] Level 1:colcon.colcon_core.package_identification:_identify(src/robo_descp) by extensions ['ros']
[0.201s] Level 1:colcon.colcon_core.package_identification:_identify(src/robo_descp) by extension 'ros'
[0.201s] DEBUG:colcon.colcon_core.package_identification:Package 'src/robo_descp' with type 'ros.ament_python' and name 'robo_descp'
[0.201s] Level 1:colcon.colcon_core.package_identification:_identify(src/rviz_panel_tutorial) by extensions ['ignore', 'ignore_ament_install']
[0.201s] Level 1:colcon.colcon_core.package_identification:_identify(src/rviz_panel_tutorial) by extension 'ignore'
[0.201s] Level 1:colcon.colcon_core.package_identification:_identify(src/rviz_panel_tutorial) by extension 'ignore_ament_install'
[0.201s] Level 1:colcon.colcon_core.package_identification:_identify(src/rviz_panel_tutorial) by extensions ['colcon_pkg']
[0.201s] Level 1:colcon.colcon_core.package_identification:_identify(src/rviz_panel_tutorial) by extension 'colcon_pkg'
[0.201s] Level 1:colcon.colcon_core.package_identification:_identify(src/rviz_panel_tutorial) by extensions ['colcon_meta']
[0.201s] Level 1:colcon.colcon_core.package_identification:_identify(src/rviz_panel_tutorial) by extension 'colcon_meta'
[0.201s] Level 1:colcon.colcon_core.package_identification:_identify(src/rviz_panel_tutorial) by extensions ['ros']
[0.201s] Level 1:colcon.colcon_core.package_identification:_identify(src/rviz_panel_tutorial) by extension 'ros'
[0.202s] DEBUG:colcon.colcon_core.package_identification:Package 'src/rviz_panel_tutorial' with type 'ros.ament_cmake' and name 'rviz_panel_tutorial'
[0.202s] Level 1:colcon.colcon_core.package_identification:_identify(src/rviz_plugin_tutorial_msgs) by extensions ['ignore', 'ignore_ament_install']
[0.202s] Level 1:colcon.colcon_core.package_identification:_identify(src/rviz_plugin_tutorial_msgs) by extension 'ignore'
[0.202s] Level 1:colcon.colcon_core.package_identification:_identify(src/rviz_plugin_tutorial_msgs) by extension 'ignore_ament_install'
[0.202s] Level 1:colcon.colcon_core.package_identification:_identify(src/rviz_plugin_tutorial_msgs) by extensions ['colcon_pkg']
[0.202s] Level 1:colcon.colcon_core.package_identification:_identify(src/rviz_plugin_tutorial_msgs) by extension 'colcon_pkg'
[0.202s] Level 1:colcon.colcon_core.package_identification:_identify(src/rviz_plugin_tutorial_msgs) by extensions ['colcon_meta']
[0.202s] Level 1:colcon.colcon_core.package_identification:_identify(src/rviz_plugin_tutorial_msgs) by extension 'colcon_meta'
[0.202s] Level 1:colcon.colcon_core.package_identification:_identify(src/rviz_plugin_tutorial_msgs) by extensions ['ros']
[0.202s] Level 1:colcon.colcon_core.package_identification:_identify(src/rviz_plugin_tutorial_msgs) by extension 'ros'
[0.202s] DEBUG:colcon.colcon_core.package_identification:Package 'src/rviz_plugin_tutorial_msgs' with type 'ros.ament_cmake' and name 'rviz_plugin_tutorial_msgs'
[0.202s] Level 1:colcon.colcon_core.package_discovery:discover_packages(recursive) using defaults
[0.202s] Level 1:colcon.colcon_core.package_discovery:discover_packages(ignore) discover
[0.202s] Level 1:colcon.colcon_core.package_discovery:discover_packages(ignore) using defaults
[0.202s] Level 1:colcon.colcon_core.package_discovery:discover_packages(path) discover
[0.202s] Level 1:colcon.colcon_core.package_discovery:discover_packages(path) using defaults
[0.217s] Level 1:colcon.colcon_core.package_discovery:discover_packages(prefix_path) check parameters
[0.217s] Level 1:colcon.colcon_core.package_discovery:discover_packages(prefix_path) discover
[0.218s] DEBUG:colcon.colcon_installed_package_information.package_discovery:Found 3 installed packages in /home/samiksha/ros2_ws/install
[0.219s] DEBUG:colcon.colcon_installed_package_information.package_discovery:Found 7 installed packages in /home/samiksha/ros2_ws2/install
[0.220s] DEBUG:colcon.colcon_installed_package_information.package_discovery:Found 313 installed packages in /opt/ros/humble
[0.221s] Level 1:colcon.colcon_core.package_discovery:discover_packages(prefix_path) using defaults
[0.244s] Level 5:colcon.colcon_core.verb:set package 'launch_tutorial' build argument 'cmake_args' from command line to 'None'
[0.244s] Level 5:colcon.colcon_core.verb:set package 'launch_tutorial' build argument 'cmake_target' from command line to 'None'
[0.244s] Level 5:colcon.colcon_core.verb:set package 'launch_tutorial' build argument 'cmake_target_skip_unavailable' from command line to 'False'
[0.244s] Level 5:colcon.colcon_core.verb:set package 'launch_tutorial' build argument 'cmake_clean_cache' from command line to 'False'
[0.244s] Level 5:colcon.colcon_core.verb:set package 'launch_tutorial' build argument 'cmake_clean_first' from command line to 'False'
[0.244s] Level 5:colcon.colcon_core.verb:set package 'launch_tutorial' build argument 'cmake_force_configure' from command line to 'False'
[0.244s] Level 5:colcon.colcon_core.verb:set package 'launch_tutorial' build argument 'ament_cmake_args' from command line to 'None'
[0.244s] Level 5:colcon.colcon_core.verb:set package 'launch_tutorial' build argument 'catkin_cmake_args' from command line to 'None'
[0.244s] Level 5:colcon.colcon_core.verb:set package 'launch_tutorial' build argument 'catkin_skip_building_tests' from command line to 'False'
[0.244s] DEBUG:colcon.colcon_core.verb:Building package 'launch_tutorial' with the following arguments: {'ament_cmake_args': None, 'build_base': '/home/samiksha/ros2_ws2/build/launch_tutorial', 'catkin_cmake_args': None, 'catkin_skip_building_tests': False, 'cmake_args': None, 'cmake_clean_cache': False, 'cmake_clean_first': False, 'cmake_force_configure': False, 'cmake_target': None, 'cmake_target_skip_unavailable': False, 'install_base': '/home/samiksha/ros2_ws2/install/launch_tutorial', 'merge_install': False, 'path': '/home/samiksha/ros2_ws2/src/launch_tutorial', 'symlink_install': False, 'test_result_base': None}
[0.244s] Level 5:colcon.colcon_core.verb:set package 'learning_tf2_cpp' build argument 'cmake_args' from command line to 'None'
[0.244s] Level 5:colcon.colcon_core.verb:set package 'learning_tf2_cpp' build argument 'cmake_target' from command line to 'None'
[0.244s] Level 5:colcon.colcon_core.verb:set package 'learning_tf2_cpp' build argument 'cmake_target_skip_unavailable' from command line to 'False'
[0.244s] Level 5:colcon.colcon_core.verb:set package 'learning_tf2_cpp' build argument 'cmake_clean_cache' from command line to 'False'
[0.244s] Level 5:colcon.colcon_core.verb:set package 'learning_tf2_cpp' build argument 'cmake_clean_first' from command line to 'False'
[0.244s] Level 5:colcon.colcon_core.verb:set package 'learning_tf2_cpp' build argument 'cmake_force_configure' from command line to 'False'
[0.244s] Level 5:colcon.colcon_core.verb:set package 'learning_tf2_cpp' build argument 'ament_cmake_args' from command line to 'None'
[0.244s] Level 5:colcon.colcon_core.verb:set package 'learning_tf2_cpp' build argument 'catkin_cmake_args' from command line to 'None'
[0.244s] Level 5:colcon.colcon_core.verb:set package 'learning_tf2_cpp' build argument 'catkin_skip_building_tests' from command line to 'False'
[0.245s] DEBUG:colcon.colcon_core.verb:Building package 'learning_tf2_cpp' with the following arguments: {'ament_cmake_args': None, 'build_base': '/home/samiksha/ros2_ws2/build/learning_tf2_cpp', 'catkin_cmake_args': None, 'catkin_skip_building_tests': False, 'cmake_args': None, 'cmake_clean_cache': False, 'cmake_clean_first': False, 'cmake_force_configure': False, 'cmake_target': None, 'cmake_target_skip_unavailable': False, 'install_base': '/home/samiksha/ros2_ws2/install/learning_tf2_cpp', 'merge_install': False, 'path': '/home/samiksha/ros2_ws2/src/learning_tf2_cpp', 'symlink_install': False, 'test_result_base': None}
[0.245s] Level 5:colcon.colcon_core.verb:set package 'learning_tf2_py' build argument 'cmake_args' from command line to 'None'
[0.245s] Level 5:colcon.colcon_core.verb:set package 'learning_tf2_py' build argument 'cmake_target' from command line to 'None'
[0.245s] Level 5:colcon.colcon_core.verb:set package 'learning_tf2_py' build argument 'cmake_target_skip_unavailable' from command line to 'False'
[0.245s] Level 5:colcon.colcon_core.verb:set package 'learning_tf2_py' build argument 'cmake_clean_cache' from command line to 'False'
[0.245s] Level 5:colcon.colcon_core.verb:set package 'learning_tf2_py' build argument 'cmake_clean_first' from command line to 'False'
[0.245s] Level 5:colcon.colcon_core.verb:set package 'learning_tf2_py' build argument 'cmake_force_configure' from command line to 'False'
[0.245s] Level 5:colcon.colcon_core.verb:set package 'learning_tf2_py' build argument 'ament_cmake_args' from command line to 'None'
[0.245s] Level 5:colcon.colcon_core.verb:set package 'learning_tf2_py' build argument 'catkin_cmake_args' from command line to 'None'
[0.245s] Level 5:colcon.colcon_core.verb:set package 'learning_tf2_py' build argument 'catkin_skip_building_tests' from command line to 'False'
[0.245s] DEBUG:colcon.colcon_core.verb:Building package 'learning_tf2_py' with the following arguments: {'ament_cmake_args': None, 'build_base': '/home/samiksha/ros2_ws2/build/learning_tf2_py', 'catkin_cmake_args': None, 'catkin_skip_building_tests': False, 'cmake_args': None, 'cmake_clean_cache': False, 'cmake_clean_first': False, 'cmake_force_configure': False, 'cmake_target': None, 'cmake_target_skip_unavailable': False, 'install_base': '/home/samiksha/ros2_ws2/install/learning_tf2_py', 'merge_install': False, 'path': '/home/samiksha/ros2_ws2/src/learning_tf2_py', 'symlink_install': False, 'test_result_base': None}
[0.245s] Level 5:colcon.colcon_core.verb:set package 'my_urdf_package' build argument 'cmake_args' from command line to 'None'
[0.245s] Level 5:colcon.colcon_core.verb:set package 'my_urdf_package' build argument 'cmake_target' from command line to 'None'
[0.245s] Level 5:colcon.colcon_core.verb:set package 'my_urdf_package' build argument 'cmake_target_skip_unavailable' from command line to 'False'
[0.245s] Level 5:colcon.colcon_core.verb:set package 'my_urdf_package' build argument 'cmake_clean_cache' from command line to 'False'
[0.245s] Level 5:colcon.colcon_core.verb:set package 'my_urdf_package' build argument 'cmake_clean_first' from command line to 'False'
[0.245s] Level 5:colcon.colcon_core.verb:set package 'my_urdf_package' build argument 'cmake_force_configure' from command line to 'False'
[0.245s] Level 5:colcon.colcon_core.verb:set package 'my_urdf_package' build argument 'ament_cmake_args' from command line to 'None'
[0.245s] Level 5:colcon.colcon_core.verb:set package 'my_urdf_package' build argument 'catkin_cmake_args' from command line to 'None'
[0.245s] Level 5:colcon.colcon_core.verb:set package 'my_urdf_package' build argument 'catkin_skip_building_tests' from command line to 'False'
[0.245s] DEBUG:colcon.colcon_core.verb:Building package 'my_urdf_package' with the following arguments: {'ament_cmake_args': None, 'build_base': '/home/samiksha/ros2_ws2/build/my_urdf_package', 'catkin_cmake_args': None, 'catkin_skip_building_tests': False, 'cmake_args': None, 'cmake_clean_cache': False, 'cmake_clean_first': False, 'cmake_force_configure': False, 'cmake_target': None, 'cmake_target_skip_unavailable': False, 'install_base': '/home/samiksha/ros2_ws2/install/my_urdf_package', 'merge_install': False, 'path': '/home/samiksha/ros2_ws2/src/my_urdf_package', 'symlink_install': False, 'test_result_base': None}
[0.245s] Level 5:colcon.colcon_core.verb:set package 'robo_descp' build argument 'cmake_args' from command line to 'None'
[0.245s] Level 5:colcon.colcon_core.verb:set package 'robo_descp' build argument 'cmake_target' from command line to 'None'
[0.245s] Level 5:colcon.colcon_core.verb:set package 'robo_descp' build argument 'cmake_target_skip_unavailable' from command line to 'False'
[0.245s] Level 5:colcon.colcon_core.verb:set package 'robo_descp' build argument 'cmake_clean_cache' from command line to 'False'
[0.245s] Level 5:colcon.colcon_core.verb:set package 'robo_descp' build argument 'cmake_clean_first' from command line to 'False'
[0.245s] Level 5:colcon.colcon_core.verb:set package 'robo_descp' build argument 'cmake_force_configure' from command line to 'False'
[0.245s] Level 5:colcon.colcon_core.verb:set package 'robo_descp' build argument 'ament_cmake_args' from command line to 'None'
[0.245s] Level 5:colcon.colcon_core.verb:set package 'robo_descp' build argument 'catkin_cmake_args' from command line to 'None'
[0.245s] Level 5:colcon.colcon_core.verb:set package 'robo_descp' build argument 'catkin_skip_building_tests' from command line to 'False'
[0.245s] DEBUG:colcon.colcon_core.verb:Building package 'robo_descp' with the following arguments: {'ament_cmake_args': None, 'build_base': '/home/samiksha/ros2_ws2/build/robo_descp', 'catkin_cmake_args': None, 'catkin_skip_building_tests': False, 'cmake_args': None, 'cmake_clean_cache': False, 'cmake_clean_first': False, 'cmake_force_configure': False, 'cmake_target': None, 'cmake_target_skip_unavailable': False, 'install_base': '/home/samiksha/ros2_ws2/install/robo_descp', 'merge_install': False, 'path': '/home/samiksha/ros2_ws2/src/robo_descp', 'symlink_install': False, 'test_result_base': None}
[0.246s] Level 5:colcon.colcon_core.verb:set package 'rviz_panel_tutorial' build argument 'cmake_args' from command line to 'None'
[0.246s] Level 5:colcon.colcon_core.verb:set package 'rviz_panel_tutorial' build argument 'cmake_target' from command line to 'None'
[0.246s] Level 5:colcon.colcon_core.verb:set package 'rviz_panel_tutorial' build argument 'cmake_target_skip_unavailable' from command line to 'False'
[0.246s] Level 5:colcon.colcon_core.verb:set package 'rviz_panel_tutorial' build argument 'cmake_clean_cache' from command line to 'False'
[0.246s] Level 5:colcon.colcon_core.verb:set package 'rviz_panel_tutorial' build argument 'cmake_clean_first' from command line to 'False'
[0.246s] Level 5:colcon.colcon_core.verb:set package 'rviz_panel_tutorial' build argument 'cmake_force_configure' from command line to 'False'
[0.246s] Level 5:colcon.colcon_core.verb:set package 'rviz_panel_tutorial' build argument 'ament_cmake_args' from command line to 'None'
[0.246s] Level 5:colcon.colcon_core.verb:set package 'rviz_panel_tutorial' build argument 'catkin_cmake_args' from command line to 'None'
[0.246s] Level 5:colcon.colcon_core.verb:set package 'rviz_panel_tutorial' build argument 'catkin_skip_building_tests' from command line to 'False'
[0.246s] DEBUG:colcon.colcon_core.verb:Building package 'rviz_panel_tutorial' with the following arguments: {'ament_cmake_args': None, 'build_base': '/home/samiksha/ros2_ws2/build/rviz_panel_tutorial', 'catkin_cmake_args': None, 'catkin_skip_building_tests': False, 'cmake_args': None, 'cmake_clean_cache': False, 'cmake_clean_first': False, 'cmake_force_configure': False, 'cmake_target': None, 'cmake_target_skip_unavailable': False, 'install_base': '/home/samiksha/ros2_ws2/install/rviz_panel_tutorial', 'merge_install': False, 'path': '/home/samiksha/ros2_ws2/src/rviz_panel_tutorial', 'symlink_install': False, 'test_result_base': None}
[0.246s] Level 5:colcon.colcon_core.verb:set package 'rviz_plugin_tutorial_msgs' build argument 'cmake_args' from command line to 'None'
[0.246s] Level 5:colcon.colcon_core.verb:set package 'rviz_plugin_tutorial_msgs' build argument 'cmake_target' from command line to 'None'
[0.246s] Level 5:colcon.colcon_core.verb:set package 'rviz_plugin_tutorial_msgs' build argument 'cmake_target_skip_unavailable' from command line to 'False'
[0.246s] Level 5:colcon.colcon_core.verb:set package 'rviz_plugin_tutorial_msgs' build argument 'cmake_clean_cache' from command line to 'False'
[0.246s] Level 5:colcon.colcon_core.verb:set package 'rviz_plugin_tutorial_msgs' build argument 'cmake_clean_first' from command line to 'False'
[0.246s] Level 5:colcon.colcon_core.verb:set package 'rviz_plugin_tutorial_msgs' build argument 'cmake_force_configure' from command line to 'False'
[0.246s] Level 5:colcon.colcon_core.verb:set package 'rviz_plugin_tutorial_msgs' build argument 'ament_cmake_args' from command line to 'None'
[0.246s] Level 5:colcon.colcon_core.verb:set package 'rviz_plugin_tutorial_msgs' build argument 'catkin_cmake_args' from command line to 'None'
[0.246s] Level 5:colcon.colcon_core.verb:set package 'rviz_plugin_tutorial_msgs' build argument 'catkin_skip_building_tests' from command line to 'False'
[0.246s] DEBUG:colcon.colcon_core.verb:Building package 'rviz_plugin_tutorial_msgs' with the following arguments: {'ament_cmake_args': None, 'build_base': '/home/samiksha/ros2_ws2/build/rviz_plugin_tutorial_msgs', 'catkin_cmake_args': None, 'catkin_skip_building_tests': False, 'cmake_args': None, 'cmake_clean_cache': False, 'cmake_clean_first': False, 'cmake_force_configure': False, 'cmake_target': None, 'cmake_target_skip_unavailable': False, 'install_base': '/home/samiksha/ros2_ws2/install/rviz_plugin_tutorial_msgs', 'merge_install': False, 'path': '/home/samiksha/ros2_ws2/src/rviz_plugin_tutorial_msgs', 'symlink_install': False, 'test_result_base': None}
[0.246s] INFO:colcon.colcon_core.executor:Executing jobs using 'parallel' executor
[0.247s] DEBUG:colcon.colcon_parallel_executor.executor.parallel:run_until_complete
[0.247s] INFO:colcon.colcon_ros.task.ament_python.build:Building ROS package in '/home/samiksha/ros2_ws2/src/launch_tutorial' with build type 'ament_python'
[0.247s] Level 1:colcon.colcon_core.shell:create_environment_hook('launch_tutorial', 'ament_prefix_path')
[0.249s] INFO:colcon.colcon_core.plugin_system:Skipping extension 'colcon_core.shell.bat': Not used on non-Windows systems
[0.249s] INFO:colcon.colcon_core.shell:Creating environment hook '/home/samiksha/ros2_ws2/install/launch_tutorial/share/launch_tutorial/hook/ament_prefix_path.ps1'
[0.249s] INFO:colcon.colcon_core.shell:Creating environment descriptor '/home/samiksha/ros2_ws2/install/launch_tutorial/share/launch_tutorial/hook/ament_prefix_path.dsv'
[0.250s] INFO:colcon.colcon_core.shell:Creating environment hook '/home/samiksha/ros2_ws2/install/launch_tutorial/share/launch_tutorial/hook/ament_prefix_path.sh'
[0.250s] INFO:colcon.colcon_core.shell:Skip shell extension 'powershell' for command environment: Not usable outside of PowerShell
[0.250s] DEBUG:colcon.colcon_core.shell:Skip shell extension 'dsv' for command environment
[0.253s] INFO:colcon.colcon_ros.task.ament_cmake.build:Building ROS package in '/home/samiksha/ros2_ws2/src/learning_tf2_cpp' with build type 'ament_cmake'
[0.253s] INFO:colcon.colcon_cmake.task.cmake.build:Building CMake package in '/home/samiksha/ros2_ws2/src/learning_tf2_cpp'
[0.253s] INFO:colcon.colcon_core.shell:Skip shell extension 'powershell' for command environment: Not usable outside of PowerShell
[0.253s] DEBUG:colcon.colcon_core.shell:Skip shell extension 'dsv' for command environment
[0.256s] INFO:colcon.colcon_ros.task.ament_python.build:Building ROS package in '/home/samiksha/ros2_ws2/src/learning_tf2_py' with build type 'ament_python'
[0.256s] Level 1:colcon.colcon_core.shell:create_environment_hook('learning_tf2_py', 'ament_prefix_path')
[0.256s] INFO:colcon.colcon_core.shell:Creating environment hook '/home/samiksha/ros2_ws2/install/learning_tf2_py/share/learning_tf2_py/hook/ament_prefix_path.ps1'
[0.257s] INFO:colcon.colcon_core.shell:Creating environment descriptor '/home/samiksha/ros2_ws2/install/learning_tf2_py/share/learning_tf2_py/hook/ament_prefix_path.dsv'
[0.257s] INFO:colcon.colcon_core.shell:Creating environment hook '/home/samiksha/ros2_ws2/install/learning_tf2_py/share/learning_tf2_py/hook/ament_prefix_path.sh'
[0.257s] INFO:colcon.colcon_core.shell:Skip shell extension 'powershell' for command environment: Not usable outside of PowerShell
[0.257s] DEBUG:colcon.colcon_core.shell:Skip shell extension 'dsv' for command environment
[0.261s] INFO:colcon.colcon_ros.task.ament_cmake.build:Building ROS package in '/home/samiksha/ros2_ws2/src/my_urdf_package' with build type 'ament_cmake'
[0.261s] INFO:colcon.colcon_cmake.task.cmake.build:Building CMake package in '/home/samiksha/ros2_ws2/src/my_urdf_package'
[0.261s] INFO:colcon.colcon_core.shell:Skip shell extension 'powershell' for command environment: Not usable outside of PowerShell
[0.262s] DEBUG:colcon.colcon_core.shell:Skip shell extension 'dsv' for command environment
[0.264s] INFO:colcon.colcon_ros.task.ament_python.build:Building ROS package in '/home/samiksha/ros2_ws2/src/robo_descp' with build type 'ament_python'
[0.264s] Level 1:colcon.colcon_core.shell:create_environment_hook('robo_descp', 'ament_prefix_path')
[0.264s] INFO:colcon.colcon_core.shell:Creating environment hook '/home/samiksha/ros2_ws2/install/robo_descp/share/robo_descp/hook/ament_prefix_path.ps1'
[0.265s] INFO:colcon.colcon_core.shell:Creating environment descriptor '/home/samiksha/ros2_ws2/install/robo_descp/share/robo_descp/hook/ament_prefix_path.dsv'
[0.265s] INFO:colcon.colcon_core.shell:Creating environment hook '/home/samiksha/ros2_ws2/install/robo_descp/share/robo_descp/hook/ament_prefix_path.sh'
[0.266s] INFO:colcon.colcon_core.shell:Skip shell extension 'powershell' for command environment: Not usable outside of PowerShell
[0.266s] DEBUG:colcon.colcon_core.shell:Skip shell extension 'dsv' for command environment
[0.269s] INFO:colcon.colcon_ros.task.ament_cmake.build:Building ROS package in '/home/samiksha/ros2_ws2/src/rviz_panel_tutorial' with build type 'ament_cmake'
[0.269s] INFO:colcon.colcon_cmake.task.cmake.build:Building CMake package in '/home/samiksha/ros2_ws2/src/rviz_panel_tutorial'
[0.269s] INFO:colcon.colcon_core.shell:Skip shell extension 'powershell' for command environment: Not usable outside of PowerShell
[0.269s] DEBUG:colcon.colcon_core.shell:Skip shell extension 'dsv' for command environment
[0.273s] INFO:colcon.colcon_ros.task.ament_cmake.build:Building ROS package in '/home/samiksha/ros2_ws2/src/rviz_plugin_tutorial_msgs' with build type 'ament_cmake'
[0.273s] INFO:colcon.colcon_cmake.task.cmake.build:Building CMake package in '/home/samiksha/ros2_ws2/src/rviz_plugin_tutorial_msgs'
[0.273s] INFO:colcon.colcon_core.shell:Skip shell extension 'powershell' for command environment: Not usable outside of PowerShell
[0.273s] DEBUG:colcon.colcon_core.shell:Skip shell extension 'dsv' for command environment
[0.481s] INFO:colcon.colcon_core.task.python.build:Building Python package in '/home/samiksha/ros2_ws2/src/launch_tutorial'
[0.481s] INFO:colcon.colcon_core.shell:Skip shell extension 'powershell' for command environment: Not usable outside of PowerShell
[0.481s] DEBUG:colcon.colcon_core.shell:Skip shell extension 'dsv' for command environment
[0.488s] DEBUG:colcon.colcon_core.event_handler.log_command:Invoking command in '/home/samiksha/ros2_ws2/build/learning_tf2_cpp': CMAKE_PREFIX_PATH=${CMAKE_PREFIX_PATH}:/home/samiksha/ros2_ws/install/task_controller:/home/samiksha/ros2_ws2/install/robo_descp:/home/samiksha/ros2_ws2/install/learning_tf2_py:/home/samiksha/ros2_ws2/install/launch_tutorial:/opt/ros/humble /usr/bin/cmake --build /home/samiksha/ros2_ws2/build/learning_tf2_cpp -- -j12 -l12
[0.730s] INFO:colcon.colcon_core.task.python.build:Building Python package in '/home/samiksha/ros2_ws2/src/learning_tf2_py'
[0.731s] INFO:colcon.colcon_core.shell:Skip shell extension 'powershell' for command environment: Not usable outside of PowerShell
[0.731s] DEBUG:colcon.colcon_core.shell:Skip shell extension 'dsv' for command environment
[0.737s] DEBUG:colcon.colcon_core.event_handler.log_command:Invoking command in '/home/samiksha/ros2_ws2/build/my_urdf_package': CMAKE_PREFIX_PATH=${CMAKE_PREFIX_PATH}:/home/samiksha/ros2_ws/install/task_controller:/home/samiksha/ros2_ws2/install/robo_descp:/home/samiksha/ros2_ws2/install/learning_tf2_py:/home/samiksha/ros2_ws2/install/launch_tutorial:/opt/ros/humble /usr/bin/cmake --build /home/samiksha/ros2_ws2/build/my_urdf_package -- -j12 -l12
[0.964s] INFO:colcon.colcon_core.task.python.build:Building Python package in '/home/samiksha/ros2_ws2/src/robo_descp'
[0.965s] INFO:colcon.colcon_core.shell:Skip shell extension 'powershell' for command environment: Not usable outside of PowerShell
[0.965s] DEBUG:colcon.colcon_core.shell:Skip shell extension 'dsv' for command environment
[0.974s] DEBUG:colcon.colcon_core.event_handler.log_command:Invoking command in '/home/samiksha/ros2_ws2/build/rviz_panel_tutorial': CMAKE_PREFIX_PATH=${CMAKE_PREFIX_PATH}:/home/samiksha/ros2_ws/install/task_controller:/home/samiksha/ros2_ws2/install/robo_descp:/home/samiksha/ros2_ws2/install/learning_tf2_py:/home/samiksha/ros2_ws2/install/launch_tutorial:/opt/ros/humble /usr/bin/cmake /home/samiksha/ros2_ws2/src/rviz_panel_tutorial -DCMAKE_INSTALL_PREFIX=/home/samiksha/ros2_ws2/install/rviz_panel_tutorial
[0.981s] DEBUG:colcon.colcon_core.event_handler.log_command:Invoking command in '/home/samiksha/ros2_ws2/build/rviz_plugin_tutorial_msgs': CMAKE_PREFIX_PATH=${CMAKE_PREFIX_PATH}:/home/samiksha/ros2_ws/install/task_controller:/home/samiksha/ros2_ws2/install/robo_descp:/home/samiksha/ros2_ws2/install/learning_tf2_py:/home/samiksha/ros2_ws2/install/launch_tutorial:/opt/ros/humble /usr/bin/cmake --build /home/samiksha/ros2_ws2/build/rviz_plugin_tutorial_msgs -- -j12 -l12
[0.982s] DEBUG:colcon.colcon_core.event_handler.log_command:Invoked command in '/home/samiksha/ros2_ws2/build/learning_tf2_cpp' returned '0': CMAKE_PREFIX_PATH=${CMAKE_PREFIX_PATH}:/home/samiksha/ros2_ws/install/task_controller:/home/samiksha/ros2_ws2/install/robo_descp:/home/samiksha/ros2_ws2/install/learning_tf2_py:/home/samiksha/ros2_ws2/install/launch_tutorial:/opt/ros/humble /usr/bin/cmake --build /home/samiksha/ros2_ws2/build/learning_tf2_cpp -- -j12 -l12
[0.991s] DEBUG:colcon.colcon_core.event_handler.log_command:Invoking command in '/home/samiksha/ros2_ws2/build/learning_tf2_cpp': CMAKE_PREFIX_PATH=${CMAKE_PREFIX_PATH}:/home/samiksha/ros2_ws/install/task_controller:/home/samiksha/ros2_ws2/install/robo_descp:/home/samiksha/ros2_ws2/install/learning_tf2_py:/home/samiksha/ros2_ws2/install/launch_tutorial:/opt/ros/humble /usr/bin/cmake --install /home/samiksha/ros2_ws2/build/learning_tf2_cpp
[0.992s] DEBUG:colcon.colcon_core.event_handler.log_command:Invoked command in '/home/samiksha/ros2_ws2/build/my_urdf_package' returned '0': CMAKE_PREFIX_PATH=${CMAKE_PREFIX_PATH}:/home/samiksha/ros2_ws/install/task_controller:/home/samiksha/ros2_ws2/install/robo_descp:/home/samiksha/ros2_ws2/install/learning_tf2_py:/home/samiksha/ros2_ws2/install/launch_tutorial:/opt/ros/humble /usr/bin/cmake --build /home/samiksha/ros2_ws2/build/my_urdf_package -- -j12 -l12
[0.995s] DEBUG:colcon.colcon_core.event_handler.log_command:Invoking command in '/home/samiksha/ros2_ws2/build/my_urdf_package': CMAKE_PREFIX_PATH=${CMAKE_PREFIX_PATH}:/home/samiksha/ros2_ws/install/task_controller:/home/samiksha/ros2_ws2/install/robo_descp:/home/samiksha/ros2_ws2/install/learning_tf2_py:/home/samiksha/ros2_ws2/install/launch_tutorial:/opt/ros/humble /usr/bin/cmake --install /home/samiksha/ros2_ws2/build/my_urdf_package
[1.008s] Level 1:colcon.colcon_core.environment:create_environment_scripts_only(learning_tf2_cpp)
[1.009s] DEBUG:colcon.colcon_core.event_handler.log_command:Invoked command in '/home/samiksha/ros2_ws2/build/learning_tf2_cpp' returned '0': CMAKE_PREFIX_PATH=${CMAKE_PREFIX_PATH}:/home/samiksha/ros2_ws/install/task_controller:/home/samiksha/ros2_ws2/install/robo_descp:/home/samiksha/ros2_ws2/install/learning_tf2_py:/home/samiksha/ros2_ws2/install/launch_tutorial:/opt/ros/humble /usr/bin/cmake --install /home/samiksha/ros2_ws2/build/learning_tf2_cpp
[1.013s] Level 1:colcon.colcon_core.environment:checking '/home/samiksha/ros2_ws2/install/learning_tf2_cpp' for CMake module files
[1.014s] Level 1:colcon.colcon_core.environment:checking '/home/samiksha/ros2_ws2/install/learning_tf2_cpp' for CMake config files
[1.015s] Level 1:colcon.colcon_core.shell:create_environment_hook('learning_tf2_cpp', 'cmake_prefix_path')
[1.015s] INFO:colcon.colcon_core.shell:Creating environment hook '/home/samiksha/ros2_ws2/install/learning_tf2_cpp/share/learning_tf2_cpp/hook/cmake_prefix_path.ps1'
[1.016s] INFO:colcon.colcon_core.shell:Creating environment descriptor '/home/samiksha/ros2_ws2/install/learning_tf2_cpp/share/learning_tf2_cpp/hook/cmake_prefix_path.dsv'
[1.016s] INFO:colcon.colcon_core.shell:Creating environment hook '/home/samiksha/ros2_ws2/install/learning_tf2_cpp/share/learning_tf2_cpp/hook/cmake_prefix_path.sh'
[1.017s] Level 1:colcon.colcon_core.environment:checking '/home/samiksha/ros2_ws2/install/learning_tf2_cpp/lib'
[1.017s] Level 1:colcon.colcon_core.environment:checking '/home/samiksha/ros2_ws2/install/learning_tf2_cpp/bin'
[1.017s] Level 1:colcon.colcon_core.environment:checking '/home/samiksha/ros2_ws2/install/learning_tf2_cpp/lib/pkgconfig/learning_tf2_cpp.pc'
[1.018s] Level 1:colcon.colcon_core.environment:checking '/home/samiksha/ros2_ws2/install/learning_tf2_cpp/lib/python3.10/site-packages'
[1.018s] Level 1:colcon.colcon_core.environment:checking '/home/samiksha/ros2_ws2/install/learning_tf2_cpp/bin'
[1.018s] INFO:colcon.colcon_core.shell:Creating package script '/home/samiksha/ros2_ws2/install/learning_tf2_cpp/share/learning_tf2_cpp/package.ps1'
[1.020s] INFO:colcon.colcon_core.shell:Creating package descriptor '/home/samiksha/ros2_ws2/install/learning_tf2_cpp/share/learning_tf2_cpp/package.dsv'
[1.021s] INFO:colcon.colcon_core.shell:Creating package script '/home/samiksha/ros2_ws2/install/learning_tf2_cpp/share/learning_tf2_cpp/package.sh'
[1.022s] INFO:colcon.colcon_core.shell:Creating package script '/home/samiksha/ros2_ws2/install/learning_tf2_cpp/share/learning_tf2_cpp/package.bash'
[1.023s] INFO:colcon.colcon_core.shell:Creating package script '/home/samiksha/ros2_ws2/install/learning_tf2_cpp/share/learning_tf2_cpp/package.zsh'
[1.024s] Level 1:colcon.colcon_core.environment:create_file_with_runtime_dependencies(/home/samiksha/ros2_ws2/install/learning_tf2_cpp/share/colcon-core/packages/learning_tf2_cpp)
[1.025s] Level 1:colcon.colcon_core.environment:create_environment_scripts_only(learning_tf2_cpp)
[1.026s] Level 1:colcon.colcon_core.environment:checking '/home/samiksha/ros2_ws2/install/learning_tf2_cpp' for CMake module files
[1.027s] Level 1:colcon.colcon_core.environment:checking '/home/samiksha/ros2_ws2/install/learning_tf2_cpp' for CMake config files
[1.027s] Level 1:colcon.colcon_core.shell:create_environment_hook('learning_tf2_cpp', 'cmake_prefix_path')
[1.028s] INFO:colcon.colcon_core.shell:Creating environment hook '/home/samiksha/ros2_ws2/install/learning_tf2_cpp/share/learning_tf2_cpp/hook/cmake_prefix_path.ps1'
[1.029s] INFO:colcon.colcon_core.shell:Creating environment descriptor '/home/samiksha/ros2_ws2/install/learning_tf2_cpp/share/learning_tf2_cpp/hook/cmake_prefix_path.dsv'
[1.029s] INFO:colcon.colcon_core.shell:Creating environment hook '/home/samiksha/ros2_ws2/install/learning_tf2_cpp/share/learning_tf2_cpp/hook/cmake_prefix_path.sh'
[1.030s] Level 1:colcon.colcon_core.environment:checking '/home/samiksha/ros2_ws2/install/learning_tf2_cpp/lib'
[1.030s] Level 1:colcon.colcon_core.environment:checking '/home/samiksha/ros2_ws2/install/learning_tf2_cpp/bin'
[1.030s] Level 1:colcon.colcon_core.environment:checking '/home/samiksha/ros2_ws2/install/learning_tf2_cpp/lib/pkgconfig/learning_tf2_cpp.pc'
[1.030s] Level 1:colcon.colcon_core.environment:checking '/home/samiksha/ros2_ws2/install/learning_tf2_cpp/lib/python3.10/site-packages'
[1.031s] Level 1:colcon.colcon_core.environment:checking '/home/samiksha/ros2_ws2/install/learning_tf2_cpp/bin'
[1.031s] INFO:colcon.colcon_core.shell:Creating package script '/home/samiksha/ros2_ws2/install/learning_tf2_cpp/share/learning_tf2_cpp/package.ps1'
[1.032s] INFO:colcon.colcon_core.shell:Creating package descriptor '/home/samiksha/ros2_ws2/install/learning_tf2_cpp/share/learning_tf2_cpp/package.dsv'
[1.033s] INFO:colcon.colcon_core.shell:Creating package script '/home/samiksha/ros2_ws2/install/learning_tf2_cpp/share/learning_tf2_cpp/package.sh'
[1.034s] INFO:colcon.colcon_core.shell:Creating package script '/home/samiksha/ros2_ws2/install/learning_tf2_cpp/share/learning_tf2_cpp/package.bash'
[1.035s] INFO:colcon.colcon_core.shell:Creating package script '/home/samiksha/ros2_ws2/install/learning_tf2_cpp/share/learning_tf2_cpp/package.zsh'
[1.036s] Level 1:colcon.colcon_core.environment:create_file_with_runtime_dependencies(/home/samiksha/ros2_ws2/install/learning_tf2_cpp/share/colcon-core/packages/learning_tf2_cpp)
[1.036s] Level 1:colcon.colcon_core.environment:create_environment_scripts_only(my_urdf_package)
[1.037s] Level 1:colcon.colcon_core.environment:checking '/home/samiksha/ros2_ws2/install/my_urdf_package' for CMake module files
[1.038s] Level 1:colcon.colcon_core.environment:checking '/home/samiksha/ros2_ws2/install/my_urdf_package' for CMake config files
[1.039s] Level 1:colcon.colcon_core.shell:create_environment_hook('my_urdf_package', 'cmake_prefix_path')
[1.039s] INFO:colcon.colcon_core.shell:Creating environment hook '/home/samiksha/ros2_ws2/install/my_urdf_package/share/my_urdf_package/hook/cmake_prefix_path.ps1'
[1.044s] DEBUG:colcon.colcon_core.event_handler.log_command:Invoked command in '/home/samiksha/ros2_ws2/build/my_urdf_package' returned '0': CMAKE_PREFIX_PATH=${CMAKE_PREFIX_PATH}:/home/samiksha/ros2_ws/install/task_controller:/home/samiksha/ros2_ws2/install/robo_descp:/home/samiksha/ros2_ws2/install/learning_tf2_py:/home/samiksha/ros2_ws2/install/launch_tutorial:/opt/ros/humble /usr/bin/cmake --install /home/samiksha/ros2_ws2/build/my_urdf_package
[1.047s] INFO:colcon.colcon_core.shell:Creating environment descriptor '/home/samiksha/ros2_ws2/install/my_urdf_package/share/my_urdf_package/hook/cmake_prefix_path.dsv'
[1.048s] INFO:colcon.colcon_core.shell:Creating environment hook '/home/samiksha/ros2_ws2/install/my_urdf_package/share/my_urdf_package/hook/cmake_prefix_path.sh'
[1.052s] Level 1:colcon.colcon_core.environment:checking '/home/samiksha/ros2_ws2/install/my_urdf_package/bin'
[1.052s] Level 1:colcon.colcon_core.environment:checking '/home/samiksha/ros2_ws2/install/my_urdf_package/lib/pkgconfig/my_urdf_package.pc'
[1.053s] Level 1:colcon.colcon_core.environment:checking '/home/samiksha/ros2_ws2/install/my_urdf_package/lib/python3.10/site-packages'
[1.053s] Level 1:colcon.colcon_core.environment:checking '/home/samiksha/ros2_ws2/install/my_urdf_package/bin'
[1.054s] INFO:colcon.colcon_core.shell:Creating package script '/home/samiksha/ros2_ws2/install/my_urdf_package/share/my_urdf_package/package.ps1'
[1.056s] INFO:colcon.colcon_core.shell:Creating package descriptor '/home/samiksha/ros2_ws2/install/my_urdf_package/share/my_urdf_package/package.dsv'
[1.057s] INFO:colcon.colcon_core.shell:Creating package script '/home/samiksha/ros2_ws2/install/my_urdf_package/share/my_urdf_package/package.sh'
[1.058s] INFO:colcon.colcon_core.shell:Creating package script '/home/samiksha/ros2_ws2/install/my_urdf_package/share/my_urdf_package/package.bash'
[1.058s] INFO:colcon.colcon_core.shell:Creating package script '/home/samiksha/ros2_ws2/install/my_urdf_package/share/my_urdf_package/package.zsh'
[1.059s] Level 1:colcon.colcon_core.environment:create_file_with_runtime_dependencies(/home/samiksha/ros2_ws2/install/my_urdf_package/share/colcon-core/packages/my_urdf_package)
[1.060s] Level 1:colcon.colcon_core.environment:create_environment_scripts_only(my_urdf_package)
[1.060s] Level 1:colcon.colcon_core.environment:checking '/home/samiksha/ros2_ws2/install/my_urdf_package' for CMake module files
[1.061s] Level 1:colcon.colcon_core.environment:checking '/home/samiksha/ros2_ws2/install/my_urdf_package' for CMake config files
[1.061s] Level 1:colcon.colcon_core.shell:create_environment_hook('my_urdf_package', 'cmake_prefix_path')
[1.062s] INFO:colcon.colcon_core.shell:Creating environment hook '/home/samiksha/ros2_ws2/install/my_urdf_package/share/my_urdf_package/hook/cmake_prefix_path.ps1'
[1.063s] INFO:colcon.colcon_core.shell:Creating environment descriptor '/home/samiksha/ros2_ws2/install/my_urdf_package/share/my_urdf_package/hook/cmake_prefix_path.dsv'
[1.063s] INFO:colcon.colcon_core.shell:Creating environment hook '/home/samiksha/ros2_ws2/install/my_urdf_package/share/my_urdf_package/hook/cmake_prefix_path.sh'
[1.064s] Level 1:colcon.colcon_core.environment:checking '/home/samiksha/ros2_ws2/install/my_urdf_package/bin'
[1.065s] Level 1:colcon.colcon_core.environment:checking '/home/samiksha/ros2_ws2/install/my_urdf_package/lib/pkgconfig/my_urdf_package.pc'
[1.065s] Level 1:colcon.colcon_core.environment:checking '/home/samiksha/ros2_ws2/install/my_urdf_package/lib/python3.10/site-packages'
[1.065s] Level 1:colcon.colcon_core.environment:checking '/home/samiksha/ros2_ws2/install/my_urdf_package/bin'
[1.066s] INFO:colcon.colcon_core.shell:Creating package script '/home/samiksha/ros2_ws2/install/my_urdf_package/share/my_urdf_package/package.ps1'
[1.068s] INFO:colcon.colcon_core.shell:Creating package descriptor '/home/samiksha/ros2_ws2/install/my_urdf_package/share/my_urdf_package/package.dsv'
[1.070s] INFO:colcon.colcon_core.shell:Creating package script '/home/samiksha/ros2_ws2/install/my_urdf_package/share/my_urdf_package/package.sh'
[1.070s] INFO:colcon.colcon_core.shell:Creating package script '/home/samiksha/ros2_ws2/install/my_urdf_package/share/my_urdf_package/package.bash'
[1.071s] INFO:colcon.colcon_core.shell:Creating package script '/home/samiksha/ros2_ws2/install/my_urdf_package/share/my_urdf_package/package.zsh'
[1.072s] Level 1:colcon.colcon_core.environment:create_file_with_runtime_dependencies(/home/samiksha/ros2_ws2/install/my_urdf_package/share/colcon-core/packages/my_urdf_package)
[1.385s] DEBUG:colcon.colcon_core.event_handler.log_command:Invoking command in '/home/samiksha/ros2_ws2/src/learning_tf2_py': PYTHONPATH=/home/samiksha/ros2_ws2/build/learning_tf2_py/prefix_override:/usr/lib/python3/dist-packages/colcon_core/task/python/colcon_distutils_commands:/home/samiksha/ros2_ws2/install/learning_tf2_py/lib/python3.10/site-packages:${PYTHONPATH} /usr/bin/python3 -W ignore:setup.py install is deprecated -W ignore:easy_install command is deprecated setup.py egg_info --egg-base ../../build/learning_tf2_py build --build-base /home/samiksha/ros2_ws2/build/learning_tf2_py/build install --record /home/samiksha/ros2_ws2/build/learning_tf2_py/install.log --single-version-externally-managed install_data
[1.409s] DEBUG:colcon.colcon_core.event_handler.log_command:Invoking command in '/home/samiksha/ros2_ws2/src/launch_tutorial': PYTHONPATH=/home/samiksha/ros2_ws2/build/launch_tutorial/prefix_override:/usr/lib/python3/dist-packages/colcon_core/task/python/colcon_distutils_commands:/home/samiksha/ros2_ws2/install/launch_tutorial/lib/python3.10/site-packages:${PYTHONPATH} /usr/bin/python3 -W ignore:setup.py install is deprecated -W ignore:easy_install command is deprecated setup.py egg_info --egg-base ../../build/launch_tutorial build --build-base /home/samiksha/ros2_ws2/build/launch_tutorial/build install --record /home/samiksha/ros2_ws2/build/launch_tutorial/install.log --single-version-externally-managed install_data
[1.412s] DEBUG:colcon.colcon_core.event_handler.log_command:Invoking command in '/home/samiksha/ros2_ws2/src/robo_descp': PYTHONPATH=/home/samiksha/ros2_ws2/build/robo_descp/prefix_override:/usr/lib/python3/dist-packages/colcon_core/task/python/colcon_distutils_commands:/home/samiksha/ros2_ws2/install/robo_descp/lib/python3.10/site-packages:${PYTHONPATH} /usr/bin/python3 -W ignore:setup.py install is deprecated -W ignore:easy_install command is deprecated setup.py egg_info --egg-base ../../build/robo_descp build --build-base /home/samiksha/ros2_ws2/build/robo_descp/build install --record /home/samiksha/ros2_ws2/build/robo_descp/install.log --single-version-externally-managed install_data
[1.488s] DEBUG:colcon.colcon_core.event_handler.log_command:Invoked command in '/home/samiksha/ros2_ws2/build/rviz_plugin_tutorial_msgs' returned '2': CMAKE_PREFIX_PATH=${CMAKE_PREFIX_PATH}:/home/samiksha/ros2_ws/install/task_controller:/home/samiksha/ros2_ws2/install/robo_descp:/home/samiksha/ros2_ws2/install/learning_tf2_py:/home/samiksha/ros2_ws2/install/launch_tutorial:/opt/ros/humble /usr/bin/cmake --build /home/samiksha/ros2_ws2/build/rviz_plugin_tutorial_msgs -- -j12 -l12
[1.489s] Level 1:colcon.colcon_core.environment:create_environment_scripts_only(rviz_plugin_tutorial_msgs)
[1.489s] Level 1:colcon.colcon_core.environment:checking '/home/samiksha/ros2_ws2/install/rviz_plugin_tutorial_msgs' for CMake module files
[1.489s] Level 1:colcon.colcon_core.environment:checking '/home/samiksha/ros2_ws2/install/rviz_plugin_tutorial_msgs' for CMake config files
[1.490s] Level 1:colcon.colcon_core.shell:create_environment_hook('rviz_plugin_tutorial_msgs', 'cmake_prefix_path')
[1.490s] INFO:colcon.colcon_core.shell:Creating environment hook '/home/samiksha/ros2_ws2/install/rviz_plugin_tutorial_msgs/share/rviz_plugin_tutorial_msgs/hook/cmake_prefix_path.ps1'
[1.491s] INFO:colcon.colcon_core.shell:Creating environment descriptor '/home/samiksha/ros2_ws2/install/rviz_plugin_tutorial_msgs/share/rviz_plugin_tutorial_msgs/hook/cmake_prefix_path.dsv'
[1.492s] INFO:colcon.colcon_core.shell:Creating environment hook '/home/samiksha/ros2_ws2/install/rviz_plugin_tutorial_msgs/share/rviz_plugin_tutorial_msgs/hook/cmake_prefix_path.sh'
[1.493s] Level 1:colcon.colcon_core.environment:checking '/home/samiksha/ros2_ws2/install/rviz_plugin_tutorial_msgs/lib'
[1.493s] Level 1:colcon.colcon_core.shell:create_environment_hook('rviz_plugin_tutorial_msgs', 'ld_library_path_lib')
[1.494s] INFO:colcon.colcon_core.shell:Creating environment hook '/home/samiksha/ros2_ws2/install/rviz_plugin_tutorial_msgs/share/rviz_plugin_tutorial_msgs/hook/ld_library_path_lib.ps1'
[1.495s] INFO:colcon.colcon_core.shell:Creating environment descriptor '/home/samiksha/ros2_ws2/install/rviz_plugin_tutorial_msgs/share/rviz_plugin_tutorial_msgs/hook/ld_library_path_lib.dsv'
[1.495s] INFO:colcon.colcon_core.shell:Creating environment hook '/home/samiksha/ros2_ws2/install/rviz_plugin_tutorial_msgs/share/rviz_plugin_tutorial_msgs/hook/ld_library_path_lib.sh'
[1.495s] Level 1:colcon.colcon_core.environment:checking '/home/samiksha/ros2_ws2/install/rviz_plugin_tutorial_msgs/bin'
[1.495s] Level 1:colcon.colcon_core.environment:checking '/home/samiksha/ros2_ws2/install/rviz_plugin_tutorial_msgs/lib/pkgconfig/rviz_plugin_tutorial_msgs.pc'
[1.496s] Level 1:colcon.colcon_core.environment:checking '/home/samiksha/ros2_ws2/install/rviz_plugin_tutorial_msgs/lib/python3.10/site-packages'
[1.496s] Level 1:colcon.colcon_core.environment:checking '/home/samiksha/ros2_ws2/install/rviz_plugin_tutorial_msgs/bin'
[1.496s] INFO:colcon.colcon_core.shell:Creating package script '/home/samiksha/ros2_ws2/install/rviz_plugin_tutorial_msgs/share/rviz_plugin_tutorial_msgs/package.ps1'
[1.496s] INFO:colcon.colcon_core.shell:Creating package descriptor '/home/samiksha/ros2_ws2/install/rviz_plugin_tutorial_msgs/share/rviz_plugin_tutorial_msgs/package.dsv'
[1.497s] INFO:colcon.colcon_core.shell:Creating package script '/home/samiksha/ros2_ws2/install/rviz_plugin_tutorial_msgs/share/rviz_plugin_tutorial_msgs/package.sh'
[1.497s] INFO:colcon.colcon_core.shell:Creating package script '/home/samiksha/ros2_ws2/install/rviz_plugin_tutorial_msgs/share/rviz_plugin_tutorial_msgs/package.bash'
[1.498s] INFO:colcon.colcon_core.shell:Creating package script '/home/samiksha/ros2_ws2/install/rviz_plugin_tutorial_msgs/share/rviz_plugin_tutorial_msgs/package.zsh'
[1.498s] Level 1:colcon.colcon_core.environment:create_file_with_runtime_dependencies(/home/samiksha/ros2_ws2/install/rviz_plugin_tutorial_msgs/share/colcon-core/packages/rviz_plugin_tutorial_msgs)
[1.838s] DEBUG:colcon.colcon_parallel_executor.executor.parallel:closing loop
[1.838s] DEBUG:colcon.colcon_parallel_executor.executor.parallel:loop closed
[1.838s] DEBUG:colcon.colcon_parallel_executor.executor.parallel:run_until_complete finished with '2'
[1.838s] DEBUG:colcon.colcon_core.event_reactor:joining thread
[1.842s] INFO:colcon.colcon_core.plugin_system:Skipping extension 'colcon_notification.desktop_notification.terminal_notifier': Not used on non-Darwin systems
[1.842s] INFO:colcon.colcon_core.plugin_system:Skipping extension 'colcon_notification.desktop_notification.win32': Not used on non-Windows systems
[1.842s] INFO:colcon.colcon_notification.desktop_notification:Sending desktop notification using 'notify2'
[1.851s] DEBUG:colcon.colcon_core.event_reactor:joined thread
[1.852s] INFO:colcon.colcon_core.shell:Creating prefix script '/home/samiksha/ros2_ws2/install/local_setup.ps1'
[1.853s] INFO:colcon.colcon_core.shell:Creating prefix util module '/home/samiksha/ros2_ws2/install/_local_setup_util_ps1.py'
[1.854s] INFO:colcon.colcon_core.shell:Creating prefix chain script '/home/samiksha/ros2_ws2/install/setup.ps1'
[1.856s] INFO:colcon.colcon_core.shell:Creating prefix script '/home/samiksha/ros2_ws2/install/local_setup.sh'
[1.856s] INFO:colcon.colcon_core.shell:Creating prefix util module '/home/samiksha/ros2_ws2/install/_local_setup_util_sh.py'
[1.857s] INFO:colcon.colcon_core.shell:Creating prefix chain script '/home/samiksha/ros2_ws2/install/setup.sh'
[1.858s] INFO:colcon.colcon_core.shell:Creating prefix script '/home/samiksha/ros2_ws2/install/local_setup.bash'
[1.858s] INFO:colcon.colcon_core.shell:Creating prefix chain script '/home/samiksha/ros2_ws2/install/setup.bash'
[1.859s] INFO:colcon.colcon_core.shell:Creating prefix script '/home/samiksha/ros2_ws2/install/local_setup.zsh'
[1.860s] INFO:colcon.colcon_core.shell:Creating prefix chain script '/home/samiksha/ros2_ws2/install/setup.zsh'
