[0.011s] Invoking command in '/home/samiksha/ros2_ws/build/my_package': CMAKE_PREFIX_PATH=${CMAKE_PREFIX_PATH}:/home/samiksha/ros2_ws/install/task_controller:/opt/ros/humble /usr/bin/cmake --build /home/samiksha/ros2_ws/build/my_package -- -j12 -l12
[0.171s] [ 25%] Built target server_doc
[0.171s] [ 50%] Built target listener
[0.171s] [ 75%] Built target client_doc
[0.171s] [100%] Built target talker
[0.173s] Invoked command in '/home/samiksha/ros2_ws/build/my_package' returned '0': CMAKE_PREFIX_PATH=${CMAKE_PREFIX_PATH}:/home/samiksha/ros2_ws/install/task_controller:/opt/ros/humble /usr/bin/cmake --build /home/samiksha/ros2_ws/build/my_package -- -j12 -l12
[0.179s] Invoking command in '/home/samiksha/ros2_ws/build/my_package': CMAKE_PREFIX_PATH=${CMAKE_PREFIX_PATH}:/home/samiksha/ros2_ws/install/task_controller:/opt/ros/humble /usr/bin/cmake --install /home/samiksha/ros2_ws/build/my_package
[0.186s] -- Install configuration: ""
[0.186s] -- Execute custom install script
[0.187s] -- Up-to-date symlink: /home/samiksha/ros2_ws/install/my_package/lib/my_package/talker
[0.187s] -- Up-to-date symlink: /home/samiksha/ros2_ws/install/my_package/lib/my_package/listener
[0.187s] -- Up-to-date symlink: /home/samiksha/ros2_ws/install/my_package/lib/my_package/server_doc
[0.187s] -- Up-to-date symlink: /home/samiksha/ros2_ws/install/my_package/lib/my_package/client_doc
[0.187s] -- Up-to-date symlink: /home/samiksha/ros2_ws/install/my_package/share/ament_index/resource_index/package_run_dependencies/my_package
[0.187s] -- Up-to-date symlink: /home/samiksha/ros2_ws/install/my_package/share/ament_index/resource_index/parent_prefix_path/my_package
[0.188s] -- Up-to-date symlink: /home/samiksha/ros2_ws/install/my_package/share/my_package/environment/ament_prefix_path.sh
[0.188s] -- Up-to-date symlink: /home/samiksha/ros2_ws/install/my_package/share/my_package/environment/ament_prefix_path.dsv
[0.188s] -- Up-to-date symlink: /home/samiksha/ros2_ws/install/my_package/share/my_package/environment/path.sh
[0.188s] -- Up-to-date symlink: /home/samiksha/ros2_ws/install/my_package/share/my_package/environment/path.dsv
[0.188s] -- Up-to-date symlink: /home/samiksha/ros2_ws/install/my_package/share/my_package/local_setup.bash
[0.188s] -- Up-to-date symlink: /home/samiksha/ros2_ws/install/my_package/share/my_package/local_setup.sh
[0.188s] -- Up-to-date symlink: /home/samiksha/ros2_ws/install/my_package/share/my_package/local_setup.zsh
[0.188s] -- Up-to-date symlink: /home/samiksha/ros2_ws/install/my_package/share/my_package/local_setup.dsv
[0.189s] -- Symlinking: /home/samiksha/ros2_ws/install/my_package/share/my_package/package.dsv
[0.195s] -- Up-to-date symlink: /home/samiksha/ros2_ws/install/my_package/share/ament_index/resource_index/packages/my_package
[0.195s] -- Up-to-date symlink: /home/samiksha/ros2_ws/install/my_package/share/my_package/cmake/my_packageConfig.cmake
[0.195s] -- Up-to-date symlink: /home/samiksha/ros2_ws/install/my_package/share/my_package/cmake/my_packageConfig-version.cmake
[0.195s] -- Up-to-date symlink: /home/samiksha/ros2_ws/install/my_package/share/my_package/package.xml
[0.197s] Invoked command in '/home/samiksha/ros2_ws/build/my_package' returned '0': CMAKE_PREFIX_PATH=${CMAKE_PREFIX_PATH}:/home/samiksha/ros2_ws/install/task_controller:/opt/ros/humble /usr/bin/cmake --install /home/samiksha/ros2_ws/build/my_package
