[35m[1mConsolidate compiler generated dependencies of target turtlesim__rosidl_generator_c[0m
[  1%] Built target turtlesim__cpp
[ 11%] Built target turtlesim__rosidl_generator_c
[35m[1mConsolidate compiler generated dependencies of target turtlesim__rosidl_typesupport_cpp[0m
[35m[1mConsolidate compiler generated dependencies of target turtlesim__rosidl_typesupport_introspection_cpp[0m
[35m[1mConsolidate compiler generated dependencies of target turtlesim__rosidl_typesupport_fastrtps_cpp[0m
[ 11%] Built target ament_cmake_python_copy_turtlesim
[35m[1mConsolidate compiler generated dependencies of target turtlesim__rosidl_typesupport_introspection_c[0m
[35m[1mConsolidate compiler generated dependencies of target turtlesim__rosidl_typesupport_c[0m
[35m[1mConsolidate compiler generated dependencies of target turtlesim__rosidl_typesupport_fastrtps_c[0m
[ 21%] Built target turtlesim__rosidl_typesupport_cpp
[ 31%] Built target turtlesim__rosidl_typesupport_introspection_c
[ 41%] Built target turtlesim__rosidl_typesupport_c
[ 51%] Built target turtlesim__rosidl_typesupport_introspection_cpp
[ 61%] Built target turtlesim__rosidl_typesupport_fastrtps_cpp
[35m[1mConsolidate compiler generated dependencies of target turtle_teleop_key[0m
[ 71%] Built target turtlesim__rosidl_typesupport_fastrtps_c
[35m[1mConsolidate compiler generated dependencies of target draw_square[0m
[35m[1mConsolidate compiler generated dependencies of target mimic[0m
[35m[1mConsolidate compiler generated dependencies of target turtlesim_node[0m
[ 73%] Built target turtle_teleop_key
[ 75%] Built target draw_square
[ 76%] Built target turtlesim
[ 77%] Built target mimic
[ 83%] Built target turtlesim_node
[ 84%] Built target turtlesim__py
[35m[1mConsolidate compiler generated dependencies of target turtlesim__rosidl_generator_py[0m
[ 93%] Built target turtlesim__rosidl_generator_py
[35m[1mConsolidate compiler generated dependencies of target turtlesim__rosidl_typesupport_fastrtps_c__pyext[0m
[35m[1mConsolidate compiler generated dependencies of target turtlesim__rosidl_typesupport_c__pyext[0m
[35m[1mConsolidate compiler generated dependencies of target turtlesim__rosidl_typesupport_introspection_c__pyext[0m
[ 95%] Built target turtlesim__rosidl_typesupport_fastrtps_c__pyext
[100%] Built target turtlesim__rosidl_typesupport_c__pyext
[100%] Built target turtlesim__rosidl_typesupport_introspection_c__pyext
running egg_info
writing manifest file 'turtlesim.egg-info/SOURCES.txt'
[100%] Built target ament_cmake_python_build_turtlesim_egg
