[0.220s] Invoking command in '/home/samiksha/ros2_ws/build/turtlesim': CMAKE_PREFIX_PATH=${CMAKE_PREFIX_PATH}:/home/samiksha/ros2_ws/install/task_controller:/opt/ros/humble /usr/bin/cmake --build /home/samiksha/ros2_ws/build/turtlesim -- -j12 -l12
[0.259s] [35m[1mConsolidate compiler generated dependencies of target turtlesim__rosidl_generator_c[0m
[0.269s] [  1%] Built target turtlesim__cpp
[0.275s] [ 11%] Built target turtlesim__rosidl_generator_c
[0.282s] [35m[1mConsolidate compiler generated dependencies of target turtlesim__rosidl_typesupport_cpp[0m
[0.282s] [35m[1mConsolidate compiler generated dependencies of target turtlesim__rosidl_typesupport_introspection_cpp[0m
[0.283s] [35m[1mConsolidate compiler generated dependencies of target turtlesim__rosidl_typesupport_fastrtps_cpp[0m
[0.283s] [ 11%] Built target ament_cmake_python_copy_turtlesim
[0.286s] [35m[1mConsolidate compiler generated dependencies of target turtlesim__rosidl_typesupport_introspection_c[0m
[0.288s] [35m[1mConsolidate compiler generated dependencies of target turtlesim__rosidl_typesupport_c[0m
[0.289s] [35m[1mConsolidate compiler generated dependencies of target turtlesim__rosidl_typesupport_fastrtps_c[0m
[0.301s] [ 21%] Built target turtlesim__rosidl_typesupport_cpp
[0.302s] [ 31%] Built target turtlesim__rosidl_typesupport_introspection_c
[0.302s] [ 41%] Built target turtlesim__rosidl_typesupport_c
[0.304s] [ 51%] Built target turtlesim__rosidl_typesupport_introspection_cpp
[0.306s] [ 61%] Built target turtlesim__rosidl_typesupport_fastrtps_cpp
[0.313s] [35m[1mConsolidate compiler generated dependencies of target turtle_teleop_key[0m
[0.313s] [ 71%] Built target turtlesim__rosidl_typesupport_fastrtps_c
[0.314s] [35m[1mConsolidate compiler generated dependencies of target draw_square[0m
[0.317s] [35m[1mConsolidate compiler generated dependencies of target mimic[0m
[0.320s] [35m[1mConsolidate compiler generated dependencies of target turtlesim_node[0m
[0.333s] [ 73%] Built target turtle_teleop_key
[0.333s] [ 75%] Built target draw_square
[0.339s] [ 76%] Built target turtlesim
[0.339s] [ 77%] Built target mimic
[0.348s] [ 83%] Built target turtlesim_node
[0.365s] [ 84%] Built target turtlesim__py
[0.376s] [35m[1mConsolidate compiler generated dependencies of target turtlesim__rosidl_generator_py[0m
[0.393s] [ 93%] Built target turtlesim__rosidl_generator_py
[0.402s] [35m[1mConsolidate compiler generated dependencies of target turtlesim__rosidl_typesupport_fastrtps_c__pyext[0m
[0.407s] [35m[1mConsolidate compiler generated dependencies of target turtlesim__rosidl_typesupport_c__pyext[0m
[0.407s] [35m[1mConsolidate compiler generated dependencies of target turtlesim__rosidl_typesupport_introspection_c__pyext[0m
[0.419s] [ 95%] Built target turtlesim__rosidl_typesupport_fastrtps_c__pyext
[0.422s] [100%] Built target turtlesim__rosidl_typesupport_c__pyext
[0.422s] [100%] Built target turtlesim__rosidl_typesupport_introspection_c__pyext
[0.659s] running egg_info
[0.662s] writing manifest file 'turtlesim.egg-info/SOURCES.txt'
[0.696s] [100%] Built target ament_cmake_python_build_turtlesim_egg
