running egg_info
creating ../../build/launch_tutorial/launch_tutorial.egg-info
writing manifest file '../../build/launch_tutorial/launch_tutorial.egg-info/SOURCES.txt'
writing manifest file '../../build/launch_tutorial/launch_tutorial.egg-info/SOURCES.txt'
running build
running build_py
creating /home/samiksha/ros2_ws2/build/launch_tutorial/build
creating /home/samiksha/ros2_ws2/build/launch_tutorial/build/lib
creating /home/samiksha/ros2_ws2/build/launch_tutorial/build/lib/launch_tutorial
copying launch_tutorial/__init__.py -> /home/samiksha/ros2_ws2/build/launch_tutorial/build/lib/launch_tutorial
running install
running install_lib
creating /home/samiksha/ros2_ws2/install/launch_tutorial/lib/python3.10/site-packages/launch_tutorial
copying /home/samiksha/ros2_ws2/build/launch_tutorial/build/lib/launch_tutorial/__init__.py -> /home/samiksha/ros2_ws2/install/launch_tutorial/lib/python3.10/site-packages/launch_tutorial
byte-compiling /home/samiksha/ros2_ws2/install/launch_tutorial/lib/python3.10/site-packages/launch_tutorial/__init__.py to __init__.cpython-310.pyc
running install_data
creating /home/samiksha/ros2_ws2/install/launch_tutorial/share/ament_index
creating /home/samiksha/ros2_ws2/install/launch_tutorial/share/ament_index/resource_index
creating /home/samiksha/ros2_ws2/install/launch_tutorial/share/ament_index/resource_index/packages
copying resource/launch_tutorial -> /home/samiksha/ros2_ws2/install/launch_tutorial/share/ament_index/resource_index/packages
copying package.xml -> /home/samiksha/ros2_ws2/install/launch_tutorial/share/launch_tutorial
creating /home/samiksha/ros2_ws2/install/launch_tutorial/share/launch_tutorial/launch
copying launch/example_substitutions.launch.py -> /home/samiksha/ros2_ws2/install/launch_tutorial/share/launch_tutorial/launch
copying launch/broadcaster_listener.launch.py -> /home/samiksha/ros2_ws2/install/launch_tutorial/share/launch_tutorial/launch
copying launch/turtlesim_world_3.launch.py -> /home/samiksha/ros2_ws2/install/launch_tutorial/share/launch_tutorial/launch
copying launch/turtlesim_world_2.launch.py -> /home/samiksha/ros2_ws2/install/launch_tutorial/share/launch_tutorial/launch
copying launch/mimic.launch.py -> /home/samiksha/ros2_ws2/install/launch_tutorial/share/launch_tutorial/launch
copying launch/turtlesim_rviz.launch.py -> /home/samiksha/ros2_ws2/install/launch_tutorial/share/launch_tutorial/launch
copying launch/example_main.launch.py -> /home/samiksha/ros2_ws2/install/launch_tutorial/share/launch_tutorial/launch
copying launch/turtlesim_world_1.launch.py -> /home/samiksha/ros2_ws2/install/launch_tutorial/share/launch_tutorial/launch
copying launch/launch_turtlesim.launch.py -> /home/samiksha/ros2_ws2/install/launch_tutorial/share/launch_tutorial/launch
copying launch/fixed_broadcaster.launch.py -> /home/samiksha/ros2_ws2/install/launch_tutorial/share/launch_tutorial/launch
copying launch/example_event_handlers.launch.py -> /home/samiksha/ros2_ws2/install/launch_tutorial/share/launch_tutorial/launch
creating /home/samiksha/ros2_ws2/install/launch_tutorial/share/launch_tutorial/config
copying config/turtlesim.yaml -> /home/samiksha/ros2_ws2/install/launch_tutorial/share/launch_tutorial/config
creating /home/samiksha/ros2_ws2/install/launch_tutorial/share/launch_tutorial/rviz
running install_egg_info
Copying ../../build/launch_tutorial/launch_tutorial.egg-info to /home/samiksha/ros2_ws2/install/launch_tutorial/lib/python3.10/site-packages/launch_tutorial-0.0.0-py3.10.egg-info
running install_scripts
writing list of installed files to '/home/samiksha/ros2_ws2/build/launch_tutorial/install.log'
