[0.607s] Invoking command in '/home/samiksha/ros2_ws2/build/rviz_panel_tutorial': CMAKE_PREFIX_PATH=${CMAKE_PREFIX_PATH}:/home/samiksha/ros2_ws/install/task_controller:/home/samiksha/ros2_ws2/install/robo_descp:/home/samiksha/ros2_ws2/install/learning_tf2_py:/home/samiksha/ros2_ws2/install/launch_tutorial:/opt/ros/humble /usr/bin/cmake /home/samiksha/ros2_ws2/src/rviz_panel_tutorial -DCMAKE_INSTALL_PREFIX=/home/samiksha/ros2_ws2/install/rviz_panel_tutorial
[0.657s] -- The C compiler identification is GNU 11.4.0
[0.740s] -- The CXX compiler identification is GNU 11.4.0
[0.749s] -- Detecting C compiler ABI info
[0.831s] -- Detecting C compiler ABI info - done
[0.841s] -- Check for working C compiler: /usr/bin/cc - skipped
[0.841s] -- Detecting C compile features
[0.842s] -- Detecting C compile features - done
[0.845s] -- Detecting CXX compiler ABI info
[0.933s] -- Detecting CXX compiler ABI info - done
[0.944s] -- Check for working CXX compiler: /usr/bin/c++ - skipped
[0.944s] -- Detecting CXX compile features
[0.945s] -- Detecting CXX compile features - done
[0.948s] -- Found ament_cmake: 1.3.11 (/opt/ros/humble/share/ament_cmake/cmake)
[1.464s] -- Found Python3: /usr/bin/python3 (found version "3.10.12") found components: Interpreter 
[1.539s] -- Found pluginlib: 5.1.0 (/opt/ros/humble/share/pluginlib/cmake)
[1.569s] -- Found rviz_common: 11.2.14 (/opt/ros/humble/share/rviz_common/cmake)
[1.579s] -- Setting assimp_DIR to: '/opt/ros/humble/share/rviz_assimp_vendor/cmake/../../../opt/rviz_assimp_vendor/lib/cmake/assimp-4.1'
[1.584s] -- Setting OGRE_DIR to: '/opt/ros/humble/share/rviz_ogre_vendor/cmake/../../../opt/rviz_ogre_vendor/lib/OGRE/cmake'
[1.585s] -- Found OGRE
[1.585s] --   static     : OFF
[1.585s] --   components : HLMS;MeshLodGenerator;Overlay;Paging;Property;RTShaderSystem;Terrain;Volume
[1.585s] --   plugins    : Plugin_BSPSceneManager;Plugin_OctreeSceneManager;Plugin_PCZSceneManager;Plugin_ParticleFX;RenderSystem_GL;RenderSystem_GL3Plus;Codec_STBI
[1.585s] --   media      : /opt/ros/humble/opt/rviz_ogre_vendor/share/OGRE/Media
[1.585s] -- OGRE_LIBRARIES: OgreHLMS;OgreMeshLodGenerator;OgreOverlay;OgrePaging;OgreProperty;OgreRTShaderSystem;OgreTerrain;OgreVolume;OgreMain
[1.585s] -- OGRE_LIBRARY_DIRS: /opt/ros/humble/opt/rviz_ogre_vendor/lib
[1.585s] -- OGRE_PLUGINS: Plugin_BSPSceneManager;Plugin_OctreeSceneManager;Plugin_PCZSceneManager;Plugin_ParticleFX;RenderSystem_GL;RenderSystem_GL3Plus;Codec_STBI
[1.585s] -- OGRE_PLUGIN_DIR: /opt/ros/humble/opt/rviz_ogre_vendor/lib/OGRE
[1.586s] -- rviz_ogre_vendor::OgreOverlay for IMPORTED_LOCATION_RELEASE: /opt/ros/humble/opt/rviz_ogre_vendor/lib/libOgreOverlay.so
[1.586s] -- rviz_ogre_vendor::OgreOverlay for IMPORTED_LOCATION_DEBUG: /opt/ros/humble/opt/rviz_ogre_vendor/lib/libOgreOverlay.so
[1.586s] -- rviz_ogre_vendor::OgreMain for IMPORTED_LOCATION_RELEASE: /opt/ros/humble/opt/rviz_ogre_vendor/lib/libOgreMain.so
[1.586s] -- rviz_ogre_vendor::OgreMain for IMPORTED_LOCATION_DEBUG: /opt/ros/humble/opt/rviz_ogre_vendor/lib/libOgreMain.so
[1.601s] -- Found ZLIB: /usr/lib/x86_64-linux-gnu/libz.so (found version "1.2.11") 
[1.605s] -- Found OpenGL: /usr/lib/x86_64-linux-gnu/libOpenGL.so   
[1.679s] -- Found X11: /usr/include   
[1.679s] -- Looking for XOpenDisplay in /usr/lib/x86_64-linux-gnu/libX11.so;/usr/lib/x86_64-linux-gnu/libXext.so
[1.741s] -- Looking for XOpenDisplay in /usr/lib/x86_64-linux-gnu/libX11.so;/usr/lib/x86_64-linux-gnu/libXext.so - found
[1.741s] -- Looking for gethostbyname
[1.801s] -- Looking for gethostbyname - found
[1.801s] -- Looking for connect
[1.860s] -- Looking for connect - found
[1.860s] -- Looking for remove
[1.922s] -- Looking for remove - found
[1.922s] -- Looking for shmat
[1.986s] -- Looking for shmat - found
[1.986s] -- Looking for IceConnectionNumber in ICE
[2.056s] -- Looking for IceConnectionNumber in ICE - found
[2.136s] -- library: /usr/lib/x86_64-linux-gnu/libcurl.so
[2.167s] -- Found rosidl_generator_c: 3.1.6 (/opt/ros/humble/share/rosidl_generator_c/cmake)
[2.171s] -- Found rosidl_adapter: 3.1.6 (/opt/ros/humble/share/rosidl_adapter/cmake)
[2.178s] -- Found rosidl_generator_cpp: 3.1.6 (/opt/ros/humble/share/rosidl_generator_cpp/cmake)
[2.187s] -- Using all available rosidl_typesupport_c: rosidl_typesupport_fastrtps_c;rosidl_typesupport_introspection_c
[2.197s] -- Using all available rosidl_typesupport_cpp: rosidl_typesupport_fastrtps_cpp;rosidl_typesupport_introspection_cpp
[2.263s] -- Found rmw_implementation_cmake: 6.1.2 (/opt/ros/humble/share/rmw_implementation_cmake/cmake)
[2.265s] -- Found rmw_fastrtps_cpp: 6.2.7 (/opt/ros/humble/share/rmw_fastrtps_cpp/cmake)
[2.283s] -- Found TinyXML2 via Config file: TinyXML2_DIR-NOTFOUND
[2.335s] -- Found OpenSSL: /usr/lib/x86_64-linux-gnu/libcrypto.so (found version "3.0.2")  
[2.337s] -- Found TinyXML2 via Config file: TinyXML2_DIR-NOTFOUND
[2.348s] -- Found FastRTPS: /opt/ros/humble/include  
[2.351s] -- Found TinyXML2 via Config file: TinyXML2_DIR-NOTFOUND
[2.358s] -- Found TinyXML2 via Config file: TinyXML2_DIR-NOTFOUND
[2.368s] -- Using RMW implementation 'rmw_fastrtps_cpp' as default
[2.374s] -- Looking for pthread.h
[2.437s] -- Looking for pthread.h - found
[2.438s] -- Performing Test CMAKE_HAVE_LIBC_PTHREAD
[2.505s] -- Performing Test CMAKE_HAVE_LIBC_PTHREAD - Success
[2.506s] -- Found Threads: TRUE  
[2.566s] -- Found Eigen3: TRUE (found version "3.4.0") 
[2.566s] -- Ensuring Eigen3 include directory is part of orocos-kdl CMake target
[2.710s] [31mCMake Error at /opt/ros/humble/share/ament_lint_auto/cmake/ament_lint_auto-extras.cmake:18 (message):
[2.711s]   find_package(ament_lint_auto) must be called before ament_package()
[2.711s] Call Stack (most recent call first):
[2.711s]   /opt/ros/humble/share/ament_lint_auto/cmake/ament_lint_autoConfig.cmake:41 (include)
[2.711s]   CMakeLists.txt:68 (find_package)
[2.711s] 
[2.711s] [0m
[2.711s] -- Found ament_lint_auto: 0.12.11 (/opt/ros/humble/share/ament_lint_auto/cmake)
[2.711s] -- Configuring incomplete, errors occurred!
[2.711s] See also "/home/samiksha/ros2_ws2/build/rviz_panel_tutorial/CMakeFiles/CMakeOutput.log".
