/home/samiksha/ros2_ws2/install/learning_tf2_py/lib/python3.10/site-packages/learning_tf2_py/turtle_tf2_listener.py
/home/samiksha/ros2_ws2/install/learning_tf2_py/lib/python3.10/site-packages/learning_tf2_py/fixed_frame_tf2_broadcaster.py
/home/samiksha/ros2_ws2/install/learning_tf2_py/lib/python3.10/site-packages/learning_tf2_py/__init__.py
/home/samiksha/ros2_ws2/install/learning_tf2_py/lib/python3.10/site-packages/learning_tf2_py/static_turtle_tf2_broadcaster.py
/home/samiksha/ros2_ws2/install/learning_tf2_py/lib/python3.10/site-packages/learning_tf2_py/turtle_tf2_broadcaster.py
/home/samiksha/ros2_ws2/install/learning_tf2_py/lib/python3.10/site-packages/learning_tf2_py/__pycache__/turtle_tf2_listener.cpython-310.pyc
/home/samiksha/ros2_ws2/install/learning_tf2_py/lib/python3.10/site-packages/learning_tf2_py/__pycache__/fixed_frame_tf2_broadcaster.cpython-310.pyc
/home/samiksha/ros2_ws2/install/learning_tf2_py/lib/python3.10/site-packages/learning_tf2_py/__pycache__/__init__.cpython-310.pyc
/home/samiksha/ros2_ws2/install/learning_tf2_py/lib/python3.10/site-packages/learning_tf2_py/__pycache__/static_turtle_tf2_broadcaster.cpython-310.pyc
/home/samiksha/ros2_ws2/install/learning_tf2_py/lib/python3.10/site-packages/learning_tf2_py/__pycache__/turtle_tf2_broadcaster.cpython-310.pyc
/home/samiksha/ros2_ws2/install/learning_tf2_py/share/ament_index/resource_index/packages/learning_tf2_py
/home/samiksha/ros2_ws2/install/learning_tf2_py/share/learning_tf2_py/package.xml
/home/samiksha/ros2_ws2/install/learning_tf2_py/share/learning_tf2_py/launch/turtle_tf2_demo.launch.py
/home/samiksha/ros2_ws2/install/learning_tf2_py/share/learning_tf2_py/launch/turtle_tf2_fixed_frame_demo.launch.py
/home/samiksha/ros2_ws2/install/learning_tf2_py/lib/python3.10/site-packages/learning_tf2_py-0.0.0-py3.10.egg-info/zip-safe
/home/samiksha/ros2_ws2/install/learning_tf2_py/lib/python3.10/site-packages/learning_tf2_py-0.0.0-py3.10.egg-info/requires.txt
/home/samiksha/ros2_ws2/install/learning_tf2_py/lib/python3.10/site-packages/learning_tf2_py-0.0.0-py3.10.egg-info/dependency_links.txt
/home/samiksha/ros2_ws2/install/learning_tf2_py/lib/python3.10/site-packages/learning_tf2_py-0.0.0-py3.10.egg-info/PKG-INFO
/home/samiksha/ros2_ws2/install/learning_tf2_py/lib/python3.10/site-packages/learning_tf2_py-0.0.0-py3.10.egg-info/entry_points.txt
/home/samiksha/ros2_ws2/install/learning_tf2_py/lib/python3.10/site-packages/learning_tf2_py-0.0.0-py3.10.egg-info/SOURCES.txt
/home/samiksha/ros2_ws2/install/learning_tf2_py/lib/python3.10/site-packages/learning_tf2_py-0.0.0-py3.10.egg-info/top_level.txt
/home/samiksha/ros2_ws2/install/learning_tf2_py/lib/learning_tf2_py/fixed_frame_tf2_broadcaster
/home/samiksha/ros2_ws2/install/learning_tf2_py/lib/learning_tf2_py/static_turtle_tf2_broadcaster
/home/samiksha/ros2_ws2/install/learning_tf2_py/lib/learning_tf2_py/turtle_tf2_broadcaster
/home/samiksha/ros2_ws2/install/learning_tf2_py/lib/learning_tf2_py/turtle_tf2_listener
