[0.193s] Invoking command in '/home/samiksha/ros2_ws2/build/learning_tf2_cpp': /usr/bin/cmake --build /home/samiksha/ros2_ws2/build/learning_tf2_cpp -- -j12 -l12
[0.582s] -- Found ament_cmake: 1.3.11 (/opt/ros/humble/share/ament_cmake/cmake)
[0.582s] -- Found geometry_msgs: 4.2.4 (/opt/ros/humble/share/geometry_msgs/cmake)
[0.582s] -- Found rosidl_generator_c: 3.1.6 (/opt/ros/humble/share/rosidl_generator_c/cmake)
[0.582s] -- Found rosidl_adapter: 3.1.6 (/opt/ros/humble/share/rosidl_adapter/cmake)
[0.582s] -- Found rosidl_generator_cpp: 3.1.6 (/opt/ros/humble/share/rosidl_generator_cpp/cmake)
[0.583s] -- Using all available rosidl_typesupport_c: rosidl_typesupport_fastrtps_c;rosidl_typesupport_introspection_c
[0.583s] -- Using all available rosidl_typesupport_cpp: rosidl_typesupport_fastrtps_cpp;rosidl_typesupport_introspection_cpp
[0.584s] -- Found rclcpp: 16.0.11 (/opt/ros/humble/share/rclcpp/cmake)
[0.584s] -- Found rmw_implementation_cmake: 6.1.2 (/opt/ros/humble/share/rmw_implementation_cmake/cmake)
[0.584s] -- Found rmw_fastrtps_cpp: 6.2.7 (/opt/ros/humble/share/rmw_fastrtps_cpp/cmake)
[0.584s] -- Using RMW implementation 'rmw_fastrtps_cpp' as default
[0.585s] -- Found tf2: 0.25.11 (/opt/ros/humble/share/tf2/cmake)
[0.585s] -- Found tf2_ros: 0.25.11 (/opt/ros/humble/share/tf2_ros/cmake)
[0.586s] -- Found turtlesim: 1.4.2 (/home/samiksha/ros2_ws/install/turtlesim/share/turtlesim/cmake)
[0.586s] -- Found tf2_geometry_msgs: 0.25.11 (/opt/ros/humble/share/tf2_geometry_msgs/cmake)
[0.586s] -- Found eigen3_cmake_module: 0.1.1 (/opt/ros/humble/share/eigen3_cmake_module/cmake)
[0.586s] -- Ensuring Eigen3 include directory is part of orocos-kdl CMake target
[0.586s] -- Found ament_lint_auto: 0.12.11 (/opt/ros/humble/share/ament_lint_auto/cmake)
[0.609s] Error parsing '/home/samiksha/ros2_ws2/src/learning_tf2_cpp/package.xml':
[0.670s] Traceback (most recent call last):
[0.670s]   File "/usr/lib/python3/dist-packages/catkin_pkg/package.py", line 610, in parse_package_string
[0.670s]     root = dom.parseString(data)
[0.670s]   File "/usr/lib/python3.10/xml/dom/minidom.py", line 2000, in parseString
[0.671s]     return expatbuilder.parseString(string)
[0.671s]   File "/usr/lib/python3.10/xml/dom/expatbuilder.py", line 925, in parseString
[0.672s]     return builder.parseString(string)
[0.672s]   File "/usr/lib/python3.10/xml/dom/expatbuilder.py", line 223, in parseString
[0.672s]     parser.Parse(string, True)
[0.672s] xml.parsers.expat.ExpatError: XML or text declaration not at start of entity: line 2, column 0
[0.672s] 
[0.672s] During handling of the above exception, another exception occurred:
[0.672s] 
[0.672s] Traceback (most recent call last):
[0.672s]   File "/opt/ros/humble/share/ament_cmake_core/cmake/core/package_xml_2_cmake.py", line 150, in <module>
[0.672s]     main()
[0.672s]   File "/opt/ros/humble/share/ament_cmake_core/cmake/core/package_xml_2_cmake.py", line 53, in main
[0.673s]     raise e
[0.673s]   File "/opt/ros/humble/share/ament_cmake_core/cmake/core/package_xml_2_cmake.py", line 49, in main
[0.673s]     package = parse_package_string(
[0.673s]   File "/usr/lib/python3/dist-packages/catkin_pkg/package.py", line 612, in parse_package_string
[0.673s]     raise InvalidPackage('The manifest contains invalid XML:\n%s' % ex, filename)
[0.673s] catkin_pkg.package.InvalidPackage: Error(s) in package '/home/samiksha/ros2_ws2/src/learning_tf2_cpp/package.xml':
[0.673s] The manifest contains invalid XML:
[0.673s] XML or text declaration not at start of entity: line 2, column 0
[0.694s] [31mCMake Error at /opt/ros/humble/share/ament_cmake_core/cmake/core/ament_package_xml.cmake:95 (message):
[0.694s]   execute_process(/usr/bin/python3
[0.694s]   /opt/ros/humble/share/ament_cmake_core/cmake/core/package_xml_2_cmake.py
[0.694s]   /home/samiksha/ros2_ws2/src/learning_tf2_cpp/package.xml
[0.694s]   /home/samiksha/ros2_ws2/build/learning_tf2_cpp/ament_cmake_core/package.cmake)
[0.694s]   returned error code 1
[0.694s] Call Stack (most recent call first):
[0.694s]   /opt/ros/humble/share/ament_cmake_core/cmake/core/ament_package_xml.cmake:49 (_ament_package_xml)
[0.694s]   /opt/ros/humble/share/ament_lint_auto/cmake/ament_lint_auto_find_test_dependencies.cmake:31 (ament_package_xml)
[0.694s]   CMakeLists.txt:91 (ament_lint_auto_find_test_dependencies)
[0.695s] 
[0.695s] [0m
[0.695s] -- Configuring incomplete, errors occurred!
[0.695s] See also "/home/samiksha/ros2_ws2/build/learning_tf2_cpp/CMakeFiles/CMakeOutput.log".
[0.701s] gmake: *** [Makefile:472: cmake_check_build_system] Error 1
[0.703s] Invoked command in '/home/samiksha/ros2_ws2/build/learning_tf2_cpp' returned '2': /usr/bin/cmake --build /home/samiksha/ros2_ws2/build/learning_tf2_cpp -- -j12 -l12
