[35m[1mConsolidate compiler generated dependencies of target talker[0m
[35m[1mConsolidate compiler generated dependencies of target listener[0m
[35m[1mConsolidate compiler generated dependencies of target client_doc[0m
[35m[1mConsolidate compiler generated dependencies of target server_doc[0m
[ 25%] Built target talker
[ 50%] Built target client_doc
[ 75%] Built target listener
[100%] Built target server_doc
-- Install configuration: ""
-- Up-to-date: /home/samiksha/ros2_ws/install/my_package/lib/my_package/talker
-- Up-to-date: /home/samiksha/ros2_ws/install/my_package/lib/my_package/listener
-- Up-to-date: /home/samiksha/ros2_ws/install/my_package/lib/my_package/server_doc
-- Up-to-date: /home/samiksha/ros2_ws/install/my_package/lib/my_package/client_doc
-- Up-to-date: /home/samiksha/ros2_ws/install/my_package/share/ament_index/resource_index/package_run_dependencies/my_package
-- Up-to-date: /home/samiksha/ros2_ws/install/my_package/share/ament_index/resource_index/parent_prefix_path/my_package
-- Up-to-date: /home/samiksha/ros2_ws/install/my_package/share/my_package/environment/ament_prefix_path.sh
-- Up-to-date: /home/samiksha/ros2_ws/install/my_package/share/my_package/environment/ament_prefix_path.dsv
-- Up-to-date: /home/samiksha/ros2_ws/install/my_package/share/my_package/environment/path.sh
-- Up-to-date: /home/samiksha/ros2_ws/install/my_package/share/my_package/environment/path.dsv
-- Up-to-date: /home/samiksha/ros2_ws/install/my_package/share/my_package/local_setup.bash
-- Up-to-date: /home/samiksha/ros2_ws/install/my_package/share/my_package/local_setup.sh
-- Up-to-date: /home/samiksha/ros2_ws/install/my_package/share/my_package/local_setup.zsh
-- Up-to-date: /home/samiksha/ros2_ws/install/my_package/share/my_package/local_setup.dsv
-- Installing: /home/samiksha/ros2_ws/install/my_package/share/my_package/package.dsv
-- Up-to-date: /home/samiksha/ros2_ws/install/my_package/share/ament_index/resource_index/packages/my_package
-- Up-to-date: /home/samiksha/ros2_ws/install/my_package/share/my_package/cmake/my_packageConfig.cmake
-- Up-to-date: /home/samiksha/ros2_ws/install/my_package/share/my_package/cmake/my_packageConfig-version.cmake
-- Up-to-date: /home/samiksha/ros2_ws/install/my_package/share/my_package/package.xml
