-- Found ament_cmake: 1.3.11 (/opt/ros/humble/share/ament_cmake/cmake)
-- Found geometry_msgs: 4.2.4 (/opt/ros/humble/share/geometry_msgs/cmake)
-- Found rosidl_generator_c: 3.1.6 (/opt/ros/humble/share/rosidl_generator_c/cmake)
-- Found rosidl_adapter: 3.1.6 (/opt/ros/humble/share/rosidl_adapter/cmake)
-- Found rosidl_generator_cpp: 3.1.6 (/opt/ros/humble/share/rosidl_generator_cpp/cmake)
-- Using all available rosidl_typesupport_c: rosidl_typesupport_fastrtps_c;rosidl_typesupport_introspection_c
-- Using all available rosidl_typesupport_cpp: rosidl_typesupport_fastrtps_cpp;rosidl_typesupport_introspection_cpp
-- Found rclcpp: 16.0.11 (/opt/ros/humble/share/rclcpp/cmake)
-- Found rmw_implementation_cmake: 6.1.2 (/opt/ros/humble/share/rmw_implementation_cmake/cmake)
-- Found rmw_fastrtps_cpp: 6.2.7 (/opt/ros/humble/share/rmw_fastrtps_cpp/cmake)
-- Using RMW implementation 'rmw_fastrtps_cpp' as default
-- Found tf2: 0.25.11 (/opt/ros/humble/share/tf2/cmake)
-- Found tf2_ros: 0.25.11 (/opt/ros/humble/share/tf2_ros/cmake)
-- Found turtlesim: 1.4.2 (/home/samiksha/ros2_ws/install/turtlesim/share/turtlesim/cmake)
-- Found tf2_geometry_msgs: 0.25.11 (/opt/ros/humble/share/tf2_geometry_msgs/cmake)
-- Found eigen3_cmake_module: 0.1.1 (/opt/ros/humble/share/eigen3_cmake_module/cmake)
-- Ensuring Eigen3 include directory is part of orocos-kdl CMake target
-- Found ament_lint_auto: 0.12.11 (/opt/ros/humble/share/ament_lint_auto/cmake)
-- Added test 'cppcheck' to perform static code analysis on C / C++ code
-- Configured cppcheck include dirs: 
-- Configured cppcheck exclude dirs and/or files: 
-- Added test 'flake8' to check Python code syntax and style conventions
-- Added test 'lint_cmake' to check CMake code style
-- Added test 'pep257' to check Python code against some of the docstring style conventions in PEP 257
-- Added test 'uncrustify' to check C / C++ code style
-- Configured uncrustify additional arguments: 
-- Added test 'xmllint' to check XML markup files
-- Configuring done
-- Generating done
-- Build files have been written to: /home/samiksha/ros2_ws2/build/learning_tf2_cpp
[35m[1mConsolidate compiler generated dependencies of target static_turtle_tf2_broadcaster[0m
[35m[1mConsolidate compiler generated dependencies of target fixed_frame_tf2_broadcaster[0m
[35m[1mConsolidate compiler generated dependencies of target turtle_tf2_listener[0m
[35m[1mConsolidate compiler generated dependencies of target turtle_tf2_broadcaster[0m
[35m[1mConsolidate compiler generated dependencies of target turtle_tf2_listener_travel[0m
[35m[1mConsolidate compiler generated dependencies of target turtle_tf2_listener_time[0m
[ 14%] Built target static_turtle_tf2_broadcaster
[ 28%] Built target turtle_tf2_listener
[ 57%] Built target fixed_frame_tf2_broadcaster
[ 57%] Built target turtle_tf2_broadcaster
[ 71%] Built target turtle_tf2_listener_travel
[ 85%] Built target turtle_tf2_listener_time
[ 92%] [32mBuilding CXX object CMakeFiles/turtle_tf2_message_filter.dir/src/turtle_tf2_message_filter.cpp.o[0m
[100%] [32m[1mLinking CXX executable turtle_tf2_message_filter[0m
[100%] Built target turtle_tf2_message_filter
