[  1%] [34m[1mAutomatic MOC for target point_display[0m
[  3%] [34m[1mAutomatic MOC for target rviz_plugin_tutorial_msgs__rosidl_generator_c[0m
[  5%] Built target rviz_plugin_tutorial_msgs__cpp
[  5%] Built target ament_cmake_python_copy_rviz_plugin_tutorial_msgs
[  5%] Built target rviz_plugin_tutorial_msgs__rosidl_generator_c_autogen
[  6%] [34m[1mAutomatic MOC for target rviz_plugin_tutorial_msgs__rosidl_typesupport_fastrtps_cpp[0m
[  8%] [34m[1mAutomatic MOC for target rviz_plugin_tutorial_msgs__rosidl_typesupport_introspection_cpp[0m
[  8%] Built target point_display_autogen
gmake[2]: *** No rule to make target '/home/samiksha/ros2_ws2/src/rviz_plugin_tutorial_msgs/include/rviz_plugin_tutorial/point_display.hpp', needed by 'include/rviz_plugin_tutorial/moc_point_display.cpp'.  Stop.
gmake[1]: *** [CMakeFiles/Makefile2:193: CMakeFiles/point_display.dir/all] Error 2
gmake[1]: *** Waiting for unfinished jobs....
[ 10%] [34m[1mAutomatic MOC for target rviz_plugin_tutorial_msgs__rosidl_typesupport_cpp[0m
[ 16%] Built target rviz_plugin_tutorial_msgs__rosidl_generator_c
[ 16%] Built target rviz_plugin_tutorial_msgs__rosidl_typesupport_fastrtps_cpp_autogen
[ 16%] Built target rviz_plugin_tutorial_msgs__rosidl_typesupport_introspection_cpp_autogen
[ 16%] Built target rviz_plugin_tutorial_msgs__rosidl_typesupport_cpp_autogen
running egg_info
writing manifest file 'rviz_plugin_tutorial_msgs.egg-info/SOURCES.txt'
[ 16%] Built target ament_cmake_python_build_rviz_plugin_tutorial_msgs_egg
gmake: *** [Makefile:146: all] Error 2
