[0.602s] Invoking command in '/home/samiksha/ros2_ws2/build/rviz_plugin_tutorial_msgs': CMAKE_PREFIX_PATH=${CMAKE_PREFIX_PATH}:/home/samiksha/ros2_ws/install/task_controller:/home/samiksha/ros2_ws2/install/robo_descp:/home/samiksha/ros2_ws2/install/learning_tf2_py:/home/samiksha/ros2_ws2/install/launch_tutorial:/opt/ros/humble /usr/bin/cmake --build /home/samiksha/ros2_ws2/build/rviz_plugin_tutorial_msgs -- -j12 -l12
[0.651s] [  1%] [34m[1mAutomatic MOC for target rviz_plugin_tutorial_msgs__rosidl_generator_c[0m
[0.652s] [  3%] Built target rviz_plugin_tutorial_msgs__cpp
[0.656s] [  5%] [34m[1mAutomatic MOC for target point_display[0m
[0.669s] [  5%] Built target ament_cmake_python_copy_rviz_plugin_tutorial_msgs
[0.679s] [  5%] Built target rviz_plugin_tutorial_msgs__rosidl_generator_c_autogen
[0.680s] [  6%] [34m[1mAutomatic MOC for target rviz_plugin_tutorial_msgs__rosidl_typesupport_introspection_cpp[0m
[0.684s] [  8%] [34m[1mAutomatic MOC for target rviz_plugin_tutorial_msgs__rosidl_typesupport_cpp[0m
[0.686s] [ 10%] [34m[1mAutomatic MOC for target rviz_plugin_tutorial_msgs__rosidl_typesupport_fastrtps_cpp[0m
[0.689s] [ 10%] Built target point_display_autogen
[0.697s] gmake[2]: *** No rule to make target '/home/samiksha/ros2_ws2/src/rviz_plugin_tutorial_msgs/include/rviz_plugin_tutorial/point_display.hpp', needed by 'include/rviz_plugin_tutorial/moc_point_display.cpp'.  Stop.
[0.697s] gmake[1]: *** [CMakeFiles/Makefile2:193: CMakeFiles/point_display.dir/all] Error 2
[0.697s] gmake[1]: *** Waiting for unfinished jobs....
[0.706s] [ 16%] Built target rviz_plugin_tutorial_msgs__rosidl_generator_c
[0.709s] [ 16%] Built target rviz_plugin_tutorial_msgs__rosidl_typesupport_cpp_autogen
[0.709s] [ 16%] Built target rviz_plugin_tutorial_msgs__rosidl_typesupport_introspection_cpp_autogen
[0.721s] [ 16%] Built target rviz_plugin_tutorial_msgs__rosidl_typesupport_fastrtps_cpp_autogen
[0.890s] running egg_info
[0.894s] writing manifest file 'rviz_plugin_tutorial_msgs.egg-info/SOURCES.txt'
[0.922s] [ 16%] Built target ament_cmake_python_build_rviz_plugin_tutorial_msgs_egg
[0.923s] gmake: *** [Makefile:146: all] Error 2
