[0.240s] Invoking command in '/home/samiksha/ros2_ws/build/task_controller_cpp': CMAKE_PREFIX_PATH=${CMAKE_PREFIX_PATH}:/home/samiksha/ros2_ws/install/task_controller:/opt/ros/humble /usr/bin/cmake --build /home/samiksha/ros2_ws/build/task_controller_cpp -- -j12 -l12
[0.293s] [35m[1mConsolidate compiler generated dependencies of target chatNode2[0m
[0.293s] [35m[1mConsolidate compiler generated dependencies of target chatNode1[0m
[0.312s] [ 16%] Built target listener
[0.319s] [ 25%] [32mBuilding CXX object CMakeFiles/chatNode1.dir/src/chat_first.cpp.o[0m
[0.320s] [ 41%] Built target talker
[0.323s] [ 58%] Built target client_doc
[0.324s] [ 66%] [32mBuilding CXX object CMakeFiles/chatNode2.dir/src/chat_second.cpp.o[0m
[0.324s] [ 83%] Built target server_doc
[10.498s] [ 91%] [32m[1mLinking CXX executable chatNode2[0m
[10.859s] [100%] [32m[1mLinking CXX executable chatNode1[0m
[11.004s] [100%] Built target chatNode2
[11.538s] [100%] Built target chatNode1
[11.553s] Invoked command in '/home/samiksha/ros2_ws/build/task_controller_cpp' returned '0': CMAKE_PREFIX_PATH=${CMAKE_PREFIX_PATH}:/home/samiksha/ros2_ws/install/task_controller:/opt/ros/humble /usr/bin/cmake --build /home/samiksha/ros2_ws/build/task_controller_cpp -- -j12 -l12
[11.554s] Invoking command in '/home/samiksha/ros2_ws/build/task_controller_cpp': CMAKE_PREFIX_PATH=${CMAKE_PREFIX_PATH}:/home/samiksha/ros2_ws/install/task_controller:/opt/ros/humble /usr/bin/cmake --install /home/samiksha/ros2_ws/build/task_controller_cpp
[11.566s] -- Install configuration: ""
[11.566s] -- Up-to-date: /home/samiksha/ros2_ws/install/task_controller_cpp/lib/task_controller_cpp/talker
[11.567s] -- Up-to-date: /home/samiksha/ros2_ws/install/task_controller_cpp/lib/task_controller_cpp/listener
[11.567s] -- Up-to-date: /home/samiksha/ros2_ws/install/task_controller_cpp/lib/task_controller_cpp/server_doc
[11.567s] -- Up-to-date: /home/samiksha/ros2_ws/install/task_controller_cpp/lib/task_controller_cpp/client_doc
[11.567s] -- Installing: /home/samiksha/ros2_ws/install/task_controller_cpp/lib/task_controller_cpp/chatNode1
[11.570s] -- Set runtime path of "/home/samiksha/ros2_ws/install/task_controller_cpp/lib/task_controller_cpp/chatNode1" to ""
[11.571s] -- Installing: /home/samiksha/ros2_ws/install/task_controller_cpp/lib/task_controller_cpp/chatNode2
[11.574s] -- Set runtime path of "/home/samiksha/ros2_ws/install/task_controller_cpp/lib/task_controller_cpp/chatNode2" to ""
[11.574s] -- Up-to-date: /home/samiksha/ros2_ws/install/task_controller_cpp/share/ament_index/resource_index/package_run_dependencies/task_controller_cpp
[11.575s] -- Up-to-date: /home/samiksha/ros2_ws/install/task_controller_cpp/share/ament_index/resource_index/parent_prefix_path/task_controller_cpp
[11.575s] -- Up-to-date: /home/samiksha/ros2_ws/install/task_controller_cpp/share/task_controller_cpp/environment/ament_prefix_path.sh
[11.575s] -- Up-to-date: /home/samiksha/ros2_ws/install/task_controller_cpp/share/task_controller_cpp/environment/ament_prefix_path.dsv
[11.575s] -- Up-to-date: /home/samiksha/ros2_ws/install/task_controller_cpp/share/task_controller_cpp/environment/path.sh
[11.575s] -- Up-to-date: /home/samiksha/ros2_ws/install/task_controller_cpp/share/task_controller_cpp/environment/path.dsv
[11.575s] -- Up-to-date: /home/samiksha/ros2_ws/install/task_controller_cpp/share/task_controller_cpp/local_setup.bash
[11.575s] -- Up-to-date: /home/samiksha/ros2_ws/install/task_controller_cpp/share/task_controller_cpp/local_setup.sh
[11.575s] -- Up-to-date: /home/samiksha/ros2_ws/install/task_controller_cpp/share/task_controller_cpp/local_setup.zsh
[11.575s] -- Up-to-date: /home/samiksha/ros2_ws/install/task_controller_cpp/share/task_controller_cpp/local_setup.dsv
[11.576s] -- Installing: /home/samiksha/ros2_ws/install/task_controller_cpp/share/task_controller_cpp/package.dsv
[11.576s] -- Up-to-date: /home/samiksha/ros2_ws/install/task_controller_cpp/share/ament_index/resource_index/packages/task_controller_cpp
[11.576s] -- Up-to-date: /home/samiksha/ros2_ws/install/task_controller_cpp/share/task_controller_cpp/cmake/task_controller_cppConfig.cmake
[11.577s] -- Up-to-date: /home/samiksha/ros2_ws/install/task_controller_cpp/share/task_controller_cpp/cmake/task_controller_cppConfig-version.cmake
[11.578s] -- Up-to-date: /home/samiksha/ros2_ws/install/task_controller_cpp/share/task_controller_cpp/package.xml
[11.578s] Invoked command in '/home/samiksha/ros2_ws/build/task_controller_cpp' returned '0': CMAKE_PREFIX_PATH=${CMAKE_PREFIX_PATH}:/home/samiksha/ros2_ws/install/task_controller:/opt/ros/humble /usr/bin/cmake --install /home/samiksha/ros2_ws/build/task_controller_cpp
