[0.425s] Invoking command in '/home/samiksha/ros2_ws/build/task_controller': PYTHONPATH=/home/samiksha/ros2_ws/build/task_controller/prefix_override:/usr/lib/python3/dist-packages/colcon_core/task/python/colcon_distutils_commands:/home/samiksha/ros2_ws/install/task_controller/lib/python3.10/site-packages:${PYTHONPATH} /usr/bin/python3 -W ignore:setup.py install is deprecated -W ignore:easy_install command is deprecated setup.py develop --uninstall --editable --build-directory /home/samiksha/ros2_ws/build/task_controller/build
[0.594s] running develop
[0.710s] Invoked command in '/home/samiksha/ros2_ws/build/task_controller' returned '0': PYTHONPATH=/home/samiksha/ros2_ws/build/task_controller/prefix_override:/usr/lib/python3/dist-packages/colcon_core/task/python/colcon_distutils_commands:/home/samiksha/ros2_ws/install/task_controller/lib/python3.10/site-packages:${PYTHONPATH} /usr/bin/python3 -W ignore:setup.py install is deprecated -W ignore:easy_install command is deprecated setup.py develop --uninstall --editable --build-directory /home/samiksha/ros2_ws/build/task_controller/build
[0.710s] Invoking command in '/home/samiksha/ros2_ws/src/task_controller': PYTHONPATH=/home/samiksha/ros2_ws/build/task_controller/prefix_override:/usr/lib/python3/dist-packages/colcon_core/task/python/colcon_distutils_commands:/home/samiksha/ros2_ws/install/task_controller/lib/python3.10/site-packages:${PYTHONPATH} /usr/bin/python3 -W ignore:setup.py install is deprecated -W ignore:easy_install command is deprecated setup.py egg_info --egg-base ../../build/task_controller build --build-base /home/samiksha/ros2_ws/build/task_controller/build install --record /home/samiksha/ros2_ws/build/task_controller/install.log --single-version-externally-managed install_data --force
[0.876s] running egg_info
[0.879s] writing manifest file '../../build/task_controller/task_controller.egg-info/SOURCES.txt'
[0.879s] running build
[0.879s] running build_py
[0.879s] copying task_controller/polygon_service_server.py -> /home/samiksha/ros2_ws/build/task_controller/build/lib/task_controller
[0.880s] running install
[0.881s] running install_lib
[0.881s] creating /home/samiksha/ros2_ws/install/task_controller/lib/python3.10/site-packages/task_controller
[0.882s] copying /home/samiksha/ros2_ws/build/task_controller/build/lib/task_controller/polygon_turtle.py -> /home/samiksha/ros2_ws/install/task_controller/lib/python3.10/site-packages/task_controller
[0.882s] copying /home/samiksha/ros2_ws/build/task_controller/build/lib/task_controller/polygon_service_server.py -> /home/samiksha/ros2_ws/install/task_controller/lib/python3.10/site-packages/task_controller
[0.882s] copying /home/samiksha/ros2_ws/build/task_controller/build/lib/task_controller/polygon_service_client.py -> /home/samiksha/ros2_ws/install/task_controller/lib/python3.10/site-packages/task_controller
[0.882s] copying /home/samiksha/ros2_ws/build/task_controller/build/lib/task_controller/control_turtle.py -> /home/samiksha/ros2_ws/install/task_controller/lib/python3.10/site-packages/task_controller
[0.882s] copying /home/samiksha/ros2_ws/build/task_controller/build/lib/task_controller/__init__.py -> /home/samiksha/ros2_ws/install/task_controller/lib/python3.10/site-packages/task_controller
[0.882s] copying /home/samiksha/ros2_ws/build/task_controller/build/lib/task_controller/service_doc.py -> /home/samiksha/ros2_ws/install/task_controller/lib/python3.10/site-packages/task_controller
[0.882s] copying /home/samiksha/ros2_ws/build/task_controller/build/lib/task_controller/client_doc.py -> /home/samiksha/ros2_ws/install/task_controller/lib/python3.10/site-packages/task_controller
[0.882s] copying /home/samiksha/ros2_ws/build/task_controller/build/lib/task_controller/circle_turtle.py -> /home/samiksha/ros2_ws/install/task_controller/lib/python3.10/site-packages/task_controller
[0.883s] copying /home/samiksha/ros2_ws/build/task_controller/build/lib/task_controller/letter_turtle.py -> /home/samiksha/ros2_ws/install/task_controller/lib/python3.10/site-packages/task_controller
[0.883s] byte-compiling /home/samiksha/ros2_ws/install/task_controller/lib/python3.10/site-packages/task_controller/polygon_turtle.py to polygon_turtle.cpython-310.pyc
[0.883s] byte-compiling /home/samiksha/ros2_ws/install/task_controller/lib/python3.10/site-packages/task_controller/polygon_service_server.py to polygon_service_server.cpython-310.pyc
[0.883s] byte-compiling /home/samiksha/ros2_ws/install/task_controller/lib/python3.10/site-packages/task_controller/polygon_service_client.py to polygon_service_client.cpython-310.pyc
[0.884s] byte-compiling /home/samiksha/ros2_ws/install/task_controller/lib/python3.10/site-packages/task_controller/control_turtle.py to control_turtle.cpython-310.pyc
[0.884s] byte-compiling /home/samiksha/ros2_ws/install/task_controller/lib/python3.10/site-packages/task_controller/__init__.py to __init__.cpython-310.pyc
[0.884s] byte-compiling /home/samiksha/ros2_ws/install/task_controller/lib/python3.10/site-packages/task_controller/service_doc.py to service_doc.cpython-310.pyc
[0.884s] byte-compiling /home/samiksha/ros2_ws/install/task_controller/lib/python3.10/site-packages/task_controller/client_doc.py to client_doc.cpython-310.pyc
[0.885s] byte-compiling /home/samiksha/ros2_ws/install/task_controller/lib/python3.10/site-packages/task_controller/circle_turtle.py to circle_turtle.cpython-310.pyc
[0.885s] byte-compiling /home/samiksha/ros2_ws/install/task_controller/lib/python3.10/site-packages/task_controller/letter_turtle.py to letter_turtle.cpython-310.pyc
[0.885s] running install_data
[0.885s] copying resource/task_controller -> /home/samiksha/ros2_ws/install/task_controller/share/ament_index/resource_index/packages
[0.886s] copying package.xml -> /home/samiksha/ros2_ws/install/task_controller/share/task_controller
[0.886s] running install_egg_info
[0.887s] Copying ../../build/task_controller/task_controller.egg-info to /home/samiksha/ros2_ws/install/task_controller/lib/python3.10/site-packages/task_controller-60.0.0-py3.10.egg-info
[0.887s] running install_scripts
[0.902s] writing list of installed files to '/home/samiksha/ros2_ws/build/task_controller/install.log'
[0.923s] Invoked command in '/home/samiksha/ros2_ws/src/task_controller' returned '0': PYTHONPATH=/home/samiksha/ros2_ws/build/task_controller/prefix_override:/usr/lib/python3/dist-packages/colcon_core/task/python/colcon_distutils_commands:/home/samiksha/ros2_ws/install/task_controller/lib/python3.10/site-packages:${PYTHONPATH} /usr/bin/python3 -W ignore:setup.py install is deprecated -W ignore:easy_install command is deprecated setup.py egg_info --egg-base ../../build/task_controller build --build-base /home/samiksha/ros2_ws/build/task_controller/build install --record /home/samiksha/ros2_ws/build/task_controller/install.log --single-version-externally-managed install_data --force
