[0.065s] DEBUG:colcon:Command line arguments: ['/usr/bin/colcon', 'build', '--allow-overriding', 'turtlesim']
[0.065s] DEBUG:colcon:Parsed command line arguments: Namespace(log_base=None, log_level=None, verb_name='build', build_base='build', install_base='install', merge_install=False, symlink_install=False, test_result_base=None, continue_on_error=False, executor='parallel', parallel_workers=12, event_handlers=None, ignore_user_meta=False, metas=['./colcon.meta'], base_paths=['.'], packages_ignore=None, packages_ignore_regex=None, paths=None, packages_up_to=None, packages_up_to_regex=None, packages_above=None, packages_above_and_dependencies=None, packages_above_depth=None, packages_select_by_dep=None, packages_skip_by_dep=None, packages_skip_up_to=None, packages_select_build_failed=False, packages_skip_build_finished=False, packages_select_test_failures=False, packages_skip_test_passed=False, packages_select=None, packages_skip=None, packages_select_regex=None, packages_skip_regex=None, packages_start=None, packages_end=None, allow_overriding=['turtlesim'], cmake_args=None, cmake_target=None, cmake_target_skip_unavailable=False, cmake_clean_cache=False, cmake_clean_first=False, cmake_force_configure=False, ament_cmake_args=None, catkin_cmake_args=None, catkin_skip_building_tests=False, mixin_files=None, mixin=None, verb_parser=<colcon_mixin.mixin.mixin_argument.MixinArgumentDecorator object at 0x7ba937061e10>, verb_extension=<colcon_core.verb.build.BuildVerb object at 0x7ba9371e72b0>, main=<bound method BuildVerb.main of <colcon_core.verb.build.BuildVerb object at 0x7ba9371e72b0>>, mixin_verb=('build',))
[0.163s] Level 1:colcon.colcon_core.package_discovery:discover_packages(colcon_meta) check parameters
[0.163s] Level 1:colcon.colcon_core.package_discovery:discover_packages(recursive) check parameters
[0.163s] Level 1:colcon.colcon_core.package_discovery:discover_packages(ignore) check parameters
[0.163s] Level 1:colcon.colcon_core.package_discovery:discover_packages(path) check parameters
[0.163s] Level 1:colcon.colcon_core.package_discovery:discover_packages(colcon_meta) discover
[0.163s] Level 1:colcon.colcon_core.package_discovery:discover_packages(recursive) discover
[0.163s] INFO:colcon.colcon_core.package_discovery:Crawling recursively for packages in '/home/samiksha/ros2_ws'
[0.163s] Level 1:colcon.colcon_core.package_identification:_identify(.) by extensions ['ignore', 'ignore_ament_install']
[0.164s] Level 1:colcon.colcon_core.package_identification:_identify(.) by extension 'ignore'
[0.164s] Level 1:colcon.colcon_core.package_identification:_identify(.) by extension 'ignore_ament_install'
[0.164s] Level 1:colcon.colcon_core.package_identification:_identify(.) by extensions ['colcon_pkg']
[0.164s] Level 1:colcon.colcon_core.package_identification:_identify(.) by extension 'colcon_pkg'
[0.164s] Level 1:colcon.colcon_core.package_identification:_identify(.) by extensions ['colcon_meta']
[0.164s] Level 1:colcon.colcon_core.package_identification:_identify(.) by extension 'colcon_meta'
[0.164s] Level 1:colcon.colcon_core.package_identification:_identify(.) by extensions ['ros']
[0.164s] Level 1:colcon.colcon_core.package_identification:_identify(.) by extension 'ros'
[0.170s] Level 1:colcon.colcon_core.package_identification:_identify(.) by extensions ['cmake', 'python']
[0.170s] Level 1:colcon.colcon_core.package_identification:_identify(.) by extension 'cmake'
[0.170s] Level 1:colcon.colcon_core.package_identification:_identify(.) by extension 'python'
[0.170s] Level 1:colcon.colcon_core.package_identification:_identify(.) by extensions ['python_setup_py']
[0.170s] Level 1:colcon.colcon_core.package_identification:_identify(.) by extension 'python_setup_py'
[0.170s] Level 1:colcon.colcon_core.package_identification:_identify(build) by extensions ['ignore', 'ignore_ament_install']
[0.170s] Level 1:colcon.colcon_core.package_identification:_identify(build) by extension 'ignore'
[0.170s] Level 1:colcon.colcon_core.package_identification:_identify(build) ignored
[0.170s] Level 1:colcon.colcon_core.package_identification:_identify(install) by extensions ['ignore', 'ignore_ament_install']
[0.170s] Level 1:colcon.colcon_core.package_identification:_identify(install) by extension 'ignore'
[0.170s] Level 1:colcon.colcon_core.package_identification:_identify(install) ignored
[0.170s] Level 1:colcon.colcon_core.package_identification:_identify(log) by extensions ['ignore', 'ignore_ament_install']
[0.170s] Level 1:colcon.colcon_core.package_identification:_identify(log) by extension 'ignore'
[0.170s] Level 1:colcon.colcon_core.package_identification:_identify(log) ignored
[0.171s] Level 1:colcon.colcon_core.package_identification:_identify(src) by extensions ['ignore', 'ignore_ament_install']
[0.171s] Level 1:colcon.colcon_core.package_identification:_identify(src) by extension 'ignore'
[0.171s] Level 1:colcon.colcon_core.package_identification:_identify(src) by extension 'ignore_ament_install'
[0.171s] Level 1:colcon.colcon_core.package_identification:_identify(src) by extensions ['colcon_pkg']
[0.171s] Level 1:colcon.colcon_core.package_identification:_identify(src) by extension 'colcon_pkg'
[0.171s] Level 1:colcon.colcon_core.package_identification:_identify(src) by extensions ['colcon_meta']
[0.171s] Level 1:colcon.colcon_core.package_identification:_identify(src) by extension 'colcon_meta'
[0.171s] Level 1:colcon.colcon_core.package_identification:_identify(src) by extensions ['ros']
[0.171s] Level 1:colcon.colcon_core.package_identification:_identify(src) by extension 'ros'
[0.171s] Level 1:colcon.colcon_core.package_identification:_identify(src) by extensions ['cmake', 'python']
[0.171s] Level 1:colcon.colcon_core.package_identification:_identify(src) by extension 'cmake'
[0.171s] Level 1:colcon.colcon_core.package_identification:_identify(src) by extension 'python'
[0.171s] Level 1:colcon.colcon_core.package_identification:_identify(src) by extensions ['python_setup_py']
[0.171s] Level 1:colcon.colcon_core.package_identification:_identify(src) by extension 'python_setup_py'
[0.171s] Level 1:colcon.colcon_core.package_identification:_identify(src/log) by extensions ['ignore', 'ignore_ament_install']
[0.171s] Level 1:colcon.colcon_core.package_identification:_identify(src/log) by extension 'ignore'
[0.171s] Level 1:colcon.colcon_core.package_identification:_identify(src/log) ignored
[0.171s] Level 1:colcon.colcon_core.package_identification:_identify(src/ros_tutorials) by extensions ['ignore', 'ignore_ament_install']
[0.171s] Level 1:colcon.colcon_core.package_identification:_identify(src/ros_tutorials) by extension 'ignore'
[0.171s] Level 1:colcon.colcon_core.package_identification:_identify(src/ros_tutorials) by extension 'ignore_ament_install'
[0.171s] Level 1:colcon.colcon_core.package_identification:_identify(src/ros_tutorials) by extensions ['colcon_pkg']
[0.171s] Level 1:colcon.colcon_core.package_identification:_identify(src/ros_tutorials) by extension 'colcon_pkg'
[0.171s] Level 1:colcon.colcon_core.package_identification:_identify(src/ros_tutorials) by extensions ['colcon_meta']
[0.171s] Level 1:colcon.colcon_core.package_identification:_identify(src/ros_tutorials) by extension 'colcon_meta'
[0.171s] Level 1:colcon.colcon_core.package_identification:_identify(src/ros_tutorials) by extensions ['ros']
[0.171s] Level 1:colcon.colcon_core.package_identification:_identify(src/ros_tutorials) by extension 'ros'
[0.171s] Level 1:colcon.colcon_core.package_identification:_identify(src/ros_tutorials) by extensions ['cmake', 'python']
[0.171s] Level 1:colcon.colcon_core.package_identification:_identify(src/ros_tutorials) by extension 'cmake'
[0.171s] Level 1:colcon.colcon_core.package_identification:_identify(src/ros_tutorials) by extension 'python'
[0.171s] Level 1:colcon.colcon_core.package_identification:_identify(src/ros_tutorials) by extensions ['python_setup_py']
[0.171s] Level 1:colcon.colcon_core.package_identification:_identify(src/ros_tutorials) by extension 'python_setup_py'
[0.171s] Level 1:colcon.colcon_core.package_identification:_identify(src/ros_tutorials/ros_tutorials) by extensions ['ignore', 'ignore_ament_install']
[0.171s] Level 1:colcon.colcon_core.package_identification:_identify(src/ros_tutorials/ros_tutorials) by extension 'ignore'
[0.171s] Level 1:colcon.colcon_core.package_identification:_identify(src/ros_tutorials/ros_tutorials) ignored
[0.171s] Level 1:colcon.colcon_core.package_identification:_identify(src/ros_tutorials/roscpp_tutorials) by extensions ['ignore', 'ignore_ament_install']
[0.171s] Level 1:colcon.colcon_core.package_identification:_identify(src/ros_tutorials/roscpp_tutorials) by extension 'ignore'
[0.171s] Level 1:colcon.colcon_core.package_identification:_identify(src/ros_tutorials/roscpp_tutorials) ignored
[0.171s] Level 1:colcon.colcon_core.package_identification:_identify(src/ros_tutorials/rospy_tutorials) by extensions ['ignore', 'ignore_ament_install']
[0.171s] Level 1:colcon.colcon_core.package_identification:_identify(src/ros_tutorials/rospy_tutorials) by extension 'ignore'
[0.171s] Level 1:colcon.colcon_core.package_identification:_identify(src/ros_tutorials/rospy_tutorials) ignored
[0.172s] Level 1:colcon.colcon_core.package_identification:_identify(src/ros_tutorials/turtlesim) by extensions ['ignore', 'ignore_ament_install']
[0.172s] Level 1:colcon.colcon_core.package_identification:_identify(src/ros_tutorials/turtlesim) by extension 'ignore'
[0.172s] Level 1:colcon.colcon_core.package_identification:_identify(src/ros_tutorials/turtlesim) by extension 'ignore_ament_install'
[0.172s] Level 1:colcon.colcon_core.package_identification:_identify(src/ros_tutorials/turtlesim) by extensions ['colcon_pkg']
[0.172s] Level 1:colcon.colcon_core.package_identification:_identify(src/ros_tutorials/turtlesim) by extension 'colcon_pkg'
[0.172s] Level 1:colcon.colcon_core.package_identification:_identify(src/ros_tutorials/turtlesim) by extensions ['colcon_meta']
[0.172s] Level 1:colcon.colcon_core.package_identification:_identify(src/ros_tutorials/turtlesim) by extension 'colcon_meta'
[0.172s] Level 1:colcon.colcon_core.package_identification:_identify(src/ros_tutorials/turtlesim) by extensions ['ros']
[0.172s] Level 1:colcon.colcon_core.package_identification:_identify(src/ros_tutorials/turtlesim) by extension 'ros'
[0.173s] DEBUG:colcon.colcon_core.package_identification:Package 'src/ros_tutorials/turtlesim' with type 'ros.ament_cmake' and name 'turtlesim'
[0.173s] Level 1:colcon.colcon_core.package_identification:_identify(src/task_controller) by extensions ['ignore', 'ignore_ament_install']
[0.173s] Level 1:colcon.colcon_core.package_identification:_identify(src/task_controller) by extension 'ignore'
[0.173s] Level 1:colcon.colcon_core.package_identification:_identify(src/task_controller) by extension 'ignore_ament_install'
[0.174s] Level 1:colcon.colcon_core.package_identification:_identify(src/task_controller) by extensions ['colcon_pkg']
[0.174s] Level 1:colcon.colcon_core.package_identification:_identify(src/task_controller) by extension 'colcon_pkg'
[0.174s] Level 1:colcon.colcon_core.package_identification:_identify(src/task_controller) by extensions ['colcon_meta']
[0.174s] Level 1:colcon.colcon_core.package_identification:_identify(src/task_controller) by extension 'colcon_meta'
[0.174s] Level 1:colcon.colcon_core.package_identification:_identify(src/task_controller) by extensions ['ros']
[0.174s] Level 1:colcon.colcon_core.package_identification:_identify(src/task_controller) by extension 'ros'
[0.174s] DEBUG:colcon.colcon_core.package_identification:Package 'src/task_controller' with type 'ros.ament_python' and name 'task_controller'
[0.174s] Level 1:colcon.colcon_core.package_identification:_identify(src/task_controller_cpp) by extensions ['ignore', 'ignore_ament_install']
[0.175s] Level 1:colcon.colcon_core.package_identification:_identify(src/task_controller_cpp) by extension 'ignore'
[0.175s] Level 1:colcon.colcon_core.package_identification:_identify(src/task_controller_cpp) by extension 'ignore_ament_install'
[0.175s] Level 1:colcon.colcon_core.package_identification:_identify(src/task_controller_cpp) by extensions ['colcon_pkg']
[0.175s] Level 1:colcon.colcon_core.package_identification:_identify(src/task_controller_cpp) by extension 'colcon_pkg'
[0.175s] Level 1:colcon.colcon_core.package_identification:_identify(src/task_controller_cpp) by extensions ['colcon_meta']
[0.175s] Level 1:colcon.colcon_core.package_identification:_identify(src/task_controller_cpp) by extension 'colcon_meta'
[0.175s] Level 1:colcon.colcon_core.package_identification:_identify(src/task_controller_cpp) by extensions ['ros']
[0.175s] Level 1:colcon.colcon_core.package_identification:_identify(src/task_controller_cpp) by extension 'ros'
[0.175s] DEBUG:colcon.colcon_core.package_identification:Package 'src/task_controller_cpp' with type 'ros.ament_cmake' and name 'my_package'
[0.175s] Level 1:colcon.colcon_core.package_discovery:discover_packages(recursive) using defaults
[0.175s] Level 1:colcon.colcon_core.package_discovery:discover_packages(ignore) discover
[0.175s] Level 1:colcon.colcon_core.package_discovery:discover_packages(ignore) using defaults
[0.175s] Level 1:colcon.colcon_core.package_discovery:discover_packages(path) discover
[0.175s] Level 1:colcon.colcon_core.package_discovery:discover_packages(path) using defaults
[0.186s] Level 1:colcon.colcon_core.package_discovery:discover_packages(prefix_path) check parameters
[0.186s] Level 1:colcon.colcon_core.package_discovery:discover_packages(prefix_path) discover
[0.187s] WARNING:colcon.colcon_ros.prefix_path.ament:The path '/home/samiksha/ros2_ws/install/turtlesim' in the environment variable AMENT_PREFIX_PATH doesn't exist
[0.187s] WARNING:colcon.colcon_ros.prefix_path.ament:The path '/home/samiksha/ros2_ws/install/task_controller' in the environment variable AMENT_PREFIX_PATH doesn't exist
[0.187s] WARNING:colcon.colcon_ros.prefix_path.ament:The path '/home/samiksha/ros2_ws/install/my_package' in the environment variable AMENT_PREFIX_PATH doesn't exist
[0.187s] WARNING:colcon.colcon_ros.prefix_path.ament:The path '/home/samiksha/ros2_ws/install/custom_interfaces' in the environment variable AMENT_PREFIX_PATH doesn't exist
[0.187s] WARNING:colcon.colcon_ros.prefix_path.catkin:The path '/home/samiksha/ros2_ws/install/turtlesim' in the environment variable CMAKE_PREFIX_PATH doesn't exist
[0.187s] WARNING:colcon.colcon_ros.prefix_path.catkin:The path '/home/samiksha/ros2_ws/install/my_package' in the environment variable CMAKE_PREFIX_PATH doesn't exist
[0.187s] WARNING:colcon.colcon_ros.prefix_path.catkin:The path '/home/samiksha/ros2_ws/install/custom_interfaces' in the environment variable CMAKE_PREFIX_PATH doesn't exist
[0.187s] DEBUG:colcon.colcon_installed_package_information.package_discovery:Found 0 installed packages in /home/samiksha/ros2_ws/install
[0.188s] DEBUG:colcon.colcon_installed_package_information.package_discovery:Found 294 installed packages in /opt/ros/humble
[0.189s] Level 1:colcon.colcon_core.package_discovery:discover_packages(prefix_path) using defaults
[0.209s] Level 5:colcon.colcon_core.verb:set package 'my_package' build argument 'cmake_args' from command line to 'None'
[0.209s] Level 5:colcon.colcon_core.verb:set package 'my_package' build argument 'cmake_target' from command line to 'None'
[0.209s] Level 5:colcon.colcon_core.verb:set package 'my_package' build argument 'cmake_target_skip_unavailable' from command line to 'False'
[0.209s] Level 5:colcon.colcon_core.verb:set package 'my_package' build argument 'cmake_clean_cache' from command line to 'False'
[0.209s] Level 5:colcon.colcon_core.verb:set package 'my_package' build argument 'cmake_clean_first' from command line to 'False'
[0.209s] Level 5:colcon.colcon_core.verb:set package 'my_package' build argument 'cmake_force_configure' from command line to 'False'
[0.209s] Level 5:colcon.colcon_core.verb:set package 'my_package' build argument 'ament_cmake_args' from command line to 'None'
[0.209s] Level 5:colcon.colcon_core.verb:set package 'my_package' build argument 'catkin_cmake_args' from command line to 'None'
[0.209s] Level 5:colcon.colcon_core.verb:set package 'my_package' build argument 'catkin_skip_building_tests' from command line to 'False'
[0.209s] DEBUG:colcon.colcon_core.verb:Building package 'my_package' with the following arguments: {'ament_cmake_args': None, 'build_base': '/home/samiksha/ros2_ws/build/my_package', 'catkin_cmake_args': None, 'catkin_skip_building_tests': False, 'cmake_args': None, 'cmake_clean_cache': False, 'cmake_clean_first': False, 'cmake_force_configure': False, 'cmake_target': None, 'cmake_target_skip_unavailable': False, 'install_base': '/home/samiksha/ros2_ws/install/my_package', 'merge_install': False, 'path': '/home/samiksha/ros2_ws/src/task_controller_cpp', 'symlink_install': False, 'test_result_base': None}
[0.209s] Level 5:colcon.colcon_core.verb:set package 'task_controller' build argument 'cmake_args' from command line to 'None'
[0.209s] Level 5:colcon.colcon_core.verb:set package 'task_controller' build argument 'cmake_target' from command line to 'None'
[0.209s] Level 5:colcon.colcon_core.verb:set package 'task_controller' build argument 'cmake_target_skip_unavailable' from command line to 'False'
[0.209s] Level 5:colcon.colcon_core.verb:set package 'task_controller' build argument 'cmake_clean_cache' from command line to 'False'
[0.209s] Level 5:colcon.colcon_core.verb:set package 'task_controller' build argument 'cmake_clean_first' from command line to 'False'
[0.209s] Level 5:colcon.colcon_core.verb:set package 'task_controller' build argument 'cmake_force_configure' from command line to 'False'
[0.209s] Level 5:colcon.colcon_core.verb:set package 'task_controller' build argument 'ament_cmake_args' from command line to 'None'
[0.209s] Level 5:colcon.colcon_core.verb:set package 'task_controller' build argument 'catkin_cmake_args' from command line to 'None'
[0.209s] Level 5:colcon.colcon_core.verb:set package 'task_controller' build argument 'catkin_skip_building_tests' from command line to 'False'
[0.209s] DEBUG:colcon.colcon_core.verb:Building package 'task_controller' with the following arguments: {'ament_cmake_args': None, 'build_base': '/home/samiksha/ros2_ws/build/task_controller', 'catkin_cmake_args': None, 'catkin_skip_building_tests': False, 'cmake_args': None, 'cmake_clean_cache': False, 'cmake_clean_first': False, 'cmake_force_configure': False, 'cmake_target': None, 'cmake_target_skip_unavailable': False, 'install_base': '/home/samiksha/ros2_ws/install/task_controller', 'merge_install': False, 'path': '/home/samiksha/ros2_ws/src/task_controller', 'symlink_install': False, 'test_result_base': None}
[0.210s] Level 5:colcon.colcon_core.verb:set package 'turtlesim' build argument 'cmake_args' from command line to 'None'
[0.210s] Level 5:colcon.colcon_core.verb:set package 'turtlesim' build argument 'cmake_target' from command line to 'None'
[0.210s] Level 5:colcon.colcon_core.verb:set package 'turtlesim' build argument 'cmake_target_skip_unavailable' from command line to 'False'
[0.210s] Level 5:colcon.colcon_core.verb:set package 'turtlesim' build argument 'cmake_clean_cache' from command line to 'False'
[0.210s] Level 5:colcon.colcon_core.verb:set package 'turtlesim' build argument 'cmake_clean_first' from command line to 'False'
[0.210s] Level 5:colcon.colcon_core.verb:set package 'turtlesim' build argument 'cmake_force_configure' from command line to 'False'
[0.210s] Level 5:colcon.colcon_core.verb:set package 'turtlesim' build argument 'ament_cmake_args' from command line to 'None'
[0.210s] Level 5:colcon.colcon_core.verb:set package 'turtlesim' build argument 'catkin_cmake_args' from command line to 'None'
[0.210s] Level 5:colcon.colcon_core.verb:set package 'turtlesim' build argument 'catkin_skip_building_tests' from command line to 'False'
[0.210s] DEBUG:colcon.colcon_core.verb:Building package 'turtlesim' with the following arguments: {'ament_cmake_args': None, 'build_base': '/home/samiksha/ros2_ws/build/turtlesim', 'catkin_cmake_args': None, 'catkin_skip_building_tests': False, 'cmake_args': None, 'cmake_clean_cache': False, 'cmake_clean_first': False, 'cmake_force_configure': False, 'cmake_target': None, 'cmake_target_skip_unavailable': False, 'install_base': '/home/samiksha/ros2_ws/install/turtlesim', 'merge_install': False, 'path': '/home/samiksha/ros2_ws/src/ros_tutorials/turtlesim', 'symlink_install': False, 'test_result_base': None}
[0.210s] INFO:colcon.colcon_core.executor:Executing jobs using 'parallel' executor
[0.211s] DEBUG:colcon.colcon_parallel_executor.executor.parallel:run_until_complete
[0.211s] INFO:colcon.colcon_ros.task.ament_cmake.build:Building ROS package in '/home/samiksha/ros2_ws/src/task_controller_cpp' with build type 'ament_cmake'
[0.211s] INFO:colcon.colcon_cmake.task.cmake.build:Building CMake package in '/home/samiksha/ros2_ws/src/task_controller_cpp'
[0.212s] INFO:colcon.colcon_core.plugin_system:Skipping extension 'colcon_core.shell.bat': Not used on non-Windows systems
[0.212s] INFO:colcon.colcon_core.shell:Skip shell extension 'powershell' for command environment: Not usable outside of PowerShell
[0.212s] DEBUG:colcon.colcon_core.shell:Skip shell extension 'dsv' for command environment
[0.214s] INFO:colcon.colcon_ros.task.ament_python.build:Building ROS package in '/home/samiksha/ros2_ws/src/task_controller' with build type 'ament_python'
[0.214s] Level 1:colcon.colcon_core.shell:create_environment_hook('task_controller', 'ament_prefix_path')
[0.215s] INFO:colcon.colcon_core.shell:Creating environment hook '/home/samiksha/ros2_ws/install/task_controller/share/task_controller/hook/ament_prefix_path.ps1'
[0.215s] INFO:colcon.colcon_core.shell:Creating environment descriptor '/home/samiksha/ros2_ws/install/task_controller/share/task_controller/hook/ament_prefix_path.dsv'
[0.216s] INFO:colcon.colcon_core.shell:Creating environment hook '/home/samiksha/ros2_ws/install/task_controller/share/task_controller/hook/ament_prefix_path.sh'
[0.216s] INFO:colcon.colcon_core.shell:Skip shell extension 'powershell' for command environment: Not usable outside of PowerShell
[0.216s] DEBUG:colcon.colcon_core.shell:Skip shell extension 'dsv' for command environment
[0.218s] INFO:colcon.colcon_ros.task.ament_cmake.build:Building ROS package in '/home/samiksha/ros2_ws/src/ros_tutorials/turtlesim' with build type 'ament_cmake'
[0.218s] INFO:colcon.colcon_cmake.task.cmake.build:Building CMake package in '/home/samiksha/ros2_ws/src/ros_tutorials/turtlesim'
[0.218s] INFO:colcon.colcon_core.shell:Skip shell extension 'powershell' for command environment: Not usable outside of PowerShell
[0.218s] DEBUG:colcon.colcon_core.shell:Skip shell extension 'dsv' for command environment
[0.222s] DEBUG:colcon.colcon_core.event_handler.log_command:Invoking command in '/home/samiksha/ros2_ws/build/my_package': CMAKE_PREFIX_PATH=${CMAKE_PREFIX_PATH}:/home/samiksha/ros2_ws/install/task_controller:/opt/ros/humble /usr/bin/cmake /home/samiksha/ros2_ws/src/task_controller_cpp -DCMAKE_INSTALL_PREFIX=/home/samiksha/ros2_ws/install/my_package
[0.376s] INFO:colcon.colcon_core.task.python.build:Building Python package in '/home/samiksha/ros2_ws/src/task_controller'
[0.376s] INFO:colcon.colcon_core.shell:Skip shell extension 'powershell' for command environment: Not usable outside of PowerShell
[0.376s] DEBUG:colcon.colcon_core.shell:Skip shell extension 'dsv' for command environment
[0.381s] DEBUG:colcon.colcon_core.event_handler.log_command:Invoking command in '/home/samiksha/ros2_ws/build/turtlesim': CMAKE_PREFIX_PATH=${CMAKE_PREFIX_PATH}:/home/samiksha/ros2_ws/install/task_controller:/opt/ros/humble /usr/bin/cmake /home/samiksha/ros2_ws/src/ros_tutorials/turtlesim -DCMAKE_INSTALL_PREFIX=/home/samiksha/ros2_ws/install/turtlesim
[0.599s] DEBUG:colcon.colcon_core.event_handler.log_command:Invoking command in '/home/samiksha/ros2_ws/src/task_controller': PYTHONPATH=/home/samiksha/ros2_ws/build/task_controller/prefix_override:/usr/lib/python3/dist-packages/colcon_core/task/python/colcon_distutils_commands:/home/samiksha/ros2_ws/install/task_controller/lib/python3.10/site-packages:${PYTHONPATH} /usr/bin/python3 -W ignore:setup.py install is deprecated -W ignore:easy_install command is deprecated setup.py egg_info --egg-base ../../build/task_controller build --build-base /home/samiksha/ros2_ws/build/task_controller/build install --record /home/samiksha/ros2_ws/build/task_controller/install.log --single-version-externally-managed install_data
[0.794s] DEBUG:colcon.colcon_core.event_handler.log_command:Invoked command in '/home/samiksha/ros2_ws/src/task_controller' returned '0': PYTHONPATH=/home/samiksha/ros2_ws/build/task_controller/prefix_override:/usr/lib/python3/dist-packages/colcon_core/task/python/colcon_distutils_commands:/home/samiksha/ros2_ws/install/task_controller/lib/python3.10/site-packages:${PYTHONPATH} /usr/bin/python3 -W ignore:setup.py install is deprecated -W ignore:easy_install command is deprecated setup.py egg_info --egg-base ../../build/task_controller build --build-base /home/samiksha/ros2_ws/build/task_controller/build install --record /home/samiksha/ros2_ws/build/task_controller/install.log --single-version-externally-managed install_data
[0.795s] Level 1:colcon.colcon_core.environment:checking '/home/samiksha/ros2_ws/install/task_controller' for CMake module files
[0.795s] Level 1:colcon.colcon_core.environment:checking '/home/samiksha/ros2_ws/install/task_controller' for CMake config files
[0.796s] Level 1:colcon.colcon_core.environment:checking '/home/samiksha/ros2_ws/install/task_controller/lib'
[0.796s] Level 1:colcon.colcon_core.environment:checking '/home/samiksha/ros2_ws/install/task_controller/bin'
[0.796s] Level 1:colcon.colcon_core.environment:checking '/home/samiksha/ros2_ws/install/task_controller/lib/pkgconfig/task_controller.pc'
[0.796s] Level 1:colcon.colcon_core.environment:checking '/home/samiksha/ros2_ws/install/task_controller/lib/python3.10/site-packages'
[0.796s] Level 1:colcon.colcon_core.shell:create_environment_hook('task_controller', 'pythonpath')
[0.796s] INFO:colcon.colcon_core.shell:Creating environment hook '/home/samiksha/ros2_ws/install/task_controller/share/task_controller/hook/pythonpath.ps1'
[0.796s] INFO:colcon.colcon_core.shell:Creating environment descriptor '/home/samiksha/ros2_ws/install/task_controller/share/task_controller/hook/pythonpath.dsv'
[0.797s] INFO:colcon.colcon_core.shell:Creating environment hook '/home/samiksha/ros2_ws/install/task_controller/share/task_controller/hook/pythonpath.sh'
[0.797s] Level 1:colcon.colcon_core.environment:checking '/home/samiksha/ros2_ws/install/task_controller/bin'
[0.797s] Level 1:colcon.colcon_core.environment:create_environment_scripts_only(task_controller)
[0.797s] INFO:colcon.colcon_core.shell:Creating package script '/home/samiksha/ros2_ws/install/task_controller/share/task_controller/package.ps1'
[0.798s] INFO:colcon.colcon_core.shell:Creating package descriptor '/home/samiksha/ros2_ws/install/task_controller/share/task_controller/package.dsv'
[0.798s] INFO:colcon.colcon_core.shell:Creating package script '/home/samiksha/ros2_ws/install/task_controller/share/task_controller/package.sh'
[0.798s] INFO:colcon.colcon_core.shell:Creating package script '/home/samiksha/ros2_ws/install/task_controller/share/task_controller/package.bash'
[0.799s] INFO:colcon.colcon_core.shell:Creating package script '/home/samiksha/ros2_ws/install/task_controller/share/task_controller/package.zsh'
[0.799s] Level 1:colcon.colcon_core.environment:create_file_with_runtime_dependencies(/home/samiksha/ros2_ws/install/task_controller/share/colcon-core/packages/task_controller)
[1.332s] DEBUG:colcon.colcon_core.event_handler.log_command:Invoked command in '/home/samiksha/ros2_ws/build/my_package' returned '0': CMAKE_PREFIX_PATH=${CMAKE_PREFIX_PATH}:/home/samiksha/ros2_ws/install/task_controller:/opt/ros/humble /usr/bin/cmake /home/samiksha/ros2_ws/src/task_controller_cpp -DCMAKE_INSTALL_PREFIX=/home/samiksha/ros2_ws/install/my_package
[1.332s] DEBUG:colcon.colcon_core.event_handler.log_command:Invoking command in '/home/samiksha/ros2_ws/build/my_package': CMAKE_PREFIX_PATH=${CMAKE_PREFIX_PATH}:/home/samiksha/ros2_ws/install/task_controller:/opt/ros/humble /usr/bin/cmake --build /home/samiksha/ros2_ws/build/my_package -- -j12 -l12
[2.399s] DEBUG:colcon.colcon_core.event_handler.log_command:Invoked command in '/home/samiksha/ros2_ws/build/turtlesim' returned '0': CMAKE_PREFIX_PATH=${CMAKE_PREFIX_PATH}:/home/samiksha/ros2_ws/install/task_controller:/opt/ros/humble /usr/bin/cmake /home/samiksha/ros2_ws/src/ros_tutorials/turtlesim -DCMAKE_INSTALL_PREFIX=/home/samiksha/ros2_ws/install/turtlesim
[2.401s] DEBUG:colcon.colcon_core.event_handler.log_command:Invoking command in '/home/samiksha/ros2_ws/build/turtlesim': CMAKE_PREFIX_PATH=${CMAKE_PREFIX_PATH}:/home/samiksha/ros2_ws/install/task_controller:/opt/ros/humble /usr/bin/cmake --build /home/samiksha/ros2_ws/build/turtlesim -- -j12 -l12
[12.218s] DEBUG:colcon.colcon_core.event_handler.log_command:Invoked command in '/home/samiksha/ros2_ws/build/my_package' returned '0': CMAKE_PREFIX_PATH=${CMAKE_PREFIX_PATH}:/home/samiksha/ros2_ws/install/task_controller:/opt/ros/humble /usr/bin/cmake --build /home/samiksha/ros2_ws/build/my_package -- -j12 -l12
[12.228s] DEBUG:colcon.colcon_core.event_handler.log_command:Invoking command in '/home/samiksha/ros2_ws/build/my_package': CMAKE_PREFIX_PATH=${CMAKE_PREFIX_PATH}:/home/samiksha/ros2_ws/install/task_controller:/opt/ros/humble /usr/bin/cmake --install /home/samiksha/ros2_ws/build/my_package
[12.246s] Level 1:colcon.colcon_core.environment:create_environment_scripts_only(my_package)
[12.246s] Level 1:colcon.colcon_core.environment:checking '/home/samiksha/ros2_ws/install/my_package' for CMake module files
[12.247s] DEBUG:colcon.colcon_core.event_handler.log_command:Invoked command in '/home/samiksha/ros2_ws/build/my_package' returned '0': CMAKE_PREFIX_PATH=${CMAKE_PREFIX_PATH}:/home/samiksha/ros2_ws/install/task_controller:/opt/ros/humble /usr/bin/cmake --install /home/samiksha/ros2_ws/build/my_package
[12.247s] Level 1:colcon.colcon_core.environment:checking '/home/samiksha/ros2_ws/install/my_package' for CMake config files
[12.248s] Level 1:colcon.colcon_core.shell:create_environment_hook('my_package', 'cmake_prefix_path')
[12.248s] INFO:colcon.colcon_core.shell:Creating environment hook '/home/samiksha/ros2_ws/install/my_package/share/my_package/hook/cmake_prefix_path.ps1'
[12.248s] INFO:colcon.colcon_core.shell:Creating environment descriptor '/home/samiksha/ros2_ws/install/my_package/share/my_package/hook/cmake_prefix_path.dsv'
[12.249s] INFO:colcon.colcon_core.shell:Creating environment hook '/home/samiksha/ros2_ws/install/my_package/share/my_package/hook/cmake_prefix_path.sh'
[12.249s] Level 1:colcon.colcon_core.environment:checking '/home/samiksha/ros2_ws/install/my_package/lib'
[12.249s] Level 1:colcon.colcon_core.environment:checking '/home/samiksha/ros2_ws/install/my_package/bin'
[12.250s] Level 1:colcon.colcon_core.environment:checking '/home/samiksha/ros2_ws/install/my_package/lib/pkgconfig/my_package.pc'
[12.250s] Level 1:colcon.colcon_core.environment:checking '/home/samiksha/ros2_ws/install/my_package/lib/python3.10/site-packages'
[12.250s] Level 1:colcon.colcon_core.environment:checking '/home/samiksha/ros2_ws/install/my_package/bin'
[12.250s] INFO:colcon.colcon_core.shell:Creating package script '/home/samiksha/ros2_ws/install/my_package/share/my_package/package.ps1'
[12.251s] INFO:colcon.colcon_core.shell:Creating package descriptor '/home/samiksha/ros2_ws/install/my_package/share/my_package/package.dsv'
[12.251s] INFO:colcon.colcon_core.shell:Creating package script '/home/samiksha/ros2_ws/install/my_package/share/my_package/package.sh'
[12.252s] INFO:colcon.colcon_core.shell:Creating package script '/home/samiksha/ros2_ws/install/my_package/share/my_package/package.bash'
[12.252s] INFO:colcon.colcon_core.shell:Creating package script '/home/samiksha/ros2_ws/install/my_package/share/my_package/package.zsh'
[12.252s] Level 1:colcon.colcon_core.environment:create_file_with_runtime_dependencies(/home/samiksha/ros2_ws/install/my_package/share/colcon-core/packages/my_package)
[12.253s] Level 1:colcon.colcon_core.environment:create_environment_scripts_only(my_package)
[12.253s] Level 1:colcon.colcon_core.environment:checking '/home/samiksha/ros2_ws/install/my_package' for CMake module files
[12.254s] Level 1:colcon.colcon_core.environment:checking '/home/samiksha/ros2_ws/install/my_package' for CMake config files
[12.254s] Level 1:colcon.colcon_core.shell:create_environment_hook('my_package', 'cmake_prefix_path')
[12.254s] INFO:colcon.colcon_core.shell:Creating environment hook '/home/samiksha/ros2_ws/install/my_package/share/my_package/hook/cmake_prefix_path.ps1'
[12.255s] INFO:colcon.colcon_core.shell:Creating environment descriptor '/home/samiksha/ros2_ws/install/my_package/share/my_package/hook/cmake_prefix_path.dsv'
[12.255s] INFO:colcon.colcon_core.shell:Creating environment hook '/home/samiksha/ros2_ws/install/my_package/share/my_package/hook/cmake_prefix_path.sh'
[12.256s] Level 1:colcon.colcon_core.environment:checking '/home/samiksha/ros2_ws/install/my_package/lib'
[12.256s] Level 1:colcon.colcon_core.environment:checking '/home/samiksha/ros2_ws/install/my_package/bin'
[12.256s] Level 1:colcon.colcon_core.environment:checking '/home/samiksha/ros2_ws/install/my_package/lib/pkgconfig/my_package.pc'
[12.256s] Level 1:colcon.colcon_core.environment:checking '/home/samiksha/ros2_ws/install/my_package/lib/python3.10/site-packages'
[12.256s] Level 1:colcon.colcon_core.environment:checking '/home/samiksha/ros2_ws/install/my_package/bin'
[12.257s] INFO:colcon.colcon_core.shell:Creating package script '/home/samiksha/ros2_ws/install/my_package/share/my_package/package.ps1'
[12.258s] INFO:colcon.colcon_core.shell:Creating package descriptor '/home/samiksha/ros2_ws/install/my_package/share/my_package/package.dsv'
[12.258s] INFO:colcon.colcon_core.shell:Creating package script '/home/samiksha/ros2_ws/install/my_package/share/my_package/package.sh'
[12.259s] INFO:colcon.colcon_core.shell:Creating package script '/home/samiksha/ros2_ws/install/my_package/share/my_package/package.bash'
[12.259s] INFO:colcon.colcon_core.shell:Creating package script '/home/samiksha/ros2_ws/install/my_package/share/my_package/package.zsh'
[12.260s] Level 1:colcon.colcon_core.environment:create_file_with_runtime_dependencies(/home/samiksha/ros2_ws/install/my_package/share/colcon-core/packages/my_package)
[17.764s] DEBUG:colcon.colcon_core.event_handler.log_command:Invoked command in '/home/samiksha/ros2_ws/build/turtlesim' returned '0': CMAKE_PREFIX_PATH=${CMAKE_PREFIX_PATH}:/home/samiksha/ros2_ws/install/task_controller:/opt/ros/humble /usr/bin/cmake --build /home/samiksha/ros2_ws/build/turtlesim -- -j12 -l12
[17.765s] DEBUG:colcon.colcon_core.event_handler.log_command:Invoking command in '/home/samiksha/ros2_ws/build/turtlesim': CMAKE_PREFIX_PATH=${CMAKE_PREFIX_PATH}:/home/samiksha/ros2_ws/install/task_controller:/opt/ros/humble /usr/bin/cmake --install /home/samiksha/ros2_ws/build/turtlesim
[17.831s] Level 1:colcon.colcon_core.environment:create_environment_scripts_only(turtlesim)
[17.831s] DEBUG:colcon.colcon_core.event_handler.log_command:Invoked command in '/home/samiksha/ros2_ws/build/turtlesim' returned '0': CMAKE_PREFIX_PATH=${CMAKE_PREFIX_PATH}:/home/samiksha/ros2_ws/install/task_controller:/opt/ros/humble /usr/bin/cmake --install /home/samiksha/ros2_ws/build/turtlesim
[17.831s] Level 1:colcon.colcon_core.environment:checking '/home/samiksha/ros2_ws/install/turtlesim' for CMake module files
[17.832s] Level 1:colcon.colcon_core.environment:checking '/home/samiksha/ros2_ws/install/turtlesim' for CMake config files
[17.833s] Level 1:colcon.colcon_core.shell:create_environment_hook('turtlesim', 'cmake_prefix_path')
[17.833s] INFO:colcon.colcon_core.shell:Creating environment hook '/home/samiksha/ros2_ws/install/turtlesim/share/turtlesim/hook/cmake_prefix_path.ps1'
[17.834s] INFO:colcon.colcon_core.shell:Creating environment descriptor '/home/samiksha/ros2_ws/install/turtlesim/share/turtlesim/hook/cmake_prefix_path.dsv'
[17.834s] INFO:colcon.colcon_core.shell:Creating environment hook '/home/samiksha/ros2_ws/install/turtlesim/share/turtlesim/hook/cmake_prefix_path.sh'
[17.835s] Level 1:colcon.colcon_core.environment:checking '/home/samiksha/ros2_ws/install/turtlesim/lib'
[17.835s] Level 1:colcon.colcon_core.shell:create_environment_hook('turtlesim', 'ld_library_path_lib')
[17.835s] INFO:colcon.colcon_core.shell:Creating environment hook '/home/samiksha/ros2_ws/install/turtlesim/share/turtlesim/hook/ld_library_path_lib.ps1'
[17.835s] INFO:colcon.colcon_core.shell:Creating environment descriptor '/home/samiksha/ros2_ws/install/turtlesim/share/turtlesim/hook/ld_library_path_lib.dsv'
[17.835s] INFO:colcon.colcon_core.shell:Creating environment hook '/home/samiksha/ros2_ws/install/turtlesim/share/turtlesim/hook/ld_library_path_lib.sh'
[17.836s] Level 1:colcon.colcon_core.environment:checking '/home/samiksha/ros2_ws/install/turtlesim/bin'
[17.836s] Level 1:colcon.colcon_core.environment:checking '/home/samiksha/ros2_ws/install/turtlesim/lib/pkgconfig/turtlesim.pc'
[17.836s] Level 1:colcon.colcon_core.environment:checking '/home/samiksha/ros2_ws/install/turtlesim/lib/python3.10/site-packages'
[17.836s] Level 1:colcon.colcon_core.environment:checking '/home/samiksha/ros2_ws/install/turtlesim/bin'
[17.837s] INFO:colcon.colcon_core.shell:Creating package script '/home/samiksha/ros2_ws/install/turtlesim/share/turtlesim/package.ps1'
[17.837s] INFO:colcon.colcon_core.shell:Creating package descriptor '/home/samiksha/ros2_ws/install/turtlesim/share/turtlesim/package.dsv'
[17.837s] INFO:colcon.colcon_core.shell:Creating package script '/home/samiksha/ros2_ws/install/turtlesim/share/turtlesim/package.sh'
[17.838s] INFO:colcon.colcon_core.shell:Creating package script '/home/samiksha/ros2_ws/install/turtlesim/share/turtlesim/package.bash'
[17.838s] INFO:colcon.colcon_core.shell:Creating package script '/home/samiksha/ros2_ws/install/turtlesim/share/turtlesim/package.zsh'
[17.838s] Level 1:colcon.colcon_core.environment:create_file_with_runtime_dependencies(/home/samiksha/ros2_ws/install/turtlesim/share/colcon-core/packages/turtlesim)
[17.839s] Level 1:colcon.colcon_core.environment:create_environment_scripts_only(turtlesim)
[17.839s] Level 1:colcon.colcon_core.environment:checking '/home/samiksha/ros2_ws/install/turtlesim' for CMake module files
[17.840s] Level 1:colcon.colcon_core.environment:checking '/home/samiksha/ros2_ws/install/turtlesim' for CMake config files
[17.841s] Level 1:colcon.colcon_core.shell:create_environment_hook('turtlesim', 'cmake_prefix_path')
[17.841s] INFO:colcon.colcon_core.shell:Creating environment hook '/home/samiksha/ros2_ws/install/turtlesim/share/turtlesim/hook/cmake_prefix_path.ps1'
[17.841s] INFO:colcon.colcon_core.shell:Creating environment descriptor '/home/samiksha/ros2_ws/install/turtlesim/share/turtlesim/hook/cmake_prefix_path.dsv'
[17.842s] INFO:colcon.colcon_core.shell:Creating environment hook '/home/samiksha/ros2_ws/install/turtlesim/share/turtlesim/hook/cmake_prefix_path.sh'
[17.842s] Level 1:colcon.colcon_core.environment:checking '/home/samiksha/ros2_ws/install/turtlesim/lib'
[17.842s] Level 1:colcon.colcon_core.shell:create_environment_hook('turtlesim', 'ld_library_path_lib')
[17.842s] INFO:colcon.colcon_core.shell:Creating environment hook '/home/samiksha/ros2_ws/install/turtlesim/share/turtlesim/hook/ld_library_path_lib.ps1'
[17.843s] INFO:colcon.colcon_core.shell:Creating environment descriptor '/home/samiksha/ros2_ws/install/turtlesim/share/turtlesim/hook/ld_library_path_lib.dsv'
[17.843s] INFO:colcon.colcon_core.shell:Creating environment hook '/home/samiksha/ros2_ws/install/turtlesim/share/turtlesim/hook/ld_library_path_lib.sh'
[17.843s] Level 1:colcon.colcon_core.environment:checking '/home/samiksha/ros2_ws/install/turtlesim/bin'
[17.843s] Level 1:colcon.colcon_core.environment:checking '/home/samiksha/ros2_ws/install/turtlesim/lib/pkgconfig/turtlesim.pc'
[17.844s] Level 1:colcon.colcon_core.environment:checking '/home/samiksha/ros2_ws/install/turtlesim/lib/python3.10/site-packages'
[17.844s] Level 1:colcon.colcon_core.environment:checking '/home/samiksha/ros2_ws/install/turtlesim/bin'
[17.844s] INFO:colcon.colcon_core.shell:Creating package script '/home/samiksha/ros2_ws/install/turtlesim/share/turtlesim/package.ps1'
[17.845s] INFO:colcon.colcon_core.shell:Creating package descriptor '/home/samiksha/ros2_ws/install/turtlesim/share/turtlesim/package.dsv'
[17.845s] INFO:colcon.colcon_core.shell:Creating package script '/home/samiksha/ros2_ws/install/turtlesim/share/turtlesim/package.sh'
[17.845s] INFO:colcon.colcon_core.shell:Creating package script '/home/samiksha/ros2_ws/install/turtlesim/share/turtlesim/package.bash'
[17.846s] INFO:colcon.colcon_core.shell:Creating package script '/home/samiksha/ros2_ws/install/turtlesim/share/turtlesim/package.zsh'
[17.846s] Level 1:colcon.colcon_core.environment:create_file_with_runtime_dependencies(/home/samiksha/ros2_ws/install/turtlesim/share/colcon-core/packages/turtlesim)
[17.846s] DEBUG:colcon.colcon_parallel_executor.executor.parallel:closing loop
[17.847s] DEBUG:colcon.colcon_parallel_executor.executor.parallel:loop closed
[17.847s] DEBUG:colcon.colcon_parallel_executor.executor.parallel:run_until_complete finished with '0'
[17.847s] DEBUG:colcon.colcon_core.event_reactor:joining thread
[17.850s] INFO:colcon.colcon_core.plugin_system:Skipping extension 'colcon_notification.desktop_notification.terminal_notifier': Not used on non-Darwin systems
[17.850s] INFO:colcon.colcon_core.plugin_system:Skipping extension 'colcon_notification.desktop_notification.win32': Not used on non-Windows systems
[17.850s] INFO:colcon.colcon_notification.desktop_notification:Sending desktop notification using 'notify2'
[17.859s] DEBUG:colcon.colcon_core.event_reactor:joined thread
[17.859s] INFO:colcon.colcon_core.shell:Creating prefix script '/home/samiksha/ros2_ws/install/local_setup.ps1'
[17.860s] INFO:colcon.colcon_core.shell:Creating prefix util module '/home/samiksha/ros2_ws/install/_local_setup_util_ps1.py'
[17.861s] INFO:colcon.colcon_core.shell:Creating prefix chain script '/home/samiksha/ros2_ws/install/setup.ps1'
[17.861s] INFO:colcon.colcon_core.shell:Creating prefix script '/home/samiksha/ros2_ws/install/local_setup.sh'
[17.862s] INFO:colcon.colcon_core.shell:Creating prefix util module '/home/samiksha/ros2_ws/install/_local_setup_util_sh.py'
[17.862s] INFO:colcon.colcon_core.shell:Creating prefix chain script '/home/samiksha/ros2_ws/install/setup.sh'
[17.863s] INFO:colcon.colcon_core.shell:Creating prefix script '/home/samiksha/ros2_ws/install/local_setup.bash'
[17.863s] INFO:colcon.colcon_core.shell:Creating prefix chain script '/home/samiksha/ros2_ws/install/setup.bash'
[17.864s] INFO:colcon.colcon_core.shell:Creating prefix script '/home/samiksha/ros2_ws/install/local_setup.zsh'
[17.864s] INFO:colcon.colcon_core.shell:Creating prefix chain script '/home/samiksha/ros2_ws/install/setup.zsh'
