[0.066s] DEBUG:colcon:Command line arguments: ['/usr/bin/colcon', 'build']
[0.066s] DEBUG:colcon:Parsed command line arguments: Namespace(log_base=None, log_level=None, verb_name='build', build_base='build', install_base='install', merge_install=False, symlink_install=False, test_result_base=None, continue_on_error=False, executor='parallel', parallel_workers=12, event_handlers=None, ignore_user_meta=False, metas=['./colcon.meta'], base_paths=['.'], packages_ignore=None, packages_ignore_regex=None, paths=None, packages_up_to=None, packages_up_to_regex=None, packages_above=None, packages_above_and_dependencies=None, packages_above_depth=None, packages_select_by_dep=None, packages_skip_by_dep=None, packages_skip_up_to=None, packages_select_build_failed=False, packages_skip_build_finished=False, packages_select_test_failures=False, packages_skip_test_passed=False, packages_select=None, packages_skip=None, packages_select_regex=None, packages_skip_regex=None, packages_start=None, packages_end=None, allow_overriding=[], cmake_args=None, cmake_target=None, cmake_target_skip_unavailable=False, cmake_clean_cache=False, cmake_clean_first=False, cmake_force_configure=False, ament_cmake_args=None, catkin_cmake_args=None, catkin_skip_building_tests=False, mixin_files=None, mixin=None, verb_parser=<colcon_mixin.mixin.mixin_argument.MixinArgumentDecorator object at 0x7db6b7f52020>, verb_extension=<colcon_core.verb.build.BuildVerb object at 0x7db6b80d34c0>, main=<bound method BuildVerb.main of <colcon_core.verb.build.BuildVerb object at 0x7db6b80d34c0>>, mixin_verb=('build',))
[0.166s] Level 1:colcon.colcon_core.package_discovery:discover_packages(colcon_meta) check parameters
[0.166s] Level 1:colcon.colcon_core.package_discovery:discover_packages(recursive) check parameters
[0.166s] Level 1:colcon.colcon_core.package_discovery:discover_packages(ignore) check parameters
[0.166s] Level 1:colcon.colcon_core.package_discovery:discover_packages(path) check parameters
[0.166s] Level 1:colcon.colcon_core.package_discovery:discover_packages(colcon_meta) discover
[0.166s] Level 1:colcon.colcon_core.package_discovery:discover_packages(recursive) discover
[0.166s] INFO:colcon.colcon_core.package_discovery:Crawling recursively for packages in '/home/samiksha/polygon_ws'
[0.166s] Level 1:colcon.colcon_core.package_identification:_identify(.) by extensions ['ignore', 'ignore_ament_install']
[0.166s] Level 1:colcon.colcon_core.package_identification:_identify(.) by extension 'ignore'
[0.166s] Level 1:colcon.colcon_core.package_identification:_identify(.) by extension 'ignore_ament_install'
[0.166s] Level 1:colcon.colcon_core.package_identification:_identify(.) by extensions ['colcon_pkg']
[0.166s] Level 1:colcon.colcon_core.package_identification:_identify(.) by extension 'colcon_pkg'
[0.166s] Level 1:colcon.colcon_core.package_identification:_identify(.) by extensions ['colcon_meta']
[0.166s] Level 1:colcon.colcon_core.package_identification:_identify(.) by extension 'colcon_meta'
[0.166s] Level 1:colcon.colcon_core.package_identification:_identify(.) by extensions ['ros']
[0.166s] Level 1:colcon.colcon_core.package_identification:_identify(.) by extension 'ros'
[0.173s] Level 1:colcon.colcon_core.package_identification:_identify(.) by extensions ['cmake', 'python']
[0.173s] Level 1:colcon.colcon_core.package_identification:_identify(.) by extension 'cmake'
[0.173s] Level 1:colcon.colcon_core.package_identification:_identify(.) by extension 'python'
[0.173s] Level 1:colcon.colcon_core.package_identification:_identify(.) by extensions ['python_setup_py']
[0.173s] Level 1:colcon.colcon_core.package_identification:_identify(.) by extension 'python_setup_py'
[0.173s] Level 1:colcon.colcon_core.package_identification:_identify(build) by extensions ['ignore', 'ignore_ament_install']
[0.173s] Level 1:colcon.colcon_core.package_identification:_identify(build) by extension 'ignore'
[0.173s] Level 1:colcon.colcon_core.package_identification:_identify(build) ignored
[0.173s] Level 1:colcon.colcon_core.package_identification:_identify(install) by extensions ['ignore', 'ignore_ament_install']
[0.173s] Level 1:colcon.colcon_core.package_identification:_identify(install) by extension 'ignore'
[0.173s] Level 1:colcon.colcon_core.package_identification:_identify(install) ignored
[0.173s] Level 1:colcon.colcon_core.package_identification:_identify(log) by extensions ['ignore', 'ignore_ament_install']
[0.173s] Level 1:colcon.colcon_core.package_identification:_identify(log) by extension 'ignore'
[0.173s] Level 1:colcon.colcon_core.package_identification:_identify(log) ignored
[0.173s] Level 1:colcon.colcon_core.package_identification:_identify(src) by extensions ['ignore', 'ignore_ament_install']
[0.173s] Level 1:colcon.colcon_core.package_identification:_identify(src) by extension 'ignore'
[0.173s] Level 1:colcon.colcon_core.package_identification:_identify(src) by extension 'ignore_ament_install'
[0.173s] Level 1:colcon.colcon_core.package_identification:_identify(src) by extensions ['colcon_pkg']
[0.173s] Level 1:colcon.colcon_core.package_identification:_identify(src) by extension 'colcon_pkg'
[0.173s] Level 1:colcon.colcon_core.package_identification:_identify(src) by extensions ['colcon_meta']
[0.173s] Level 1:colcon.colcon_core.package_identification:_identify(src) by extension 'colcon_meta'
[0.173s] Level 1:colcon.colcon_core.package_identification:_identify(src) by extensions ['ros']
[0.173s] Level 1:colcon.colcon_core.package_identification:_identify(src) by extension 'ros'
[0.173s] Level 1:colcon.colcon_core.package_identification:_identify(src) by extensions ['cmake', 'python']
[0.173s] Level 1:colcon.colcon_core.package_identification:_identify(src) by extension 'cmake'
[0.173s] Level 1:colcon.colcon_core.package_identification:_identify(src) by extension 'python'
[0.173s] Level 1:colcon.colcon_core.package_identification:_identify(src) by extensions ['python_setup_py']
[0.173s] Level 1:colcon.colcon_core.package_identification:_identify(src) by extension 'python_setup_py'
[0.173s] Level 1:colcon.colcon_core.package_identification:_identify(src/custom_interfaces) by extensions ['ignore', 'ignore_ament_install']
[0.174s] Level 1:colcon.colcon_core.package_identification:_identify(src/custom_interfaces) by extension 'ignore'
[0.174s] Level 1:colcon.colcon_core.package_identification:_identify(src/custom_interfaces) by extension 'ignore_ament_install'
[0.174s] Level 1:colcon.colcon_core.package_identification:_identify(src/custom_interfaces) by extensions ['colcon_pkg']
[0.174s] Level 1:colcon.colcon_core.package_identification:_identify(src/custom_interfaces) by extension 'colcon_pkg'
[0.174s] Level 1:colcon.colcon_core.package_identification:_identify(src/custom_interfaces) by extensions ['colcon_meta']
[0.174s] Level 1:colcon.colcon_core.package_identification:_identify(src/custom_interfaces) by extension 'colcon_meta'
[0.174s] Level 1:colcon.colcon_core.package_identification:_identify(src/custom_interfaces) by extensions ['ros']
[0.174s] Level 1:colcon.colcon_core.package_identification:_identify(src/custom_interfaces) by extension 'ros'
[0.175s] DEBUG:colcon.colcon_core.package_identification:Package 'src/custom_interfaces' with type 'ros.ament_cmake' and name 'custom_interfaces'
[0.175s] Level 1:colcon.colcon_core.package_identification:_identify(src/polygon_turtle) by extensions ['ignore', 'ignore_ament_install']
[0.175s] Level 1:colcon.colcon_core.package_identification:_identify(src/polygon_turtle) by extension 'ignore'
[0.175s] Level 1:colcon.colcon_core.package_identification:_identify(src/polygon_turtle) by extension 'ignore_ament_install'
[0.175s] Level 1:colcon.colcon_core.package_identification:_identify(src/polygon_turtle) by extensions ['colcon_pkg']
[0.175s] Level 1:colcon.colcon_core.package_identification:_identify(src/polygon_turtle) by extension 'colcon_pkg'
[0.175s] Level 1:colcon.colcon_core.package_identification:_identify(src/polygon_turtle) by extensions ['colcon_meta']
[0.175s] Level 1:colcon.colcon_core.package_identification:_identify(src/polygon_turtle) by extension 'colcon_meta'
[0.175s] Level 1:colcon.colcon_core.package_identification:_identify(src/polygon_turtle) by extensions ['ros']
[0.175s] Level 1:colcon.colcon_core.package_identification:_identify(src/polygon_turtle) by extension 'ros'
[0.176s] DEBUG:colcon.colcon_core.package_identification:Package 'src/polygon_turtle' with type 'ros.ament_python' and name 'polygon_turtle'
[0.176s] Level 1:colcon.colcon_core.package_discovery:discover_packages(recursive) using defaults
[0.176s] Level 1:colcon.colcon_core.package_discovery:discover_packages(ignore) discover
[0.176s] Level 1:colcon.colcon_core.package_discovery:discover_packages(ignore) using defaults
[0.176s] Level 1:colcon.colcon_core.package_discovery:discover_packages(path) discover
[0.176s] Level 1:colcon.colcon_core.package_discovery:discover_packages(path) using defaults
[0.187s] Level 1:colcon.colcon_core.package_discovery:discover_packages(prefix_path) check parameters
[0.188s] Level 1:colcon.colcon_core.package_discovery:discover_packages(prefix_path) discover
[0.189s] DEBUG:colcon.colcon_installed_package_information.package_discovery:Found 4 installed packages in /home/samiksha/ros2_ws/install
[0.189s] DEBUG:colcon.colcon_installed_package_information.package_discovery:Found 294 installed packages in /opt/ros/humble
[0.190s] Level 1:colcon.colcon_core.package_discovery:discover_packages(prefix_path) using defaults
[0.210s] Level 5:colcon.colcon_core.verb:set package 'custom_interfaces' build argument 'cmake_args' from command line to 'None'
[0.210s] Level 5:colcon.colcon_core.verb:set package 'custom_interfaces' build argument 'cmake_target' from command line to 'None'
[0.210s] Level 5:colcon.colcon_core.verb:set package 'custom_interfaces' build argument 'cmake_target_skip_unavailable' from command line to 'False'
[0.210s] Level 5:colcon.colcon_core.verb:set package 'custom_interfaces' build argument 'cmake_clean_cache' from command line to 'False'
[0.210s] Level 5:colcon.colcon_core.verb:set package 'custom_interfaces' build argument 'cmake_clean_first' from command line to 'False'
[0.210s] Level 5:colcon.colcon_core.verb:set package 'custom_interfaces' build argument 'cmake_force_configure' from command line to 'False'
[0.210s] Level 5:colcon.colcon_core.verb:set package 'custom_interfaces' build argument 'ament_cmake_args' from command line to 'None'
[0.210s] Level 5:colcon.colcon_core.verb:set package 'custom_interfaces' build argument 'catkin_cmake_args' from command line to 'None'
[0.210s] Level 5:colcon.colcon_core.verb:set package 'custom_interfaces' build argument 'catkin_skip_building_tests' from command line to 'False'
[0.210s] DEBUG:colcon.colcon_core.verb:Building package 'custom_interfaces' with the following arguments: {'ament_cmake_args': None, 'build_base': '/home/samiksha/polygon_ws/build/custom_interfaces', 'catkin_cmake_args': None, 'catkin_skip_building_tests': False, 'cmake_args': None, 'cmake_clean_cache': False, 'cmake_clean_first': False, 'cmake_force_configure': False, 'cmake_target': None, 'cmake_target_skip_unavailable': False, 'install_base': '/home/samiksha/polygon_ws/install/custom_interfaces', 'merge_install': False, 'path': '/home/samiksha/polygon_ws/src/custom_interfaces', 'symlink_install': False, 'test_result_base': None}
[0.211s] Level 5:colcon.colcon_core.verb:set package 'polygon_turtle' build argument 'cmake_args' from command line to 'None'
[0.211s] Level 5:colcon.colcon_core.verb:set package 'polygon_turtle' build argument 'cmake_target' from command line to 'None'
[0.211s] Level 5:colcon.colcon_core.verb:set package 'polygon_turtle' build argument 'cmake_target_skip_unavailable' from command line to 'False'
[0.211s] Level 5:colcon.colcon_core.verb:set package 'polygon_turtle' build argument 'cmake_clean_cache' from command line to 'False'
[0.211s] Level 5:colcon.colcon_core.verb:set package 'polygon_turtle' build argument 'cmake_clean_first' from command line to 'False'
[0.211s] Level 5:colcon.colcon_core.verb:set package 'polygon_turtle' build argument 'cmake_force_configure' from command line to 'False'
[0.211s] Level 5:colcon.colcon_core.verb:set package 'polygon_turtle' build argument 'ament_cmake_args' from command line to 'None'
[0.211s] Level 5:colcon.colcon_core.verb:set package 'polygon_turtle' build argument 'catkin_cmake_args' from command line to 'None'
[0.211s] Level 5:colcon.colcon_core.verb:set package 'polygon_turtle' build argument 'catkin_skip_building_tests' from command line to 'False'
[0.211s] DEBUG:colcon.colcon_core.verb:Building package 'polygon_turtle' with the following arguments: {'ament_cmake_args': None, 'build_base': '/home/samiksha/polygon_ws/build/polygon_turtle', 'catkin_cmake_args': None, 'catkin_skip_building_tests': False, 'cmake_args': None, 'cmake_clean_cache': False, 'cmake_clean_first': False, 'cmake_force_configure': False, 'cmake_target': None, 'cmake_target_skip_unavailable': False, 'install_base': '/home/samiksha/polygon_ws/install/polygon_turtle', 'merge_install': False, 'path': '/home/samiksha/polygon_ws/src/polygon_turtle', 'symlink_install': False, 'test_result_base': None}
[0.211s] INFO:colcon.colcon_core.executor:Executing jobs using 'parallel' executor
[0.212s] DEBUG:colcon.colcon_parallel_executor.executor.parallel:run_until_complete
[0.212s] INFO:colcon.colcon_ros.task.ament_cmake.build:Building ROS package in '/home/samiksha/polygon_ws/src/custom_interfaces' with build type 'ament_cmake'
[0.212s] INFO:colcon.colcon_cmake.task.cmake.build:Building CMake package in '/home/samiksha/polygon_ws/src/custom_interfaces'
[0.213s] INFO:colcon.colcon_core.plugin_system:Skipping extension 'colcon_core.shell.bat': Not used on non-Windows systems
[0.213s] INFO:colcon.colcon_core.shell:Skip shell extension 'powershell' for command environment: Not usable outside of PowerShell
[0.213s] DEBUG:colcon.colcon_core.shell:Skip shell extension 'dsv' for command environment
[0.215s] INFO:colcon.colcon_ros.task.ament_python.build:Building ROS package in '/home/samiksha/polygon_ws/src/polygon_turtle' with build type 'ament_python'
[0.215s] Level 1:colcon.colcon_core.shell:create_environment_hook('polygon_turtle', 'ament_prefix_path')
[0.215s] INFO:colcon.colcon_core.shell:Creating environment hook '/home/samiksha/polygon_ws/install/polygon_turtle/share/polygon_turtle/hook/ament_prefix_path.ps1'
[0.216s] INFO:colcon.colcon_core.shell:Creating environment descriptor '/home/samiksha/polygon_ws/install/polygon_turtle/share/polygon_turtle/hook/ament_prefix_path.dsv'
[0.216s] INFO:colcon.colcon_core.shell:Creating environment hook '/home/samiksha/polygon_ws/install/polygon_turtle/share/polygon_turtle/hook/ament_prefix_path.sh'
[0.216s] INFO:colcon.colcon_core.shell:Skip shell extension 'powershell' for command environment: Not usable outside of PowerShell
[0.216s] DEBUG:colcon.colcon_core.shell:Skip shell extension 'dsv' for command environment
[0.220s] DEBUG:colcon.colcon_core.event_handler.log_command:Invoking command in '/home/samiksha/polygon_ws/build/custom_interfaces': CMAKE_PREFIX_PATH=${CMAKE_PREFIX_PATH}:/home/samiksha/ros2_ws/install/task_controller:/opt/ros/humble /usr/bin/cmake /home/samiksha/polygon_ws/src/custom_interfaces -DCMAKE_INSTALL_PREFIX=/home/samiksha/polygon_ws/install/custom_interfaces
[0.381s] INFO:colcon.colcon_core.task.python.build:Building Python package in '/home/samiksha/polygon_ws/src/polygon_turtle'
[0.381s] INFO:colcon.colcon_core.shell:Skip shell extension 'powershell' for command environment: Not usable outside of PowerShell
[0.381s] DEBUG:colcon.colcon_core.shell:Skip shell extension 'dsv' for command environment
[0.587s] DEBUG:colcon.colcon_core.event_handler.log_command:Invoking command in '/home/samiksha/polygon_ws/src/polygon_turtle': PYTHONPATH=/home/samiksha/polygon_ws/build/polygon_turtle/prefix_override:/usr/lib/python3/dist-packages/colcon_core/task/python/colcon_distutils_commands:/home/samiksha/polygon_ws/install/polygon_turtle/lib/python3.10/site-packages:${PYTHONPATH} /usr/bin/python3 -W ignore:setup.py install is deprecated -W ignore:easy_install command is deprecated setup.py egg_info --egg-base ../../build/polygon_turtle build --build-base /home/samiksha/polygon_ws/build/polygon_turtle/build install --record /home/samiksha/polygon_ws/build/polygon_turtle/install.log --single-version-externally-managed install_data
[0.797s] DEBUG:colcon.colcon_core.event_handler.log_command:Invoked command in '/home/samiksha/polygon_ws/src/polygon_turtle' returned '0': PYTHONPATH=/home/samiksha/polygon_ws/build/polygon_turtle/prefix_override:/usr/lib/python3/dist-packages/colcon_core/task/python/colcon_distutils_commands:/home/samiksha/polygon_ws/install/polygon_turtle/lib/python3.10/site-packages:${PYTHONPATH} /usr/bin/python3 -W ignore:setup.py install is deprecated -W ignore:easy_install command is deprecated setup.py egg_info --egg-base ../../build/polygon_turtle build --build-base /home/samiksha/polygon_ws/build/polygon_turtle/build install --record /home/samiksha/polygon_ws/build/polygon_turtle/install.log --single-version-externally-managed install_data
[0.799s] Level 1:colcon.colcon_core.environment:checking '/home/samiksha/polygon_ws/install/polygon_turtle' for CMake module files
[0.800s] Level 1:colcon.colcon_core.environment:checking '/home/samiksha/polygon_ws/install/polygon_turtle' for CMake config files
[0.800s] Level 1:colcon.colcon_core.environment:checking '/home/samiksha/polygon_ws/install/polygon_turtle/lib'
[0.800s] Level 1:colcon.colcon_core.environment:checking '/home/samiksha/polygon_ws/install/polygon_turtle/bin'
[0.800s] Level 1:colcon.colcon_core.environment:checking '/home/samiksha/polygon_ws/install/polygon_turtle/lib/pkgconfig/polygon_turtle.pc'
[0.801s] Level 1:colcon.colcon_core.environment:checking '/home/samiksha/polygon_ws/install/polygon_turtle/lib/python3.10/site-packages'
[0.801s] Level 1:colcon.colcon_core.shell:create_environment_hook('polygon_turtle', 'pythonpath')
[0.801s] INFO:colcon.colcon_core.shell:Creating environment hook '/home/samiksha/polygon_ws/install/polygon_turtle/share/polygon_turtle/hook/pythonpath.ps1'
[0.802s] INFO:colcon.colcon_core.shell:Creating environment descriptor '/home/samiksha/polygon_ws/install/polygon_turtle/share/polygon_turtle/hook/pythonpath.dsv'
[0.802s] INFO:colcon.colcon_core.shell:Creating environment hook '/home/samiksha/polygon_ws/install/polygon_turtle/share/polygon_turtle/hook/pythonpath.sh'
[0.803s] Level 1:colcon.colcon_core.environment:checking '/home/samiksha/polygon_ws/install/polygon_turtle/bin'
[0.803s] Level 1:colcon.colcon_core.environment:create_environment_scripts_only(polygon_turtle)
[0.803s] INFO:colcon.colcon_core.shell:Creating package script '/home/samiksha/polygon_ws/install/polygon_turtle/share/polygon_turtle/package.ps1'
[0.804s] INFO:colcon.colcon_core.shell:Creating package descriptor '/home/samiksha/polygon_ws/install/polygon_turtle/share/polygon_turtle/package.dsv'
[0.804s] INFO:colcon.colcon_core.shell:Creating package script '/home/samiksha/polygon_ws/install/polygon_turtle/share/polygon_turtle/package.sh'
[0.805s] INFO:colcon.colcon_core.shell:Creating package script '/home/samiksha/polygon_ws/install/polygon_turtle/share/polygon_turtle/package.bash'
[0.806s] INFO:colcon.colcon_core.shell:Creating package script '/home/samiksha/polygon_ws/install/polygon_turtle/share/polygon_turtle/package.zsh'
[0.806s] Level 1:colcon.colcon_core.environment:create_file_with_runtime_dependencies(/home/samiksha/polygon_ws/install/polygon_turtle/share/colcon-core/packages/polygon_turtle)
[1.091s] DEBUG:colcon.colcon_core.event_handler.log_command:Invoked command in '/home/samiksha/polygon_ws/build/custom_interfaces' returned '0': CMAKE_PREFIX_PATH=${CMAKE_PREFIX_PATH}:/home/samiksha/ros2_ws/install/task_controller:/opt/ros/humble /usr/bin/cmake /home/samiksha/polygon_ws/src/custom_interfaces -DCMAKE_INSTALL_PREFIX=/home/samiksha/polygon_ws/install/custom_interfaces
[1.092s] DEBUG:colcon.colcon_core.event_handler.log_command:Invoking command in '/home/samiksha/polygon_ws/build/custom_interfaces': CMAKE_PREFIX_PATH=${CMAKE_PREFIX_PATH}:/home/samiksha/ros2_ws/install/task_controller:/opt/ros/humble /usr/bin/cmake --build /home/samiksha/polygon_ws/build/custom_interfaces -- -j12 -l12
[2.440s] DEBUG:colcon.colcon_core.event_handler.log_command:Invoked command in '/home/samiksha/polygon_ws/build/custom_interfaces' returned '0': CMAKE_PREFIX_PATH=${CMAKE_PREFIX_PATH}:/home/samiksha/ros2_ws/install/task_controller:/opt/ros/humble /usr/bin/cmake --build /home/samiksha/polygon_ws/build/custom_interfaces -- -j12 -l12
[2.448s] DEBUG:colcon.colcon_core.event_handler.log_command:Invoking command in '/home/samiksha/polygon_ws/build/custom_interfaces': CMAKE_PREFIX_PATH=${CMAKE_PREFIX_PATH}:/home/samiksha/ros2_ws/install/task_controller:/opt/ros/humble /usr/bin/cmake --install /home/samiksha/polygon_ws/build/custom_interfaces
[2.488s] Level 1:colcon.colcon_core.environment:create_environment_scripts_only(custom_interfaces)
[2.488s] DEBUG:colcon.colcon_core.event_handler.log_command:Invoked command in '/home/samiksha/polygon_ws/build/custom_interfaces' returned '0': CMAKE_PREFIX_PATH=${CMAKE_PREFIX_PATH}:/home/samiksha/ros2_ws/install/task_controller:/opt/ros/humble /usr/bin/cmake --install /home/samiksha/polygon_ws/build/custom_interfaces
[2.488s] Level 1:colcon.colcon_core.environment:checking '/home/samiksha/polygon_ws/install/custom_interfaces' for CMake module files
[2.489s] Level 1:colcon.colcon_core.environment:checking '/home/samiksha/polygon_ws/install/custom_interfaces' for CMake config files
[2.489s] Level 1:colcon.colcon_core.shell:create_environment_hook('custom_interfaces', 'cmake_prefix_path')
[2.489s] INFO:colcon.colcon_core.shell:Creating environment hook '/home/samiksha/polygon_ws/install/custom_interfaces/share/custom_interfaces/hook/cmake_prefix_path.ps1'
[2.489s] INFO:colcon.colcon_core.shell:Creating environment descriptor '/home/samiksha/polygon_ws/install/custom_interfaces/share/custom_interfaces/hook/cmake_prefix_path.dsv'
[2.489s] INFO:colcon.colcon_core.shell:Creating environment hook '/home/samiksha/polygon_ws/install/custom_interfaces/share/custom_interfaces/hook/cmake_prefix_path.sh'
[2.490s] Level 1:colcon.colcon_core.environment:checking '/home/samiksha/polygon_ws/install/custom_interfaces/lib'
[2.490s] Level 1:colcon.colcon_core.shell:create_environment_hook('custom_interfaces', 'ld_library_path_lib')
[2.490s] INFO:colcon.colcon_core.shell:Creating environment hook '/home/samiksha/polygon_ws/install/custom_interfaces/share/custom_interfaces/hook/ld_library_path_lib.ps1'
[2.490s] INFO:colcon.colcon_core.shell:Creating environment descriptor '/home/samiksha/polygon_ws/install/custom_interfaces/share/custom_interfaces/hook/ld_library_path_lib.dsv'
[2.490s] INFO:colcon.colcon_core.shell:Creating environment hook '/home/samiksha/polygon_ws/install/custom_interfaces/share/custom_interfaces/hook/ld_library_path_lib.sh'
[2.490s] Level 1:colcon.colcon_core.environment:checking '/home/samiksha/polygon_ws/install/custom_interfaces/bin'
[2.490s] Level 1:colcon.colcon_core.environment:checking '/home/samiksha/polygon_ws/install/custom_interfaces/lib/pkgconfig/custom_interfaces.pc'
[2.491s] Level 1:colcon.colcon_core.environment:checking '/home/samiksha/polygon_ws/install/custom_interfaces/lib/python3.10/site-packages'
[2.491s] Level 1:colcon.colcon_core.environment:checking '/home/samiksha/polygon_ws/install/custom_interfaces/bin'
[2.491s] INFO:colcon.colcon_core.shell:Creating package script '/home/samiksha/polygon_ws/install/custom_interfaces/share/custom_interfaces/package.ps1'
[2.491s] INFO:colcon.colcon_core.shell:Creating package descriptor '/home/samiksha/polygon_ws/install/custom_interfaces/share/custom_interfaces/package.dsv'
[2.491s] INFO:colcon.colcon_core.shell:Creating package script '/home/samiksha/polygon_ws/install/custom_interfaces/share/custom_interfaces/package.sh'
[2.492s] INFO:colcon.colcon_core.shell:Creating package script '/home/samiksha/polygon_ws/install/custom_interfaces/share/custom_interfaces/package.bash'
[2.492s] INFO:colcon.colcon_core.shell:Creating package script '/home/samiksha/polygon_ws/install/custom_interfaces/share/custom_interfaces/package.zsh'
[2.492s] Level 1:colcon.colcon_core.environment:create_file_with_runtime_dependencies(/home/samiksha/polygon_ws/install/custom_interfaces/share/colcon-core/packages/custom_interfaces)
[2.492s] Level 1:colcon.colcon_core.environment:create_environment_scripts_only(custom_interfaces)
[2.493s] Level 1:colcon.colcon_core.environment:checking '/home/samiksha/polygon_ws/install/custom_interfaces' for CMake module files
[2.493s] Level 1:colcon.colcon_core.environment:checking '/home/samiksha/polygon_ws/install/custom_interfaces' for CMake config files
[2.493s] Level 1:colcon.colcon_core.shell:create_environment_hook('custom_interfaces', 'cmake_prefix_path')
[2.493s] INFO:colcon.colcon_core.shell:Creating environment hook '/home/samiksha/polygon_ws/install/custom_interfaces/share/custom_interfaces/hook/cmake_prefix_path.ps1'
[2.493s] INFO:colcon.colcon_core.shell:Creating environment descriptor '/home/samiksha/polygon_ws/install/custom_interfaces/share/custom_interfaces/hook/cmake_prefix_path.dsv'
[2.494s] INFO:colcon.colcon_core.shell:Creating environment hook '/home/samiksha/polygon_ws/install/custom_interfaces/share/custom_interfaces/hook/cmake_prefix_path.sh'
[2.494s] Level 1:colcon.colcon_core.environment:checking '/home/samiksha/polygon_ws/install/custom_interfaces/lib'
[2.494s] Level 1:colcon.colcon_core.shell:create_environment_hook('custom_interfaces', 'ld_library_path_lib')
[2.494s] INFO:colcon.colcon_core.shell:Creating environment hook '/home/samiksha/polygon_ws/install/custom_interfaces/share/custom_interfaces/hook/ld_library_path_lib.ps1'
[2.494s] INFO:colcon.colcon_core.shell:Creating environment descriptor '/home/samiksha/polygon_ws/install/custom_interfaces/share/custom_interfaces/hook/ld_library_path_lib.dsv'
[2.494s] INFO:colcon.colcon_core.shell:Creating environment hook '/home/samiksha/polygon_ws/install/custom_interfaces/share/custom_interfaces/hook/ld_library_path_lib.sh'
[2.495s] Level 1:colcon.colcon_core.environment:checking '/home/samiksha/polygon_ws/install/custom_interfaces/bin'
[2.495s] Level 1:colcon.colcon_core.environment:checking '/home/samiksha/polygon_ws/install/custom_interfaces/lib/pkgconfig/custom_interfaces.pc'
[2.495s] Level 1:colcon.colcon_core.environment:checking '/home/samiksha/polygon_ws/install/custom_interfaces/lib/python3.10/site-packages'
[2.495s] Level 1:colcon.colcon_core.environment:checking '/home/samiksha/polygon_ws/install/custom_interfaces/bin'
[2.495s] INFO:colcon.colcon_core.shell:Creating package script '/home/samiksha/polygon_ws/install/custom_interfaces/share/custom_interfaces/package.ps1'
[2.495s] INFO:colcon.colcon_core.shell:Creating package descriptor '/home/samiksha/polygon_ws/install/custom_interfaces/share/custom_interfaces/package.dsv'
[2.496s] INFO:colcon.colcon_core.shell:Creating package script '/home/samiksha/polygon_ws/install/custom_interfaces/share/custom_interfaces/package.sh'
[2.496s] INFO:colcon.colcon_core.shell:Creating package script '/home/samiksha/polygon_ws/install/custom_interfaces/share/custom_interfaces/package.bash'
[2.496s] INFO:colcon.colcon_core.shell:Creating package script '/home/samiksha/polygon_ws/install/custom_interfaces/share/custom_interfaces/package.zsh'
[2.496s] Level 1:colcon.colcon_core.environment:create_file_with_runtime_dependencies(/home/samiksha/polygon_ws/install/custom_interfaces/share/colcon-core/packages/custom_interfaces)
[2.496s] DEBUG:colcon.colcon_parallel_executor.executor.parallel:closing loop
[2.496s] DEBUG:colcon.colcon_parallel_executor.executor.parallel:loop closed
[2.497s] DEBUG:colcon.colcon_parallel_executor.executor.parallel:run_until_complete finished with '0'
[2.497s] DEBUG:colcon.colcon_core.event_reactor:joining thread
[2.500s] INFO:colcon.colcon_core.plugin_system:Skipping extension 'colcon_notification.desktop_notification.terminal_notifier': Not used on non-Darwin systems
[2.500s] INFO:colcon.colcon_core.plugin_system:Skipping extension 'colcon_notification.desktop_notification.win32': Not used on non-Windows systems
[2.500s] INFO:colcon.colcon_notification.desktop_notification:Sending desktop notification using 'notify2'
[2.508s] DEBUG:colcon.colcon_core.event_reactor:joined thread
[2.508s] INFO:colcon.colcon_core.shell:Creating prefix script '/home/samiksha/polygon_ws/install/local_setup.ps1'
[2.509s] INFO:colcon.colcon_core.shell:Creating prefix util module '/home/samiksha/polygon_ws/install/_local_setup_util_ps1.py'
[2.510s] INFO:colcon.colcon_core.shell:Creating prefix chain script '/home/samiksha/polygon_ws/install/setup.ps1'
[2.511s] INFO:colcon.colcon_core.shell:Creating prefix script '/home/samiksha/polygon_ws/install/local_setup.sh'
[2.511s] INFO:colcon.colcon_core.shell:Creating prefix util module '/home/samiksha/polygon_ws/install/_local_setup_util_sh.py'
[2.511s] INFO:colcon.colcon_core.shell:Creating prefix chain script '/home/samiksha/polygon_ws/install/setup.sh'
[2.512s] INFO:colcon.colcon_core.shell:Creating prefix script '/home/samiksha/polygon_ws/install/local_setup.bash'
[2.512s] INFO:colcon.colcon_core.shell:Creating prefix chain script '/home/samiksha/polygon_ws/install/setup.bash'
[2.513s] INFO:colcon.colcon_core.shell:Creating prefix script '/home/samiksha/polygon_ws/install/local_setup.zsh'
[2.513s] INFO:colcon.colcon_core.shell:Creating prefix chain script '/home/samiksha/polygon_ws/install/setup.zsh'
