[0.008s] Invoking command in '/home/samiksha/ros2_ws/build/task_controller_cpp': CMAKE_PREFIX_PATH=/home/samiksha/ros2_ws/install/turtlesim:/home/samiksha/ros2_ws/install/task_controller_cpp:/home/samiksha/ros2_ws/install/my_package:/home/samiksha/ros2_ws/install/task_controller:/opt/ros/humble /usr/bin/cmake --build /home/samiksha/ros2_ws/build/task_controller_cpp -- -j12 -l12
[0.038s] [35m[1mConsolidate compiler generated dependencies of target circle[0m
[0.049s] [ 12%] Built target server_doc
[0.051s] [ 25%] Built target client_doc
[0.051s] [ 43%] Built target chatNode2
[0.051s] [ 50%] Built target listener
[0.053s] [ 62%] Built target circle
[0.054s] [ 75%] Built target talker
[0.054s] [100%] Built target control
[0.054s] [100%] Built target chatNode1
[0.064s] Invoked command in '/home/samiksha/ros2_ws/build/task_controller_cpp' returned '0': CMAKE_PREFIX_PATH=/home/samiksha/ros2_ws/install/turtlesim:/home/samiksha/ros2_ws/install/task_controller_cpp:/home/samiksha/ros2_ws/install/my_package:/home/samiksha/ros2_ws/install/task_controller:/opt/ros/humble /usr/bin/cmake --build /home/samiksha/ros2_ws/build/task_controller_cpp -- -j12 -l12
[0.065s] Invoking command in '/home/samiksha/ros2_ws/build/task_controller_cpp': CMAKE_PREFIX_PATH=/home/samiksha/ros2_ws/install/turtlesim:/home/samiksha/ros2_ws/install/task_controller_cpp:/home/samiksha/ros2_ws/install/my_package:/home/samiksha/ros2_ws/install/task_controller:/opt/ros/humble /usr/bin/cmake --install /home/samiksha/ros2_ws/build/task_controller_cpp
[0.070s] -- Install configuration: ""
[0.070s] -- Up-to-date: /home/samiksha/ros2_ws/install/task_controller_cpp/lib/task_controller_cpp/talker
[0.070s] -- Up-to-date: /home/samiksha/ros2_ws/install/task_controller_cpp/lib/task_controller_cpp/listener
[0.070s] -- Up-to-date: /home/samiksha/ros2_ws/install/task_controller_cpp/lib/task_controller_cpp/server_doc
[0.070s] -- Up-to-date: /home/samiksha/ros2_ws/install/task_controller_cpp/lib/task_controller_cpp/client_doc
[0.070s] -- Up-to-date: /home/samiksha/ros2_ws/install/task_controller_cpp/lib/task_controller_cpp/chatNode1
[0.070s] -- Up-to-date: /home/samiksha/ros2_ws/install/task_controller_cpp/lib/task_controller_cpp/chatNode2
[0.070s] -- Up-to-date: /home/samiksha/ros2_ws/install/task_controller_cpp/lib/task_controller_cpp/control
[0.071s] -- Up-to-date: /home/samiksha/ros2_ws/install/task_controller_cpp/lib/task_controller_cpp/circle
[0.071s] -- Up-to-date: /home/samiksha/ros2_ws/install/task_controller_cpp/share/ament_index/resource_index/package_run_dependencies/task_controller_cpp
[0.071s] -- Up-to-date: /home/samiksha/ros2_ws/install/task_controller_cpp/share/ament_index/resource_index/parent_prefix_path/task_controller_cpp
[0.071s] -- Up-to-date: /home/samiksha/ros2_ws/install/task_controller_cpp/share/task_controller_cpp/environment/ament_prefix_path.sh
[0.071s] -- Up-to-date: /home/samiksha/ros2_ws/install/task_controller_cpp/share/task_controller_cpp/environment/ament_prefix_path.dsv
[0.071s] -- Up-to-date: /home/samiksha/ros2_ws/install/task_controller_cpp/share/task_controller_cpp/environment/path.sh
[0.071s] -- Up-to-date: /home/samiksha/ros2_ws/install/task_controller_cpp/share/task_controller_cpp/environment/path.dsv
[0.071s] -- Up-to-date: /home/samiksha/ros2_ws/install/task_controller_cpp/share/task_controller_cpp/local_setup.bash
[0.071s] -- Up-to-date: /home/samiksha/ros2_ws/install/task_controller_cpp/share/task_controller_cpp/local_setup.sh
[0.071s] -- Up-to-date: /home/samiksha/ros2_ws/install/task_controller_cpp/share/task_controller_cpp/local_setup.zsh
[0.071s] -- Up-to-date: /home/samiksha/ros2_ws/install/task_controller_cpp/share/task_controller_cpp/local_setup.dsv
[0.071s] -- Installing: /home/samiksha/ros2_ws/install/task_controller_cpp/share/task_controller_cpp/package.dsv
[0.071s] -- Up-to-date: /home/samiksha/ros2_ws/install/task_controller_cpp/share/ament_index/resource_index/packages/task_controller_cpp
[0.071s] -- Up-to-date: /home/samiksha/ros2_ws/install/task_controller_cpp/share/task_controller_cpp/cmake/task_controller_cppConfig.cmake
[0.071s] -- Up-to-date: /home/samiksha/ros2_ws/install/task_controller_cpp/share/task_controller_cpp/cmake/task_controller_cppConfig-version.cmake
[0.071s] -- Up-to-date: /home/samiksha/ros2_ws/install/task_controller_cpp/share/task_controller_cpp/package.xml
[0.073s] Invoked command in '/home/samiksha/ros2_ws/build/task_controller_cpp' returned '0': CMAKE_PREFIX_PATH=/home/samiksha/ros2_ws/install/turtlesim:/home/samiksha/ros2_ws/install/task_controller_cpp:/home/samiksha/ros2_ws/install/my_package:/home/samiksha/ros2_ws/install/task_controller:/opt/ros/humble /usr/bin/cmake --install /home/samiksha/ros2_ws/build/task_controller_cpp
