-- Found ament_cmake: 1.3.11 (/opt/ros/humble/share/ament_cmake/cmake)
-- Found std_msgs: 4.2.4 (/opt/ros/humble/share/std_msgs/cmake)
-- Found rosidl_generator_c: 3.1.6 (/opt/ros/humble/share/rosidl_generator_c/cmake)
-- Found rosidl_adapter: 3.1.6 (/opt/ros/humble/share/rosidl_adapter/cmake)
-- Found rosidl_generator_cpp: 3.1.6 (/opt/ros/humble/share/rosidl_generator_cpp/cmake)
-- Using all available rosidl_typesupport_c: rosidl_typesupport_fastrtps_c;rosidl_typesupport_introspection_c
-- Using all available rosidl_typesupport_cpp: rosidl_typesupport_fastrtps_cpp;rosidl_typesupport_introspection_cpp
-- Found rosidl_default_generators: 1.2.0 (/opt/ros/humble/share/rosidl_default_generators/cmake)
-- Found ament_cmake_ros: 0.10.0 (/opt/ros/humble/share/ament_cmake_ros/cmake)
-- Found pluginlib: 5.1.0 (/opt/ros/humble/share/pluginlib/cmake)
-- Found rviz_common: 11.2.14 (/opt/ros/humble/share/rviz_common/cmake)
-- Setting assimp_DIR to: '/opt/ros/humble/share/rviz_assimp_vendor/cmake/../../../opt/rviz_assimp_vendor/lib/cmake/assimp-4.1'
-- Setting OGRE_DIR to: '/opt/ros/humble/share/rviz_ogre_vendor/cmake/../../../opt/rviz_ogre_vendor/lib/OGRE/cmake'
-- Found OGRE
--   static     : OFF
--   components : HLMS;MeshLodGenerator;Overlay;Paging;Property;RTShaderSystem;Terrain;Volume
--   plugins    : Plugin_BSPSceneManager;Plugin_OctreeSceneManager;Plugin_PCZSceneManager;Plugin_ParticleFX;RenderSystem_GL;RenderSystem_GL3Plus;Codec_STBI
--   media      : /opt/ros/humble/opt/rviz_ogre_vendor/share/OGRE/Media
-- OGRE_LIBRARIES: OgreHLMS;OgreMeshLodGenerator;OgreOverlay;OgrePaging;OgreProperty;OgreRTShaderSystem;OgreTerrain;OgreVolume;OgreMain
-- OGRE_LIBRARY_DIRS: /opt/ros/humble/opt/rviz_ogre_vendor/lib
-- OGRE_PLUGINS: Plugin_BSPSceneManager;Plugin_OctreeSceneManager;Plugin_PCZSceneManager;Plugin_ParticleFX;RenderSystem_GL;RenderSystem_GL3Plus;Codec_STBI
-- OGRE_PLUGIN_DIR: /opt/ros/humble/opt/rviz_ogre_vendor/lib/OGRE
-- rviz_ogre_vendor::OgreOverlay for IMPORTED_LOCATION_RELEASE: /opt/ros/humble/opt/rviz_ogre_vendor/lib/libOgreOverlay.so
-- rviz_ogre_vendor::OgreOverlay for IMPORTED_LOCATION_DEBUG: /opt/ros/humble/opt/rviz_ogre_vendor/lib/libOgreOverlay.so
-- rviz_ogre_vendor::OgreMain for IMPORTED_LOCATION_RELEASE: /opt/ros/humble/opt/rviz_ogre_vendor/lib/libOgreMain.so
-- rviz_ogre_vendor::OgreMain for IMPORTED_LOCATION_DEBUG: /opt/ros/humble/opt/rviz_ogre_vendor/lib/libOgreMain.so
-- library: /usr/lib/x86_64-linux-gnu/libcurl.so
-- Found rmw_implementation_cmake: 6.1.2 (/opt/ros/humble/share/rmw_implementation_cmake/cmake)
-- Found rmw_fastrtps_cpp: 6.2.7 (/opt/ros/humble/share/rmw_fastrtps_cpp/cmake)
-- Found TinyXML2 via Config file: TinyXML2_DIR-NOTFOUND
-- Found TinyXML2 via Config file: TinyXML2_DIR-NOTFOUND
-- Found TinyXML2 via Config file: TinyXML2_DIR-NOTFOUND
-- Found TinyXML2 via Config file: TinyXML2_DIR-NOTFOUND
-- Using RMW implementation 'rmw_fastrtps_cpp' as default
-- Ensuring Eigen3 include directory is part of orocos-kdl CMake target
-- Using all available rosidl_typesupport_c: rosidl_typesupport_fastrtps_c;rosidl_typesupport_introspection_c
-- Using all available rosidl_typesupport_cpp: rosidl_typesupport_fastrtps_cpp;rosidl_typesupport_introspection_cpp
-- Found python_cmake_module: 0.10.0 (/opt/ros/humble/share/python_cmake_module/cmake)
-- Using PYTHON_EXECUTABLE: /usr/bin/python3
-- Using PYTHON_INCLUDE_DIRS: /usr/include/python3.10
-- Using PYTHON_LIBRARIES: /usr/lib/x86_64-linux-gnu/libpython3.10.so
-- Configuring done
[33mCMake Warning (dev) in CMakeLists.txt:
  Policy CMP0071 is not set: Let AUTOMOC and AUTOUIC process GENERATED files.
  Run "cmake --help-policy CMP0071" for policy details.  Use the cmake_policy
  command to set the policy and suppress this warning.

  For compatibility, CMake is excluding the GENERATED source file(s):

    "/home/samiksha/ros2_ws2/build/rviz_plugin_tutorial_msgs/rosidl_generator_c/rviz_plugin_tutorial_msgs/msg/point2_d.h"
    "/home/samiksha/ros2_ws2/build/rviz_plugin_tutorial_msgs/rosidl_generator_c/rviz_plugin_tutorial_msgs/msg/detail/point2_d__functions.h"
    "/home/samiksha/ros2_ws2/build/rviz_plugin_tutorial_msgs/rosidl_generator_c/rviz_plugin_tutorial_msgs/msg/detail/point2_d__struct.h"
    "/home/samiksha/ros2_ws2/build/rviz_plugin_tutorial_msgs/rosidl_generator_c/rviz_plugin_tutorial_msgs/msg/detail/point2_d__type_support.h"
    "/home/samiksha/ros2_ws2/build/rviz_plugin_tutorial_msgs/rosidl_generator_c/rviz_plugin_tutorial_msgs/msg/detail/point2_d__functions.c"

  from processing by AUTOMOC.  If any of the files should be processed, set
  CMP0071 to NEW.  If any of the files should not be processed, explicitly
  exclude them by setting the source file property SKIP_AUTOMOC:

    set_property(SOURCE file.h PROPERTY SKIP_AUTOMOC ON)

This warning is for project developers.  Use -Wno-dev to suppress it.
[0m
[33mCMake Warning (dev) in CMakeLists.txt:
  Policy CMP0071 is not set: Let AUTOMOC and AUTOUIC process GENERATED files.
  Run "cmake --help-policy CMP0071" for policy details.  Use the cmake_policy
  command to set the policy and suppress this warning.

  For compatibility, CMake is excluding the GENERATED source file(s):

    "/home/samiksha/ros2_ws2/build/rviz_plugin_tutorial_msgs/rosidl_typesupport_fastrtps_c/rviz_plugin_tutorial_msgs/msg/detail/point2_d__rosidl_typesupport_fastrtps_c.h"
    "/home/samiksha/ros2_ws2/build/rviz_plugin_tutorial_msgs/rosidl_typesupport_fastrtps_c/rviz_plugin_tutorial_msgs/msg/detail/point2_d__type_support_c.cpp"

  from processing by AUTOMOC.  If any of the files should be processed, set
  CMP0071 to NEW.  If any of the files should not be processed, explicitly
  exclude them by setting the source file property SKIP_AUTOMOC:

    set_property(SOURCE file.h PROPERTY SKIP_AUTOMOC ON)

This warning is for project developers.  Use -Wno-dev to suppress it.
[0m
[33mCMake Warning (dev) in CMakeLists.txt:
  Policy CMP0071 is not set: Let AUTOMOC and AUTOUIC process GENERATED files.
  Run "cmake --help-policy CMP0071" for policy details.  Use the cmake_policy
  command to set the policy and suppress this warning.

  For compatibility, CMake is excluding the GENERATED source file(s):

    "/home/samiksha/ros2_ws2/build/rviz_plugin_tutorial_msgs/rosidl_typesupport_fastrtps_cpp/rviz_plugin_tutorial_msgs/msg/detail/dds_fastrtps/point2_d__type_support.cpp"
    "/home/samiksha/ros2_ws2/build/rviz_plugin_tutorial_msgs/rosidl_typesupport_fastrtps_cpp/rviz_plugin_tutorial_msgs/msg/detail/point2_d__rosidl_typesupport_fastrtps_cpp.hpp"

  from processing by AUTOMOC.  If any of the files should be processed, set
  CMP0071 to NEW.  If any of the files should not be processed, explicitly
  exclude them by setting the source file property SKIP_AUTOMOC:

    set_property(SOURCE file.h PROPERTY SKIP_AUTOMOC ON)

This warning is for project developers.  Use -Wno-dev to suppress it.
[0m
[33mCMake Warning (dev) in CMakeLists.txt:
  Policy CMP0071 is not set: Let AUTOMOC and AUTOUIC process GENERATED files.
  Run "cmake --help-policy CMP0071" for policy details.  Use the cmake_policy
  command to set the policy and suppress this warning.

  For compatibility, CMake is excluding the GENERATED source file(s):

    "/home/samiksha/ros2_ws2/build/rviz_plugin_tutorial_msgs/rosidl_typesupport_introspection_c/rviz_plugin_tutorial_msgs/msg/detail/point2_d__rosidl_typesupport_introspection_c.h"
    "/home/samiksha/ros2_ws2/build/rviz_plugin_tutorial_msgs/rosidl_typesupport_introspection_c/rviz_plugin_tutorial_msgs/msg/detail/point2_d__type_support.c"

  from processing by AUTOMOC.  If any of the files should be processed, set
  CMP0071 to NEW.  If any of the files should not be processed, explicitly
  exclude them by setting the source file property SKIP_AUTOMOC:

    set_property(SOURCE file.h PROPERTY SKIP_AUTOMOC ON)

This warning is for project developers.  Use -Wno-dev to suppress it.
[0m
[33mCMake Warning (dev) in CMakeLists.txt:
  Policy CMP0071 is not set: Let AUTOMOC and AUTOUIC process GENERATED files.
  Run "cmake --help-policy CMP0071" for policy details.  Use the cmake_policy
  command to set the policy and suppress this warning.

  For compatibility, CMake is excluding the GENERATED source file(s):

    "/home/samiksha/ros2_ws2/build/rviz_plugin_tutorial_msgs/rosidl_typesupport_c/rviz_plugin_tutorial_msgs/msg/point2_d__type_support.cpp"

  from processing by AUTOMOC.  If any of the files should be processed, set
  CMP0071 to NEW.  If any of the files should not be processed, explicitly
  exclude them by setting the source file property SKIP_AUTOMOC:

    set_property(SOURCE file.h PROPERTY SKIP_AUTOMOC ON)

This warning is for project developers.  Use -Wno-dev to suppress it.
[0m
[33mCMake Warning (dev) in CMakeLists.txt:
  Policy CMP0071 is not set: Let AUTOMOC and AUTOUIC process GENERATED files.
  Run "cmake --help-policy CMP0071" for policy details.  Use the cmake_policy
  command to set the policy and suppress this warning.

  For compatibility, CMake is excluding the GENERATED source file(s):

    "/home/samiksha/ros2_ws2/build/rviz_plugin_tutorial_msgs/rosidl_typesupport_introspection_cpp/rviz_plugin_tutorial_msgs/msg/detail/point2_d__rosidl_typesupport_introspection_cpp.hpp"
    "/home/samiksha/ros2_ws2/build/rviz_plugin_tutorial_msgs/rosidl_typesupport_introspection_cpp/rviz_plugin_tutorial_msgs/msg/detail/point2_d__type_support.cpp"

  from processing by AUTOMOC.  If any of the files should be processed, set
  CMP0071 to NEW.  If any of the files should not be processed, explicitly
  exclude them by setting the source file property SKIP_AUTOMOC:

    set_property(SOURCE file.h PROPERTY SKIP_AUTOMOC ON)

This warning is for project developers.  Use -Wno-dev to suppress it.
[0m
[33mCMake Warning (dev) in CMakeLists.txt:
  Policy CMP0071 is not set: Let AUTOMOC and AUTOUIC process GENERATED files.
  Run "cmake --help-policy CMP0071" for policy details.  Use the cmake_policy
  command to set the policy and suppress this warning.

  For compatibility, CMake is excluding the GENERATED source file(s):

    "/home/samiksha/ros2_ws2/build/rviz_plugin_tutorial_msgs/rosidl_typesupport_cpp/rviz_plugin_tutorial_msgs/msg/point2_d__type_support.cpp"

  from processing by AUTOMOC.  If any of the files should be processed, set
  CMP0071 to NEW.  If any of the files should not be processed, explicitly
  exclude them by setting the source file property SKIP_AUTOMOC:

    set_property(SOURCE file.h PROPERTY SKIP_AUTOMOC ON)

This warning is for project developers.  Use -Wno-dev to suppress it.
[0m
[33mCMake Warning (dev) in CMakeLists.txt:
  Policy CMP0071 is not set: Let AUTOMOC and AUTOUIC process GENERATED files.
  Run "cmake --help-policy CMP0071" for policy details.  Use the cmake_policy
  command to set the policy and suppress this warning.

  For compatibility, CMake is excluding the GENERATED source file(s):

    "/home/samiksha/ros2_ws2/build/rviz_plugin_tutorial_msgs/rosidl_generator_py/rviz_plugin_tutorial_msgs/msg/_point2_d_s.c"

  from processing by AUTOMOC.  If any of the files should be processed, set
  CMP0071 to NEW.  If any of the files should not be processed, explicitly
  exclude them by setting the source file property SKIP_AUTOMOC:

    set_property(SOURCE file.h PROPERTY SKIP_AUTOMOC ON)

This warning is for project developers.  Use -Wno-dev to suppress it.
[0m
[33mCMake Warning (dev) in CMakeLists.txt:
  Policy CMP0071 is not set: Let AUTOMOC and AUTOUIC process GENERATED files.
  Run "cmake --help-policy CMP0071" for policy details.  Use the cmake_policy
  command to set the policy and suppress this warning.

  For compatibility, CMake is excluding the GENERATED source file(s):

    "/home/samiksha/ros2_ws2/build/rviz_plugin_tutorial_msgs/rosidl_generator_py/rviz_plugin_tutorial_msgs/_rviz_plugin_tutorial_msgs_s.ep.rosidl_typesupport_fastrtps_c.c"

  from processing by AUTOMOC.  If any of the files should be processed, set
  CMP0071 to NEW.  If any of the files should not be processed, explicitly
  exclude them by setting the source file property SKIP_AUTOMOC:

    set_property(SOURCE file.h PROPERTY SKIP_AUTOMOC ON)

This warning is for project developers.  Use -Wno-dev to suppress it.
[0m
[33mCMake Warning (dev) in CMakeLists.txt:
  Policy CMP0071 is not set: Let AUTOMOC and AUTOUIC process GENERATED files.
  Run "cmake --help-policy CMP0071" for policy details.  Use the cmake_policy
  command to set the policy and suppress this warning.

  For compatibility, CMake is excluding the GENERATED source file(s):

    "/home/samiksha/ros2_ws2/build/rviz_plugin_tutorial_msgs/rosidl_generator_py/rviz_plugin_tutorial_msgs/_rviz_plugin_tutorial_msgs_s.ep.rosidl_typesupport_introspection_c.c"

  from processing by AUTOMOC.  If any of the files should be processed, set
  CMP0071 to NEW.  If any of the files should not be processed, explicitly
  exclude them by setting the source file property SKIP_AUTOMOC:

    set_property(SOURCE file.h PROPERTY SKIP_AUTOMOC ON)

This warning is for project developers.  Use -Wno-dev to suppress it.
[0m
[33mCMake Warning (dev) in CMakeLists.txt:
  Policy CMP0071 is not set: Let AUTOMOC and AUTOUIC process GENERATED files.
  Run "cmake --help-policy CMP0071" for policy details.  Use the cmake_policy
  command to set the policy and suppress this warning.

  For compatibility, CMake is excluding the GENERATED source file(s):

    "/home/samiksha/ros2_ws2/build/rviz_plugin_tutorial_msgs/rosidl_generator_py/rviz_plugin_tutorial_msgs/_rviz_plugin_tutorial_msgs_s.ep.rosidl_typesupport_c.c"

  from processing by AUTOMOC.  If any of the files should be processed, set
  CMP0071 to NEW.  If any of the files should not be processed, explicitly
  exclude them by setting the source file property SKIP_AUTOMOC:

    set_property(SOURCE file.h PROPERTY SKIP_AUTOMOC ON)

This warning is for project developers.  Use -Wno-dev to suppress it.
[0m
-- Generating done
-- Build files have been written to: /home/samiksha/ros2_ws2/build/rviz_plugin_tutorial_msgs
[  1%] [34m[1mAutomatic MOC for target rviz_plugin_tutorial_msgs__rosidl_generator_c[0m
[  3%] [34m[1mAutomatic MOC for target point_display[0m
[  5%] Built target rviz_plugin_tutorial_msgs__cpp
[  5%] Built target ament_cmake_python_copy_rviz_plugin_tutorial_msgs
[  6%] [34m[1mAutomatic MOC for target rviz_plugin_tutorial_msgs__rosidl_typesupport_introspection_cpp[0m
[  8%] [34m[1mAutomatic MOC for target rviz_plugin_tutorial_msgs__rosidl_typesupport_cpp[0m
[ 10%] [34m[1mAutomatic MOC for target rviz_plugin_tutorial_msgs__rosidl_typesupport_fastrtps_cpp[0m
[ 10%] Built target point_display_autogen
[ 10%] Built target rviz_plugin_tutorial_msgs__rosidl_generator_c_autogen
gmake[2]: *** No rule to make target '/home/samiksha/ros2_ws2/src/rviz_plugin_tutorial_msgs/include/rviz_plugin_tutorial/point_display.hpp', needed by 'include/rviz_plugin_tutorial/moc_point_display.cpp'.  Stop.
gmake[1]: *** [CMakeFiles/Makefile2:193: CMakeFiles/point_display.dir/all] Error 2
gmake[1]: *** Waiting for unfinished jobs....
[35m[1mConsolidate compiler generated dependencies of target rviz_plugin_tutorial_msgs__rosidl_generator_c[0m
[ 11%] [32mBuilding C object CMakeFiles/rviz_plugin_tutorial_msgs__rosidl_generator_c.dir/rosidl_generator_c/rviz_plugin_tutorial_msgs/msg/detail/point2_d__functions.c.o[0m
[ 13%] [32mBuilding CXX object CMakeFiles/rviz_plugin_tutorial_msgs__rosidl_generator_c.dir/rviz_plugin_tutorial_msgs__rosidl_generator_c_autogen/mocs_compilation.cpp.o[0m
[ 13%] Built target rviz_plugin_tutorial_msgs__rosidl_typesupport_introspection_cpp_autogen
[ 13%] Built target rviz_plugin_tutorial_msgs__rosidl_typesupport_fastrtps_cpp_autogen
[ 13%] Built target rviz_plugin_tutorial_msgs__rosidl_typesupport_cpp_autogen
[ 15%] [32m[1mLinking CXX shared library librviz_plugin_tutorial_msgs__rosidl_generator_c.so[0m
[ 16%] Built target rviz_plugin_tutorial_msgs__rosidl_generator_c
running egg_info
writing manifest file 'rviz_plugin_tutorial_msgs.egg-info/SOURCES.txt'
[ 16%] Built target ament_cmake_python_build_rviz_plugin_tutorial_msgs_egg
gmake: *** [Makefile:146: all] Error 2
