[0.546s] Invoking command in '/home/samiksha/ros2_ws2/build/rviz_plugin_tutorial_msgs': CMAKE_PREFIX_PATH=${CMAKE_PREFIX_PATH}:/home/samiksha/ros2_ws/install/task_controller:/home/samiksha/ros2_ws2/install/robo_descp:/home/samiksha/ros2_ws2/install/learning_tf2_py:/home/samiksha/ros2_ws2/install/launch_tutorial:/opt/ros/humble /usr/bin/cmake --build /home/samiksha/ros2_ws2/build/rviz_plugin_tutorial_msgs -- -j12 -l12
[0.568s] -- Found ament_cmake: 1.3.11 (/opt/ros/humble/share/ament_cmake/cmake)
[0.678s] -- Found std_msgs: 4.2.4 (/opt/ros/humble/share/std_msgs/cmake)
[0.700s] -- Found rosidl_generator_c: 3.1.6 (/opt/ros/humble/share/rosidl_generator_c/cmake)
[0.702s] -- Found rosidl_adapter: 3.1.6 (/opt/ros/humble/share/rosidl_adapter/cmake)
[0.706s] -- Found rosidl_generator_cpp: 3.1.6 (/opt/ros/humble/share/rosidl_generator_cpp/cmake)
[0.712s] -- Using all available rosidl_typesupport_c: rosidl_typesupport_fastrtps_c;rosidl_typesupport_introspection_c
[0.721s] -- Using all available rosidl_typesupport_cpp: rosidl_typesupport_fastrtps_cpp;rosidl_typesupport_introspection_cpp
[0.736s] -- Found rosidl_default_generators: 1.2.0 (/opt/ros/humble/share/rosidl_default_generators/cmake)
[0.740s] -- Found ament_cmake_ros: 0.10.0 (/opt/ros/humble/share/ament_cmake_ros/cmake)
[0.742s] -- Found pluginlib: 5.1.0 (/opt/ros/humble/share/pluginlib/cmake)
[0.752s] -- Found rviz_common: 11.2.14 (/opt/ros/humble/share/rviz_common/cmake)
[0.759s] -- Setting assimp_DIR to: '/opt/ros/humble/share/rviz_assimp_vendor/cmake/../../../opt/rviz_assimp_vendor/lib/cmake/assimp-4.1'
[0.761s] -- Setting OGRE_DIR to: '/opt/ros/humble/share/rviz_ogre_vendor/cmake/../../../opt/rviz_ogre_vendor/lib/OGRE/cmake'
[0.762s] -- Found OGRE
[0.762s] --   static     : OFF
[0.762s] --   components : HLMS;MeshLodGenerator;Overlay;Paging;Property;RTShaderSystem;Terrain;Volume
[0.762s] --   plugins    : Plugin_BSPSceneManager;Plugin_OctreeSceneManager;Plugin_PCZSceneManager;Plugin_ParticleFX;RenderSystem_GL;RenderSystem_GL3Plus;Codec_STBI
[0.762s] --   media      : /opt/ros/humble/opt/rviz_ogre_vendor/share/OGRE/Media
[0.762s] -- OGRE_LIBRARIES: OgreHLMS;OgreMeshLodGenerator;OgreOverlay;OgrePaging;OgreProperty;OgreRTShaderSystem;OgreTerrain;OgreVolume;OgreMain
[0.762s] -- OGRE_LIBRARY_DIRS: /opt/ros/humble/opt/rviz_ogre_vendor/lib
[0.762s] -- OGRE_PLUGINS: Plugin_BSPSceneManager;Plugin_OctreeSceneManager;Plugin_PCZSceneManager;Plugin_ParticleFX;RenderSystem_GL;RenderSystem_GL3Plus;Codec_STBI
[0.762s] -- OGRE_PLUGIN_DIR: /opt/ros/humble/opt/rviz_ogre_vendor/lib/OGRE
[0.762s] -- rviz_ogre_vendor::OgreOverlay for IMPORTED_LOCATION_RELEASE: /opt/ros/humble/opt/rviz_ogre_vendor/lib/libOgreOverlay.so
[0.762s] -- rviz_ogre_vendor::OgreOverlay for IMPORTED_LOCATION_DEBUG: /opt/ros/humble/opt/rviz_ogre_vendor/lib/libOgreOverlay.so
[0.762s] -- rviz_ogre_vendor::OgreMain for IMPORTED_LOCATION_RELEASE: /opt/ros/humble/opt/rviz_ogre_vendor/lib/libOgreMain.so
[0.762s] -- rviz_ogre_vendor::OgreMain for IMPORTED_LOCATION_DEBUG: /opt/ros/humble/opt/rviz_ogre_vendor/lib/libOgreMain.so
[0.820s] -- library: /usr/lib/x86_64-linux-gnu/libcurl.so
[0.856s] -- Found rmw_implementation_cmake: 6.1.2 (/opt/ros/humble/share/rmw_implementation_cmake/cmake)
[0.857s] -- Found rmw_fastrtps_cpp: 6.2.7 (/opt/ros/humble/share/rmw_fastrtps_cpp/cmake)
[0.869s] -- Found TinyXML2 via Config file: TinyXML2_DIR-NOTFOUND
[0.877s] -- Found TinyXML2 via Config file: TinyXML2_DIR-NOTFOUND
[0.889s] -- Found TinyXML2 via Config file: TinyXML2_DIR-NOTFOUND
[0.897s] -- Found TinyXML2 via Config file: TinyXML2_DIR-NOTFOUND
[0.907s] -- Using RMW implementation 'rmw_fastrtps_cpp' as default
[0.951s] -- Ensuring Eigen3 include directory is part of orocos-kdl CMake target
[1.460s] -- Using all available rosidl_typesupport_c: rosidl_typesupport_fastrtps_c;rosidl_typesupport_introspection_c
[1.563s] -- Using all available rosidl_typesupport_cpp: rosidl_typesupport_fastrtps_cpp;rosidl_typesupport_introspection_cpp
[1.582s] -- Found python_cmake_module: 0.10.0 (/opt/ros/humble/share/python_cmake_module/cmake)
[1.599s] -- Using PYTHON_EXECUTABLE: /usr/bin/python3
[1.599s] -- Using PYTHON_INCLUDE_DIRS: /usr/include/python3.10
[1.599s] -- Using PYTHON_LIBRARIES: /usr/lib/x86_64-linux-gnu/libpython3.10.so
[1.618s] -- Configuring done
[1.627s] [33mCMake Warning (dev) in CMakeLists.txt:
[1.627s]   Policy CMP0071 is not set: Let AUTOMOC and AUTOUIC process GENERATED files.
[1.627s]   Run "cmake --help-policy CMP0071" for policy details.  Use the cmake_policy
[1.627s]   command to set the policy and suppress this warning.
[1.627s] 
[1.627s]   For compatibility, CMake is excluding the GENERATED source file(s):
[1.627s] 
[1.627s]     "/home/samiksha/ros2_ws2/build/rviz_plugin_tutorial_msgs/rosidl_generator_c/rviz_plugin_tutorial_msgs/msg/point2_d.h"
[1.627s]     "/home/samiksha/ros2_ws2/build/rviz_plugin_tutorial_msgs/rosidl_generator_c/rviz_plugin_tutorial_msgs/msg/detail/point2_d__functions.h"
[1.627s]     "/home/samiksha/ros2_ws2/build/rviz_plugin_tutorial_msgs/rosidl_generator_c/rviz_plugin_tutorial_msgs/msg/detail/point2_d__struct.h"
[1.627s]     "/home/samiksha/ros2_ws2/build/rviz_plugin_tutorial_msgs/rosidl_generator_c/rviz_plugin_tutorial_msgs/msg/detail/point2_d__type_support.h"
[1.627s]     "/home/samiksha/ros2_ws2/build/rviz_plugin_tutorial_msgs/rosidl_generator_c/rviz_plugin_tutorial_msgs/msg/detail/point2_d__functions.c"
[1.627s] 
[1.627s]   from processing by AUTOMOC.  If any of the files should be processed, set
[1.627s]   CMP0071 to NEW.  If any of the files should not be processed, explicitly
[1.627s]   exclude them by setting the source file property SKIP_AUTOMOC:
[1.627s] 
[1.627s]     set_property(SOURCE file.h PROPERTY SKIP_AUTOMOC ON)
[1.628s] 
[1.628s] This warning is for project developers.  Use -Wno-dev to suppress it.
[1.628s] [0m
[1.628s] [33mCMake Warning (dev) in CMakeLists.txt:
[1.628s]   Policy CMP0071 is not set: Let AUTOMOC and AUTOUIC process GENERATED files.
[1.628s]   Run "cmake --help-policy CMP0071" for policy details.  Use the cmake_policy
[1.628s]   command to set the policy and suppress this warning.
[1.628s] 
[1.628s]   For compatibility, CMake is excluding the GENERATED source file(s):
[1.628s] 
[1.628s]     "/home/samiksha/ros2_ws2/build/rviz_plugin_tutorial_msgs/rosidl_typesupport_fastrtps_c/rviz_plugin_tutorial_msgs/msg/detail/point2_d__rosidl_typesupport_fastrtps_c.h"
[1.628s]     "/home/samiksha/ros2_ws2/build/rviz_plugin_tutorial_msgs/rosidl_typesupport_fastrtps_c/rviz_plugin_tutorial_msgs/msg/detail/point2_d__type_support_c.cpp"
[1.628s] 
[1.628s]   from processing by AUTOMOC.  If any of the files should be processed, set
[1.628s]   CMP0071 to NEW.  If any of the files should not be processed, explicitly
[1.628s]   exclude them by setting the source file property SKIP_AUTOMOC:
[1.628s] 
[1.628s]     set_property(SOURCE file.h PROPERTY SKIP_AUTOMOC ON)
[1.628s] 
[1.628s] This warning is for project developers.  Use -Wno-dev to suppress it.
[1.628s] [0m
[1.628s] [33mCMake Warning (dev) in CMakeLists.txt:
[1.628s]   Policy CMP0071 is not set: Let AUTOMOC and AUTOUIC process GENERATED files.
[1.628s]   Run "cmake --help-policy CMP0071" for policy details.  Use the cmake_policy
[1.628s]   command to set the policy and suppress this warning.
[1.628s] 
[1.628s]   For compatibility, CMake is excluding the GENERATED source file(s):
[1.628s] 
[1.629s]     "/home/samiksha/ros2_ws2/build/rviz_plugin_tutorial_msgs/rosidl_typesupport_fastrtps_cpp/rviz_plugin_tutorial_msgs/msg/detail/dds_fastrtps/point2_d__type_support.cpp"
[1.629s]     "/home/samiksha/ros2_ws2/build/rviz_plugin_tutorial_msgs/rosidl_typesupport_fastrtps_cpp/rviz_plugin_tutorial_msgs/msg/detail/point2_d__rosidl_typesupport_fastrtps_cpp.hpp"
[1.629s] 
[1.629s]   from processing by AUTOMOC.  If any of the files should be processed, set
[1.629s]   CMP0071 to NEW.  If any of the files should not be processed, explicitly
[1.629s]   exclude them by setting the source file property SKIP_AUTOMOC:
[1.629s] 
[1.629s]     set_property(SOURCE file.h PROPERTY SKIP_AUTOMOC ON)
[1.629s] 
[1.629s] This warning is for project developers.  Use -Wno-dev to suppress it.
[1.629s] [0m
[1.629s] [33mCMake Warning (dev) in CMakeLists.txt:
[1.629s]   Policy CMP0071 is not set: Let AUTOMOC and AUTOUIC process GENERATED files.
[1.629s]   Run "cmake --help-policy CMP0071" for policy details.  Use the cmake_policy
[1.629s]   command to set the policy and suppress this warning.
[1.629s] 
[1.629s]   For compatibility, CMake is excluding the GENERATED source file(s):
[1.629s] 
[1.629s]     "/home/samiksha/ros2_ws2/build/rviz_plugin_tutorial_msgs/rosidl_typesupport_introspection_c/rviz_plugin_tutorial_msgs/msg/detail/point2_d__rosidl_typesupport_introspection_c.h"
[1.629s]     "/home/samiksha/ros2_ws2/build/rviz_plugin_tutorial_msgs/rosidl_typesupport_introspection_c/rviz_plugin_tutorial_msgs/msg/detail/point2_d__type_support.c"
[1.629s] 
[1.629s]   from processing by AUTOMOC.  If any of the files should be processed, set
[1.629s]   CMP0071 to NEW.  If any of the files should not be processed, explicitly
[1.629s]   exclude them by setting the source file property SKIP_AUTOMOC:
[1.629s] 
[1.629s]     set_property(SOURCE file.h PROPERTY SKIP_AUTOMOC ON)
[1.629s] 
[1.629s] This warning is for project developers.  Use -Wno-dev to suppress it.
[1.630s] [0m
[1.630s] [33mCMake Warning (dev) in CMakeLists.txt:
[1.630s]   Policy CMP0071 is not set: Let AUTOMOC and AUTOUIC process GENERATED files.
[1.630s]   Run "cmake --help-policy CMP0071" for policy details.  Use the cmake_policy
[1.630s]   command to set the policy and suppress this warning.
[1.630s] 
[1.630s]   For compatibility, CMake is excluding the GENERATED source file(s):
[1.630s] 
[1.630s]     "/home/samiksha/ros2_ws2/build/rviz_plugin_tutorial_msgs/rosidl_typesupport_c/rviz_plugin_tutorial_msgs/msg/point2_d__type_support.cpp"
[1.630s] 
[1.630s]   from processing by AUTOMOC.  If any of the files should be processed, set
[1.630s]   CMP0071 to NEW.  If any of the files should not be processed, explicitly
[1.630s]   exclude them by setting the source file property SKIP_AUTOMOC:
[1.630s] 
[1.630s]     set_property(SOURCE file.h PROPERTY SKIP_AUTOMOC ON)
[1.630s] 
[1.630s] This warning is for project developers.  Use -Wno-dev to suppress it.
[1.630s] [0m
[1.630s] [33mCMake Warning (dev) in CMakeLists.txt:
[1.630s]   Policy CMP0071 is not set: Let AUTOMOC and AUTOUIC process GENERATED files.
[1.630s]   Run "cmake --help-policy CMP0071" for policy details.  Use the cmake_policy
[1.630s]   command to set the policy and suppress this warning.
[1.630s] 
[1.630s]   For compatibility, CMake is excluding the GENERATED source file(s):
[1.630s] 
[1.630s]     "/home/samiksha/ros2_ws2/build/rviz_plugin_tutorial_msgs/rosidl_typesupport_introspection_cpp/rviz_plugin_tutorial_msgs/msg/detail/point2_d__rosidl_typesupport_introspection_cpp.hpp"
[1.630s]     "/home/samiksha/ros2_ws2/build/rviz_plugin_tutorial_msgs/rosidl_typesupport_introspection_cpp/rviz_plugin_tutorial_msgs/msg/detail/point2_d__type_support.cpp"
[1.630s] 
[1.630s]   from processing by AUTOMOC.  If any of the files should be processed, set
[1.630s]   CMP0071 to NEW.  If any of the files should not be processed, explicitly
[1.630s]   exclude them by setting the source file property SKIP_AUTOMOC:
[1.630s] 
[1.630s]     set_property(SOURCE file.h PROPERTY SKIP_AUTOMOC ON)
[1.630s] 
[1.630s] This warning is for project developers.  Use -Wno-dev to suppress it.
[1.630s] [0m
[1.630s] [33mCMake Warning (dev) in CMakeLists.txt:
[1.630s]   Policy CMP0071 is not set: Let AUTOMOC and AUTOUIC process GENERATED files.
[1.630s]   Run "cmake --help-policy CMP0071" for policy details.  Use the cmake_policy
[1.630s]   command to set the policy and suppress this warning.
[1.630s] 
[1.630s]   For compatibility, CMake is excluding the GENERATED source file(s):
[1.630s] 
[1.630s]     "/home/samiksha/ros2_ws2/build/rviz_plugin_tutorial_msgs/rosidl_typesupport_cpp/rviz_plugin_tutorial_msgs/msg/point2_d__type_support.cpp"
[1.630s] 
[1.631s]   from processing by AUTOMOC.  If any of the files should be processed, set
[1.631s]   CMP0071 to NEW.  If any of the files should not be processed, explicitly
[1.631s]   exclude them by setting the source file property SKIP_AUTOMOC:
[1.631s] 
[1.631s]     set_property(SOURCE file.h PROPERTY SKIP_AUTOMOC ON)
[1.631s] 
[1.631s] This warning is for project developers.  Use -Wno-dev to suppress it.
[1.631s] [0m
[1.631s] [33mCMake Warning (dev) in CMakeLists.txt:
[1.631s]   Policy CMP0071 is not set: Let AUTOMOC and AUTOUIC process GENERATED files.
[1.631s]   Run "cmake --help-policy CMP0071" for policy details.  Use the cmake_policy
[1.631s]   command to set the policy and suppress this warning.
[1.631s] 
[1.631s]   For compatibility, CMake is excluding the GENERATED source file(s):
[1.631s] 
[1.631s]     "/home/samiksha/ros2_ws2/build/rviz_plugin_tutorial_msgs/rosidl_generator_py/rviz_plugin_tutorial_msgs/msg/_point2_d_s.c"
[1.631s] 
[1.631s]   from processing by AUTOMOC.  If any of the files should be processed, set
[1.631s]   CMP0071 to NEW.  If any of the files should not be processed, explicitly
[1.631s]   exclude them by setting the source file property SKIP_AUTOMOC:
[1.631s] 
[1.631s]     set_property(SOURCE file.h PROPERTY SKIP_AUTOMOC ON)
[1.631s] 
[1.631s] This warning is for project developers.  Use -Wno-dev to suppress it.
[1.631s] [0m
[1.631s] [33mCMake Warning (dev) in CMakeLists.txt:
[1.631s]   Policy CMP0071 is not set: Let AUTOMOC and AUTOUIC process GENERATED files.
[1.631s]   Run "cmake --help-policy CMP0071" for policy details.  Use the cmake_policy
[1.631s]   command to set the policy and suppress this warning.
[1.631s] 
[1.631s]   For compatibility, CMake is excluding the GENERATED source file(s):
[1.631s] 
[1.631s]     "/home/samiksha/ros2_ws2/build/rviz_plugin_tutorial_msgs/rosidl_generator_py/rviz_plugin_tutorial_msgs/_rviz_plugin_tutorial_msgs_s.ep.rosidl_typesupport_fastrtps_c.c"
[1.631s] 
[1.631s]   from processing by AUTOMOC.  If any of the files should be processed, set
[1.631s]   CMP0071 to NEW.  If any of the files should not be processed, explicitly
[1.631s]   exclude them by setting the source file property SKIP_AUTOMOC:
[1.631s] 
[1.631s]     set_property(SOURCE file.h PROPERTY SKIP_AUTOMOC ON)
[1.631s] 
[1.631s] This warning is for project developers.  Use -Wno-dev to suppress it.
[1.631s] [0m
[1.631s] [33mCMake Warning (dev) in CMakeLists.txt:
[1.631s]   Policy CMP0071 is not set: Let AUTOMOC and AUTOUIC process GENERATED files.
[1.631s]   Run "cmake --help-policy CMP0071" for policy details.  Use the cmake_policy
[1.631s]   command to set the policy and suppress this warning.
[1.632s] 
[1.632s]   For compatibility, CMake is excluding the GENERATED source file(s):
[1.632s] 
[1.632s]     "/home/samiksha/ros2_ws2/build/rviz_plugin_tutorial_msgs/rosidl_generator_py/rviz_plugin_tutorial_msgs/_rviz_plugin_tutorial_msgs_s.ep.rosidl_typesupport_introspection_c.c"
[1.632s] 
[1.632s]   from processing by AUTOMOC.  If any of the files should be processed, set
[1.632s]   CMP0071 to NEW.  If any of the files should not be processed, explicitly
[1.632s]   exclude them by setting the source file property SKIP_AUTOMOC:
[1.632s] 
[1.632s]     set_property(SOURCE file.h PROPERTY SKIP_AUTOMOC ON)
[1.632s] 
[1.632s] This warning is for project developers.  Use -Wno-dev to suppress it.
[1.632s] [0m
[1.632s] [33mCMake Warning (dev) in CMakeLists.txt:
[1.632s]   Policy CMP0071 is not set: Let AUTOMOC and AUTOUIC process GENERATED files.
[1.632s]   Run "cmake --help-policy CMP0071" for policy details.  Use the cmake_policy
[1.632s]   command to set the policy and suppress this warning.
[1.632s] 
[1.632s]   For compatibility, CMake is excluding the GENERATED source file(s):
[1.632s] 
[1.632s]     "/home/samiksha/ros2_ws2/build/rviz_plugin_tutorial_msgs/rosidl_generator_py/rviz_plugin_tutorial_msgs/_rviz_plugin_tutorial_msgs_s.ep.rosidl_typesupport_c.c"
[1.632s] 
[1.632s]   from processing by AUTOMOC.  If any of the files should be processed, set
[1.632s]   CMP0071 to NEW.  If any of the files should not be processed, explicitly
[1.632s]   exclude them by setting the source file property SKIP_AUTOMOC:
[1.632s] 
[1.632s]     set_property(SOURCE file.h PROPERTY SKIP_AUTOMOC ON)
[1.632s] 
[1.632s] This warning is for project developers.  Use -Wno-dev to suppress it.
[1.632s] [0m
[1.662s] -- Generating done
[1.672s] -- Build files have been written to: /home/samiksha/ros2_ws2/build/rviz_plugin_tutorial_msgs
[1.700s] [  1%] [34m[1mAutomatic MOC for target rviz_plugin_tutorial_msgs__rosidl_generator_c[0m
[1.700s] [  3%] [34m[1mAutomatic MOC for target point_display[0m
[1.704s] [  5%] Built target rviz_plugin_tutorial_msgs__cpp
[1.706s] [  5%] Built target ament_cmake_python_copy_rviz_plugin_tutorial_msgs
[1.721s] [  6%] [34m[1mAutomatic MOC for target rviz_plugin_tutorial_msgs__rosidl_typesupport_introspection_cpp[0m
[1.721s] [  8%] [34m[1mAutomatic MOC for target rviz_plugin_tutorial_msgs__rosidl_typesupport_cpp[0m
[1.722s] [ 10%] [34m[1mAutomatic MOC for target rviz_plugin_tutorial_msgs__rosidl_typesupport_fastrtps_cpp[0m
[1.722s] [ 10%] Built target point_display_autogen
[1.723s] [ 10%] Built target rviz_plugin_tutorial_msgs__rosidl_generator_c_autogen
[1.725s] gmake[2]: *** No rule to make target '/home/samiksha/ros2_ws2/src/rviz_plugin_tutorial_msgs/include/rviz_plugin_tutorial/point_display.hpp', needed by 'include/rviz_plugin_tutorial/moc_point_display.cpp'.  Stop.
[1.725s] gmake[1]: *** [CMakeFiles/Makefile2:193: CMakeFiles/point_display.dir/all] Error 2
[1.725s] gmake[1]: *** Waiting for unfinished jobs....
[1.732s] [35m[1mConsolidate compiler generated dependencies of target rviz_plugin_tutorial_msgs__rosidl_generator_c[0m
[1.742s] [ 11%] [32mBuilding C object CMakeFiles/rviz_plugin_tutorial_msgs__rosidl_generator_c.dir/rosidl_generator_c/rviz_plugin_tutorial_msgs/msg/detail/point2_d__functions.c.o[0m
[1.742s] [ 13%] [32mBuilding CXX object CMakeFiles/rviz_plugin_tutorial_msgs__rosidl_generator_c.dir/rviz_plugin_tutorial_msgs__rosidl_generator_c_autogen/mocs_compilation.cpp.o[0m
[1.745s] [ 13%] Built target rviz_plugin_tutorial_msgs__rosidl_typesupport_introspection_cpp_autogen
[1.746s] [ 13%] Built target rviz_plugin_tutorial_msgs__rosidl_typesupport_fastrtps_cpp_autogen
[1.746s] [ 13%] Built target rviz_plugin_tutorial_msgs__rosidl_typesupport_cpp_autogen
[1.774s] [ 15%] [32m[1mLinking CXX shared library librviz_plugin_tutorial_msgs__rosidl_generator_c.so[0m
[1.808s] [ 16%] Built target rviz_plugin_tutorial_msgs__rosidl_generator_c
[1.878s] running egg_info
[1.880s] writing manifest file 'rviz_plugin_tutorial_msgs.egg-info/SOURCES.txt'
[1.898s] [ 16%] Built target ament_cmake_python_build_rviz_plugin_tutorial_msgs_egg
[1.899s] gmake: *** [Makefile:146: all] Error 2
[1.901s] Invoked command in '/home/samiksha/ros2_ws2/build/rviz_plugin_tutorial_msgs' returned '2': CMAKE_PREFIX_PATH=${CMAKE_PREFIX_PATH}:/home/samiksha/ros2_ws/install/task_controller:/home/samiksha/ros2_ws2/install/robo_descp:/home/samiksha/ros2_ws2/install/learning_tf2_py:/home/samiksha/ros2_ws2/install/launch_tutorial:/opt/ros/humble /usr/bin/cmake --build /home/samiksha/ros2_ws2/build/rviz_plugin_tutorial_msgs -- -j12 -l12
