-- The C compiler identification is GNU 11.4.0
-- The CXX compiler identification is GNU 11.4.0
-- Detecting C compiler ABI info
-- Detecting C compiler ABI info - done
-- Check for working C compiler: /usr/bin/cc - skipped
-- Detecting C compile features
-- Detecting C compile features - done
-- Detecting CXX compiler ABI info
-- Detecting CXX compiler ABI info - done
-- Check for working CXX compiler: /usr/bin/c++ - skipped
-- Detecting CXX compile features
-- Detecting CXX compile features - done
-- Found ament_cmake: 1.3.11 (/opt/ros/humble/share/ament_cmake/cmake)
-- Found Python3: /usr/bin/python3 (found version "3.10.12") found components: Interpreter 
-- Found rclcpp: 16.0.11 (/opt/ros/humble/share/rclcpp/cmake)
-- Found rosidl_generator_c: 3.1.6 (/opt/ros/humble/share/rosidl_generator_c/cmake)
-- Found rosidl_adapter: 3.1.6 (/opt/ros/humble/share/rosidl_adapter/cmake)
-- Found rosidl_generator_cpp: 3.1.6 (/opt/ros/humble/share/rosidl_generator_cpp/cmake)
-- Using all available rosidl_typesupport_c: rosidl_typesupport_fastrtps_c;rosidl_typesupport_introspection_c
-- Using all available rosidl_typesupport_cpp: rosidl_typesupport_fastrtps_cpp;rosidl_typesupport_introspection_cpp
-- Found rmw_implementation_cmake: 6.1.2 (/opt/ros/humble/share/rmw_implementation_cmake/cmake)
-- Found rmw_fastrtps_cpp: 6.2.7 (/opt/ros/humble/share/rmw_fastrtps_cpp/cmake)
-- Found OpenSSL: /usr/lib/x86_64-linux-gnu/libcrypto.so (found version "3.0.2")  
-- Found FastRTPS: /opt/ros/humble/include  
-- Using RMW implementation 'rmw_fastrtps_cpp' as default
-- Looking for pthread.h
-- Looking for pthread.h - found
-- Performing Test CMAKE_HAVE_LIBC_PTHREAD
-- Performing Test CMAKE_HAVE_LIBC_PTHREAD - Success
-- Found Threads: TRUE  
-- Found example_interfaces: 0.9.3 (/opt/ros/humble/share/example_interfaces/cmake)
-- Configuring done
-- Generating done
-- Build files have been written to: /home/samiksha/ros2_ws/build/my_package
[ 12%] [32mBuilding CXX object CMakeFiles/server_doc.dir/src/service_doc.cpp.o[0m
[ 25%] [32mBuilding CXX object CMakeFiles/listener.dir/src/subscriber_member_function.cpp.o[0m
[ 37%] [32mBuilding CXX object CMakeFiles/talker.dir/src/publisher_member_function.cpp.o[0m
[ 50%] [32mBuilding CXX object CMakeFiles/client_doc.dir/src/client_doc.cpp.o[0m
[ 62%] [32m[1mLinking CXX executable server_doc[0m
[ 62%] Built target server_doc
[ 75%] [32m[1mLinking CXX executable client_doc[0m
[ 75%] Built target client_doc
[ 87%] [32m[1mLinking CXX executable talker[0m
[ 87%] Built target talker
[100%] [32m[1mLinking CXX executable listener[0m
[100%] Built target listener
-- Install configuration: ""
-- Installing: /home/samiksha/ros2_ws/install/my_package/lib/my_package/talker
-- Set runtime path of "/home/samiksha/ros2_ws/install/my_package/lib/my_package/talker" to ""
-- Installing: /home/samiksha/ros2_ws/install/my_package/lib/my_package/listener
-- Set runtime path of "/home/samiksha/ros2_ws/install/my_package/lib/my_package/listener" to ""
-- Installing: /home/samiksha/ros2_ws/install/my_package/lib/my_package/server_doc
-- Set runtime path of "/home/samiksha/ros2_ws/install/my_package/lib/my_package/server_doc" to ""
-- Installing: /home/samiksha/ros2_ws/install/my_package/lib/my_package/client_doc
-- Set runtime path of "/home/samiksha/ros2_ws/install/my_package/lib/my_package/client_doc" to ""
-- Installing: /home/samiksha/ros2_ws/install/my_package/share/ament_index/resource_index/package_run_dependencies/my_package
-- Installing: /home/samiksha/ros2_ws/install/my_package/share/ament_index/resource_index/parent_prefix_path/my_package
-- Installing: /home/samiksha/ros2_ws/install/my_package/share/my_package/environment/ament_prefix_path.sh
-- Installing: /home/samiksha/ros2_ws/install/my_package/share/my_package/environment/ament_prefix_path.dsv
-- Installing: /home/samiksha/ros2_ws/install/my_package/share/my_package/environment/path.sh
-- Installing: /home/samiksha/ros2_ws/install/my_package/share/my_package/environment/path.dsv
-- Installing: /home/samiksha/ros2_ws/install/my_package/share/my_package/local_setup.bash
-- Installing: /home/samiksha/ros2_ws/install/my_package/share/my_package/local_setup.sh
-- Installing: /home/samiksha/ros2_ws/install/my_package/share/my_package/local_setup.zsh
-- Installing: /home/samiksha/ros2_ws/install/my_package/share/my_package/local_setup.dsv
-- Installing: /home/samiksha/ros2_ws/install/my_package/share/my_package/package.dsv
-- Installing: /home/samiksha/ros2_ws/install/my_package/share/ament_index/resource_index/packages/my_package
-- Installing: /home/samiksha/ros2_ws/install/my_package/share/my_package/cmake/my_packageConfig.cmake
-- Installing: /home/samiksha/ros2_ws/install/my_package/share/my_package/cmake/my_packageConfig-version.cmake
-- Installing: /home/samiksha/ros2_ws/install/my_package/share/my_package/package.xml
