[0.010s] Invoking command in '/home/samiksha/ros2_ws/build/my_package': CMAKE_PREFIX_PATH=${CMAKE_PREFIX_PATH}:/home/samiksha/ros2_ws/install/task_controller:/opt/ros/humble /usr/bin/cmake /home/samiksha/ros2_ws/src/task_controller_cpp -DCMAKE_INSTALL_PREFIX=/home/samiksha/ros2_ws/install/my_package
[0.183s] -- The C compiler identification is GNU 11.4.0
[0.183s] -- The CXX compiler identification is GNU 11.4.0
[0.183s] -- Detecting C compiler ABI info
[0.183s] -- Detecting C compiler ABI info - done
[0.183s] -- Check for working C compiler: /usr/bin/cc - skipped
[0.183s] -- Detecting C compile features
[0.183s] -- Detecting C compile features - done
[0.183s] -- Detecting CXX compiler ABI info
[0.208s] -- Detecting CXX compiler ABI info - done
[0.213s] -- Check for working CXX compiler: /usr/bin/c++ - skipped
[0.213s] -- Detecting CXX compile features
[0.213s] -- Detecting CXX compile features - done
[0.215s] -- Found ament_cmake: 1.3.11 (/opt/ros/humble/share/ament_cmake/cmake)
[0.770s] -- Found Python3: /usr/bin/python3 (found version "3.10.12") found components: Interpreter 
[0.840s] -- Found rclcpp: 16.0.11 (/opt/ros/humble/share/rclcpp/cmake)
[0.863s] -- Found rosidl_generator_c: 3.1.6 (/opt/ros/humble/share/rosidl_generator_c/cmake)
[0.866s] -- Found rosidl_adapter: 3.1.6 (/opt/ros/humble/share/rosidl_adapter/cmake)
[0.870s] -- Found rosidl_generator_cpp: 3.1.6 (/opt/ros/humble/share/rosidl_generator_cpp/cmake)
[0.878s] -- Using all available rosidl_typesupport_c: rosidl_typesupport_fastrtps_c;rosidl_typesupport_introspection_c
[0.890s] -- Using all available rosidl_typesupport_cpp: rosidl_typesupport_fastrtps_cpp;rosidl_typesupport_introspection_cpp
[0.942s] -- Found rmw_implementation_cmake: 6.1.2 (/opt/ros/humble/share/rmw_implementation_cmake/cmake)
[0.946s] -- Found rmw_fastrtps_cpp: 6.2.7 (/opt/ros/humble/share/rmw_fastrtps_cpp/cmake)
[1.055s] -- Found OpenSSL: /usr/lib/x86_64-linux-gnu/libcrypto.so (found version "3.0.2")  
[1.081s] -- Found FastRTPS: /opt/ros/humble/include  
[1.120s] -- Using RMW implementation 'rmw_fastrtps_cpp' as default
[1.128s] -- Looking for pthread.h
[1.199s] -- Looking for pthread.h - found
[1.199s] -- Performing Test CMAKE_HAVE_LIBC_PTHREAD
[1.282s] -- Performing Test CMAKE_HAVE_LIBC_PTHREAD - Success
[1.283s] -- Found Threads: TRUE  
[1.357s] -- Found example_interfaces: 0.9.3 (/opt/ros/humble/share/example_interfaces/cmake)
[1.487s] -- Configuring done
[1.499s] -- Generating done
[1.504s] -- Build files have been written to: /home/samiksha/ros2_ws/build/my_package
[1.511s] Invoked command in '/home/samiksha/ros2_ws/build/my_package' returned '0': CMAKE_PREFIX_PATH=${CMAKE_PREFIX_PATH}:/home/samiksha/ros2_ws/install/task_controller:/opt/ros/humble /usr/bin/cmake /home/samiksha/ros2_ws/src/task_controller_cpp -DCMAKE_INSTALL_PREFIX=/home/samiksha/ros2_ws/install/my_package
[1.512s] Invoking command in '/home/samiksha/ros2_ws/build/my_package': CMAKE_PREFIX_PATH=${CMAKE_PREFIX_PATH}:/home/samiksha/ros2_ws/install/task_controller:/opt/ros/humble /usr/bin/cmake --build /home/samiksha/ros2_ws/build/my_package -- -j12 -l12
[1.555s] [ 12%] [32mBuilding CXX object CMakeFiles/server_doc.dir/src/service_doc.cpp.o[0m
[1.558s] [ 25%] [32mBuilding CXX object CMakeFiles/listener.dir/src/subscriber_member_function.cpp.o[0m
[1.558s] [ 37%] [32mBuilding CXX object CMakeFiles/talker.dir/src/publisher_member_function.cpp.o[0m
[1.559s] [ 50%] [32mBuilding CXX object CMakeFiles/client_doc.dir/src/client_doc.cpp.o[0m
[5.460s] [ 62%] [32m[1mLinking CXX executable server_doc[0m
[5.752s] [ 62%] Built target server_doc
[6.643s] [ 75%] [32m[1mLinking CXX executable client_doc[0m
[6.941s] [ 75%] Built target client_doc
[7.117s] [ 87%] [32m[1mLinking CXX executable talker[0m
[7.381s] [ 87%] Built target talker
[11.416s] [100%] [32m[1mLinking CXX executable listener[0m
[11.836s] [100%] Built target listener
[11.847s] Invoked command in '/home/samiksha/ros2_ws/build/my_package' returned '0': CMAKE_PREFIX_PATH=${CMAKE_PREFIX_PATH}:/home/samiksha/ros2_ws/install/task_controller:/opt/ros/humble /usr/bin/cmake --build /home/samiksha/ros2_ws/build/my_package -- -j12 -l12
[11.849s] Invoking command in '/home/samiksha/ros2_ws/build/my_package': CMAKE_PREFIX_PATH=${CMAKE_PREFIX_PATH}:/home/samiksha/ros2_ws/install/task_controller:/opt/ros/humble /usr/bin/cmake --install /home/samiksha/ros2_ws/build/my_package
[11.858s] -- Install configuration: ""
[11.858s] -- Installing: /home/samiksha/ros2_ws/install/my_package/lib/my_package/talker
[11.859s] -- Set runtime path of "/home/samiksha/ros2_ws/install/my_package/lib/my_package/talker" to ""
[11.859s] -- Installing: /home/samiksha/ros2_ws/install/my_package/lib/my_package/listener
[11.861s] -- Set runtime path of "/home/samiksha/ros2_ws/install/my_package/lib/my_package/listener" to ""
[11.862s] -- Installing: /home/samiksha/ros2_ws/install/my_package/lib/my_package/server_doc
[11.862s] -- Set runtime path of "/home/samiksha/ros2_ws/install/my_package/lib/my_package/server_doc" to ""
[11.862s] -- Installing: /home/samiksha/ros2_ws/install/my_package/lib/my_package/client_doc
[11.863s] -- Set runtime path of "/home/samiksha/ros2_ws/install/my_package/lib/my_package/client_doc" to ""
[11.863s] -- Installing: /home/samiksha/ros2_ws/install/my_package/share/ament_index/resource_index/package_run_dependencies/my_package
[11.863s] -- Installing: /home/samiksha/ros2_ws/install/my_package/share/ament_index/resource_index/parent_prefix_path/my_package
[11.863s] -- Installing: /home/samiksha/ros2_ws/install/my_package/share/my_package/environment/ament_prefix_path.sh
[11.863s] -- Installing: /home/samiksha/ros2_ws/install/my_package/share/my_package/environment/ament_prefix_path.dsv
[11.863s] -- Installing: /home/samiksha/ros2_ws/install/my_package/share/my_package/environment/path.sh
[11.863s] -- Installing: /home/samiksha/ros2_ws/install/my_package/share/my_package/environment/path.dsv
[11.864s] -- Installing: /home/samiksha/ros2_ws/install/my_package/share/my_package/local_setup.bash
[11.864s] -- Installing: /home/samiksha/ros2_ws/install/my_package/share/my_package/local_setup.sh
[11.864s] -- Installing: /home/samiksha/ros2_ws/install/my_package/share/my_package/local_setup.zsh
[11.864s] -- Installing: /home/samiksha/ros2_ws/install/my_package/share/my_package/local_setup.dsv
[11.864s] -- Installing: /home/samiksha/ros2_ws/install/my_package/share/my_package/package.dsv
[11.864s] -- Installing: /home/samiksha/ros2_ws/install/my_package/share/ament_index/resource_index/packages/my_package
[11.864s] -- Installing: /home/samiksha/ros2_ws/install/my_package/share/my_package/cmake/my_packageConfig.cmake
[11.864s] -- Installing: /home/samiksha/ros2_ws/install/my_package/share/my_package/cmake/my_packageConfig-version.cmake
[11.864s] -- Installing: /home/samiksha/ros2_ws/install/my_package/share/my_package/package.xml
[11.867s] Invoked command in '/home/samiksha/ros2_ws/build/my_package' returned '0': CMAKE_PREFIX_PATH=${CMAKE_PREFIX_PATH}:/home/samiksha/ros2_ws/install/task_controller:/opt/ros/humble /usr/bin/cmake --install /home/samiksha/ros2_ws/build/my_package
