[0.566s] Invoking command in '/home/samiksha/ros2_ws2/build/rviz_plugin_tutorial': CMAKE_PREFIX_PATH=${CMAKE_PREFIX_PATH}:/home/samiksha/ros2_ws/install/task_controller:/home/samiksha/ros2_ws2/install/robo_descp:/home/samiksha/ros2_ws2/install/learning_tf2_py:/home/samiksha/ros2_ws2/install/launch_tutorial:/opt/ros/humble /usr/bin/cmake /home/samiksha/ros2_ws2/src/rviz_plugin_tutorial -DCMAKE_INSTALL_PREFIX=/home/samiksha/ros2_ws2/install/rviz_plugin_tutorial
[0.621s] -- The C compiler identification is GNU 11.4.0
[0.669s] -- The CXX compiler identification is GNU 11.4.0
[0.677s] -- Detecting C compiler ABI info
[0.731s] -- Detecting C compiler ABI info - done
[0.740s] -- Check for working C compiler: /usr/bin/cc - skipped
[0.740s] -- Detecting C compile features
[0.740s] -- Detecting C compile features - done
[0.743s] -- Detecting CXX compiler ABI info
[0.804s] -- Detecting CXX compiler ABI info - done
[0.813s] -- Check for working CXX compiler: /usr/bin/c++ - skipped
[0.814s] -- Detecting CXX compile features
[0.814s] -- Detecting CXX compile features - done
[0.817s] -- Found ament_cmake: 1.3.11 (/opt/ros/humble/share/ament_cmake/cmake)
[1.278s] -- Found Python3: /usr/bin/python3 (found version "3.10.12") found components: Interpreter 
[1.361s] -- Found rosidl_default_generators: 1.2.0 (/opt/ros/humble/share/rosidl_default_generators/cmake)
[1.366s] -- Using all available rosidl_typesupport_c: rosidl_typesupport_fastrtps_c;rosidl_typesupport_introspection_c
[1.372s] -- Found rosidl_adapter: 3.1.6 (/opt/ros/humble/share/rosidl_adapter/cmake)
[1.401s] -- Using all available rosidl_typesupport_cpp: rosidl_typesupport_fastrtps_cpp;rosidl_typesupport_introspection_cpp
[1.423s] -- Found std_msgs: 4.2.4 (/opt/ros/humble/share/std_msgs/cmake)
[1.574s] [31mCMake Error at /opt/ros/humble/share/rosidl_cmake/cmake/rosidl_generate_interfaces.cmake:229 (message):
[1.574s]   Packages installing interfaces must include
[1.574s]   '<member_of_group>rosidl_interface_packages</member_of_group>' in their
[1.574s]   package.xml
[1.575s] Call Stack (most recent call first):
[1.575s]   CMakeLists.txt:14 (rosidl_generate_interfaces)
[1.575s] 
[1.575s] [0m
[1.575s] -- Configuring incomplete, errors occurred!
[1.575s] See also "/home/samiksha/ros2_ws2/build/rviz_plugin_tutorial/CMakeFiles/CMakeOutput.log".
[1.580s] Invoked command in '/home/samiksha/ros2_ws2/build/rviz_plugin_tutorial' returned '1': CMAKE_PREFIX_PATH=${CMAKE_PREFIX_PATH}:/home/samiksha/ros2_ws/install/task_controller:/home/samiksha/ros2_ws2/install/robo_descp:/home/samiksha/ros2_ws2/install/learning_tf2_py:/home/samiksha/ros2_ws2/install/launch_tutorial:/opt/ros/humble /usr/bin/cmake /home/samiksha/ros2_ws2/src/rviz_plugin_tutorial -DCMAKE_INSTALL_PREFIX=/home/samiksha/ros2_ws2/install/rviz_plugin_tutorial
