[0.008s] Invoking command in '/home/samiksha/polygon_ws/build/custom_interfaces': CMAKE_PREFIX_PATH=${CMAKE_PREFIX_PATH}:/home/samiksha/ros2_ws/install/task_controller:/opt/ros/humble /usr/bin/cmake /home/samiksha/polygon_ws/src/custom_interfaces -DCMAKE_INSTALL_PREFIX=/home/samiksha/polygon_ws/install/custom_interfaces
[0.017s] -- Found ament_cmake: 1.3.11 (/opt/ros/humble/share/ament_cmake/cmake)
[0.114s] -- Found geometry_msgs: 4.2.4 (/opt/ros/humble/share/geometry_msgs/cmake)
[0.128s] -- Found rosidl_generator_c: 3.1.6 (/opt/ros/humble/share/rosidl_generator_c/cmake)
[0.129s] -- Found rosidl_adapter: 3.1.6 (/opt/ros/humble/share/rosidl_adapter/cmake)
[0.133s] -- Found rosidl_generator_cpp: 3.1.6 (/opt/ros/humble/share/rosidl_generator_cpp/cmake)
[0.138s] -- Using all available rosidl_typesupport_c: rosidl_typesupport_fastrtps_c;rosidl_typesupport_introspection_c
[0.145s] -- Using all available rosidl_typesupport_cpp: rosidl_typesupport_fastrtps_cpp;rosidl_typesupport_introspection_cpp
[0.166s] -- Found rosidl_default_generators: 1.2.0 (/opt/ros/humble/share/rosidl_default_generators/cmake)
[0.170s] [31mCMake Error at /opt/ros/humble/share/rosidl_cmake/cmake/rosidl_generate_interfaces.cmake:93 (message):
[0.170s]   rosidl_generate_interfaces() the passed file 'srv/polygon_server.srv'
[0.171s]   doesn't exist relative to the CMAKE_CURRENT_SOURCE_DIR
[0.171s]   '/home/samiksha/polygon_ws/src/custom_interfaces'
[0.171s] Call Stack (most recent call first):
[0.171s]   CMakeLists.txt:16 (rosidl_generate_interfaces)
[0.172s] 
[0.172s] [0m
[0.173s] -- Configuring incomplete, errors occurred!
[0.173s] See also "/home/samiksha/polygon_ws/build/custom_interfaces/CMakeFiles/CMakeOutput.log".
[0.174s] Invoked command in '/home/samiksha/polygon_ws/build/custom_interfaces' returned '1': CMAKE_PREFIX_PATH=${CMAKE_PREFIX_PATH}:/home/samiksha/ros2_ws/install/task_controller:/opt/ros/humble /usr/bin/cmake /home/samiksha/polygon_ws/src/custom_interfaces -DCMAKE_INSTALL_PREFIX=/home/samiksha/polygon_ws/install/custom_interfaces
