[0.156s] Invoking command in '/home/samiksha/ros2_ws/src/build/turtlesim': CMAKE_PREFIX_PATH=/opt/ros/humble /usr/bin/cmake /home/samiksha/ros2_ws/src/ros_tutorials/turtlesim -DCMAKE_INSTALL_PREFIX=/home/samiksha/ros2_ws/src/install/turtlesim
[0.222s] -- The C compiler identification is GNU 11.4.0
[0.281s] -- The CXX compiler identification is GNU 11.4.0
[0.287s] -- Detecting C compiler ABI info
[0.344s] -- Detecting C compiler ABI info - done
[0.351s] -- Check for working C compiler: /usr/bin/cc - skipped
[0.352s] -- Detecting C compile features
[0.352s] -- Detecting C compile features - done
[0.354s] -- Detecting CXX compiler ABI info
[0.413s] -- Detecting CXX compiler ABI info - done
[0.420s] -- Check for working CXX compiler: /usr/bin/c++ - skipped
[0.420s] -- Detecting CXX compile features
[0.420s] -- Detecting CXX compile features - done
[0.422s] -- Found ament_cmake: 1.3.11 (/opt/ros/humble/share/ament_cmake/cmake)
[0.755s] -- Found Python3: /usr/bin/python3 (found version "3.10.12") found components: Interpreter 
[0.815s] -- Found ament_index_cpp: 1.4.0 (/opt/ros/humble/share/ament_index_cpp/cmake)
[0.816s] -- Found geometry_msgs: 4.2.4 (/opt/ros/humble/share/geometry_msgs/cmake)
[0.840s] -- Found rosidl_generator_c: 3.1.6 (/opt/ros/humble/share/rosidl_generator_c/cmake)
[0.842s] -- Found rosidl_adapter: 3.1.6 (/opt/ros/humble/share/rosidl_adapter/cmake)
[0.848s] -- Found rosidl_generator_cpp: 3.1.6 (/opt/ros/humble/share/rosidl_generator_cpp/cmake)
[0.856s] -- Using all available rosidl_typesupport_c: rosidl_typesupport_fastrtps_c;rosidl_typesupport_introspection_c
[0.866s] -- Using all available rosidl_typesupport_cpp: rosidl_typesupport_fastrtps_cpp;rosidl_typesupport_introspection_cpp
[0.897s] -- Found rclcpp: 16.0.11 (/opt/ros/humble/share/rclcpp/cmake)
[0.919s] -- Found rmw_implementation_cmake: 6.1.2 (/opt/ros/humble/share/rmw_implementation_cmake/cmake)
[0.920s] -- Found rmw_fastrtps_cpp: 6.2.7 (/opt/ros/humble/share/rmw_fastrtps_cpp/cmake)
[0.986s] -- Found OpenSSL: /usr/lib/x86_64-linux-gnu/libcrypto.so (found version "3.0.2")  
[1.004s] -- Found FastRTPS: /opt/ros/humble/include  
[1.028s] -- Using RMW implementation 'rmw_fastrtps_cpp' as default
[1.034s] -- Looking for pthread.h
[1.088s] -- Looking for pthread.h - found
[1.088s] -- Performing Test CMAKE_HAVE_LIBC_PTHREAD
[1.149s] -- Performing Test CMAKE_HAVE_LIBC_PTHREAD - Success
[1.149s] -- Found Threads: TRUE  
[1.174s] -- Found rclcpp_action: 16.0.11 (/opt/ros/humble/share/rclcpp_action/cmake)
[1.195s] -- Found rosidl_default_generators: 1.2.0 (/opt/ros/humble/share/rosidl_default_generators/cmake)
[1.200s] -- Found std_srvs: 4.2.4 (/opt/ros/humble/share/std_srvs/cmake)
[1.399s] -- Found ament_cmake_ros: 0.10.0 (/opt/ros/humble/share/ament_cmake_ros/cmake)
[1.608s] -- Using all available rosidl_typesupport_c: rosidl_typesupport_fastrtps_c;rosidl_typesupport_introspection_c
[1.694s] -- Using all available rosidl_typesupport_cpp: rosidl_typesupport_fastrtps_cpp;rosidl_typesupport_introspection_cpp
[1.710s] -- Found PythonInterp: /usr/bin/python3 (found suitable version "3.10.12", minimum required is "3.6") 
[1.711s] -- Found python_cmake_module: 0.10.0 (/opt/ros/humble/share/python_cmake_module/cmake)
[1.733s] -- Found PythonLibs: /usr/lib/x86_64-linux-gnu/libpython3.10.so (found suitable version "3.10.12", minimum required is "3.5") 
[1.733s] -- Using PYTHON_EXECUTABLE: /usr/bin/python3
[1.733s] -- Using PYTHON_INCLUDE_DIRS: /usr/include/python3.10
[1.733s] -- Using PYTHON_LIBRARIES: /usr/lib/x86_64-linux-gnu/libpython3.10.so
[1.749s] -- Found PythonExtra: .so  
[1.784s] -- Configuring done
[1.816s] -- Generating done
[1.828s] -- Build files have been written to: /home/samiksha/ros2_ws/src/build/turtlesim
[1.837s] Invoked command in '/home/samiksha/ros2_ws/src/build/turtlesim' returned '0': CMAKE_PREFIX_PATH=/opt/ros/humble /usr/bin/cmake /home/samiksha/ros2_ws/src/ros_tutorials/turtlesim -DCMAKE_INSTALL_PREFIX=/home/samiksha/ros2_ws/src/install/turtlesim
[1.839s] Invoking command in '/home/samiksha/ros2_ws/src/build/turtlesim': CMAKE_PREFIX_PATH=/opt/ros/humble /usr/bin/cmake --build /home/samiksha/ros2_ws/src/build/turtlesim -- -j12 -l12
[1.871s] [  1%] [34m[1mGenerating C code for ROS interfaces[0m
[1.879s] [  2%] [34m[1mGenerating C++ code for ROS interfaces[0m
[1.884s] [  2%] Built target ament_cmake_python_copy_turtlesim
[2.040s] running egg_info
[2.040s] creating turtlesim.egg-info
[2.040s] writing manifest file 'turtlesim.egg-info/SOURCES.txt'
[2.042s] writing manifest file 'turtlesim.egg-info/SOURCES.txt'
[2.061s] [  2%] Built target ament_cmake_python_build_turtlesim_egg
[2.410s] [  2%] Built target turtlesim__cpp
[2.419s] [  3%] [32mBuilding C object CMakeFiles/turtlesim__rosidl_generator_c.dir/rosidl_generator_c/turtlesim/srv/detail/kill__functions.c.o[0m
[2.419s] [  6%] [32mBuilding C object CMakeFiles/turtlesim__rosidl_generator_c.dir/rosidl_generator_c/turtlesim/msg/detail/color__functions.c.o[0m
[2.420s] [  6%] [34m[1mGenerating C++ type support for eProsima Fast-RTPS[0m
[2.420s] [  6%] [32mBuilding C object CMakeFiles/turtlesim__rosidl_generator_c.dir/rosidl_generator_c/turtlesim/msg/detail/pose__functions.c.o[0m
[2.420s] [  7%] [32mBuilding C object CMakeFiles/turtlesim__rosidl_generator_c.dir/rosidl_generator_c/turtlesim/srv/detail/spawn__functions.c.o[0m
[2.420s] [ 11%] [32mBuilding C object CMakeFiles/turtlesim__rosidl_generator_c.dir/rosidl_generator_c/turtlesim/srv/detail/teleport_absolute__functions.c.o[0m
[2.420s] [ 11%] [32mBuilding C object CMakeFiles/turtlesim__rosidl_generator_c.dir/rosidl_generator_c/turtlesim/action/detail/rotate_absolute__functions.c.o[0m
[2.420s] [ 11%] [34m[1mGenerating C++ type support dispatch for ROS interfaces[0m
[2.420s] [ 11%] [34m[1mGenerating C++ introspection for ROS interfaces[0m
[2.421s] [ 13%] [32mBuilding C object CMakeFiles/turtlesim__rosidl_generator_c.dir/rosidl_generator_c/turtlesim/srv/detail/set_pen__functions.c.o[0m
[2.421s] [ 13%] [32mBuilding C object CMakeFiles/turtlesim__rosidl_generator_c.dir/rosidl_generator_c/turtlesim/srv/detail/teleport_relative__functions.c.o[0m
[2.540s] [ 14%] [32m[1mLinking C shared library libturtlesim__rosidl_generator_c.so[0m
[2.572s] [ 14%] Built target turtlesim__rosidl_generator_c
[2.580s] [ 15%] [34m[1mGenerating C type support for eProsima Fast-RTPS[0m
[2.582s] [ 17%] [34m[1mGenerating C introspection for ROS interfaces[0m
[2.582s] [ 17%] [34m[1mGenerating C type support dispatch for ROS interfaces[0m
[2.783s] [ 18%] [32mBuilding CXX object CMakeFiles/turtlesim__rosidl_typesupport_cpp.dir/rosidl_typesupport_cpp/turtlesim/msg/pose__type_support.cpp.o[0m
[2.784s] [ 19%] [32mBuilding CXX object CMakeFiles/turtlesim__rosidl_typesupport_cpp.dir/rosidl_typesupport_cpp/turtlesim/action/rotate_absolute__type_support.cpp.o[0m
[2.784s] [ 20%] [32mBuilding CXX object CMakeFiles/turtlesim__rosidl_typesupport_cpp.dir/rosidl_typesupport_cpp/turtlesim/srv/teleport_absolute__type_support.cpp.o[0m
[2.784s] [ 21%] [32mBuilding CXX object CMakeFiles/turtlesim__rosidl_typesupport_cpp.dir/rosidl_typesupport_cpp/turtlesim/srv/set_pen__type_support.cpp.o[0m
[2.785s] [ 22%] [32mBuilding CXX object CMakeFiles/turtlesim__rosidl_typesupport_cpp.dir/rosidl_typesupport_cpp/turtlesim/msg/color__type_support.cpp.o[0m
[2.787s] [ 23%] [32mBuilding CXX object CMakeFiles/turtlesim__rosidl_typesupport_cpp.dir/rosidl_typesupport_cpp/turtlesim/srv/spawn__type_support.cpp.o[0m
[2.787s] [ 24%] [32mBuilding CXX object CMakeFiles/turtlesim__rosidl_typesupport_cpp.dir/rosidl_typesupport_cpp/turtlesim/srv/kill__type_support.cpp.o[0m
[3.048s] [ 25%] [32mBuilding CXX object CMakeFiles/turtlesim__rosidl_typesupport_introspection_cpp.dir/rosidl_typesupport_introspection_cpp/turtlesim/action/detail/rotate_absolute__type_support.cpp.o[0m
[3.107s] [ 27%] [32mBuilding CXX object CMakeFiles/turtlesim__rosidl_typesupport_cpp.dir/rosidl_typesupport_cpp/turtlesim/srv/teleport_relative__type_support.cpp.o[0m
[3.108s] [ 27%] [32mBuilding CXX object CMakeFiles/turtlesim__rosidl_typesupport_introspection_cpp.dir/rosidl_typesupport_introspection_cpp/turtlesim/msg/detail/color__type_support.cpp.o[0m
[3.109s] [ 28%] [32mBuilding CXX object CMakeFiles/turtlesim__rosidl_typesupport_introspection_cpp.dir/rosidl_typesupport_introspection_cpp/turtlesim/msg/detail/pose__type_support.cpp.o[0m
[3.117s] [ 29%] [32mBuilding CXX object CMakeFiles/turtlesim__rosidl_typesupport_introspection_cpp.dir/rosidl_typesupport_introspection_cpp/turtlesim/srv/detail/kill__type_support.cpp.o[0m
[3.151s] [ 30%] [32mBuilding CXX object CMakeFiles/turtlesim__rosidl_typesupport_introspection_cpp.dir/rosidl_typesupport_introspection_cpp/turtlesim/srv/detail/set_pen__type_support.cpp.o[0m
[3.168s] [ 31%] [32mBuilding CXX object CMakeFiles/turtlesim__rosidl_typesupport_introspection_cpp.dir/rosidl_typesupport_introspection_cpp/turtlesim/srv/detail/spawn__type_support.cpp.o[0m
[3.301s] [ 32%] [32mBuilding CXX object CMakeFiles/turtlesim__rosidl_typesupport_c.dir/rosidl_typesupport_c/turtlesim/action/rotate_absolute__type_support.cpp.o[0m
[3.353s] [ 33%] [32mBuilding CXX object CMakeFiles/turtlesim__rosidl_typesupport_c.dir/rosidl_typesupport_c/turtlesim/msg/color__type_support.cpp.o[0m
[3.366s] [ 34%] [32mBuilding CXX object CMakeFiles/turtlesim__rosidl_typesupport_introspection_cpp.dir/rosidl_typesupport_introspection_cpp/turtlesim/srv/detail/teleport_absolute__type_support.cpp.o[0m
[3.388s] [ 35%] [32mBuilding CXX object CMakeFiles/turtlesim__rosidl_typesupport_c.dir/rosidl_typesupport_c/turtlesim/msg/pose__type_support.cpp.o[0m
[3.414s] [ 36%] [32mBuilding CXX object CMakeFiles/turtlesim__rosidl_typesupport_fastrtps_cpp.dir/rosidl_typesupport_fastrtps_cpp/turtlesim/action/detail/dds_fastrtps/rotate_absolute__type_support.cpp.o[0m
[3.424s] [ 37%] [32mBuilding CXX object CMakeFiles/turtlesim__rosidl_typesupport_c.dir/rosidl_typesupport_c/turtlesim/srv/kill__type_support.cpp.o[0m
[3.427s] [ 38%] [32m[1mLinking CXX shared library libturtlesim__rosidl_typesupport_cpp.so[0m
[3.428s] [ 39%] [32mBuilding C object CMakeFiles/turtlesim__rosidl_typesupport_introspection_c.dir/rosidl_typesupport_introspection_c/turtlesim/action/detail/rotate_absolute__type_support.c.o[0m
[3.461s] [ 40%] [32mBuilding CXX object CMakeFiles/turtlesim__rosidl_typesupport_c.dir/rosidl_typesupport_c/turtlesim/srv/set_pen__type_support.cpp.o[0m
[3.484s] [ 41%] [32mBuilding C object CMakeFiles/turtlesim__rosidl_typesupport_introspection_c.dir/rosidl_typesupport_introspection_c/turtlesim/msg/detail/color__type_support.c.o[0m
[3.484s] [ 41%] Built target turtlesim__rosidl_typesupport_cpp
[3.494s] [ 42%] [32mBuilding CXX object CMakeFiles/turtlesim__rosidl_typesupport_fastrtps_cpp.dir/rosidl_typesupport_fastrtps_cpp/turtlesim/msg/detail/dds_fastrtps/color__type_support.cpp.o[0m
[3.498s] [ 43%] [32mBuilding CXX object CMakeFiles/turtlesim__rosidl_typesupport_c.dir/rosidl_typesupport_c/turtlesim/srv/spawn__type_support.cpp.o[0m
[3.510s] [ 44%] [32mBuilding CXX object CMakeFiles/turtlesim__rosidl_typesupport_fastrtps_c.dir/rosidl_typesupport_fastrtps_c/turtlesim/action/detail/rotate_absolute__type_support_c.cpp.o[0m
[3.524s] [ 45%] [32mBuilding C object CMakeFiles/turtlesim__rosidl_typesupport_introspection_c.dir/rosidl_typesupport_introspection_c/turtlesim/msg/detail/pose__type_support.c.o[0m
[3.540s] [ 46%] [32mBuilding CXX object CMakeFiles/turtlesim__rosidl_typesupport_c.dir/rosidl_typesupport_c/turtlesim/srv/teleport_absolute__type_support.cpp.o[0m
[3.572s] [ 47%] [32mBuilding C object CMakeFiles/turtlesim__rosidl_typesupport_introspection_c.dir/rosidl_typesupport_introspection_c/turtlesim/srv/detail/kill__type_support.c.o[0m
[3.574s] [ 48%] [32mBuilding CXX object CMakeFiles/turtlesim__rosidl_typesupport_c.dir/rosidl_typesupport_c/turtlesim/srv/teleport_relative__type_support.cpp.o[0m
[3.591s] [ 49%] [32mBuilding C object CMakeFiles/turtlesim__rosidl_typesupport_introspection_c.dir/rosidl_typesupport_introspection_c/turtlesim/srv/detail/set_pen__type_support.c.o[0m
[3.608s] [ 50%] [32mBuilding CXX object CMakeFiles/turtlesim__rosidl_typesupport_fastrtps_cpp.dir/rosidl_typesupport_fastrtps_cpp/turtlesim/msg/detail/dds_fastrtps/pose__type_support.cpp.o[0m
[3.609s] [ 51%] [32m[1mLinking CXX shared library libturtlesim__rosidl_typesupport_c.so[0m
[3.610s] [ 52%] [32mBuilding CXX object CMakeFiles/turtlesim__rosidl_typesupport_fastrtps_cpp.dir/rosidl_typesupport_fastrtps_cpp/turtlesim/srv/detail/dds_fastrtps/kill__type_support.cpp.o[0m
[3.612s] [ 53%] [34m[1mGenerating include/turtlesim/moc_turtle_frame.cpp[0m
[3.635s] [ 54%] [32mBuilding C object CMakeFiles/turtlesim__rosidl_typesupport_introspection_c.dir/rosidl_typesupport_introspection_c/turtlesim/srv/detail/spawn__type_support.c.o[0m
[3.639s] [ 55%] [32mBuilding C object CMakeFiles/turtlesim__rosidl_typesupport_introspection_c.dir/rosidl_typesupport_introspection_c/turtlesim/srv/detail/teleport_absolute__type_support.c.o[0m
[3.666s] [ 55%] Built target turtlesim__rosidl_typesupport_c
[3.677s] [ 56%] [32mBuilding C object CMakeFiles/turtlesim__rosidl_typesupport_introspection_c.dir/rosidl_typesupport_introspection_c/turtlesim/srv/detail/teleport_relative__type_support.c.o[0m
[3.682s] [ 57%] [32mBuilding CXX object CMakeFiles/turtlesim__rosidl_typesupport_fastrtps_c.dir/rosidl_typesupport_fastrtps_c/turtlesim/msg/detail/color__type_support_c.cpp.o[0m
[3.691s] [ 58%] [32mBuilding CXX object CMakeFiles/turtlesim__rosidl_typesupport_introspection_cpp.dir/rosidl_typesupport_introspection_cpp/turtlesim/srv/detail/teleport_relative__type_support.cpp.o[0m
[3.712s] [ 59%] [32mBuilding CXX object CMakeFiles/turtlesim__rosidl_typesupport_fastrtps_cpp.dir/rosidl_typesupport_fastrtps_cpp/turtlesim/srv/detail/dds_fastrtps/set_pen__type_support.cpp.o[0m
[3.719s] [ 60%] [32m[1mLinking C shared library libturtlesim__rosidl_typesupport_introspection_c.so[0m
[3.721s] [ 61%] [32mBuilding CXX object CMakeFiles/turtlesim_node.dir/src/turtlesim.cpp.o[0m
[3.760s] [ 61%] Built target turtlesim__rosidl_typesupport_introspection_c
[3.772s] [ 62%] [32mBuilding CXX object CMakeFiles/turtlesim__rosidl_typesupport_fastrtps_cpp.dir/rosidl_typesupport_fastrtps_cpp/turtlesim/srv/detail/dds_fastrtps/spawn__type_support.cpp.o[0m
[3.835s] [ 63%] [32mBuilding CXX object CMakeFiles/turtlesim__rosidl_typesupport_fastrtps_c.dir/rosidl_typesupport_fastrtps_c/turtlesim/msg/detail/pose__type_support_c.cpp.o[0m
[3.859s] [ 64%] [32mBuilding CXX object CMakeFiles/turtlesim_node.dir/src/turtle.cpp.o[0m
[3.984s] [ 65%] [32mBuilding CXX object CMakeFiles/turtlesim_node.dir/src/turtle_frame.cpp.o[0m
[4.057s] [ 66%] [32mBuilding CXX object CMakeFiles/turtle_teleop_key.dir/tutorials/teleop_turtle_key.cpp.o[0m
[4.144s] [ 67%] [32mBuilding CXX object CMakeFiles/draw_square.dir/tutorials/draw_square.cpp.o[0m
[4.157s] [ 68%] [32mBuilding CXX object CMakeFiles/turtlesim_node.dir/include/turtlesim/moc_turtle_frame.cpp.o[0m
[4.203s] [ 69%] [32m[1mLinking CXX shared library libturtlesim__rosidl_typesupport_introspection_cpp.so[0m
[4.211s] [ 70%] [32mBuilding CXX object CMakeFiles/turtlesim__rosidl_typesupport_fastrtps_c.dir/rosidl_typesupport_fastrtps_c/turtlesim/srv/detail/kill__type_support_c.cpp.o[0m
[4.235s] [ 71%] [32mBuilding CXX object CMakeFiles/turtlesim__rosidl_typesupport_fastrtps_c.dir/rosidl_typesupport_fastrtps_c/turtlesim/srv/detail/set_pen__type_support_c.cpp.o[0m
[4.298s] [ 72%] [32mBuilding CXX object CMakeFiles/mimic.dir/tutorials/mimic.cpp.o[0m
[4.319s] [ 72%] Built target turtlesim__rosidl_typesupport_introspection_cpp
[4.324s] [ 73%] [32mBuilding CXX object CMakeFiles/turtlesim__rosidl_typesupport_fastrtps_cpp.dir/rosidl_typesupport_fastrtps_cpp/turtlesim/srv/detail/dds_fastrtps/teleport_absolute__type_support.cpp.o[0m
[4.329s] [ 75%] [32mBuilding CXX object CMakeFiles/turtlesim__rosidl_typesupport_fastrtps_cpp.dir/rosidl_typesupport_fastrtps_cpp/turtlesim/srv/detail/dds_fastrtps/teleport_relative__type_support.cpp.o[0m
[4.330s] [ 75%] [32mBuilding CXX object CMakeFiles/turtlesim__rosidl_typesupport_fastrtps_c.dir/rosidl_typesupport_fastrtps_c/turtlesim/srv/detail/spawn__type_support_c.cpp.o[0m
[4.697s] [ 76%] [32mBuilding CXX object CMakeFiles/turtlesim__rosidl_typesupport_fastrtps_c.dir/rosidl_typesupport_fastrtps_c/turtlesim/srv/detail/teleport_absolute__type_support_c.cpp.o[0m
[4.780s] [ 77%] [32mBuilding CXX object CMakeFiles/turtlesim__rosidl_typesupport_fastrtps_c.dir/rosidl_typesupport_fastrtps_c/turtlesim/srv/detail/teleport_relative__type_support_c.cpp.o[0m
[4.980s] [ 78%] [32m[1mLinking CXX shared library libturtlesim__rosidl_typesupport_fastrtps_cpp.so[0m
[5.101s] [ 78%] Built target turtlesim__rosidl_typesupport_fastrtps_cpp
[5.246s] [ 79%] [32m[1mLinking CXX shared library libturtlesim__rosidl_typesupport_fastrtps_c.so[0m
[5.364s] [ 79%] Built target turtlesim__rosidl_typesupport_fastrtps_c
[5.387s] [ 79%] Built target turtlesim
[5.412s] [ 80%] [34m[1mGenerating Python code for ROS interfaces[0m
[7.647s] [ 80%] Built target turtlesim__py
[7.668s] [ 82%] [32mBuilding C object CMakeFiles/turtlesim__rosidl_generator_py.dir/rosidl_generator_py/turtlesim/msg/_color_s.c.o[0m
[7.669s] [ 82%] [32mBuilding C object CMakeFiles/turtlesim__rosidl_generator_py.dir/rosidl_generator_py/turtlesim/action/_rotate_absolute_s.c.o[0m
[7.669s] [ 83%] [32mBuilding C object CMakeFiles/turtlesim__rosidl_generator_py.dir/rosidl_generator_py/turtlesim/srv/_kill_s.c.o[0m
[7.670s] [ 85%] [32mBuilding C object CMakeFiles/turtlesim__rosidl_generator_py.dir/rosidl_generator_py/turtlesim/srv/_set_pen_s.c.o[0m
[7.670s] [ 84%] [32mBuilding C object CMakeFiles/turtlesim__rosidl_generator_py.dir/rosidl_generator_py/turtlesim/msg/_pose_s.c.o[0m
[7.807s] [ 86%] [32mBuilding C object CMakeFiles/turtlesim__rosidl_generator_py.dir/rosidl_generator_py/turtlesim/srv/_spawn_s.c.o[0m
[7.814s] [ 87%] [32mBuilding C object CMakeFiles/turtlesim__rosidl_generator_py.dir/rosidl_generator_py/turtlesim/srv/_teleport_absolute_s.c.o[0m
[7.849s] [ 88%] [32mBuilding C object CMakeFiles/turtlesim__rosidl_generator_py.dir/rosidl_generator_py/turtlesim/srv/_teleport_relative_s.c.o[0m
[7.991s] [ 89%] [32m[1mLinking C shared library rosidl_generator_py/turtlesim/libturtlesim__rosidl_generator_py.so[0m
[8.044s] [ 89%] Built target turtlesim__rosidl_generator_py
[8.071s] [ 91%] [32mBuilding C object CMakeFiles/turtlesim__rosidl_typesupport_fastrtps_c__pyext.dir/rosidl_generator_py/turtlesim/_turtlesim_s.ep.rosidl_typesupport_fastrtps_c.c.o[0m
[8.071s] [ 91%] [32mBuilding C object CMakeFiles/turtlesim__rosidl_typesupport_c__pyext.dir/rosidl_generator_py/turtlesim/_turtlesim_s.ep.rosidl_typesupport_c.c.o[0m
[8.074s] [ 92%] [32mBuilding C object CMakeFiles/turtlesim__rosidl_typesupport_introspection_c__pyext.dir/rosidl_generator_py/turtlesim/_turtlesim_s.ep.rosidl_typesupport_introspection_c.c.o[0m
[8.237s] [ 93%] [32m[1mLinking C shared library rosidl_generator_py/turtlesim/turtlesim_s__rosidl_typesupport_fastrtps_c.cpython-310-x86_64-linux-gnu.so[0m
[8.273s] [ 93%] Built target turtlesim__rosidl_typesupport_fastrtps_c__pyext
[8.273s] [ 94%] [32m[1mLinking C shared library rosidl_generator_py/turtlesim/turtlesim_s__rosidl_typesupport_introspection_c.cpython-310-x86_64-linux-gnu.so[0m
[8.292s] [ 95%] [32m[1mLinking C shared library rosidl_generator_py/turtlesim/turtlesim_s__rosidl_typesupport_c.cpython-310-x86_64-linux-gnu.so[0m
[8.324s] [ 95%] Built target turtlesim__rosidl_typesupport_introspection_c__pyext
[8.343s] [ 95%] Built target turtlesim__rosidl_typesupport_c__pyext
[11.493s] [ 96%] [32m[1mLinking CXX executable turtle_teleop_key[0m
[11.623s] [ 97%] [32m[1mLinking CXX executable mimic[0m
[11.799s] [ 97%] Built target turtle_teleop_key
[11.953s] [ 97%] Built target mimic
[12.734s] [ 98%] [32m[1mLinking CXX executable draw_square[0m
[13.041s] [ 98%] Built target draw_square
[14.272s] [100%] [32m[1mLinking CXX executable turtlesim_node[0m
[15.656s] [100%] Built target turtlesim_node
[15.666s] Invoked command in '/home/samiksha/ros2_ws/src/build/turtlesim' returned '0': CMAKE_PREFIX_PATH=/opt/ros/humble /usr/bin/cmake --build /home/samiksha/ros2_ws/src/build/turtlesim -- -j12 -l12
[15.673s] Invoking command in '/home/samiksha/ros2_ws/src/build/turtlesim': CMAKE_PREFIX_PATH=/opt/ros/humble /usr/bin/cmake --install /home/samiksha/ros2_ws/src/build/turtlesim
[15.679s] -- Install configuration: ""
[15.679s] -- Installing: /home/samiksha/ros2_ws/src/install/turtlesim/share/ament_index/resource_index/rosidl_interfaces/turtlesim
[15.679s] -- Installing: /home/samiksha/ros2_ws/src/install/turtlesim/include/turtlesim/turtlesim
[15.679s] -- Installing: /home/samiksha/ros2_ws/src/install/turtlesim/include/turtlesim/turtlesim/action
[15.679s] -- Installing: /home/samiksha/ros2_ws/src/install/turtlesim/include/turtlesim/turtlesim/action/detail
[15.679s] -- Installing: /home/samiksha/ros2_ws/src/install/turtlesim/include/turtlesim/turtlesim/action/detail/rotate_absolute__type_support.h
[15.679s] -- Installing: /home/samiksha/ros2_ws/src/install/turtlesim/include/turtlesim/turtlesim/action/detail/rotate_absolute__functions.c
[15.679s] -- Installing: /home/samiksha/ros2_ws/src/install/turtlesim/include/turtlesim/turtlesim/action/detail/rotate_absolute__struct.h
[15.679s] -- Installing: /home/samiksha/ros2_ws/src/install/turtlesim/include/turtlesim/turtlesim/action/detail/rotate_absolute__functions.h
[15.679s] -- Installing: /home/samiksha/ros2_ws/src/install/turtlesim/include/turtlesim/turtlesim/action/rotate_absolute.h
[15.680s] -- Installing: /home/samiksha/ros2_ws/src/install/turtlesim/include/turtlesim/turtlesim/msg
[15.680s] -- Installing: /home/samiksha/ros2_ws/src/install/turtlesim/include/turtlesim/turtlesim/msg/color.h
[15.680s] -- Installing: /home/samiksha/ros2_ws/src/install/turtlesim/include/turtlesim/turtlesim/msg/pose.h
[15.680s] -- Installing: /home/samiksha/ros2_ws/src/install/turtlesim/include/turtlesim/turtlesim/msg/detail
[15.680s] -- Installing: /home/samiksha/ros2_ws/src/install/turtlesim/include/turtlesim/turtlesim/msg/detail/color__struct.h
[15.680s] -- Installing: /home/samiksha/ros2_ws/src/install/turtlesim/include/turtlesim/turtlesim/msg/detail/pose__functions.c
[15.680s] -- Installing: /home/samiksha/ros2_ws/src/install/turtlesim/include/turtlesim/turtlesim/msg/detail/pose__functions.h
[15.680s] -- Installing: /home/samiksha/ros2_ws/src/install/turtlesim/include/turtlesim/turtlesim/msg/detail/color__functions.h
[15.680s] -- Installing: /home/samiksha/ros2_ws/src/install/turtlesim/include/turtlesim/turtlesim/msg/detail/pose__struct.h
[15.680s] -- Installing: /home/samiksha/ros2_ws/src/install/turtlesim/include/turtlesim/turtlesim/msg/detail/color__type_support.h
[15.680s] -- Installing: /home/samiksha/ros2_ws/src/install/turtlesim/include/turtlesim/turtlesim/msg/detail/color__functions.c
[15.680s] -- Installing: /home/samiksha/ros2_ws/src/install/turtlesim/include/turtlesim/turtlesim/msg/detail/pose__type_support.h
[15.680s] -- Installing: /home/samiksha/ros2_ws/src/install/turtlesim/include/turtlesim/turtlesim/msg/rosidl_generator_c__visibility_control.h
[15.681s] -- Installing: /home/samiksha/ros2_ws/src/install/turtlesim/include/turtlesim/turtlesim/srv
[15.681s] -- Installing: /home/samiksha/ros2_ws/src/install/turtlesim/include/turtlesim/turtlesim/srv/spawn.h
[15.681s] -- Installing: /home/samiksha/ros2_ws/src/install/turtlesim/include/turtlesim/turtlesim/srv/set_pen.h
[15.681s] -- Installing: /home/samiksha/ros2_ws/src/install/turtlesim/include/turtlesim/turtlesim/srv/kill.h
[15.681s] -- Installing: /home/samiksha/ros2_ws/src/install/turtlesim/include/turtlesim/turtlesim/srv/detail
[15.681s] -- Installing: /home/samiksha/ros2_ws/src/install/turtlesim/include/turtlesim/turtlesim/srv/detail/teleport_absolute__type_support.h
[15.681s] -- Installing: /home/samiksha/ros2_ws/src/install/turtlesim/include/turtlesim/turtlesim/srv/detail/set_pen__functions.c
[15.681s] -- Installing: /home/samiksha/ros2_ws/src/install/turtlesim/include/turtlesim/turtlesim/srv/detail/spawn__functions.h
[15.681s] -- Installing: /home/samiksha/ros2_ws/src/install/turtlesim/include/turtlesim/turtlesim/srv/detail/set_pen__struct.h
[15.681s] -- Installing: /home/samiksha/ros2_ws/src/install/turtlesim/include/turtlesim/turtlesim/srv/detail/kill__functions.h
[15.681s] -- Installing: /home/samiksha/ros2_ws/src/install/turtlesim/include/turtlesim/turtlesim/srv/detail/spawn__struct.h
[15.681s] -- Installing: /home/samiksha/ros2_ws/src/install/turtlesim/include/turtlesim/turtlesim/srv/detail/teleport_relative__type_support.h
[15.681s] -- Installing: /home/samiksha/ros2_ws/src/install/turtlesim/include/turtlesim/turtlesim/srv/detail/set_pen__type_support.h
[15.681s] -- Installing: /home/samiksha/ros2_ws/src/install/turtlesim/include/turtlesim/turtlesim/srv/detail/teleport_absolute__struct.h
[15.682s] -- Installing: /home/samiksha/ros2_ws/src/install/turtlesim/include/turtlesim/turtlesim/srv/detail/teleport_absolute__functions.c
[15.682s] -- Installing: /home/samiksha/ros2_ws/src/install/turtlesim/include/turtlesim/turtlesim/srv/detail/spawn__type_support.h
[15.682s] -- Installing: /home/samiksha/ros2_ws/src/install/turtlesim/include/turtlesim/turtlesim/srv/detail/teleport_relative__functions.c
[15.682s] -- Installing: /home/samiksha/ros2_ws/src/install/turtlesim/include/turtlesim/turtlesim/srv/detail/set_pen__functions.h
[15.682s] -- Installing: /home/samiksha/ros2_ws/src/install/turtlesim/include/turtlesim/turtlesim/srv/detail/spawn__functions.c
[15.682s] -- Installing: /home/samiksha/ros2_ws/src/install/turtlesim/include/turtlesim/turtlesim/srv/detail/teleport_absolute__functions.h
[15.682s] -- Installing: /home/samiksha/ros2_ws/src/install/turtlesim/include/turtlesim/turtlesim/srv/detail/teleport_relative__functions.h
[15.682s] -- Installing: /home/samiksha/ros2_ws/src/install/turtlesim/include/turtlesim/turtlesim/srv/detail/kill__type_support.h
[15.682s] -- Installing: /home/samiksha/ros2_ws/src/install/turtlesim/include/turtlesim/turtlesim/srv/detail/kill__struct.h
[15.682s] -- Installing: /home/samiksha/ros2_ws/src/install/turtlesim/include/turtlesim/turtlesim/srv/detail/teleport_relative__struct.h
[15.682s] -- Installing: /home/samiksha/ros2_ws/src/install/turtlesim/include/turtlesim/turtlesim/srv/detail/kill__functions.c
[15.682s] -- Installing: /home/samiksha/ros2_ws/src/install/turtlesim/include/turtlesim/turtlesim/srv/teleport_absolute.h
[15.682s] -- Installing: /home/samiksha/ros2_ws/src/install/turtlesim/include/turtlesim/turtlesim/srv/teleport_relative.h
[15.683s] -- Installing: /home/samiksha/ros2_ws/src/install/turtlesim/share/turtlesim/environment/library_path.sh
[15.683s] -- Installing: /home/samiksha/ros2_ws/src/install/turtlesim/share/turtlesim/environment/library_path.dsv
[15.683s] -- Installing: /home/samiksha/ros2_ws/src/install/turtlesim/lib/libturtlesim__rosidl_generator_c.so
[15.683s] -- Set runtime path of "/home/samiksha/ros2_ws/src/install/turtlesim/lib/libturtlesim__rosidl_generator_c.so" to ""
[15.683s] -- Up-to-date: /home/samiksha/ros2_ws/src/install/turtlesim/include/turtlesim/turtlesim
[15.683s] -- Up-to-date: /home/samiksha/ros2_ws/src/install/turtlesim/include/turtlesim/turtlesim/action
[15.683s] -- Up-to-date: /home/samiksha/ros2_ws/src/install/turtlesim/include/turtlesim/turtlesim/action/detail
[15.683s] -- Installing: /home/samiksha/ros2_ws/src/install/turtlesim/include/turtlesim/turtlesim/action/detail/rotate_absolute__rosidl_typesupport_fastrtps_c.h
[15.683s] -- Up-to-date: /home/samiksha/ros2_ws/src/install/turtlesim/include/turtlesim/turtlesim/msg
[15.683s] -- Up-to-date: /home/samiksha/ros2_ws/src/install/turtlesim/include/turtlesim/turtlesim/msg/detail
[15.683s] -- Installing: /home/samiksha/ros2_ws/src/install/turtlesim/include/turtlesim/turtlesim/msg/detail/pose__rosidl_typesupport_fastrtps_c.h
[15.683s] -- Installing: /home/samiksha/ros2_ws/src/install/turtlesim/include/turtlesim/turtlesim/msg/detail/color__rosidl_typesupport_fastrtps_c.h
[15.683s] -- Installing: /home/samiksha/ros2_ws/src/install/turtlesim/include/turtlesim/turtlesim/msg/rosidl_typesupport_fastrtps_c__visibility_control.h
[15.683s] -- Up-to-date: /home/samiksha/ros2_ws/src/install/turtlesim/include/turtlesim/turtlesim/srv
[15.684s] -- Up-to-date: /home/samiksha/ros2_ws/src/install/turtlesim/include/turtlesim/turtlesim/srv/detail
[15.684s] -- Installing: /home/samiksha/ros2_ws/src/install/turtlesim/include/turtlesim/turtlesim/srv/detail/spawn__rosidl_typesupport_fastrtps_c.h
[15.684s] -- Installing: /home/samiksha/ros2_ws/src/install/turtlesim/include/turtlesim/turtlesim/srv/detail/teleport_absolute__rosidl_typesupport_fastrtps_c.h
[15.684s] -- Installing: /home/samiksha/ros2_ws/src/install/turtlesim/include/turtlesim/turtlesim/srv/detail/teleport_relative__rosidl_typesupport_fastrtps_c.h
[15.684s] -- Installing: /home/samiksha/ros2_ws/src/install/turtlesim/include/turtlesim/turtlesim/srv/detail/set_pen__rosidl_typesupport_fastrtps_c.h
[15.684s] -- Installing: /home/samiksha/ros2_ws/src/install/turtlesim/include/turtlesim/turtlesim/srv/detail/kill__rosidl_typesupport_fastrtps_c.h
[15.684s] -- Installing: /home/samiksha/ros2_ws/src/install/turtlesim/lib/libturtlesim__rosidl_typesupport_fastrtps_c.so
[15.684s] -- Set runtime path of "/home/samiksha/ros2_ws/src/install/turtlesim/lib/libturtlesim__rosidl_typesupport_fastrtps_c.so" to ""
[15.684s] -- Up-to-date: /home/samiksha/ros2_ws/src/install/turtlesim/include/turtlesim/turtlesim
[15.684s] -- Up-to-date: /home/samiksha/ros2_ws/src/install/turtlesim/include/turtlesim/turtlesim/action
[15.684s] -- Up-to-date: /home/samiksha/ros2_ws/src/install/turtlesim/include/turtlesim/turtlesim/action/detail
[15.684s] -- Installing: /home/samiksha/ros2_ws/src/install/turtlesim/include/turtlesim/turtlesim/action/detail/rotate_absolute__struct.hpp
[15.684s] -- Installing: /home/samiksha/ros2_ws/src/install/turtlesim/include/turtlesim/turtlesim/action/detail/rotate_absolute__type_support.hpp
[15.684s] -- Installing: /home/samiksha/ros2_ws/src/install/turtlesim/include/turtlesim/turtlesim/action/detail/rotate_absolute__builder.hpp
[15.684s] -- Installing: /home/samiksha/ros2_ws/src/install/turtlesim/include/turtlesim/turtlesim/action/detail/rotate_absolute__traits.hpp
[15.684s] -- Installing: /home/samiksha/ros2_ws/src/install/turtlesim/include/turtlesim/turtlesim/action/rotate_absolute.hpp
[15.684s] -- Up-to-date: /home/samiksha/ros2_ws/src/install/turtlesim/include/turtlesim/turtlesim/msg
[15.684s] -- Up-to-date: /home/samiksha/ros2_ws/src/install/turtlesim/include/turtlesim/turtlesim/msg/detail
[15.684s] -- Installing: /home/samiksha/ros2_ws/src/install/turtlesim/include/turtlesim/turtlesim/msg/detail/color__struct.hpp
[15.684s] -- Installing: /home/samiksha/ros2_ws/src/install/turtlesim/include/turtlesim/turtlesim/msg/detail/pose__type_support.hpp
[15.684s] -- Installing: /home/samiksha/ros2_ws/src/install/turtlesim/include/turtlesim/turtlesim/msg/detail/color__builder.hpp
[15.684s] -- Installing: /home/samiksha/ros2_ws/src/install/turtlesim/include/turtlesim/turtlesim/msg/detail/pose__struct.hpp
[15.684s] -- Installing: /home/samiksha/ros2_ws/src/install/turtlesim/include/turtlesim/turtlesim/msg/detail/color__traits.hpp
[15.684s] -- Installing: /home/samiksha/ros2_ws/src/install/turtlesim/include/turtlesim/turtlesim/msg/detail/color__type_support.hpp
[15.685s] -- Installing: /home/samiksha/ros2_ws/src/install/turtlesim/include/turtlesim/turtlesim/msg/detail/pose__builder.hpp
[15.685s] -- Installing: /home/samiksha/ros2_ws/src/install/turtlesim/include/turtlesim/turtlesim/msg/detail/pose__traits.hpp
[15.685s] -- Installing: /home/samiksha/ros2_ws/src/install/turtlesim/include/turtlesim/turtlesim/msg/color.hpp
[15.685s] -- Installing: /home/samiksha/ros2_ws/src/install/turtlesim/include/turtlesim/turtlesim/msg/pose.hpp
[15.685s] -- Installing: /home/samiksha/ros2_ws/src/install/turtlesim/include/turtlesim/turtlesim/msg/rosidl_generator_cpp__visibility_control.hpp
[15.685s] -- Up-to-date: /home/samiksha/ros2_ws/src/install/turtlesim/include/turtlesim/turtlesim/srv
[15.685s] -- Up-to-date: /home/samiksha/ros2_ws/src/install/turtlesim/include/turtlesim/turtlesim/srv/detail
[15.685s] -- Installing: /home/samiksha/ros2_ws/src/install/turtlesim/include/turtlesim/turtlesim/srv/detail/spawn__type_support.hpp
[15.685s] -- Installing: /home/samiksha/ros2_ws/src/install/turtlesim/include/turtlesim/turtlesim/srv/detail/set_pen__struct.hpp
[15.685s] -- Installing: /home/samiksha/ros2_ws/src/install/turtlesim/include/turtlesim/turtlesim/srv/detail/spawn__builder.hpp
[15.685s] -- Installing: /home/samiksha/ros2_ws/src/install/turtlesim/include/turtlesim/turtlesim/srv/detail/teleport_relative__builder.hpp
[15.685s] -- Installing: /home/samiksha/ros2_ws/src/install/turtlesim/include/turtlesim/turtlesim/srv/detail/set_pen__traits.hpp
[15.685s] -- Installing: /home/samiksha/ros2_ws/src/install/turtlesim/include/turtlesim/turtlesim/srv/detail/kill__builder.hpp
[15.685s] -- Installing: /home/samiksha/ros2_ws/src/install/turtlesim/include/turtlesim/turtlesim/srv/detail/set_pen__builder.hpp
[15.685s] -- Installing: /home/samiksha/ros2_ws/src/install/turtlesim/include/turtlesim/turtlesim/srv/detail/teleport_relative__traits.hpp
[15.685s] -- Installing: /home/samiksha/ros2_ws/src/install/turtlesim/include/turtlesim/turtlesim/srv/detail/set_pen__type_support.hpp
[15.685s] -- Installing: /home/samiksha/ros2_ws/src/install/turtlesim/include/turtlesim/turtlesim/srv/detail/spawn__traits.hpp
[15.685s] -- Installing: /home/samiksha/ros2_ws/src/install/turtlesim/include/turtlesim/turtlesim/srv/detail/teleport_relative__struct.hpp
[15.685s] -- Installing: /home/samiksha/ros2_ws/src/install/turtlesim/include/turtlesim/turtlesim/srv/detail/kill__traits.hpp
[15.685s] -- Installing: /home/samiksha/ros2_ws/src/install/turtlesim/include/turtlesim/turtlesim/srv/detail/teleport_absolute__type_support.hpp
[15.685s] -- Installing: /home/samiksha/ros2_ws/src/install/turtlesim/include/turtlesim/turtlesim/srv/detail/kill__struct.hpp
[15.685s] -- Installing: /home/samiksha/ros2_ws/src/install/turtlesim/include/turtlesim/turtlesim/srv/detail/teleport_absolute__builder.hpp
[15.685s] -- Installing: /home/samiksha/ros2_ws/src/install/turtlesim/include/turtlesim/turtlesim/srv/detail/teleport_absolute__traits.hpp
[15.685s] -- Installing: /home/samiksha/ros2_ws/src/install/turtlesim/include/turtlesim/turtlesim/srv/detail/teleport_relative__type_support.hpp
[15.685s] -- Installing: /home/samiksha/ros2_ws/src/install/turtlesim/include/turtlesim/turtlesim/srv/detail/kill__type_support.hpp
[15.685s] -- Installing: /home/samiksha/ros2_ws/src/install/turtlesim/include/turtlesim/turtlesim/srv/detail/teleport_absolute__struct.hpp
[15.685s] -- Installing: /home/samiksha/ros2_ws/src/install/turtlesim/include/turtlesim/turtlesim/srv/detail/spawn__struct.hpp
[15.686s] -- Installing: /home/samiksha/ros2_ws/src/install/turtlesim/include/turtlesim/turtlesim/srv/teleport_absolute.hpp
[15.686s] -- Installing: /home/samiksha/ros2_ws/src/install/turtlesim/include/turtlesim/turtlesim/srv/set_pen.hpp
[15.686s] -- Installing: /home/samiksha/ros2_ws/src/install/turtlesim/include/turtlesim/turtlesim/srv/spawn.hpp
[15.686s] -- Installing: /home/samiksha/ros2_ws/src/install/turtlesim/include/turtlesim/turtlesim/srv/teleport_relative.hpp
[15.686s] -- Installing: /home/samiksha/ros2_ws/src/install/turtlesim/include/turtlesim/turtlesim/srv/kill.hpp
[15.686s] -- Up-to-date: /home/samiksha/ros2_ws/src/install/turtlesim/include/turtlesim/turtlesim
[15.686s] -- Up-to-date: /home/samiksha/ros2_ws/src/install/turtlesim/include/turtlesim/turtlesim/action
[15.686s] -- Up-to-date: /home/samiksha/ros2_ws/src/install/turtlesim/include/turtlesim/turtlesim/action/detail
[15.686s] -- Installing: /home/samiksha/ros2_ws/src/install/turtlesim/include/turtlesim/turtlesim/action/detail/rotate_absolute__rosidl_typesupport_fastrtps_cpp.hpp
[15.686s] -- Installing: /home/samiksha/ros2_ws/src/install/turtlesim/include/turtlesim/turtlesim/action/detail/dds_fastrtps
[15.686s] -- Up-to-date: /home/samiksha/ros2_ws/src/install/turtlesim/include/turtlesim/turtlesim/msg
[15.686s] -- Up-to-date: /home/samiksha/ros2_ws/src/install/turtlesim/include/turtlesim/turtlesim/msg/detail
[15.686s] -- Installing: /home/samiksha/ros2_ws/src/install/turtlesim/include/turtlesim/turtlesim/msg/detail/pose__rosidl_typesupport_fastrtps_cpp.hpp
[15.686s] -- Installing: /home/samiksha/ros2_ws/src/install/turtlesim/include/turtlesim/turtlesim/msg/detail/dds_fastrtps
[15.686s] -- Installing: /home/samiksha/ros2_ws/src/install/turtlesim/include/turtlesim/turtlesim/msg/detail/color__rosidl_typesupport_fastrtps_cpp.hpp
[15.686s] -- Installing: /home/samiksha/ros2_ws/src/install/turtlesim/include/turtlesim/turtlesim/msg/rosidl_typesupport_fastrtps_cpp__visibility_control.h
[15.686s] -- Up-to-date: /home/samiksha/ros2_ws/src/install/turtlesim/include/turtlesim/turtlesim/srv
[15.687s] -- Up-to-date: /home/samiksha/ros2_ws/src/install/turtlesim/include/turtlesim/turtlesim/srv/detail
[15.687s] -- Installing: /home/samiksha/ros2_ws/src/install/turtlesim/include/turtlesim/turtlesim/srv/detail/teleport_relative__rosidl_typesupport_fastrtps_cpp.hpp
[15.687s] -- Installing: /home/samiksha/ros2_ws/src/install/turtlesim/include/turtlesim/turtlesim/srv/detail/teleport_absolute__rosidl_typesupport_fastrtps_cpp.hpp
[15.687s] -- Installing: /home/samiksha/ros2_ws/src/install/turtlesim/include/turtlesim/turtlesim/srv/detail/kill__rosidl_typesupport_fastrtps_cpp.hpp
[15.687s] -- Installing: /home/samiksha/ros2_ws/src/install/turtlesim/include/turtlesim/turtlesim/srv/detail/set_pen__rosidl_typesupport_fastrtps_cpp.hpp
[15.687s] -- Installing: /home/samiksha/ros2_ws/src/install/turtlesim/include/turtlesim/turtlesim/srv/detail/spawn__rosidl_typesupport_fastrtps_cpp.hpp
[15.687s] -- Installing: /home/samiksha/ros2_ws/src/install/turtlesim/include/turtlesim/turtlesim/srv/detail/dds_fastrtps
[15.687s] -- Installing: /home/samiksha/ros2_ws/src/install/turtlesim/lib/libturtlesim__rosidl_typesupport_fastrtps_cpp.so
[15.687s] -- Set runtime path of "/home/samiksha/ros2_ws/src/install/turtlesim/lib/libturtlesim__rosidl_typesupport_fastrtps_cpp.so" to ""
[15.687s] -- Up-to-date: /home/samiksha/ros2_ws/src/install/turtlesim/include/turtlesim/turtlesim
[15.687s] -- Up-to-date: /home/samiksha/ros2_ws/src/install/turtlesim/include/turtlesim/turtlesim/action
[15.687s] -- Up-to-date: /home/samiksha/ros2_ws/src/install/turtlesim/include/turtlesim/turtlesim/action/detail
[15.687s] -- Installing: /home/samiksha/ros2_ws/src/install/turtlesim/include/turtlesim/turtlesim/action/detail/rotate_absolute__type_support.c
[15.687s] -- Installing: /home/samiksha/ros2_ws/src/install/turtlesim/include/turtlesim/turtlesim/action/detail/rotate_absolute__rosidl_typesupport_introspection_c.h
[15.687s] -- Up-to-date: /home/samiksha/ros2_ws/src/install/turtlesim/include/turtlesim/turtlesim/msg
[15.687s] -- Up-to-date: /home/samiksha/ros2_ws/src/install/turtlesim/include/turtlesim/turtlesim/msg/detail
[15.687s] -- Installing: /home/samiksha/ros2_ws/src/install/turtlesim/include/turtlesim/turtlesim/msg/detail/color__rosidl_typesupport_introspection_c.h
[15.687s] -- Installing: /home/samiksha/ros2_ws/src/install/turtlesim/include/turtlesim/turtlesim/msg/detail/color__type_support.c
[15.687s] -- Installing: /home/samiksha/ros2_ws/src/install/turtlesim/include/turtlesim/turtlesim/msg/detail/pose__type_support.c
[15.687s] -- Installing: /home/samiksha/ros2_ws/src/install/turtlesim/include/turtlesim/turtlesim/msg/detail/pose__rosidl_typesupport_introspection_c.h
[15.687s] -- Installing: /home/samiksha/ros2_ws/src/install/turtlesim/include/turtlesim/turtlesim/msg/rosidl_typesupport_introspection_c__visibility_control.h
[15.687s] -- Up-to-date: /home/samiksha/ros2_ws/src/install/turtlesim/include/turtlesim/turtlesim/srv
[15.687s] -- Up-to-date: /home/samiksha/ros2_ws/src/install/turtlesim/include/turtlesim/turtlesim/srv/detail
[15.687s] -- Installing: /home/samiksha/ros2_ws/src/install/turtlesim/include/turtlesim/turtlesim/srv/detail/kill__rosidl_typesupport_introspection_c.h
[15.687s] -- Installing: /home/samiksha/ros2_ws/src/install/turtlesim/include/turtlesim/turtlesim/srv/detail/kill__type_support.c
[15.687s] -- Installing: /home/samiksha/ros2_ws/src/install/turtlesim/include/turtlesim/turtlesim/srv/detail/teleport_relative__rosidl_typesupport_introspection_c.h
[15.687s] -- Installing: /home/samiksha/ros2_ws/src/install/turtlesim/include/turtlesim/turtlesim/srv/detail/spawn__type_support.c
[15.687s] -- Installing: /home/samiksha/ros2_ws/src/install/turtlesim/include/turtlesim/turtlesim/srv/detail/spawn__rosidl_typesupport_introspection_c.h
[15.687s] -- Installing: /home/samiksha/ros2_ws/src/install/turtlesim/include/turtlesim/turtlesim/srv/detail/set_pen__rosidl_typesupport_introspection_c.h
[15.687s] -- Installing: /home/samiksha/ros2_ws/src/install/turtlesim/include/turtlesim/turtlesim/srv/detail/teleport_absolute__rosidl_typesupport_introspection_c.h
[15.687s] -- Installing: /home/samiksha/ros2_ws/src/install/turtlesim/include/turtlesim/turtlesim/srv/detail/teleport_absolute__type_support.c
[15.688s] -- Installing: /home/samiksha/ros2_ws/src/install/turtlesim/include/turtlesim/turtlesim/srv/detail/set_pen__type_support.c
[15.688s] -- Installing: /home/samiksha/ros2_ws/src/install/turtlesim/include/turtlesim/turtlesim/srv/detail/teleport_relative__type_support.c
[15.688s] -- Installing: /home/samiksha/ros2_ws/src/install/turtlesim/lib/libturtlesim__rosidl_typesupport_introspection_c.so
[15.688s] -- Set runtime path of "/home/samiksha/ros2_ws/src/install/turtlesim/lib/libturtlesim__rosidl_typesupport_introspection_c.so" to ""
[15.688s] -- Installing: /home/samiksha/ros2_ws/src/install/turtlesim/lib/libturtlesim__rosidl_typesupport_c.so
[15.688s] -- Set runtime path of "/home/samiksha/ros2_ws/src/install/turtlesim/lib/libturtlesim__rosidl_typesupport_c.so" to ""
[15.688s] -- Up-to-date: /home/samiksha/ros2_ws/src/install/turtlesim/include/turtlesim/turtlesim
[15.688s] -- Up-to-date: /home/samiksha/ros2_ws/src/install/turtlesim/include/turtlesim/turtlesim/action
[15.688s] -- Up-to-date: /home/samiksha/ros2_ws/src/install/turtlesim/include/turtlesim/turtlesim/action/detail
[15.688s] -- Installing: /home/samiksha/ros2_ws/src/install/turtlesim/include/turtlesim/turtlesim/action/detail/rotate_absolute__rosidl_typesupport_introspection_cpp.hpp
[15.688s] -- Installing: /home/samiksha/ros2_ws/src/install/turtlesim/include/turtlesim/turtlesim/action/detail/rotate_absolute__type_support.cpp
[15.688s] -- Up-to-date: /home/samiksha/ros2_ws/src/install/turtlesim/include/turtlesim/turtlesim/msg
[15.688s] -- Up-to-date: /home/samiksha/ros2_ws/src/install/turtlesim/include/turtlesim/turtlesim/msg/detail
[15.688s] -- Installing: /home/samiksha/ros2_ws/src/install/turtlesim/include/turtlesim/turtlesim/msg/detail/pose__rosidl_typesupport_introspection_cpp.hpp
[15.688s] -- Installing: /home/samiksha/ros2_ws/src/install/turtlesim/include/turtlesim/turtlesim/msg/detail/color__rosidl_typesupport_introspection_cpp.hpp
[15.688s] -- Installing: /home/samiksha/ros2_ws/src/install/turtlesim/include/turtlesim/turtlesim/msg/detail/pose__type_support.cpp
[15.688s] -- Installing: /home/samiksha/ros2_ws/src/install/turtlesim/include/turtlesim/turtlesim/msg/detail/color__type_support.cpp
[15.688s] -- Up-to-date: /home/samiksha/ros2_ws/src/install/turtlesim/include/turtlesim/turtlesim/srv
[15.688s] -- Up-to-date: /home/samiksha/ros2_ws/src/install/turtlesim/include/turtlesim/turtlesim/srv/detail
[15.688s] -- Installing: /home/samiksha/ros2_ws/src/install/turtlesim/include/turtlesim/turtlesim/srv/detail/spawn__rosidl_typesupport_introspection_cpp.hpp
[15.688s] -- Installing: /home/samiksha/ros2_ws/src/install/turtlesim/include/turtlesim/turtlesim/srv/detail/teleport_relative__rosidl_typesupport_introspection_cpp.hpp
[15.688s] -- Installing: /home/samiksha/ros2_ws/src/install/turtlesim/include/turtlesim/turtlesim/srv/detail/set_pen__rosidl_typesupport_introspection_cpp.hpp
[15.688s] -- Installing: /home/samiksha/ros2_ws/src/install/turtlesim/include/turtlesim/turtlesim/srv/detail/teleport_relative__type_support.cpp
[15.688s] -- Installing: /home/samiksha/ros2_ws/src/install/turtlesim/include/turtlesim/turtlesim/srv/detail/kill__rosidl_typesupport_introspection_cpp.hpp
[15.688s] -- Installing: /home/samiksha/ros2_ws/src/install/turtlesim/include/turtlesim/turtlesim/srv/detail/teleport_absolute__type_support.cpp
[15.688s] -- Installing: /home/samiksha/ros2_ws/src/install/turtlesim/include/turtlesim/turtlesim/srv/detail/kill__type_support.cpp
[15.688s] -- Installing: /home/samiksha/ros2_ws/src/install/turtlesim/include/turtlesim/turtlesim/srv/detail/spawn__type_support.cpp
[15.688s] -- Installing: /home/samiksha/ros2_ws/src/install/turtlesim/include/turtlesim/turtlesim/srv/detail/teleport_absolute__rosidl_typesupport_introspection_cpp.hpp
[15.688s] -- Installing: /home/samiksha/ros2_ws/src/install/turtlesim/include/turtlesim/turtlesim/srv/detail/set_pen__type_support.cpp
[15.688s] -- Installing: /home/samiksha/ros2_ws/src/install/turtlesim/lib/libturtlesim__rosidl_typesupport_introspection_cpp.so
[15.689s] -- Set runtime path of "/home/samiksha/ros2_ws/src/install/turtlesim/lib/libturtlesim__rosidl_typesupport_introspection_cpp.so" to ""
[15.689s] -- Installing: /home/samiksha/ros2_ws/src/install/turtlesim/lib/libturtlesim__rosidl_typesupport_cpp.so
[15.689s] -- Set runtime path of "/home/samiksha/ros2_ws/src/install/turtlesim/lib/libturtlesim__rosidl_typesupport_cpp.so" to ""
[15.689s] -- Installing: /home/samiksha/ros2_ws/src/install/turtlesim/share/turtlesim/environment/pythonpath.sh
[15.689s] -- Installing: /home/samiksha/ros2_ws/src/install/turtlesim/share/turtlesim/environment/pythonpath.dsv
[15.689s] -- Installing: /home/samiksha/ros2_ws/src/install/turtlesim/local/lib/python3.10/dist-packages/turtlesim-1.4.2-py3.10.egg-info
[15.689s] -- Installing: /home/samiksha/ros2_ws/src/install/turtlesim/local/lib/python3.10/dist-packages/turtlesim-1.4.2-py3.10.egg-info/dependency_links.txt
[15.689s] -- Installing: /home/samiksha/ros2_ws/src/install/turtlesim/local/lib/python3.10/dist-packages/turtlesim-1.4.2-py3.10.egg-info/PKG-INFO
[15.689s] -- Installing: /home/samiksha/ros2_ws/src/install/turtlesim/local/lib/python3.10/dist-packages/turtlesim-1.4.2-py3.10.egg-info/SOURCES.txt
[15.689s] -- Installing: /home/samiksha/ros2_ws/src/install/turtlesim/local/lib/python3.10/dist-packages/turtlesim-1.4.2-py3.10.egg-info/top_level.txt
[15.689s] -- Installing: /home/samiksha/ros2_ws/src/install/turtlesim/local/lib/python3.10/dist-packages/turtlesim
[15.689s] -- Installing: /home/samiksha/ros2_ws/src/install/turtlesim/local/lib/python3.10/dist-packages/turtlesim/action
[15.689s] -- Installing: /home/samiksha/ros2_ws/src/install/turtlesim/local/lib/python3.10/dist-packages/turtlesim/action/_rotate_absolute_s.c
[15.689s] -- Installing: /home/samiksha/ros2_ws/src/install/turtlesim/local/lib/python3.10/dist-packages/turtlesim/action/__init__.py
[15.689s] -- Installing: /home/samiksha/ros2_ws/src/install/turtlesim/local/lib/python3.10/dist-packages/turtlesim/action/_rotate_absolute.py
[15.689s] -- Installing: /home/samiksha/ros2_ws/src/install/turtlesim/local/lib/python3.10/dist-packages/turtlesim/_turtlesim_s.ep.rosidl_typesupport_introspection_c.c
[15.689s] -- Installing: /home/samiksha/ros2_ws/src/install/turtlesim/local/lib/python3.10/dist-packages/turtlesim/_turtlesim_s.ep.rosidl_typesupport_c.c
[15.689s] -- Installing: /home/samiksha/ros2_ws/src/install/turtlesim/local/lib/python3.10/dist-packages/turtlesim/turtlesim_s__rosidl_typesupport_introspection_c.cpython-310-x86_64-linux-gnu.so
[15.689s] -- Installing: /home/samiksha/ros2_ws/src/install/turtlesim/local/lib/python3.10/dist-packages/turtlesim/libturtlesim__rosidl_generator_py.so
[15.689s] -- Installing: /home/samiksha/ros2_ws/src/install/turtlesim/local/lib/python3.10/dist-packages/turtlesim/msg
[15.689s] -- Installing: /home/samiksha/ros2_ws/src/install/turtlesim/local/lib/python3.10/dist-packages/turtlesim/msg/_pose.py
[15.689s] -- Installing: /home/samiksha/ros2_ws/src/install/turtlesim/local/lib/python3.10/dist-packages/turtlesim/msg/_color.py
[15.689s] -- Installing: /home/samiksha/ros2_ws/src/install/turtlesim/local/lib/python3.10/dist-packages/turtlesim/msg/__init__.py
[15.689s] -- Installing: /home/samiksha/ros2_ws/src/install/turtlesim/local/lib/python3.10/dist-packages/turtlesim/msg/_color_s.c
[15.689s] -- Installing: /home/samiksha/ros2_ws/src/install/turtlesim/local/lib/python3.10/dist-packages/turtlesim/msg/_pose_s.c
[15.689s] -- Installing: /home/samiksha/ros2_ws/src/install/turtlesim/local/lib/python3.10/dist-packages/turtlesim/srv
[15.689s] -- Installing: /home/samiksha/ros2_ws/src/install/turtlesim/local/lib/python3.10/dist-packages/turtlesim/srv/_teleport_relative_s.c
[15.689s] -- Installing: /home/samiksha/ros2_ws/src/install/turtlesim/local/lib/python3.10/dist-packages/turtlesim/srv/_kill.py
[15.689s] -- Installing: /home/samiksha/ros2_ws/src/install/turtlesim/local/lib/python3.10/dist-packages/turtlesim/srv/_spawn.py
[15.689s] -- Installing: /home/samiksha/ros2_ws/src/install/turtlesim/local/lib/python3.10/dist-packages/turtlesim/srv/__init__.py
[15.689s] -- Installing: /home/samiksha/ros2_ws/src/install/turtlesim/local/lib/python3.10/dist-packages/turtlesim/srv/_spawn_s.c
[15.689s] -- Installing: /home/samiksha/ros2_ws/src/install/turtlesim/local/lib/python3.10/dist-packages/turtlesim/srv/_teleport_relative.py
[15.690s] -- Installing: /home/samiksha/ros2_ws/src/install/turtlesim/local/lib/python3.10/dist-packages/turtlesim/srv/_set_pen.py
[15.690s] -- Installing: /home/samiksha/ros2_ws/src/install/turtlesim/local/lib/python3.10/dist-packages/turtlesim/srv/_teleport_absolute_s.c
[15.690s] -- Installing: /home/samiksha/ros2_ws/src/install/turtlesim/local/lib/python3.10/dist-packages/turtlesim/srv/_teleport_absolute.py
[15.690s] -- Installing: /home/samiksha/ros2_ws/src/install/turtlesim/local/lib/python3.10/dist-packages/turtlesim/srv/_kill_s.c
[15.690s] -- Installing: /home/samiksha/ros2_ws/src/install/turtlesim/local/lib/python3.10/dist-packages/turtlesim/srv/_set_pen_s.c
[15.690s] -- Installing: /home/samiksha/ros2_ws/src/install/turtlesim/local/lib/python3.10/dist-packages/turtlesim/turtlesim_s__rosidl_typesupport_fastrtps_c.cpython-310-x86_64-linux-gnu.so
[15.690s] -- Installing: /home/samiksha/ros2_ws/src/install/turtlesim/local/lib/python3.10/dist-packages/turtlesim/__init__.py
[15.690s] -- Installing: /home/samiksha/ros2_ws/src/install/turtlesim/local/lib/python3.10/dist-packages/turtlesim/_turtlesim_s.ep.rosidl_typesupport_fastrtps_c.c
[15.690s] -- Installing: /home/samiksha/ros2_ws/src/install/turtlesim/local/lib/python3.10/dist-packages/turtlesim/turtlesim_s__rosidl_typesupport_c.cpython-310-x86_64-linux-gnu.so
[15.719s] Listing '/home/samiksha/ros2_ws/src/install/turtlesim/local/lib/python3.10/dist-packages/turtlesim'...
[15.719s] Compiling '/home/samiksha/ros2_ws/src/install/turtlesim/local/lib/python3.10/dist-packages/turtlesim/__init__.py'...
[15.719s] Listing '/home/samiksha/ros2_ws/src/install/turtlesim/local/lib/python3.10/dist-packages/turtlesim/action'...
[15.719s] Compiling '/home/samiksha/ros2_ws/src/install/turtlesim/local/lib/python3.10/dist-packages/turtlesim/action/__init__.py'...
[15.719s] Compiling '/home/samiksha/ros2_ws/src/install/turtlesim/local/lib/python3.10/dist-packages/turtlesim/action/_rotate_absolute.py'...
[15.719s] Listing '/home/samiksha/ros2_ws/src/install/turtlesim/local/lib/python3.10/dist-packages/turtlesim/msg'...
[15.719s] Compiling '/home/samiksha/ros2_ws/src/install/turtlesim/local/lib/python3.10/dist-packages/turtlesim/msg/__init__.py'...
[15.719s] Compiling '/home/samiksha/ros2_ws/src/install/turtlesim/local/lib/python3.10/dist-packages/turtlesim/msg/_color.py'...
[15.719s] Compiling '/home/samiksha/ros2_ws/src/install/turtlesim/local/lib/python3.10/dist-packages/turtlesim/msg/_pose.py'...
[15.720s] Listing '/home/samiksha/ros2_ws/src/install/turtlesim/local/lib/python3.10/dist-packages/turtlesim/srv'...
[15.720s] Compiling '/home/samiksha/ros2_ws/src/install/turtlesim/local/lib/python3.10/dist-packages/turtlesim/srv/__init__.py'...
[15.720s] Compiling '/home/samiksha/ros2_ws/src/install/turtlesim/local/lib/python3.10/dist-packages/turtlesim/srv/_kill.py'...
[15.720s] Compiling '/home/samiksha/ros2_ws/src/install/turtlesim/local/lib/python3.10/dist-packages/turtlesim/srv/_set_pen.py'...
[15.720s] Compiling '/home/samiksha/ros2_ws/src/install/turtlesim/local/lib/python3.10/dist-packages/turtlesim/srv/_spawn.py'...
[15.720s] Compiling '/home/samiksha/ros2_ws/src/install/turtlesim/local/lib/python3.10/dist-packages/turtlesim/srv/_teleport_absolute.py'...
[15.720s] Compiling '/home/samiksha/ros2_ws/src/install/turtlesim/local/lib/python3.10/dist-packages/turtlesim/srv/_teleport_relative.py'...
[15.722s] -- Installing: /home/samiksha/ros2_ws/src/install/turtlesim/local/lib/python3.10/dist-packages/turtlesim/turtlesim_s__rosidl_typesupport_fastrtps_c.cpython-310-x86_64-linux-gnu.so
[15.722s] -- Set runtime path of "/home/samiksha/ros2_ws/src/install/turtlesim/local/lib/python3.10/dist-packages/turtlesim/turtlesim_s__rosidl_typesupport_fastrtps_c.cpython-310-x86_64-linux-gnu.so" to ""
[15.722s] -- Installing: /home/samiksha/ros2_ws/src/install/turtlesim/local/lib/python3.10/dist-packages/turtlesim/turtlesim_s__rosidl_typesupport_introspection_c.cpython-310-x86_64-linux-gnu.so
[15.722s] -- Set runtime path of "/home/samiksha/ros2_ws/src/install/turtlesim/local/lib/python3.10/dist-packages/turtlesim/turtlesim_s__rosidl_typesupport_introspection_c.cpython-310-x86_64-linux-gnu.so" to ""
[15.722s] -- Installing: /home/samiksha/ros2_ws/src/install/turtlesim/local/lib/python3.10/dist-packages/turtlesim/turtlesim_s__rosidl_typesupport_c.cpython-310-x86_64-linux-gnu.so
[15.722s] -- Set runtime path of "/home/samiksha/ros2_ws/src/install/turtlesim/local/lib/python3.10/dist-packages/turtlesim/turtlesim_s__rosidl_typesupport_c.cpython-310-x86_64-linux-gnu.so" to ""
[15.722s] -- Installing: /home/samiksha/ros2_ws/src/install/turtlesim/lib/libturtlesim__rosidl_generator_py.so
[15.723s] -- Set runtime path of "/home/samiksha/ros2_ws/src/install/turtlesim/lib/libturtlesim__rosidl_generator_py.so" to ""
[15.723s] -- Installing: /home/samiksha/ros2_ws/src/install/turtlesim/share/turtlesim/action/RotateAbsolute.idl
[15.723s] -- Installing: /home/samiksha/ros2_ws/src/install/turtlesim/share/turtlesim/msg/Color.idl
[15.723s] -- Installing: /home/samiksha/ros2_ws/src/install/turtlesim/share/turtlesim/msg/Pose.idl
[15.723s] -- Installing: /home/samiksha/ros2_ws/src/install/turtlesim/share/turtlesim/srv/Kill.idl
[15.723s] -- Installing: /home/samiksha/ros2_ws/src/install/turtlesim/share/turtlesim/srv/SetPen.idl
[15.723s] -- Installing: /home/samiksha/ros2_ws/src/install/turtlesim/share/turtlesim/srv/Spawn.idl
[15.723s] -- Installing: /home/samiksha/ros2_ws/src/install/turtlesim/share/turtlesim/srv/TeleportAbsolute.idl
[15.723s] -- Installing: /home/samiksha/ros2_ws/src/install/turtlesim/share/turtlesim/srv/TeleportRelative.idl
[15.723s] -- Installing: /home/samiksha/ros2_ws/src/install/turtlesim/share/turtlesim/action/RotateAbsolute.action
[15.723s] -- Installing: /home/samiksha/ros2_ws/src/install/turtlesim/share/turtlesim/msg/Color.msg
[15.723s] -- Installing: /home/samiksha/ros2_ws/src/install/turtlesim/share/turtlesim/msg/Pose.msg
[15.723s] -- Installing: /home/samiksha/ros2_ws/src/install/turtlesim/share/turtlesim/srv/Kill.srv
[15.723s] -- Installing: /home/samiksha/ros2_ws/src/install/turtlesim/share/turtlesim/srv/Kill_Request.msg
[15.723s] -- Installing: /home/samiksha/ros2_ws/src/install/turtlesim/share/turtlesim/srv/Kill_Response.msg
[15.723s] -- Installing: /home/samiksha/ros2_ws/src/install/turtlesim/share/turtlesim/srv/SetPen.srv
[15.723s] -- Installing: /home/samiksha/ros2_ws/src/install/turtlesim/share/turtlesim/srv/SetPen_Request.msg
[15.723s] -- Installing: /home/samiksha/ros2_ws/src/install/turtlesim/share/turtlesim/srv/SetPen_Response.msg
[15.723s] -- Installing: /home/samiksha/ros2_ws/src/install/turtlesim/share/turtlesim/srv/Spawn.srv
[15.723s] -- Installing: /home/samiksha/ros2_ws/src/install/turtlesim/share/turtlesim/srv/Spawn_Request.msg
[15.723s] -- Installing: /home/samiksha/ros2_ws/src/install/turtlesim/share/turtlesim/srv/Spawn_Response.msg
[15.723s] -- Installing: /home/samiksha/ros2_ws/src/install/turtlesim/share/turtlesim/srv/TeleportAbsolute.srv
[15.724s] -- Installing: /home/samiksha/ros2_ws/src/install/turtlesim/share/turtlesim/srv/TeleportAbsolute_Request.msg
[15.724s] -- Installing: /home/samiksha/ros2_ws/src/install/turtlesim/share/turtlesim/srv/TeleportAbsolute_Response.msg
[15.724s] -- Installing: /home/samiksha/ros2_ws/src/install/turtlesim/share/turtlesim/srv/TeleportRelative.srv
[15.724s] -- Installing: /home/samiksha/ros2_ws/src/install/turtlesim/share/turtlesim/srv/TeleportRelative_Request.msg
[15.724s] -- Installing: /home/samiksha/ros2_ws/src/install/turtlesim/share/turtlesim/srv/TeleportRelative_Response.msg
[15.724s] -- Installing: /home/samiksha/ros2_ws/src/install/turtlesim/lib/turtlesim/turtlesim_node
[15.728s] -- Set runtime path of "/home/samiksha/ros2_ws/src/install/turtlesim/lib/turtlesim/turtlesim_node" to ""
[15.728s] -- Installing: /home/samiksha/ros2_ws/src/install/turtlesim/lib/turtlesim/turtle_teleop_key
[15.728s] -- Set runtime path of "/home/samiksha/ros2_ws/src/install/turtlesim/lib/turtlesim/turtle_teleop_key" to ""
[15.729s] -- Installing: /home/samiksha/ros2_ws/src/install/turtlesim/lib/turtlesim/draw_square
[15.730s] -- Set runtime path of "/home/samiksha/ros2_ws/src/install/turtlesim/lib/turtlesim/draw_square" to ""
[15.730s] -- Installing: /home/samiksha/ros2_ws/src/install/turtlesim/lib/turtlesim/mimic
[15.732s] -- Set runtime path of "/home/samiksha/ros2_ws/src/install/turtlesim/lib/turtlesim/mimic" to ""
[15.732s] -- Installing: /home/samiksha/ros2_ws/src/install/turtlesim/share/turtlesim/images
[15.732s] -- Installing: /home/samiksha/ros2_ws/src/install/turtlesim/share/turtlesim/images/rolling.png
[15.732s] -- Installing: /home/samiksha/ros2_ws/src/install/turtlesim/share/turtlesim/images/ardent.png
[15.732s] -- Installing: /home/samiksha/ros2_ws/src/install/turtlesim/share/turtlesim/images/dashing.png
[15.732s] -- Installing: /home/samiksha/ros2_ws/src/install/turtlesim/share/turtlesim/images/crystal.png
[15.732s] -- Installing: /home/samiksha/ros2_ws/src/install/turtlesim/share/turtlesim/images/humble.png
[15.732s] -- Installing: /home/samiksha/ros2_ws/src/install/turtlesim/share/turtlesim/images/eloquent.png
[15.732s] -- Installing: /home/samiksha/ros2_ws/src/install/turtlesim/share/turtlesim/images/bouncy.png
[15.732s] -- Installing: /home/samiksha/ros2_ws/src/install/turtlesim/share/turtlesim/images/galactic.png
[15.732s] -- Installing: /home/samiksha/ros2_ws/src/install/turtlesim/share/turtlesim/images/foxy.png
[15.732s] -- Installing: /home/samiksha/ros2_ws/src/install/turtlesim/share/turtlesim/launch
[15.732s] -- Installing: /home/samiksha/ros2_ws/src/install/turtlesim/share/turtlesim/launch/multisim.launch.py
[15.733s] -- Installing: /home/samiksha/ros2_ws/src/install/turtlesim/share/ament_index/resource_index/package_run_dependencies/turtlesim
[15.733s] -- Installing: /home/samiksha/ros2_ws/src/install/turtlesim/share/ament_index/resource_index/parent_prefix_path/turtlesim
[15.733s] -- Installing: /home/samiksha/ros2_ws/src/install/turtlesim/share/turtlesim/environment/ament_prefix_path.sh
[15.733s] -- Installing: /home/samiksha/ros2_ws/src/install/turtlesim/share/turtlesim/environment/ament_prefix_path.dsv
[15.733s] -- Installing: /home/samiksha/ros2_ws/src/install/turtlesim/share/turtlesim/environment/path.sh
[15.733s] -- Installing: /home/samiksha/ros2_ws/src/install/turtlesim/share/turtlesim/environment/path.dsv
[15.733s] -- Installing: /home/samiksha/ros2_ws/src/install/turtlesim/share/turtlesim/local_setup.bash
[15.733s] -- Installing: /home/samiksha/ros2_ws/src/install/turtlesim/share/turtlesim/local_setup.sh
[15.733s] -- Installing: /home/samiksha/ros2_ws/src/install/turtlesim/share/turtlesim/local_setup.zsh
[15.733s] -- Installing: /home/samiksha/ros2_ws/src/install/turtlesim/share/turtlesim/local_setup.dsv
[15.733s] -- Installing: /home/samiksha/ros2_ws/src/install/turtlesim/share/turtlesim/package.dsv
[15.733s] -- Installing: /home/samiksha/ros2_ws/src/install/turtlesim/share/ament_index/resource_index/packages/turtlesim
[15.733s] -- Installing: /home/samiksha/ros2_ws/src/install/turtlesim/share/turtlesim/cmake/export_turtlesim__rosidl_generator_cExport.cmake
[15.733s] -- Installing: /home/samiksha/ros2_ws/src/install/turtlesim/share/turtlesim/cmake/export_turtlesim__rosidl_generator_cExport-noconfig.cmake
[15.733s] -- Installing: /home/samiksha/ros2_ws/src/install/turtlesim/share/turtlesim/cmake/export_turtlesim__rosidl_typesupport_fastrtps_cExport.cmake
[15.733s] -- Installing: /home/samiksha/ros2_ws/src/install/turtlesim/share/turtlesim/cmake/export_turtlesim__rosidl_typesupport_fastrtps_cExport-noconfig.cmake
[15.733s] -- Installing: /home/samiksha/ros2_ws/src/install/turtlesim/share/turtlesim/cmake/export_turtlesim__rosidl_generator_cppExport.cmake
[15.733s] -- Installing: /home/samiksha/ros2_ws/src/install/turtlesim/share/turtlesim/cmake/export_turtlesim__rosidl_typesupport_fastrtps_cppExport.cmake
[15.733s] -- Installing: /home/samiksha/ros2_ws/src/install/turtlesim/share/turtlesim/cmake/export_turtlesim__rosidl_typesupport_fastrtps_cppExport-noconfig.cmake
[15.733s] -- Installing: /home/samiksha/ros2_ws/src/install/turtlesim/share/turtlesim/cmake/turtlesim__rosidl_typesupport_introspection_cExport.cmake
[15.733s] -- Installing: /home/samiksha/ros2_ws/src/install/turtlesim/share/turtlesim/cmake/turtlesim__rosidl_typesupport_introspection_cExport-noconfig.cmake
[15.733s] -- Installing: /home/samiksha/ros2_ws/src/install/turtlesim/share/turtlesim/cmake/turtlesim__rosidl_typesupport_cExport.cmake
[15.733s] -- Installing: /home/samiksha/ros2_ws/src/install/turtlesim/share/turtlesim/cmake/turtlesim__rosidl_typesupport_cExport-noconfig.cmake
[15.733s] -- Installing: /home/samiksha/ros2_ws/src/install/turtlesim/share/turtlesim/cmake/turtlesim__rosidl_typesupport_introspection_cppExport.cmake
[15.734s] -- Installing: /home/samiksha/ros2_ws/src/install/turtlesim/share/turtlesim/cmake/turtlesim__rosidl_typesupport_introspection_cppExport-noconfig.cmake
[15.734s] -- Installing: /home/samiksha/ros2_ws/src/install/turtlesim/share/turtlesim/cmake/turtlesim__rosidl_typesupport_cppExport.cmake
[15.734s] -- Installing: /home/samiksha/ros2_ws/src/install/turtlesim/share/turtlesim/cmake/turtlesim__rosidl_typesupport_cppExport-noconfig.cmake
[15.734s] -- Installing: /home/samiksha/ros2_ws/src/install/turtlesim/share/turtlesim/cmake/export_turtlesim__rosidl_generator_pyExport.cmake
[15.734s] -- Installing: /home/samiksha/ros2_ws/src/install/turtlesim/share/turtlesim/cmake/export_turtlesim__rosidl_generator_pyExport-noconfig.cmake
[15.734s] -- Installing: /home/samiksha/ros2_ws/src/install/turtlesim/share/turtlesim/cmake/rosidl_cmake-extras.cmake
[15.734s] -- Installing: /home/samiksha/ros2_ws/src/install/turtlesim/share/turtlesim/cmake/ament_cmake_export_dependencies-extras.cmake
[15.734s] -- Installing: /home/samiksha/ros2_ws/src/install/turtlesim/share/turtlesim/cmake/ament_cmake_export_include_directories-extras.cmake
[15.734s] -- Installing: /home/samiksha/ros2_ws/src/install/turtlesim/share/turtlesim/cmake/ament_cmake_export_libraries-extras.cmake
[15.734s] -- Installing: /home/samiksha/ros2_ws/src/install/turtlesim/share/turtlesim/cmake/ament_cmake_export_targets-extras.cmake
[15.734s] -- Installing: /home/samiksha/ros2_ws/src/install/turtlesim/share/turtlesim/cmake/rosidl_cmake_export_typesupport_targets-extras.cmake
[15.734s] -- Installing: /home/samiksha/ros2_ws/src/install/turtlesim/share/turtlesim/cmake/rosidl_cmake_export_typesupport_libraries-extras.cmake
[15.734s] -- Installing: /home/samiksha/ros2_ws/src/install/turtlesim/share/turtlesim/cmake/turtlesimConfig.cmake
[15.734s] -- Installing: /home/samiksha/ros2_ws/src/install/turtlesim/share/turtlesim/cmake/turtlesimConfig-version.cmake
[15.734s] -- Installing: /home/samiksha/ros2_ws/src/install/turtlesim/share/turtlesim/package.xml
[15.736s] Invoked command in '/home/samiksha/ros2_ws/src/build/turtlesim' returned '0': CMAKE_PREFIX_PATH=/opt/ros/humble /usr/bin/cmake --install /home/samiksha/ros2_ws/src/build/turtlesim
