[0.862s] Invoking command in '/home/samiksha/ros2_ws2/src/robo_descp': PYTHONPATH=/home/samiksha/ros2_ws2/build/robo_descp/prefix_override:/usr/lib/python3/dist-packages/colcon_core/task/python/colcon_distutils_commands:/home/samiksha/ros2_ws2/install/robo_descp/lib/python3.10/site-packages:${PYTHONPATH} /usr/bin/python3 -W ignore:setup.py install is deprecated -W ignore:easy_install command is deprecated setup.py egg_info --egg-base ../../build/robo_descp build --build-base /home/samiksha/ros2_ws2/build/robo_descp/build install --record /home/samiksha/ros2_ws2/build/robo_descp/install.log --single-version-externally-managed install_data
[1.088s] running egg_info
[1.088s] creating ../../build/robo_descp/robo_descp.egg-info
[1.089s] writing manifest file '../../build/robo_descp/robo_descp.egg-info/SOURCES.txt'
[1.091s] writing manifest file '../../build/robo_descp/robo_descp.egg-info/SOURCES.txt'
[1.091s] running build
[1.092s] running build_py
[1.092s] creating /home/samiksha/ros2_ws2/build/robo_descp/build
[1.092s] creating /home/samiksha/ros2_ws2/build/robo_descp/build/lib
[1.092s] creating /home/samiksha/ros2_ws2/build/robo_descp/build/lib/robo_descp
[1.092s] copying robo_descp/__init__.py -> /home/samiksha/ros2_ws2/build/robo_descp/build/lib/robo_descp
[1.092s] running install
[1.093s] running install_lib
[1.094s] creating /home/samiksha/ros2_ws2/install/robo_descp/lib/python3.10/site-packages/robo_descp
[1.094s] copying /home/samiksha/ros2_ws2/build/robo_descp/build/lib/robo_descp/__init__.py -> /home/samiksha/ros2_ws2/install/robo_descp/lib/python3.10/site-packages/robo_descp
[1.094s] byte-compiling /home/samiksha/ros2_ws2/install/robo_descp/lib/python3.10/site-packages/robo_descp/__init__.py to __init__.cpython-310.pyc
[1.095s] running install_data
[1.095s] creating /home/samiksha/ros2_ws2/install/robo_descp/share/ament_index
[1.095s] creating /home/samiksha/ros2_ws2/install/robo_descp/share/ament_index/resource_index
[1.095s] creating /home/samiksha/ros2_ws2/install/robo_descp/share/ament_index/resource_index/packages
[1.095s] copying resource/robo_descp -> /home/samiksha/ros2_ws2/install/robo_descp/share/ament_index/resource_index/packages
[1.095s] copying package.xml -> /home/samiksha/ros2_ws2/install/robo_descp/share/robo_descp
[1.095s] creating /home/samiksha/ros2_ws2/install/robo_descp/share/robo_descp/launch
[1.095s] copying launch/my_script_launch.py -> /home/samiksha/ros2_ws2/install/robo_descp/share/robo_descp/launch
[1.095s] running install_egg_info
[1.096s] Copying ../../build/robo_descp/robo_descp.egg-info to /home/samiksha/ros2_ws2/install/robo_descp/lib/python3.10/site-packages/robo_descp-0.0.0-py3.10.egg-info
[1.097s] running install_scripts
[1.115s] writing list of installed files to '/home/samiksha/ros2_ws2/build/robo_descp/install.log'
[1.140s] Invoked command in '/home/samiksha/ros2_ws2/src/robo_descp' returned '0': PYTHONPATH=/home/samiksha/ros2_ws2/build/robo_descp/prefix_override:/usr/lib/python3/dist-packages/colcon_core/task/python/colcon_distutils_commands:/home/samiksha/ros2_ws2/install/robo_descp/lib/python3.10/site-packages:${PYTHONPATH} /usr/bin/python3 -W ignore:setup.py install is deprecated -W ignore:easy_install command is deprecated setup.py egg_info --egg-base ../../build/robo_descp build --build-base /home/samiksha/ros2_ws2/build/robo_descp/build install --record /home/samiksha/ros2_ws2/build/robo_descp/install.log --single-version-externally-managed install_data
