[0.248s] Invoking command in '/home/samiksha/ros2_ws/build/task_controller_cpp': CMAKE_PREFIX_PATH=${CMAKE_PREFIX_PATH}:/home/samiksha/ros2_ws/install/task_controller:/opt/ros/humble /usr/bin/cmake --build /home/samiksha/ros2_ws/build/task_controller_cpp -- -j12 -l12
[0.330s] [ 16%] Built target server_doc
[0.331s] [ 33%] Built target client_doc
[0.341s] [ 50%] Built target listener
[0.346s] [ 66%] Built target talker
[0.359s] [ 75%] [32mBuilding CXX object CMakeFiles/chatNode1.dir/src/chat_first.cpp.o[0m
[0.365s] [ 83%] [32mBuilding CXX object CMakeFiles/chatNode2.dir/src/chat_second.cpp.o[0m
[10.762s] [ 91%] [32m[1mLinking CXX executable chatNode1[0m
[10.834s] [100%] [32m[1mLinking CXX executable chatNode2[0m
[11.394s] [100%] Built target chatNode1
[11.519s] [100%] Built target chatNode2
[11.535s] Invoked command in '/home/samiksha/ros2_ws/build/task_controller_cpp' returned '0': CMAKE_PREFIX_PATH=${CMAKE_PREFIX_PATH}:/home/samiksha/ros2_ws/install/task_controller:/opt/ros/humble /usr/bin/cmake --build /home/samiksha/ros2_ws/build/task_controller_cpp -- -j12 -l12
[11.537s] Invoking command in '/home/samiksha/ros2_ws/build/task_controller_cpp': CMAKE_PREFIX_PATH=${CMAKE_PREFIX_PATH}:/home/samiksha/ros2_ws/install/task_controller:/opt/ros/humble /usr/bin/cmake --install /home/samiksha/ros2_ws/build/task_controller_cpp
[11.548s] -- Install configuration: ""
[11.549s] -- Up-to-date: /home/samiksha/ros2_ws/install/task_controller_cpp/lib/task_controller_cpp/talker
[11.549s] -- Up-to-date: /home/samiksha/ros2_ws/install/task_controller_cpp/lib/task_controller_cpp/listener
[11.549s] -- Up-to-date: /home/samiksha/ros2_ws/install/task_controller_cpp/lib/task_controller_cpp/server_doc
[11.550s] -- Up-to-date: /home/samiksha/ros2_ws/install/task_controller_cpp/lib/task_controller_cpp/client_doc
[11.550s] -- Installing: /home/samiksha/ros2_ws/install/task_controller_cpp/lib/task_controller_cpp/chatNode1
[11.556s] -- Set runtime path of "/home/samiksha/ros2_ws/install/task_controller_cpp/lib/task_controller_cpp/chatNode1" to ""
[11.556s] -- Installing: /home/samiksha/ros2_ws/install/task_controller_cpp/lib/task_controller_cpp/chatNode2
[11.563s] -- Set runtime path of "/home/samiksha/ros2_ws/install/task_controller_cpp/lib/task_controller_cpp/chatNode2" to ""
[11.563s] -- Up-to-date: /home/samiksha/ros2_ws/install/task_controller_cpp/share/ament_index/resource_index/package_run_dependencies/task_controller_cpp
[11.563s] -- Up-to-date: /home/samiksha/ros2_ws/install/task_controller_cpp/share/ament_index/resource_index/parent_prefix_path/task_controller_cpp
[11.563s] -- Up-to-date: /home/samiksha/ros2_ws/install/task_controller_cpp/share/task_controller_cpp/environment/ament_prefix_path.sh
[11.563s] -- Up-to-date: /home/samiksha/ros2_ws/install/task_controller_cpp/share/task_controller_cpp/environment/ament_prefix_path.dsv
[11.563s] -- Up-to-date: /home/samiksha/ros2_ws/install/task_controller_cpp/share/task_controller_cpp/environment/path.sh
[11.563s] -- Up-to-date: /home/samiksha/ros2_ws/install/task_controller_cpp/share/task_controller_cpp/environment/path.dsv
[11.563s] -- Up-to-date: /home/samiksha/ros2_ws/install/task_controller_cpp/share/task_controller_cpp/local_setup.bash
[11.564s] -- Up-to-date: /home/samiksha/ros2_ws/install/task_controller_cpp/share/task_controller_cpp/local_setup.sh
[11.564s] -- Up-to-date: /home/samiksha/ros2_ws/install/task_controller_cpp/share/task_controller_cpp/local_setup.zsh
[11.564s] -- Up-to-date: /home/samiksha/ros2_ws/install/task_controller_cpp/share/task_controller_cpp/local_setup.dsv
[11.564s] -- Installing: /home/samiksha/ros2_ws/install/task_controller_cpp/share/task_controller_cpp/package.dsv
[11.564s] -- Up-to-date: /home/samiksha/ros2_ws/install/task_controller_cpp/share/ament_index/resource_index/packages/task_controller_cpp
[11.564s] -- Up-to-date: /home/samiksha/ros2_ws/install/task_controller_cpp/share/task_controller_cpp/cmake/task_controller_cppConfig.cmake
[11.564s] -- Up-to-date: /home/samiksha/ros2_ws/install/task_controller_cpp/share/task_controller_cpp/cmake/task_controller_cppConfig-version.cmake
[11.564s] -- Up-to-date: /home/samiksha/ros2_ws/install/task_controller_cpp/share/task_controller_cpp/package.xml
[11.568s] Invoked command in '/home/samiksha/ros2_ws/build/task_controller_cpp' returned '0': CMAKE_PREFIX_PATH=${CMAKE_PREFIX_PATH}:/home/samiksha/ros2_ws/install/task_controller:/opt/ros/humble /usr/bin/cmake --install /home/samiksha/ros2_ws/build/task_controller_cpp
