[0.397s] Invoking command in '/home/samiksha/polygon_ws/src/polygon_turtle': PYTHONPATH=/home/samiksha/polygon_ws/build/polygon_turtle/prefix_override:/usr/lib/python3/dist-packages/colcon_core/task/python/colcon_distutils_commands:/home/samiksha/polygon_ws/install/polygon_turtle/lib/python3.10/site-packages:${PYTHONPATH} /usr/bin/python3 -W ignore:setup.py install is deprecated -W ignore:easy_install command is deprecated setup.py egg_info --egg-base ../../build/polygon_turtle build --build-base /home/samiksha/polygon_ws/build/polygon_turtle/build install --record /home/samiksha/polygon_ws/build/polygon_turtle/install.log --single-version-externally-managed install_data
[0.562s] running egg_info
[0.562s] creating ../../build/polygon_turtle/polygon_turtle.egg-info
[0.563s] writing manifest file '../../build/polygon_turtle/polygon_turtle.egg-info/SOURCES.txt'
[0.565s] writing manifest file '../../build/polygon_turtle/polygon_turtle.egg-info/SOURCES.txt'
[0.565s] running build
[0.565s] running build_py
[0.565s] creating /home/samiksha/polygon_ws/build/polygon_turtle/build
[0.565s] creating /home/samiksha/polygon_ws/build/polygon_turtle/build/lib
[0.565s] creating /home/samiksha/polygon_ws/build/polygon_turtle/build/lib/polygon_turtle
[0.565s] copying polygon_turtle/polygon_service_server.py -> /home/samiksha/polygon_ws/build/polygon_turtle/build/lib/polygon_turtle
[0.565s] copying polygon_turtle/polygon_service_client.py -> /home/samiksha/polygon_ws/build/polygon_turtle/build/lib/polygon_turtle
[0.565s] copying polygon_turtle/__init__.py -> /home/samiksha/polygon_ws/build/polygon_turtle/build/lib/polygon_turtle
[0.566s] running install
[0.566s] running install_lib
[0.566s] creating /home/samiksha/polygon_ws/install/polygon_turtle/lib/python3.10/site-packages/polygon_turtle
[0.567s] copying /home/samiksha/polygon_ws/build/polygon_turtle/build/lib/polygon_turtle/polygon_service_server.py -> /home/samiksha/polygon_ws/install/polygon_turtle/lib/python3.10/site-packages/polygon_turtle
[0.567s] copying /home/samiksha/polygon_ws/build/polygon_turtle/build/lib/polygon_turtle/polygon_service_client.py -> /home/samiksha/polygon_ws/install/polygon_turtle/lib/python3.10/site-packages/polygon_turtle
[0.567s] copying /home/samiksha/polygon_ws/build/polygon_turtle/build/lib/polygon_turtle/__init__.py -> /home/samiksha/polygon_ws/install/polygon_turtle/lib/python3.10/site-packages/polygon_turtle
[0.567s] byte-compiling /home/samiksha/polygon_ws/install/polygon_turtle/lib/python3.10/site-packages/polygon_turtle/polygon_service_server.py to polygon_service_server.cpython-310.pyc
[0.568s] byte-compiling /home/samiksha/polygon_ws/install/polygon_turtle/lib/python3.10/site-packages/polygon_turtle/polygon_service_client.py to polygon_service_client.cpython-310.pyc
[0.568s] byte-compiling /home/samiksha/polygon_ws/install/polygon_turtle/lib/python3.10/site-packages/polygon_turtle/__init__.py to __init__.cpython-310.pyc
[0.568s] running install_data
[0.568s] creating /home/samiksha/polygon_ws/install/polygon_turtle/share/ament_index
[0.568s] creating /home/samiksha/polygon_ws/install/polygon_turtle/share/ament_index/resource_index
[0.569s] creating /home/samiksha/polygon_ws/install/polygon_turtle/share/ament_index/resource_index/packages
[0.569s] copying resource/polygon_turtle -> /home/samiksha/polygon_ws/install/polygon_turtle/share/ament_index/resource_index/packages
[0.569s] copying package.xml -> /home/samiksha/polygon_ws/install/polygon_turtle/share/polygon_turtle
[0.569s] running install_egg_info
[0.569s] Copying ../../build/polygon_turtle/polygon_turtle.egg-info to /home/samiksha/polygon_ws/install/polygon_turtle/lib/python3.10/site-packages/polygon_turtle-0.0.0-py3.10.egg-info
[0.570s] running install_scripts
[0.582s] writing list of installed files to '/home/samiksha/polygon_ws/build/polygon_turtle/install.log'
[0.598s] Invoked command in '/home/samiksha/polygon_ws/src/polygon_turtle' returned '0': PYTHONPATH=/home/samiksha/polygon_ws/build/polygon_turtle/prefix_override:/usr/lib/python3/dist-packages/colcon_core/task/python/colcon_distutils_commands:/home/samiksha/polygon_ws/install/polygon_turtle/lib/python3.10/site-packages:${PYTHONPATH} /usr/bin/python3 -W ignore:setup.py install is deprecated -W ignore:easy_install command is deprecated setup.py egg_info --egg-base ../../build/polygon_turtle build --build-base /home/samiksha/polygon_ws/build/polygon_turtle/build install --record /home/samiksha/polygon_ws/build/polygon_turtle/install.log --single-version-externally-managed install_data
