[0.011s] Invoking command in '/home/samiksha/ros2_ws/build/my_package': CMAKE_PREFIX_PATH=${CMAKE_PREFIX_PATH}:/home/samiksha/ros2_ws/install/task_controller:/opt/ros/humble /usr/bin/cmake /home/samiksha/ros2_ws/src/task_controller_cpp -DAMENT_CMAKE_SYMLINK_INSTALL=1 -DCMAKE_INSTALL_PREFIX=/home/samiksha/ros2_ws/install/my_package
[0.190s] -- The C compiler identification is GNU 11.4.0
[0.190s] -- The CXX compiler identification is GNU 11.4.0
[0.191s] -- Detecting C compiler ABI info
[0.191s] -- Detecting C compiler ABI info - done
[0.191s] -- Check for working C compiler: /usr/bin/cc - skipped
[0.191s] -- Detecting C compile features
[0.191s] -- Detecting C compile features - done
[0.192s] -- Detecting CXX compiler ABI info
[0.228s] -- Detecting CXX compiler ABI info - done
[0.236s] -- Check for working CXX compiler: /usr/bin/c++ - skipped
[0.236s] -- Detecting CXX compile features
[0.236s] -- Detecting CXX compile features - done
[0.238s] -- Found ament_cmake: 1.3.11 (/opt/ros/humble/share/ament_cmake/cmake)
[0.637s] -- Found Python3: /usr/bin/python3 (found version "3.10.12") found components: Interpreter 
[0.689s] -- Override CMake install command with custom implementation using symlinks instead of copying resources
[0.711s] -- Found rclcpp: 16.0.11 (/opt/ros/humble/share/rclcpp/cmake)
[0.743s] -- Found rosidl_generator_c: 3.1.6 (/opt/ros/humble/share/rosidl_generator_c/cmake)
[0.747s] -- Found rosidl_adapter: 3.1.6 (/opt/ros/humble/share/rosidl_adapter/cmake)
[0.752s] -- Found rosidl_generator_cpp: 3.1.6 (/opt/ros/humble/share/rosidl_generator_cpp/cmake)
[0.760s] -- Using all available rosidl_typesupport_c: rosidl_typesupport_fastrtps_c;rosidl_typesupport_introspection_c
[0.770s] -- Using all available rosidl_typesupport_cpp: rosidl_typesupport_fastrtps_cpp;rosidl_typesupport_introspection_cpp
[0.795s] -- Found rmw_implementation_cmake: 6.1.2 (/opt/ros/humble/share/rmw_implementation_cmake/cmake)
[0.796s] -- Found rmw_fastrtps_cpp: 6.2.7 (/opt/ros/humble/share/rmw_fastrtps_cpp/cmake)
[0.863s] -- Found OpenSSL: /usr/lib/x86_64-linux-gnu/libcrypto.so (found version "3.0.2")  
[0.886s] -- Found FastRTPS: /opt/ros/humble/include  
[0.911s] -- Using RMW implementation 'rmw_fastrtps_cpp' as default
[0.916s] -- Looking for pthread.h
[0.973s] -- Looking for pthread.h - found
[0.973s] -- Performing Test CMAKE_HAVE_LIBC_PTHREAD
[1.030s] -- Performing Test CMAKE_HAVE_LIBC_PTHREAD - Success
[1.032s] -- Found Threads: TRUE  
[1.070s] -- Found example_interfaces: 0.9.3 (/opt/ros/humble/share/example_interfaces/cmake)
[1.146s] -- Configuring done
[1.156s] -- Generating done
[1.161s] -- Build files have been written to: /home/samiksha/ros2_ws/build/my_package
[1.168s] Invoked command in '/home/samiksha/ros2_ws/build/my_package' returned '0': CMAKE_PREFIX_PATH=${CMAKE_PREFIX_PATH}:/home/samiksha/ros2_ws/install/task_controller:/opt/ros/humble /usr/bin/cmake /home/samiksha/ros2_ws/src/task_controller_cpp -DAMENT_CMAKE_SYMLINK_INSTALL=1 -DCMAKE_INSTALL_PREFIX=/home/samiksha/ros2_ws/install/my_package
[1.169s] Invoking command in '/home/samiksha/ros2_ws/build/my_package': CMAKE_PREFIX_PATH=${CMAKE_PREFIX_PATH}:/home/samiksha/ros2_ws/install/task_controller:/opt/ros/humble /usr/bin/cmake --build /home/samiksha/ros2_ws/build/my_package -- -j12 -l12
[1.201s] [35m[1mConsolidate compiler generated dependencies of target server_doc[0m
[1.201s] [35m[1mConsolidate compiler generated dependencies of target talker[0m
[1.202s] [35m[1mConsolidate compiler generated dependencies of target listener[0m
[1.203s] [35m[1mConsolidate compiler generated dependencies of target client_doc[0m
[1.212s] [ 25%] Built target talker
[1.213s] [ 50%] Built target client_doc
[1.215s] [ 75%] Built target server_doc
[1.216s] [100%] Built target listener
[1.225s] Invoked command in '/home/samiksha/ros2_ws/build/my_package' returned '0': CMAKE_PREFIX_PATH=${CMAKE_PREFIX_PATH}:/home/samiksha/ros2_ws/install/task_controller:/opt/ros/humble /usr/bin/cmake --build /home/samiksha/ros2_ws/build/my_package -- -j12 -l12
[1.232s] Invoking command in '/home/samiksha/ros2_ws/build/my_package': CMAKE_PREFIX_PATH=${CMAKE_PREFIX_PATH}:/home/samiksha/ros2_ws/install/task_controller:/opt/ros/humble /usr/bin/cmake --install /home/samiksha/ros2_ws/build/my_package
[1.237s] -- Install configuration: ""
[1.237s] -- Execute custom install script
[1.238s] -- Up-to-date symlink: /home/samiksha/ros2_ws/install/my_package/lib/my_package/talker
[1.238s] -- Up-to-date symlink: /home/samiksha/ros2_ws/install/my_package/lib/my_package/listener
[1.238s] -- Up-to-date symlink: /home/samiksha/ros2_ws/install/my_package/lib/my_package/server_doc
[1.238s] -- Up-to-date symlink: /home/samiksha/ros2_ws/install/my_package/lib/my_package/client_doc
[1.239s] -- Up-to-date symlink: /home/samiksha/ros2_ws/install/my_package/share/ament_index/resource_index/package_run_dependencies/my_package
[1.239s] -- Up-to-date symlink: /home/samiksha/ros2_ws/install/my_package/share/ament_index/resource_index/parent_prefix_path/my_package
[1.239s] -- Up-to-date symlink: /home/samiksha/ros2_ws/install/my_package/share/my_package/environment/ament_prefix_path.sh
[1.239s] -- Up-to-date symlink: /home/samiksha/ros2_ws/install/my_package/share/my_package/environment/ament_prefix_path.dsv
[1.239s] -- Up-to-date symlink: /home/samiksha/ros2_ws/install/my_package/share/my_package/environment/path.sh
[1.239s] -- Up-to-date symlink: /home/samiksha/ros2_ws/install/my_package/share/my_package/environment/path.dsv
[1.239s] -- Up-to-date symlink: /home/samiksha/ros2_ws/install/my_package/share/my_package/local_setup.bash
[1.239s] -- Up-to-date symlink: /home/samiksha/ros2_ws/install/my_package/share/my_package/local_setup.sh
[1.239s] -- Up-to-date symlink: /home/samiksha/ros2_ws/install/my_package/share/my_package/local_setup.zsh
[1.239s] -- Up-to-date symlink: /home/samiksha/ros2_ws/install/my_package/share/my_package/local_setup.dsv
[1.240s] -- Symlinking: /home/samiksha/ros2_ws/install/my_package/share/my_package/package.dsv
[1.247s] -- Up-to-date symlink: /home/samiksha/ros2_ws/install/my_package/share/ament_index/resource_index/packages/my_package
[1.247s] -- Up-to-date symlink: /home/samiksha/ros2_ws/install/my_package/share/my_package/cmake/my_packageConfig.cmake
[1.248s] -- Up-to-date symlink: /home/samiksha/ros2_ws/install/my_package/share/my_package/cmake/my_packageConfig-version.cmake
[1.248s] -- Up-to-date symlink: /home/samiksha/ros2_ws/install/my_package/share/my_package/package.xml
[1.250s] Invoked command in '/home/samiksha/ros2_ws/build/my_package' returned '0': CMAKE_PREFIX_PATH=${CMAKE_PREFIX_PATH}:/home/samiksha/ros2_ws/install/task_controller:/opt/ros/humble /usr/bin/cmake --install /home/samiksha/ros2_ws/build/my_package
