[0.533s] Invoking command in '/home/samiksha/ros2_ws2/build/rviz_plugin_tutorial_msgs': CMAKE_PREFIX_PATH=${CMAKE_PREFIX_PATH}:/home/samiksha/ros2_ws/install/task_controller:/home/samiksha/ros2_ws2/install/robo_descp:/home/samiksha/ros2_ws2/install/learning_tf2_py:/home/samiksha/ros2_ws2/install/launch_tutorial:/opt/ros/humble /usr/bin/cmake --build /home/samiksha/ros2_ws2/build/rviz_plugin_tutorial_msgs -- -j12 -l12
[0.559s] -- Found ament_cmake: 1.3.11 (/opt/ros/humble/share/ament_cmake/cmake)
[0.671s] -- Found std_msgs: 4.2.4 (/opt/ros/humble/share/std_msgs/cmake)
[0.687s] -- Found rosidl_generator_c: 3.1.6 (/opt/ros/humble/share/rosidl_generator_c/cmake)
[0.688s] -- Found rosidl_adapter: 3.1.6 (/opt/ros/humble/share/rosidl_adapter/cmake)
[0.692s] -- Found rosidl_generator_cpp: 3.1.6 (/opt/ros/humble/share/rosidl_generator_cpp/cmake)
[0.698s] -- Using all available rosidl_typesupport_c: rosidl_typesupport_fastrtps_c;rosidl_typesupport_introspection_c
[0.706s] -- Using all available rosidl_typesupport_cpp: rosidl_typesupport_fastrtps_cpp;rosidl_typesupport_introspection_cpp
[0.722s] -- Found rosidl_default_generators: 1.2.0 (/opt/ros/humble/share/rosidl_default_generators/cmake)
[0.726s] -- Found ament_cmake_ros: 0.10.0 (/opt/ros/humble/share/ament_cmake_ros/cmake)
[0.728s] -- Found pluginlib: 5.1.0 (/opt/ros/humble/share/pluginlib/cmake)
[0.739s] -- Found rviz_common: 11.2.14 (/opt/ros/humble/share/rviz_common/cmake)
[0.745s] -- Setting assimp_DIR to: '/opt/ros/humble/share/rviz_assimp_vendor/cmake/../../../opt/rviz_assimp_vendor/lib/cmake/assimp-4.1'
[0.748s] -- Setting OGRE_DIR to: '/opt/ros/humble/share/rviz_ogre_vendor/cmake/../../../opt/rviz_ogre_vendor/lib/OGRE/cmake'
[0.748s] -- Found OGRE
[0.749s] --   static     : OFF
[0.749s] --   components : HLMS;MeshLodGenerator;Overlay;Paging;Property;RTShaderSystem;Terrain;Volume
[0.749s] --   plugins    : Plugin_BSPSceneManager;Plugin_OctreeSceneManager;Plugin_PCZSceneManager;Plugin_ParticleFX;RenderSystem_GL;RenderSystem_GL3Plus;Codec_STBI
[0.749s] --   media      : /opt/ros/humble/opt/rviz_ogre_vendor/share/OGRE/Media
[0.749s] -- OGRE_LIBRARIES: OgreHLMS;OgreMeshLodGenerator;OgreOverlay;OgrePaging;OgreProperty;OgreRTShaderSystem;OgreTerrain;OgreVolume;OgreMain
[0.749s] -- OGRE_LIBRARY_DIRS: /opt/ros/humble/opt/rviz_ogre_vendor/lib
[0.749s] -- OGRE_PLUGINS: Plugin_BSPSceneManager;Plugin_OctreeSceneManager;Plugin_PCZSceneManager;Plugin_ParticleFX;RenderSystem_GL;RenderSystem_GL3Plus;Codec_STBI
[0.749s] -- OGRE_PLUGIN_DIR: /opt/ros/humble/opt/rviz_ogre_vendor/lib/OGRE
[0.749s] -- rviz_ogre_vendor::OgreOverlay for IMPORTED_LOCATION_RELEASE: /opt/ros/humble/opt/rviz_ogre_vendor/lib/libOgreOverlay.so
[0.749s] -- rviz_ogre_vendor::OgreOverlay for IMPORTED_LOCATION_DEBUG: /opt/ros/humble/opt/rviz_ogre_vendor/lib/libOgreOverlay.so
[0.749s] -- rviz_ogre_vendor::OgreMain for IMPORTED_LOCATION_RELEASE: /opt/ros/humble/opt/rviz_ogre_vendor/lib/libOgreMain.so
[0.749s] -- rviz_ogre_vendor::OgreMain for IMPORTED_LOCATION_DEBUG: /opt/ros/humble/opt/rviz_ogre_vendor/lib/libOgreMain.so
[0.808s] -- library: /usr/lib/x86_64-linux-gnu/libcurl.so
[0.855s] -- Found rmw_implementation_cmake: 6.1.2 (/opt/ros/humble/share/rmw_implementation_cmake/cmake)
[0.857s] -- Found rmw_fastrtps_cpp: 6.2.7 (/opt/ros/humble/share/rmw_fastrtps_cpp/cmake)
[0.870s] -- Found TinyXML2 via Config file: TinyXML2_DIR-NOTFOUND
[0.878s] -- Found TinyXML2 via Config file: TinyXML2_DIR-NOTFOUND
[0.891s] -- Found TinyXML2 via Config file: TinyXML2_DIR-NOTFOUND
[0.899s] -- Found TinyXML2 via Config file: TinyXML2_DIR-NOTFOUND
[0.910s] -- Using RMW implementation 'rmw_fastrtps_cpp' as default
[0.957s] -- Ensuring Eigen3 include directory is part of orocos-kdl CMake target
[1.483s] -- Using all available rosidl_typesupport_c: rosidl_typesupport_fastrtps_c;rosidl_typesupport_introspection_c
[1.603s] -- Using all available rosidl_typesupport_cpp: rosidl_typesupport_fastrtps_cpp;rosidl_typesupport_introspection_cpp
[1.622s] -- Found python_cmake_module: 0.10.0 (/opt/ros/humble/share/python_cmake_module/cmake)
[1.639s] -- Using PYTHON_EXECUTABLE: /usr/bin/python3
[1.639s] -- Using PYTHON_INCLUDE_DIRS: /usr/include/python3.10
[1.640s] -- Using PYTHON_LIBRARIES: /usr/lib/x86_64-linux-gnu/libpython3.10.so
[1.658s] -- Configuring done
[1.666s] [33mCMake Warning (dev) in CMakeLists.txt:
[1.666s]   Policy CMP0071 is not set: Let AUTOMOC and AUTOUIC process GENERATED files.
[1.666s]   Run "cmake --help-policy CMP0071" for policy details.  Use the cmake_policy
[1.666s]   command to set the policy and suppress this warning.
[1.666s] 
[1.666s]   For compatibility, CMake is excluding the GENERATED source file(s):
[1.666s] 
[1.666s]     "/home/samiksha/ros2_ws2/build/rviz_plugin_tutorial_msgs/rosidl_generator_c/rviz_plugin_tutorial_msgs/msg/point2_d.h"
[1.666s]     "/home/samiksha/ros2_ws2/build/rviz_plugin_tutorial_msgs/rosidl_generator_c/rviz_plugin_tutorial_msgs/msg/detail/point2_d__functions.h"
[1.666s]     "/home/samiksha/ros2_ws2/build/rviz_plugin_tutorial_msgs/rosidl_generator_c/rviz_plugin_tutorial_msgs/msg/detail/point2_d__struct.h"
[1.666s]     "/home/samiksha/ros2_ws2/build/rviz_plugin_tutorial_msgs/rosidl_generator_c/rviz_plugin_tutorial_msgs/msg/detail/point2_d__type_support.h"
[1.666s]     "/home/samiksha/ros2_ws2/build/rviz_plugin_tutorial_msgs/rosidl_generator_c/rviz_plugin_tutorial_msgs/msg/detail/point2_d__functions.c"
[1.666s] 
[1.666s]   from processing by AUTOMOC.  If any of the files should be processed, set
[1.666s]   CMP0071 to NEW.  If any of the files should not be processed, explicitly
[1.666s]   exclude them by setting the source file property SKIP_AUTOMOC:
[1.666s] 
[1.667s]     set_property(SOURCE file.h PROPERTY SKIP_AUTOMOC ON)
[1.667s] 
[1.667s] This warning is for project developers.  Use -Wno-dev to suppress it.
[1.667s] [0m
[1.667s] [33mCMake Warning (dev) in CMakeLists.txt:
[1.667s]   Policy CMP0071 is not set: Let AUTOMOC and AUTOUIC process GENERATED files.
[1.667s]   Run "cmake --help-policy CMP0071" for policy details.  Use the cmake_policy
[1.667s]   command to set the policy and suppress this warning.
[1.667s] 
[1.667s]   For compatibility, CMake is excluding the GENERATED source file(s):
[1.667s] 
[1.667s]     "/home/samiksha/ros2_ws2/build/rviz_plugin_tutorial_msgs/rosidl_typesupport_fastrtps_c/rviz_plugin_tutorial_msgs/msg/detail/point2_d__rosidl_typesupport_fastrtps_c.h"
[1.667s]     "/home/samiksha/ros2_ws2/build/rviz_plugin_tutorial_msgs/rosidl_typesupport_fastrtps_c/rviz_plugin_tutorial_msgs/msg/detail/point2_d__type_support_c.cpp"
[1.667s] 
[1.667s]   from processing by AUTOMOC.  If any of the files should be processed, set
[1.667s]   CMP0071 to NEW.  If any of the files should not be processed, explicitly
[1.667s]   exclude them by setting the source file property SKIP_AUTOMOC:
[1.667s] 
[1.667s]     set_property(SOURCE file.h PROPERTY SKIP_AUTOMOC ON)
[1.667s] 
[1.667s] This warning is for project developers.  Use -Wno-dev to suppress it.
[1.667s] [0m
[1.667s] [33mCMake Warning (dev) in CMakeLists.txt:
[1.667s]   Policy CMP0071 is not set: Let AUTOMOC and AUTOUIC process GENERATED files.
[1.667s]   Run "cmake --help-policy CMP0071" for policy details.  Use the cmake_policy
[1.667s]   command to set the policy and suppress this warning.
[1.667s] 
[1.667s]   For compatibility, CMake is excluding the GENERATED source file(s):
[1.667s] 
[1.667s]     "/home/samiksha/ros2_ws2/build/rviz_plugin_tutorial_msgs/rosidl_typesupport_fastrtps_cpp/rviz_plugin_tutorial_msgs/msg/detail/dds_fastrtps/point2_d__type_support.cpp"
[1.667s]     "/home/samiksha/ros2_ws2/build/rviz_plugin_tutorial_msgs/rosidl_typesupport_fastrtps_cpp/rviz_plugin_tutorial_msgs/msg/detail/point2_d__rosidl_typesupport_fastrtps_cpp.hpp"
[1.667s] 
[1.667s]   from processing by AUTOMOC.  If any of the files should be processed, set
[1.668s]   CMP0071 to NEW.  If any of the files should not be processed, explicitly
[1.668s]   exclude them by setting the source file property SKIP_AUTOMOC:
[1.668s] 
[1.668s]     set_property(SOURCE file.h PROPERTY SKIP_AUTOMOC ON)
[1.668s] 
[1.668s] This warning is for project developers.  Use -Wno-dev to suppress it.
[1.668s] [0m
[1.668s] [33mCMake Warning (dev) in CMakeLists.txt:
[1.668s]   Policy CMP0071 is not set: Let AUTOMOC and AUTOUIC process GENERATED files.
[1.668s]   Run "cmake --help-policy CMP0071" for policy details.  Use the cmake_policy
[1.668s]   command to set the policy and suppress this warning.
[1.668s] 
[1.668s]   For compatibility, CMake is excluding the GENERATED source file(s):
[1.668s] 
[1.668s]     "/home/samiksha/ros2_ws2/build/rviz_plugin_tutorial_msgs/rosidl_typesupport_introspection_c/rviz_plugin_tutorial_msgs/msg/detail/point2_d__rosidl_typesupport_introspection_c.h"
[1.668s]     "/home/samiksha/ros2_ws2/build/rviz_plugin_tutorial_msgs/rosidl_typesupport_introspection_c/rviz_plugin_tutorial_msgs/msg/detail/point2_d__type_support.c"
[1.668s] 
[1.668s]   from processing by AUTOMOC.  If any of the files should be processed, set
[1.668s]   CMP0071 to NEW.  If any of the files should not be processed, explicitly
[1.668s]   exclude them by setting the source file property SKIP_AUTOMOC:
[1.668s] 
[1.668s]     set_property(SOURCE file.h PROPERTY SKIP_AUTOMOC ON)
[1.668s] 
[1.668s] This warning is for project developers.  Use -Wno-dev to suppress it.
[1.668s] [0m
[1.668s] [33mCMake Warning (dev) in CMakeLists.txt:
[1.668s]   Policy CMP0071 is not set: Let AUTOMOC and AUTOUIC process GENERATED files.
[1.668s]   Run "cmake --help-policy CMP0071" for policy details.  Use the cmake_policy
[1.668s]   command to set the policy and suppress this warning.
[1.669s] 
[1.669s]   For compatibility, CMake is excluding the GENERATED source file(s):
[1.669s] 
[1.669s]     "/home/samiksha/ros2_ws2/build/rviz_plugin_tutorial_msgs/rosidl_typesupport_c/rviz_plugin_tutorial_msgs/msg/point2_d__type_support.cpp"
[1.669s] 
[1.669s]   from processing by AUTOMOC.  If any of the files should be processed, set
[1.669s]   CMP0071 to NEW.  If any of the files should not be processed, explicitly
[1.669s]   exclude them by setting the source file property SKIP_AUTOMOC:
[1.669s] 
[1.669s]     set_property(SOURCE file.h PROPERTY SKIP_AUTOMOC ON)
[1.669s] 
[1.669s] This warning is for project developers.  Use -Wno-dev to suppress it.
[1.669s] [0m
[1.669s] [33mCMake Warning (dev) in CMakeLists.txt:
[1.669s]   Policy CMP0071 is not set: Let AUTOMOC and AUTOUIC process GENERATED files.
[1.669s]   Run "cmake --help-policy CMP0071" for policy details.  Use the cmake_policy
[1.669s]   command to set the policy and suppress this warning.
[1.669s] 
[1.669s]   For compatibility, CMake is excluding the GENERATED source file(s):
[1.669s] 
[1.669s]     "/home/samiksha/ros2_ws2/build/rviz_plugin_tutorial_msgs/rosidl_typesupport_introspection_cpp/rviz_plugin_tutorial_msgs/msg/detail/point2_d__rosidl_typesupport_introspection_cpp.hpp"
[1.669s]     "/home/samiksha/ros2_ws2/build/rviz_plugin_tutorial_msgs/rosidl_typesupport_introspection_cpp/rviz_plugin_tutorial_msgs/msg/detail/point2_d__type_support.cpp"
[1.669s] 
[1.669s]   from processing by AUTOMOC.  If any of the files should be processed, set
[1.669s]   CMP0071 to NEW.  If any of the files should not be processed, explicitly
[1.669s]   exclude them by setting the source file property SKIP_AUTOMOC:
[1.669s] 
[1.669s]     set_property(SOURCE file.h PROPERTY SKIP_AUTOMOC ON)
[1.669s] 
[1.669s] This warning is for project developers.  Use -Wno-dev to suppress it.
[1.669s] [0m
[1.669s] [33mCMake Warning (dev) in CMakeLists.txt:
[1.669s]   Policy CMP0071 is not set: Let AUTOMOC and AUTOUIC process GENERATED files.
[1.669s]   Run "cmake --help-policy CMP0071" for policy details.  Use the cmake_policy
[1.669s]   command to set the policy and suppress this warning.
[1.669s] 
[1.669s]   For compatibility, CMake is excluding the GENERATED source file(s):
[1.669s] 
[1.669s]     "/home/samiksha/ros2_ws2/build/rviz_plugin_tutorial_msgs/rosidl_typesupport_cpp/rviz_plugin_tutorial_msgs/msg/point2_d__type_support.cpp"
[1.669s] 
[1.669s]   from processing by AUTOMOC.  If any of the files should be processed, set
[1.670s]   CMP0071 to NEW.  If any of the files should not be processed, explicitly
[1.670s]   exclude them by setting the source file property SKIP_AUTOMOC:
[1.670s] 
[1.670s]     set_property(SOURCE file.h PROPERTY SKIP_AUTOMOC ON)
[1.670s] 
[1.670s] This warning is for project developers.  Use -Wno-dev to suppress it.
[1.670s] [0m
[1.670s] [33mCMake Warning (dev) in CMakeLists.txt:
[1.670s]   Policy CMP0071 is not set: Let AUTOMOC and AUTOUIC process GENERATED files.
[1.670s]   Run "cmake --help-policy CMP0071" for policy details.  Use the cmake_policy
[1.670s]   command to set the policy and suppress this warning.
[1.670s] 
[1.670s]   For compatibility, CMake is excluding the GENERATED source file(s):
[1.670s] 
[1.670s]     "/home/samiksha/ros2_ws2/build/rviz_plugin_tutorial_msgs/rosidl_generator_py/rviz_plugin_tutorial_msgs/msg/_point2_d_s.c"
[1.670s] 
[1.670s]   from processing by AUTOMOC.  If any of the files should be processed, set
[1.670s]   CMP0071 to NEW.  If any of the files should not be processed, explicitly
[1.670s]   exclude them by setting the source file property SKIP_AUTOMOC:
[1.670s] 
[1.670s]     set_property(SOURCE file.h PROPERTY SKIP_AUTOMOC ON)
[1.670s] 
[1.670s] This warning is for project developers.  Use -Wno-dev to suppress it.
[1.670s] [0m
[1.670s] [33mCMake Warning (dev) in CMakeLists.txt:
[1.670s]   Policy CMP0071 is not set: Let AUTOMOC and AUTOUIC process GENERATED files.
[1.670s]   Run "cmake --help-policy CMP0071" for policy details.  Use the cmake_policy
[1.670s]   command to set the policy and suppress this warning.
[1.670s] 
[1.670s]   For compatibility, CMake is excluding the GENERATED source file(s):
[1.670s] 
[1.670s]     "/home/samiksha/ros2_ws2/build/rviz_plugin_tutorial_msgs/rosidl_generator_py/rviz_plugin_tutorial_msgs/_rviz_plugin_tutorial_msgs_s.ep.rosidl_typesupport_fastrtps_c.c"
[1.670s] 
[1.670s]   from processing by AUTOMOC.  If any of the files should be processed, set
[1.670s]   CMP0071 to NEW.  If any of the files should not be processed, explicitly
[1.670s]   exclude them by setting the source file property SKIP_AUTOMOC:
[1.670s] 
[1.670s]     set_property(SOURCE file.h PROPERTY SKIP_AUTOMOC ON)
[1.670s] 
[1.670s] This warning is for project developers.  Use -Wno-dev to suppress it.
[1.670s] [0m
[1.670s] [33mCMake Warning (dev) in CMakeLists.txt:
[1.670s]   Policy CMP0071 is not set: Let AUTOMOC and AUTOUIC process GENERATED files.
[1.670s]   Run "cmake --help-policy CMP0071" for policy details.  Use the cmake_policy
[1.670s]   command to set the policy and suppress this warning.
[1.670s] 
[1.670s]   For compatibility, CMake is excluding the GENERATED source file(s):
[1.671s] 
[1.671s]     "/home/samiksha/ros2_ws2/build/rviz_plugin_tutorial_msgs/rosidl_generator_py/rviz_plugin_tutorial_msgs/_rviz_plugin_tutorial_msgs_s.ep.rosidl_typesupport_introspection_c.c"
[1.671s] 
[1.671s]   from processing by AUTOMOC.  If any of the files should be processed, set
[1.671s]   CMP0071 to NEW.  If any of the files should not be processed, explicitly
[1.671s]   exclude them by setting the source file property SKIP_AUTOMOC:
[1.671s] 
[1.671s]     set_property(SOURCE file.h PROPERTY SKIP_AUTOMOC ON)
[1.671s] 
[1.671s] This warning is for project developers.  Use -Wno-dev to suppress it.
[1.671s] [0m
[1.671s] [33mCMake Warning (dev) in CMakeLists.txt:
[1.671s]   Policy CMP0071 is not set: Let AUTOMOC and AUTOUIC process GENERATED files.
[1.671s]   Run "cmake --help-policy CMP0071" for policy details.  Use the cmake_policy
[1.671s]   command to set the policy and suppress this warning.
[1.671s] 
[1.671s]   For compatibility, CMake is excluding the GENERATED source file(s):
[1.671s] 
[1.671s]     "/home/samiksha/ros2_ws2/build/rviz_plugin_tutorial_msgs/rosidl_generator_py/rviz_plugin_tutorial_msgs/_rviz_plugin_tutorial_msgs_s.ep.rosidl_typesupport_c.c"
[1.671s] 
[1.671s]   from processing by AUTOMOC.  If any of the files should be processed, set
[1.671s]   CMP0071 to NEW.  If any of the files should not be processed, explicitly
[1.671s]   exclude them by setting the source file property SKIP_AUTOMOC:
[1.671s] 
[1.671s]     set_property(SOURCE file.h PROPERTY SKIP_AUTOMOC ON)
[1.671s] 
[1.671s] This warning is for project developers.  Use -Wno-dev to suppress it.
[1.671s] [0m
[1.703s] -- Generating done
[1.714s] -- Build files have been written to: /home/samiksha/ros2_ws2/build/rviz_plugin_tutorial_msgs
[1.742s] [  3%] [34m[1mAutomatic MOC for target rviz_plugin_tutorial_msgs__rosidl_generator_c[0m
[1.743s] [  3%] Built target rviz_plugin_tutorial_msgs__cpp
[1.746s] [  5%] [34m[1mAutomatic MOC for target point_display[0m
[1.754s] [  5%] Built target ament_cmake_python_copy_rviz_plugin_tutorial_msgs
[1.758s] [  6%] [34m[1mAutomatic MOC for target rviz_plugin_tutorial_msgs__rosidl_typesupport_fastrtps_cpp[0m
[1.758s] [  6%] Built target rviz_plugin_tutorial_msgs__rosidl_generator_c_autogen
[1.758s] [  8%] [34m[1mAutomatic MOC for target rviz_plugin_tutorial_msgs__rosidl_typesupport_cpp[0m
[1.761s] [  8%] Built target point_display_autogen
[1.763s] gmake[2]: *** No rule to make target '/home/samiksha/ros2_ws2/src/rviz_plugin_tutorial_msgs/include/rviz_plugin_tutorial/point_display.hpp', needed by 'include/rviz_plugin_tutorial/moc_point_display.cpp'.  Stop.
[1.763s] gmake[1]: *** [CMakeFiles/Makefile2:193: CMakeFiles/point_display.dir/all] Error 2
[1.763s] gmake[1]: *** Waiting for unfinished jobs....
[1.764s] [ 10%] [34m[1mAutomatic MOC for target rviz_plugin_tutorial_msgs__rosidl_typesupport_introspection_cpp[0m
[1.765s] [35m[1mConsolidate compiler generated dependencies of target rviz_plugin_tutorial_msgs__rosidl_generator_c[0m
[1.772s] [ 10%] Built target rviz_plugin_tutorial_msgs__rosidl_typesupport_cpp_autogen
[1.775s] [ 10%] Built target rviz_plugin_tutorial_msgs__rosidl_typesupport_fastrtps_cpp_autogen
[1.776s] [ 16%] Built target rviz_plugin_tutorial_msgs__rosidl_generator_c
[1.778s] [ 16%] Built target rviz_plugin_tutorial_msgs__rosidl_typesupport_introspection_cpp_autogen
[1.916s] running egg_info
[1.918s] writing manifest file 'rviz_plugin_tutorial_msgs.egg-info/SOURCES.txt'
[1.939s] [ 16%] Built target ament_cmake_python_build_rviz_plugin_tutorial_msgs_egg
[1.940s] gmake: *** [Makefile:146: all] Error 2
[1.942s] Invoked command in '/home/samiksha/ros2_ws2/build/rviz_plugin_tutorial_msgs' returned '2': CMAKE_PREFIX_PATH=${CMAKE_PREFIX_PATH}:/home/samiksha/ros2_ws/install/task_controller:/home/samiksha/ros2_ws2/install/robo_descp:/home/samiksha/ros2_ws2/install/learning_tf2_py:/home/samiksha/ros2_ws2/install/launch_tutorial:/opt/ros/humble /usr/bin/cmake --build /home/samiksha/ros2_ws2/build/rviz_plugin_tutorial_msgs -- -j12 -l12
