running egg_info
creating ../../build/task_controller/task_controller.egg-info
writing manifest file '../../build/task_controller/task_controller.egg-info/SOURCES.txt'
writing manifest file '../../build/task_controller/task_controller.egg-info/SOURCES.txt'
running build
running build_py
creating /home/samiksha/ros2_ws/build/task_controller/build
creating /home/samiksha/ros2_ws/build/task_controller/build/lib
creating /home/samiksha/ros2_ws/build/task_controller/build/lib/task_controller
copying task_controller/polygon_turtle.py -> /home/samiksha/ros2_ws/build/task_controller/build/lib/task_controller
copying task_controller/polygon_service_server.py -> /home/samiksha/ros2_ws/build/task_controller/build/lib/task_controller
copying task_controller/polygon_service_client.py -> /home/samiksha/ros2_ws/build/task_controller/build/lib/task_controller
copying task_controller/control_turtle.py -> /home/samiksha/ros2_ws/build/task_controller/build/lib/task_controller
copying task_controller/__init__.py -> /home/samiksha/ros2_ws/build/task_controller/build/lib/task_controller
copying task_controller/service_doc.py -> /home/samiksha/ros2_ws/build/task_controller/build/lib/task_controller
copying task_controller/client_doc.py -> /home/samiksha/ros2_ws/build/task_controller/build/lib/task_controller
copying task_controller/circle_turtle.py -> /home/samiksha/ros2_ws/build/task_controller/build/lib/task_controller
copying task_controller/letter_turtle.py -> /home/samiksha/ros2_ws/build/task_controller/build/lib/task_controller
running install
running install_lib
creating /home/samiksha/ros2_ws/install/task_controller/lib/python3.10/site-packages/task_controller
copying /home/samiksha/ros2_ws/build/task_controller/build/lib/task_controller/polygon_turtle.py -> /home/samiksha/ros2_ws/install/task_controller/lib/python3.10/site-packages/task_controller
copying /home/samiksha/ros2_ws/build/task_controller/build/lib/task_controller/polygon_service_server.py -> /home/samiksha/ros2_ws/install/task_controller/lib/python3.10/site-packages/task_controller
copying /home/samiksha/ros2_ws/build/task_controller/build/lib/task_controller/polygon_service_client.py -> /home/samiksha/ros2_ws/install/task_controller/lib/python3.10/site-packages/task_controller
copying /home/samiksha/ros2_ws/build/task_controller/build/lib/task_controller/control_turtle.py -> /home/samiksha/ros2_ws/install/task_controller/lib/python3.10/site-packages/task_controller
copying /home/samiksha/ros2_ws/build/task_controller/build/lib/task_controller/__init__.py -> /home/samiksha/ros2_ws/install/task_controller/lib/python3.10/site-packages/task_controller
copying /home/samiksha/ros2_ws/build/task_controller/build/lib/task_controller/service_doc.py -> /home/samiksha/ros2_ws/install/task_controller/lib/python3.10/site-packages/task_controller
copying /home/samiksha/ros2_ws/build/task_controller/build/lib/task_controller/client_doc.py -> /home/samiksha/ros2_ws/install/task_controller/lib/python3.10/site-packages/task_controller
copying /home/samiksha/ros2_ws/build/task_controller/build/lib/task_controller/circle_turtle.py -> /home/samiksha/ros2_ws/install/task_controller/lib/python3.10/site-packages/task_controller
copying /home/samiksha/ros2_ws/build/task_controller/build/lib/task_controller/letter_turtle.py -> /home/samiksha/ros2_ws/install/task_controller/lib/python3.10/site-packages/task_controller
byte-compiling /home/samiksha/ros2_ws/install/task_controller/lib/python3.10/site-packages/task_controller/polygon_turtle.py to polygon_turtle.cpython-310.pyc
byte-compiling /home/samiksha/ros2_ws/install/task_controller/lib/python3.10/site-packages/task_controller/polygon_service_server.py to polygon_service_server.cpython-310.pyc
byte-compiling /home/samiksha/ros2_ws/install/task_controller/lib/python3.10/site-packages/task_controller/polygon_service_client.py to polygon_service_client.cpython-310.pyc
byte-compiling /home/samiksha/ros2_ws/install/task_controller/lib/python3.10/site-packages/task_controller/control_turtle.py to control_turtle.cpython-310.pyc
byte-compiling /home/samiksha/ros2_ws/install/task_controller/lib/python3.10/site-packages/task_controller/__init__.py to __init__.cpython-310.pyc
byte-compiling /home/samiksha/ros2_ws/install/task_controller/lib/python3.10/site-packages/task_controller/service_doc.py to service_doc.cpython-310.pyc
byte-compiling /home/samiksha/ros2_ws/install/task_controller/lib/python3.10/site-packages/task_controller/client_doc.py to client_doc.cpython-310.pyc
byte-compiling /home/samiksha/ros2_ws/install/task_controller/lib/python3.10/site-packages/task_controller/circle_turtle.py to circle_turtle.cpython-310.pyc
byte-compiling /home/samiksha/ros2_ws/install/task_controller/lib/python3.10/site-packages/task_controller/letter_turtle.py to letter_turtle.cpython-310.pyc
running install_data
creating /home/samiksha/ros2_ws/install/task_controller/share/ament_index
creating /home/samiksha/ros2_ws/install/task_controller/share/ament_index/resource_index
creating /home/samiksha/ros2_ws/install/task_controller/share/ament_index/resource_index/packages
copying resource/task_controller -> /home/samiksha/ros2_ws/install/task_controller/share/ament_index/resource_index/packages
copying package.xml -> /home/samiksha/ros2_ws/install/task_controller/share/task_controller
creating /home/samiksha/ros2_ws/install/task_controller/share/task_controllersrv
running install_egg_info
Copying ../../build/task_controller/task_controller.egg-info to /home/samiksha/ros2_ws/install/task_controller/lib/python3.10/site-packages/task_controller-60.0.0-py3.10.egg-info
running install_scripts
writing list of installed files to '/home/samiksha/ros2_ws/build/task_controller/install.log'
