[0.115s] DEBUG:colcon:Command line arguments: ['/usr/bin/colcon', 'list', '-p', '--base-paths', '/home/samiksha/ros2_ws2']
[0.115s] DEBUG:colcon:Parsed command line arguments: Namespace(log_base=None, log_level=None, verb_name='list', build_base='build', ignore_user_meta=False, metas=['./colcon.meta'], base_paths=['/home/samiksha/ros2_ws2'], packages_ignore=None, packages_ignore_regex=None, paths=None, packages_up_to=None, packages_up_to_regex=None, packages_above=None, packages_above_and_dependencies=None, packages_above_depth=None, packages_select_by_dep=None, packages_skip_by_dep=None, packages_skip_up_to=None, packages_select_build_failed=False, packages_skip_build_finished=False, packages_select_test_failures=False, packages_skip_test_passed=False, packages_select=None, packages_skip=None, packages_select_regex=None, packages_skip_regex=None, packages_start=None, packages_end=None, allow_overriding=[], topological_order=False, names_only=False, paths_only=True, topological_graph=False, topological_graph_dot=False, topological_graph_density=False, topological_graph_legend=False, topological_graph_dot_cluster=False, topological_graph_dot_include_skipped=False, mixin_files=None, mixin=None, verb_parser=<colcon_mixin.mixin.mixin_argument.MixinArgumentDecorator object at 0x73a54b17d000>, verb_extension=<colcon_package_information.verb.list.ListVerb object at 0x73a54b28dc00>, main=<bound method ListVerb.main of <colcon_package_information.verb.list.ListVerb object at 0x73a54b28dc00>>, mixin_verb=('list',))
[0.296s] Level 1:colcon.colcon_core.package_discovery:discover_packages(colcon_meta) check parameters
[0.296s] Level 1:colcon.colcon_core.package_discovery:discover_packages(recursive) check parameters
[0.296s] Level 1:colcon.colcon_core.package_discovery:discover_packages(ignore) check parameters
[0.296s] Level 1:colcon.colcon_core.package_discovery:discover_packages(path) check parameters
[0.296s] Level 1:colcon.colcon_core.package_discovery:discover_packages(recursive) discover
[0.296s] INFO:colcon.colcon_core.package_discovery:Crawling recursively for packages in '/home/samiksha/ros2_ws2'
[0.296s] Level 1:colcon.colcon_core.package_identification:_identify(/home/samiksha/ros2_ws2) by extensions ['ignore', 'ignore_ament_install']
[0.296s] Level 1:colcon.colcon_core.package_identification:_identify(/home/samiksha/ros2_ws2) by extension 'ignore'
[0.296s] Level 1:colcon.colcon_core.package_identification:_identify(/home/samiksha/ros2_ws2) by extension 'ignore_ament_install'
[0.296s] Level 1:colcon.colcon_core.package_identification:_identify(/home/samiksha/ros2_ws2) by extensions ['colcon_pkg']
[0.296s] Level 1:colcon.colcon_core.package_identification:_identify(/home/samiksha/ros2_ws2) by extension 'colcon_pkg'
[0.296s] Level 1:colcon.colcon_core.package_identification:_identify(/home/samiksha/ros2_ws2) by extensions ['colcon_meta']
[0.296s] Level 1:colcon.colcon_core.package_identification:_identify(/home/samiksha/ros2_ws2) by extension 'colcon_meta'
[0.296s] Level 1:colcon.colcon_core.package_identification:_identify(/home/samiksha/ros2_ws2) by extensions ['ros']
[0.296s] Level 1:colcon.colcon_core.package_identification:_identify(/home/samiksha/ros2_ws2) by extension 'ros'
[0.307s] Level 1:colcon.colcon_core.package_identification:_identify(/home/samiksha/ros2_ws2) by extensions ['cmake', 'python']
[0.308s] Level 1:colcon.colcon_core.package_identification:_identify(/home/samiksha/ros2_ws2) by extension 'cmake'
[0.308s] Level 1:colcon.colcon_core.package_identification:_identify(/home/samiksha/ros2_ws2) by extension 'python'
[0.308s] Level 1:colcon.colcon_core.package_identification:_identify(/home/samiksha/ros2_ws2) by extensions ['python_setup_py']
[0.308s] Level 1:colcon.colcon_core.package_identification:_identify(/home/samiksha/ros2_ws2) by extension 'python_setup_py'
[0.308s] Level 1:colcon.colcon_core.package_identification:_identify(/home/samiksha/ros2_ws2/build) by extensions ['ignore', 'ignore_ament_install']
[0.308s] Level 1:colcon.colcon_core.package_identification:_identify(/home/samiksha/ros2_ws2/build) by extension 'ignore'
[0.308s] Level 1:colcon.colcon_core.package_identification:_identify(/home/samiksha/ros2_ws2/build) ignored
[0.308s] Level 1:colcon.colcon_core.package_identification:_identify(/home/samiksha/ros2_ws2/install) by extensions ['ignore', 'ignore_ament_install']
[0.308s] Level 1:colcon.colcon_core.package_identification:_identify(/home/samiksha/ros2_ws2/install) by extension 'ignore'
[0.308s] Level 1:colcon.colcon_core.package_identification:_identify(/home/samiksha/ros2_ws2/install) ignored
[0.308s] Level 1:colcon.colcon_core.package_identification:_identify(/home/samiksha/ros2_ws2/log) by extensions ['ignore', 'ignore_ament_install']
[0.308s] Level 1:colcon.colcon_core.package_identification:_identify(/home/samiksha/ros2_ws2/log) by extension 'ignore'
[0.308s] Level 1:colcon.colcon_core.package_identification:_identify(/home/samiksha/ros2_ws2/log) ignored
[0.308s] Level 1:colcon.colcon_core.package_identification:_identify(/home/samiksha/ros2_ws2/src) by extensions ['ignore', 'ignore_ament_install']
[0.308s] Level 1:colcon.colcon_core.package_identification:_identify(/home/samiksha/ros2_ws2/src) by extension 'ignore'
[0.308s] Level 1:colcon.colcon_core.package_identification:_identify(/home/samiksha/ros2_ws2/src) by extension 'ignore_ament_install'
[0.308s] Level 1:colcon.colcon_core.package_identification:_identify(/home/samiksha/ros2_ws2/src) by extensions ['colcon_pkg']
[0.308s] Level 1:colcon.colcon_core.package_identification:_identify(/home/samiksha/ros2_ws2/src) by extension 'colcon_pkg'
[0.309s] Level 1:colcon.colcon_core.package_identification:_identify(/home/samiksha/ros2_ws2/src) by extensions ['colcon_meta']
[0.309s] Level 1:colcon.colcon_core.package_identification:_identify(/home/samiksha/ros2_ws2/src) by extension 'colcon_meta'
[0.309s] Level 1:colcon.colcon_core.package_identification:_identify(/home/samiksha/ros2_ws2/src) by extensions ['ros']
[0.309s] Level 1:colcon.colcon_core.package_identification:_identify(/home/samiksha/ros2_ws2/src) by extension 'ros'
[0.309s] Level 1:colcon.colcon_core.package_identification:_identify(/home/samiksha/ros2_ws2/src) by extensions ['cmake', 'python']
[0.309s] Level 1:colcon.colcon_core.package_identification:_identify(/home/samiksha/ros2_ws2/src) by extension 'cmake'
[0.309s] Level 1:colcon.colcon_core.package_identification:_identify(/home/samiksha/ros2_ws2/src) by extension 'python'
[0.309s] Level 1:colcon.colcon_core.package_identification:_identify(/home/samiksha/ros2_ws2/src) by extensions ['python_setup_py']
[0.309s] Level 1:colcon.colcon_core.package_identification:_identify(/home/samiksha/ros2_ws2/src) by extension 'python_setup_py'
[0.309s] Level 1:colcon.colcon_core.package_identification:_identify(/home/samiksha/ros2_ws2/src/launch_tutorial) by extensions ['ignore', 'ignore_ament_install']
[0.309s] Level 1:colcon.colcon_core.package_identification:_identify(/home/samiksha/ros2_ws2/src/launch_tutorial) by extension 'ignore'
[0.309s] Level 1:colcon.colcon_core.package_identification:_identify(/home/samiksha/ros2_ws2/src/launch_tutorial) by extension 'ignore_ament_install'
[0.309s] Level 1:colcon.colcon_core.package_identification:_identify(/home/samiksha/ros2_ws2/src/launch_tutorial) by extensions ['colcon_pkg']
[0.309s] Level 1:colcon.colcon_core.package_identification:_identify(/home/samiksha/ros2_ws2/src/launch_tutorial) by extension 'colcon_pkg'
[0.309s] Level 1:colcon.colcon_core.package_identification:_identify(/home/samiksha/ros2_ws2/src/launch_tutorial) by extensions ['colcon_meta']
[0.309s] Level 1:colcon.colcon_core.package_identification:_identify(/home/samiksha/ros2_ws2/src/launch_tutorial) by extension 'colcon_meta'
[0.309s] Level 1:colcon.colcon_core.package_identification:_identify(/home/samiksha/ros2_ws2/src/launch_tutorial) by extensions ['ros']
[0.309s] Level 1:colcon.colcon_core.package_identification:_identify(/home/samiksha/ros2_ws2/src/launch_tutorial) by extension 'ros'
[0.312s] DEBUG:colcon.colcon_core.package_identification:Package '/home/samiksha/ros2_ws2/src/launch_tutorial' with type 'ros.ament_python' and name 'launch_tutorial'
[0.312s] Level 1:colcon.colcon_core.package_identification:_identify(/home/samiksha/ros2_ws2/src/learning_tf2_cpp) by extensions ['ignore', 'ignore_ament_install']
[0.312s] Level 1:colcon.colcon_core.package_identification:_identify(/home/samiksha/ros2_ws2/src/learning_tf2_cpp) by extension 'ignore'
[0.312s] Level 1:colcon.colcon_core.package_identification:_identify(/home/samiksha/ros2_ws2/src/learning_tf2_cpp) by extension 'ignore_ament_install'
[0.312s] Level 1:colcon.colcon_core.package_identification:_identify(/home/samiksha/ros2_ws2/src/learning_tf2_cpp) by extensions ['colcon_pkg']
[0.312s] Level 1:colcon.colcon_core.package_identification:_identify(/home/samiksha/ros2_ws2/src/learning_tf2_cpp) by extension 'colcon_pkg'
[0.312s] Level 1:colcon.colcon_core.package_identification:_identify(/home/samiksha/ros2_ws2/src/learning_tf2_cpp) by extensions ['colcon_meta']
[0.312s] Level 1:colcon.colcon_core.package_identification:_identify(/home/samiksha/ros2_ws2/src/learning_tf2_cpp) by extension 'colcon_meta'
[0.312s] Level 1:colcon.colcon_core.package_identification:_identify(/home/samiksha/ros2_ws2/src/learning_tf2_cpp) by extensions ['ros']
[0.312s] Level 1:colcon.colcon_core.package_identification:_identify(/home/samiksha/ros2_ws2/src/learning_tf2_cpp) by extension 'ros'
[0.313s] DEBUG:colcon.colcon_core.package_identification:Package '/home/samiksha/ros2_ws2/src/learning_tf2_cpp' with type 'ros.ament_cmake' and name 'learning_tf2_cpp'
[0.313s] Level 1:colcon.colcon_core.package_identification:_identify(/home/samiksha/ros2_ws2/src/learning_tf2_py) by extensions ['ignore', 'ignore_ament_install']
[0.313s] Level 1:colcon.colcon_core.package_identification:_identify(/home/samiksha/ros2_ws2/src/learning_tf2_py) by extension 'ignore'
[0.313s] Level 1:colcon.colcon_core.package_identification:_identify(/home/samiksha/ros2_ws2/src/learning_tf2_py) by extension 'ignore_ament_install'
[0.313s] Level 1:colcon.colcon_core.package_identification:_identify(/home/samiksha/ros2_ws2/src/learning_tf2_py) by extensions ['colcon_pkg']
[0.313s] Level 1:colcon.colcon_core.package_identification:_identify(/home/samiksha/ros2_ws2/src/learning_tf2_py) by extension 'colcon_pkg'
[0.314s] Level 1:colcon.colcon_core.package_identification:_identify(/home/samiksha/ros2_ws2/src/learning_tf2_py) by extensions ['colcon_meta']
[0.314s] Level 1:colcon.colcon_core.package_identification:_identify(/home/samiksha/ros2_ws2/src/learning_tf2_py) by extension 'colcon_meta'
[0.314s] Level 1:colcon.colcon_core.package_identification:_identify(/home/samiksha/ros2_ws2/src/learning_tf2_py) by extensions ['ros']
[0.314s] Level 1:colcon.colcon_core.package_identification:_identify(/home/samiksha/ros2_ws2/src/learning_tf2_py) by extension 'ros'
[0.314s] DEBUG:colcon.colcon_core.package_identification:Package '/home/samiksha/ros2_ws2/src/learning_tf2_py' with type 'ros.ament_python' and name 'learning_tf2_py'
[0.314s] Level 1:colcon.colcon_core.package_identification:_identify(/home/samiksha/ros2_ws2/src/my_urdf_package) by extensions ['ignore', 'ignore_ament_install']
[0.315s] Level 1:colcon.colcon_core.package_identification:_identify(/home/samiksha/ros2_ws2/src/my_urdf_package) by extension 'ignore'
[0.315s] Level 1:colcon.colcon_core.package_identification:_identify(/home/samiksha/ros2_ws2/src/my_urdf_package) by extension 'ignore_ament_install'
[0.315s] Level 1:colcon.colcon_core.package_identification:_identify(/home/samiksha/ros2_ws2/src/my_urdf_package) by extensions ['colcon_pkg']
[0.315s] Level 1:colcon.colcon_core.package_identification:_identify(/home/samiksha/ros2_ws2/src/my_urdf_package) by extension 'colcon_pkg'
[0.315s] Level 1:colcon.colcon_core.package_identification:_identify(/home/samiksha/ros2_ws2/src/my_urdf_package) by extensions ['colcon_meta']
[0.315s] Level 1:colcon.colcon_core.package_identification:_identify(/home/samiksha/ros2_ws2/src/my_urdf_package) by extension 'colcon_meta'
[0.315s] Level 1:colcon.colcon_core.package_identification:_identify(/home/samiksha/ros2_ws2/src/my_urdf_package) by extensions ['ros']
[0.315s] Level 1:colcon.colcon_core.package_identification:_identify(/home/samiksha/ros2_ws2/src/my_urdf_package) by extension 'ros'
[0.315s] DEBUG:colcon.colcon_core.package_identification:Package '/home/samiksha/ros2_ws2/src/my_urdf_package' with type 'ros.ament_cmake' and name 'my_urdf_package'
[0.315s] Level 1:colcon.colcon_core.package_identification:_identify(/home/samiksha/ros2_ws2/src/robo_descp) by extensions ['ignore', 'ignore_ament_install']
[0.315s] Level 1:colcon.colcon_core.package_identification:_identify(/home/samiksha/ros2_ws2/src/robo_descp) by extension 'ignore'
[0.315s] Level 1:colcon.colcon_core.package_identification:_identify(/home/samiksha/ros2_ws2/src/robo_descp) by extension 'ignore_ament_install'
[0.316s] Level 1:colcon.colcon_core.package_identification:_identify(/home/samiksha/ros2_ws2/src/robo_descp) by extensions ['colcon_pkg']
[0.316s] Level 1:colcon.colcon_core.package_identification:_identify(/home/samiksha/ros2_ws2/src/robo_descp) by extension 'colcon_pkg'
[0.316s] Level 1:colcon.colcon_core.package_identification:_identify(/home/samiksha/ros2_ws2/src/robo_descp) by extensions ['colcon_meta']
[0.316s] Level 1:colcon.colcon_core.package_identification:_identify(/home/samiksha/ros2_ws2/src/robo_descp) by extension 'colcon_meta'
[0.316s] Level 1:colcon.colcon_core.package_identification:_identify(/home/samiksha/ros2_ws2/src/robo_descp) by extensions ['ros']
[0.316s] Level 1:colcon.colcon_core.package_identification:_identify(/home/samiksha/ros2_ws2/src/robo_descp) by extension 'ros'
[0.316s] DEBUG:colcon.colcon_core.package_identification:Package '/home/samiksha/ros2_ws2/src/robo_descp' with type 'ros.ament_python' and name 'robo_descp'
[0.316s] Level 1:colcon.colcon_core.package_identification:_identify(/home/samiksha/ros2_ws2/src/rviz_plugin_tutorial) by extensions ['ignore', 'ignore_ament_install']
[0.316s] Level 1:colcon.colcon_core.package_identification:_identify(/home/samiksha/ros2_ws2/src/rviz_plugin_tutorial) by extension 'ignore'
[0.316s] Level 1:colcon.colcon_core.package_identification:_identify(/home/samiksha/ros2_ws2/src/rviz_plugin_tutorial) by extension 'ignore_ament_install'
[0.316s] Level 1:colcon.colcon_core.package_identification:_identify(/home/samiksha/ros2_ws2/src/rviz_plugin_tutorial) by extensions ['colcon_pkg']
[0.316s] Level 1:colcon.colcon_core.package_identification:_identify(/home/samiksha/ros2_ws2/src/rviz_plugin_tutorial) by extension 'colcon_pkg'
[0.316s] Level 1:colcon.colcon_core.package_identification:_identify(/home/samiksha/ros2_ws2/src/rviz_plugin_tutorial) by extensions ['colcon_meta']
[0.316s] Level 1:colcon.colcon_core.package_identification:_identify(/home/samiksha/ros2_ws2/src/rviz_plugin_tutorial) by extension 'colcon_meta'
[0.316s] Level 1:colcon.colcon_core.package_identification:_identify(/home/samiksha/ros2_ws2/src/rviz_plugin_tutorial) by extensions ['ros']
[0.316s] Level 1:colcon.colcon_core.package_identification:_identify(/home/samiksha/ros2_ws2/src/rviz_plugin_tutorial) by extension 'ros'
[0.317s] DEBUG:colcon.colcon_core.package_identification:Package '/home/samiksha/ros2_ws2/src/rviz_plugin_tutorial' with type 'ros.ament_cmake' and name 'rviz_plugin_tutorial'
[0.318s] Level 1:colcon.colcon_core.package_identification:_identify(/home/samiksha/ros2_ws2/src/rviz_plugin_tutorial_msgs) by extensions ['ignore', 'ignore_ament_install']
[0.318s] Level 1:colcon.colcon_core.package_identification:_identify(/home/samiksha/ros2_ws2/src/rviz_plugin_tutorial_msgs) by extension 'ignore'
[0.318s] Level 1:colcon.colcon_core.package_identification:_identify(/home/samiksha/ros2_ws2/src/rviz_plugin_tutorial_msgs) by extension 'ignore_ament_install'
[0.318s] Level 1:colcon.colcon_core.package_identification:_identify(/home/samiksha/ros2_ws2/src/rviz_plugin_tutorial_msgs) by extensions ['colcon_pkg']
[0.318s] Level 1:colcon.colcon_core.package_identification:_identify(/home/samiksha/ros2_ws2/src/rviz_plugin_tutorial_msgs) by extension 'colcon_pkg'
[0.318s] Level 1:colcon.colcon_core.package_identification:_identify(/home/samiksha/ros2_ws2/src/rviz_plugin_tutorial_msgs) by extensions ['colcon_meta']
[0.318s] Level 1:colcon.colcon_core.package_identification:_identify(/home/samiksha/ros2_ws2/src/rviz_plugin_tutorial_msgs) by extension 'colcon_meta'
[0.318s] Level 1:colcon.colcon_core.package_identification:_identify(/home/samiksha/ros2_ws2/src/rviz_plugin_tutorial_msgs) by extensions ['ros']
[0.318s] Level 1:colcon.colcon_core.package_identification:_identify(/home/samiksha/ros2_ws2/src/rviz_plugin_tutorial_msgs) by extension 'ros'
[0.318s] DEBUG:colcon.colcon_core.package_identification:Package '/home/samiksha/ros2_ws2/src/rviz_plugin_tutorial_msgs' with type 'ros.ament_cmake' and name 'rviz_plugin_tutorial_msgs'
[0.318s] Level 1:colcon.colcon_core.package_discovery:discover_packages(recursive) using defaults
