[35m[1mConsolidate compiler generated dependencies of target chatNode1[0m
[35m[1mConsolidate compiler generated dependencies of target chatNode2[0m
[ 16%] Built target talker
[ 33%] Built target listener
[ 50%] Built target server_doc
[ 66%] Built target chatNode1
[ 83%] Built target client_doc
[ 91%] [32mBuilding CXX object CMakeFiles/chatNode2.dir/src/chat_second.cpp.o[0m
[100%] [32m[1mLinking CXX executable chatNode2[0m
[100%] Built target chatNode2
-- Install configuration: ""
-- Installing: /home/samiksha/ros2_ws/install/task_controller_cpp/lib/task_controller_cpp/talker
-- Set runtime path of "/home/samiksha/ros2_ws/install/task_controller_cpp/lib/task_controller_cpp/talker" to ""
-- Installing: /home/samiksha/ros2_ws/install/task_controller_cpp/lib/task_controller_cpp/listener
-- Set runtime path of "/home/samiksha/ros2_ws/install/task_controller_cpp/lib/task_controller_cpp/listener" to ""
-- Installing: /home/samiksha/ros2_ws/install/task_controller_cpp/lib/task_controller_cpp/server_doc
-- Set runtime path of "/home/samiksha/ros2_ws/install/task_controller_cpp/lib/task_controller_cpp/server_doc" to ""
-- Installing: /home/samiksha/ros2_ws/install/task_controller_cpp/lib/task_controller_cpp/client_doc
-- Set runtime path of "/home/samiksha/ros2_ws/install/task_controller_cpp/lib/task_controller_cpp/client_doc" to ""
-- Installing: /home/samiksha/ros2_ws/install/task_controller_cpp/lib/task_controller_cpp/chatNode1
-- Set runtime path of "/home/samiksha/ros2_ws/install/task_controller_cpp/lib/task_controller_cpp/chatNode1" to ""
-- Installing: /home/samiksha/ros2_ws/install/task_controller_cpp/lib/task_controller_cpp/chatNode2
-- Set runtime path of "/home/samiksha/ros2_ws/install/task_controller_cpp/lib/task_controller_cpp/chatNode2" to ""
-- Installing: /home/samiksha/ros2_ws/install/task_controller_cpp/share/ament_index/resource_index/package_run_dependencies/task_controller_cpp
-- Installing: /home/samiksha/ros2_ws/install/task_controller_cpp/share/ament_index/resource_index/parent_prefix_path/task_controller_cpp
-- Installing: /home/samiksha/ros2_ws/install/task_controller_cpp/share/task_controller_cpp/environment/ament_prefix_path.sh
-- Installing: /home/samiksha/ros2_ws/install/task_controller_cpp/share/task_controller_cpp/environment/ament_prefix_path.dsv
-- Installing: /home/samiksha/ros2_ws/install/task_controller_cpp/share/task_controller_cpp/environment/path.sh
-- Installing: /home/samiksha/ros2_ws/install/task_controller_cpp/share/task_controller_cpp/environment/path.dsv
-- Installing: /home/samiksha/ros2_ws/install/task_controller_cpp/share/task_controller_cpp/local_setup.bash
-- Installing: /home/samiksha/ros2_ws/install/task_controller_cpp/share/task_controller_cpp/local_setup.sh
-- Installing: /home/samiksha/ros2_ws/install/task_controller_cpp/share/task_controller_cpp/local_setup.zsh
-- Installing: /home/samiksha/ros2_ws/install/task_controller_cpp/share/task_controller_cpp/local_setup.dsv
-- Installing: /home/samiksha/ros2_ws/install/task_controller_cpp/share/task_controller_cpp/package.dsv
-- Installing: /home/samiksha/ros2_ws/install/task_controller_cpp/share/ament_index/resource_index/packages/task_controller_cpp
-- Installing: /home/samiksha/ros2_ws/install/task_controller_cpp/share/task_controller_cpp/cmake/task_controller_cppConfig.cmake
-- Installing: /home/samiksha/ros2_ws/install/task_controller_cpp/share/task_controller_cpp/cmake/task_controller_cppConfig-version.cmake
-- Installing: /home/samiksha/ros2_ws/install/task_controller_cpp/share/task_controller_cpp/package.xml
